Command line invocation:
    /Applications/Xcode.app/Contents/Developer/usr/bin/xcodebuild build -project ios/GroceryWatch/GroceryWatch.xcodeproj -scheme "GroceryWatch Watch App" -destination "generic/platform=watchOS Simulator"

Resolve Package Graph


Resolved source packages:
  Promises: https://github.com/google/promises.git @ 2.4.0
  GTMSessionFetcher: https://github.com/google/gtm-session-fetcher.git @ 5.0.0
  InteropForGoogle: https://github.com/google/interop-ios-for-google-sdks.git @ 101.0.0
  SwiftProtobuf: https://github.com/apple/swift-protobuf.git @ 1.33.3
  nanopb: https://github.com/firebase/nanopb.git @ 2.30910.0
  abseil: https://github.com/google/abseil-cpp-binary.git @ 1.2024072200.0
  leveldb: https://github.com/firebase/leveldb.git @ 1.22.5
  GoogleAdsOnDeviceConversion: https://github.com/googleads/google-ads-on-device-conversion-ios-sdk @ 3.2.0
  GoogleDataTransport: https://github.com/google/GoogleDataTransport.git @ 10.1.0
  GoogleAppMeasurement: https://github.com/google/GoogleAppMeasurement.git @ 12.5.0
  GoogleUtilities: https://github.com/google/GoogleUtilities.git @ 8.1.0
  gRPC: https://github.com/google/grpc-binary.git @ 1.69.1
  Firebase: https://github.com/firebase/firebase-ios-sdk @ 12.7.0
  AppCheck: https://github.com/google/app-check.git @ 11.2.0

ComputePackagePrebuildTargetDependencyGraph

Prepare packages

CreateBuildRequest

SendProjectDescription

CreateBuildOperation

ComputeTargetDependencyGraph
note: Building targets in dependency order
note: Target dependency graph (50 targets)
    Target 'GroceryWatch' in project 'GroceryWatch'
        ➜ Explicit dependency on target 'GroceryWatch Watch App' in project 'GroceryWatch'
    Target 'GroceryWatch Watch App' in project 'GroceryWatch'
        ➜ Explicit dependency on target 'FirebaseAnalytics' in project 'Firebase'
        ➜ Explicit dependency on target 'FirebaseFirestore' in project 'Firebase'
    Target 'FirebaseFirestore' in project 'Firebase'
        ➜ Explicit dependency on target 'FirebaseFirestoreTarget' in project 'Firebase'
        ➜ Explicit dependency on target 'FirebaseAppCheckInterop' in project 'Firebase'
        ➜ Explicit dependency on target 'Firebase' in project 'Firebase'
        ➜ Explicit dependency on target 'FirebaseCoreInternal' in project 'Firebase'
        ➜ Explicit dependency on target 'FirebaseCore' in project 'Firebase'
        ➜ Explicit dependency on target 'FirebaseCoreExtension' in project 'Firebase'
        ➜ Explicit dependency on target 'FirebaseSharedSwift' in project 'Firebase'
        ➜ Explicit dependency on target 'GULNSData' in project 'GoogleUtilities'
        ➜ Explicit dependency on target 'GULEnvironment' in project 'GoogleUtilities'
        ➜ Explicit dependency on target 'GULLogger' in project 'GoogleUtilities'
        ➜ Explicit dependency on target 'nanopb' in project 'nanopb'
        ➜ Explicit dependency on target 'leveldb' in project 'leveldb'
    Target 'FirebaseFirestoreTarget' in project 'Firebase'
        ➜ Explicit dependency on target 'FirebaseAppCheckInterop' in project 'Firebase'
        ➜ Explicit dependency on target 'Firebase' in project 'Firebase'
        ➜ Explicit dependency on target 'FirebaseCoreInternal' in project 'Firebase'
        ➜ Explicit dependency on target 'FirebaseCore' in project 'Firebase'
        ➜ Explicit dependency on target 'FirebaseCoreExtension' in project 'Firebase'
        ➜ Explicit dependency on target 'FirebaseSharedSwift' in project 'Firebase'
        ➜ Explicit dependency on target 'GULNSData' in project 'GoogleUtilities'
        ➜ Explicit dependency on target 'GULEnvironment' in project 'GoogleUtilities'
        ➜ Explicit dependency on target 'GULLogger' in project 'GoogleUtilities'
        ➜ Explicit dependency on target 'nanopb' in project 'nanopb'
        ➜ Explicit dependency on target 'leveldb' in project 'leveldb'
    Target 'leveldb' in project 'leveldb'
        ➜ Explicit dependency on target 'leveldb' in project 'leveldb'
        ➜ Explicit dependency on target 'leveldb_leveldb' in project 'leveldb'
    Target 'leveldb' in project 'leveldb'
        ➜ Explicit dependency on target 'leveldb_leveldb' in project 'leveldb'
    Target 'leveldb_leveldb' in project 'leveldb' (no dependencies)
    Target 'FirebaseSharedSwift' in project 'Firebase' (no dependencies)
    Target 'FirebaseCoreExtension' in project 'Firebase'
        ➜ Explicit dependency on target 'Firebase_FirebaseCoreExtension' in project 'Firebase'
    Target 'Firebase_FirebaseCoreExtension' in project 'Firebase' (no dependencies)
    Target 'FirebaseAppCheckInterop' in project 'Firebase' (no dependencies)
    Target 'FirebaseAnalytics' in project 'Firebase'
        ➜ Explicit dependency on target 'FirebaseAnalyticsTarget' in project 'Firebase'
        ➜ Explicit dependency on target 'Firebase' in project 'Firebase'
        ➜ Explicit dependency on target 'FirebaseCoreInternal' in project 'Firebase'
        ➜ Explicit dependency on target 'FirebaseCore' in project 'Firebase'
        ➜ Explicit dependency on target 'FirebaseInstallations' in project 'Firebase'
        ➜ Explicit dependency on target 'GULNSData' in project 'GoogleUtilities'
        ➜ Explicit dependency on target 'GULEnvironment' in project 'GoogleUtilities'
        ➜ Explicit dependency on target 'GULLogger' in project 'GoogleUtilities'
        ➜ Explicit dependency on target 'FBLPromises' in project 'Promises'
        ➜ Explicit dependency on target 'GULUserDefaults' in project 'GoogleUtilities'
        ➜ Explicit dependency on target 'GULAppDelegateSwizzler' in project 'GoogleUtilities'
        ➜ Explicit dependency on target 'GULMethodSwizzler' in project 'GoogleUtilities'
        ➜ Explicit dependency on target 'GULNetwork' in project 'GoogleUtilities'
        ➜ Explicit dependency on target 'nanopb' in project 'nanopb'
    Target 'FirebaseAnalyticsTarget' in project 'Firebase'
        ➜ Explicit dependency on target 'Firebase' in project 'Firebase'
        ➜ Explicit dependency on target 'FirebaseCoreInternal' in project 'Firebase'
        ➜ Explicit dependency on target 'FirebaseCore' in project 'Firebase'
        ➜ Explicit dependency on target 'FirebaseInstallations' in project 'Firebase'
        ➜ Explicit dependency on target 'GULNSData' in project 'GoogleUtilities'
        ➜ Explicit dependency on target 'GULEnvironment' in project 'GoogleUtilities'
        ➜ Explicit dependency on target 'GULLogger' in project 'GoogleUtilities'
        ➜ Explicit dependency on target 'FBLPromises' in project 'Promises'
        ➜ Explicit dependency on target 'GULUserDefaults' in project 'GoogleUtilities'
        ➜ Explicit dependency on target 'GULAppDelegateSwizzler' in project 'GoogleUtilities'
        ➜ Explicit dependency on target 'GULMethodSwizzler' in project 'GoogleUtilities'
        ➜ Explicit dependency on target 'GULNetwork' in project 'GoogleUtilities'
        ➜ Explicit dependency on target 'nanopb' in project 'nanopb'
    Target 'nanopb' in project 'nanopb'
        ➜ Explicit dependency on target 'nanopb' in project 'nanopb'
        ➜ Explicit dependency on target 'nanopb_nanopb' in project 'nanopb'
    Target 'nanopb' in project 'nanopb'
        ➜ Explicit dependency on target 'nanopb_nanopb' in project 'nanopb'
    Target 'nanopb_nanopb' in project 'nanopb' (no dependencies)
    Target 'GULNetwork' in project 'GoogleUtilities'
        ➜ Explicit dependency on target 'GoogleUtilities-Network' in project 'GoogleUtilities'
        ➜ Explicit dependency on target 'GoogleUtilities_GoogleUtilities-Network' in project 'GoogleUtilities'
        ➜ Explicit dependency on target 'third-party-IsAppEncrypted' in project 'GoogleUtilities'
        ➜ Explicit dependency on target 'GoogleUtilities-Environment' in project 'GoogleUtilities'
        ➜ Explicit dependency on target 'GoogleUtilities-Logger' in project 'GoogleUtilities'
        ➜ Explicit dependency on target 'GoogleUtilities-NSData' in project 'GoogleUtilities'
        ➜ Explicit dependency on target 'GoogleUtilities-Reachability' in project 'GoogleUtilities'
    Target 'GULMethodSwizzler' in project 'GoogleUtilities'
        ➜ Explicit dependency on target 'GoogleUtilities-MethodSwizzler' in project 'GoogleUtilities'
        ➜ Explicit dependency on target 'GoogleUtilities_GoogleUtilities-MethodSwizzler' in project 'GoogleUtilities'
        ➜ Explicit dependency on target 'third-party-IsAppEncrypted' in project 'GoogleUtilities'
        ➜ Explicit dependency on target 'GoogleUtilities-Environment' in project 'GoogleUtilities'
        ➜ Explicit dependency on target 'GoogleUtilities-Logger' in project 'GoogleUtilities'
    Target 'GoogleUtilities-MethodSwizzler' in project 'GoogleUtilities'
        ➜ Explicit dependency on target 'GoogleUtilities_GoogleUtilities-MethodSwizzler' in project 'GoogleUtilities'
        ➜ Explicit dependency on target 'third-party-IsAppEncrypted' in project 'GoogleUtilities'
        ➜ Explicit dependency on target 'GoogleUtilities-Environment' in project 'GoogleUtilities'
        ➜ Explicit dependency on target 'GoogleUtilities-Logger' in project 'GoogleUtilities'
    Target 'GoogleUtilities_GoogleUtilities-MethodSwizzler' in project 'GoogleUtilities' (no dependencies)
    Target 'GULAppDelegateSwizzler' in project 'GoogleUtilities'
        ➜ Explicit dependency on target 'GoogleUtilities-AppDelegateSwizzler' in project 'GoogleUtilities'
        ➜ Explicit dependency on target 'GoogleUtilities_GoogleUtilities-AppDelegateSwizzler' in project 'GoogleUtilities'
        ➜ Explicit dependency on target 'third-party-IsAppEncrypted' in project 'GoogleUtilities'
        ➜ Explicit dependency on target 'GoogleUtilities-Environment' in project 'GoogleUtilities'
        ➜ Explicit dependency on target 'GoogleUtilities-Logger' in project 'GoogleUtilities'
        ➜ Explicit dependency on target 'GoogleUtilities-NSData' in project 'GoogleUtilities'
        ➜ Explicit dependency on target 'GoogleUtilities-Reachability' in project 'GoogleUtilities'
        ➜ Explicit dependency on target 'GoogleUtilities-Network' in project 'GoogleUtilities'
    Target 'GoogleUtilities-AppDelegateSwizzler' in project 'GoogleUtilities'
        ➜ Explicit dependency on target 'GoogleUtilities_GoogleUtilities-AppDelegateSwizzler' in project 'GoogleUtilities'
        ➜ Explicit dependency on target 'third-party-IsAppEncrypted' in project 'GoogleUtilities'
        ➜ Explicit dependency on target 'GoogleUtilities-Environment' in project 'GoogleUtilities'
        ➜ Explicit dependency on target 'GoogleUtilities-Logger' in project 'GoogleUtilities'
        ➜ Explicit dependency on target 'GoogleUtilities-NSData' in project 'GoogleUtilities'
        ➜ Explicit dependency on target 'GoogleUtilities-Reachability' in project 'GoogleUtilities'
        ➜ Explicit dependency on target 'GoogleUtilities-Network' in project 'GoogleUtilities'
    Target 'GoogleUtilities-Network' in project 'GoogleUtilities'
        ➜ Explicit dependency on target 'GoogleUtilities_GoogleUtilities-Network' in project 'GoogleUtilities'
        ➜ Explicit dependency on target 'third-party-IsAppEncrypted' in project 'GoogleUtilities'
        ➜ Explicit dependency on target 'GoogleUtilities-Environment' in project 'GoogleUtilities'
        ➜ Explicit dependency on target 'GoogleUtilities-Logger' in project 'GoogleUtilities'
        ➜ Explicit dependency on target 'GoogleUtilities-NSData' in project 'GoogleUtilities'
        ➜ Explicit dependency on target 'GoogleUtilities-Reachability' in project 'GoogleUtilities'
    Target 'GoogleUtilities_GoogleUtilities-Network' in project 'GoogleUtilities' (no dependencies)
    Target 'GoogleUtilities-Reachability' in project 'GoogleUtilities'
        ➜ Explicit dependency on target 'GoogleUtilities_GoogleUtilities-Reachability' in project 'GoogleUtilities'
        ➜ Explicit dependency on target 'third-party-IsAppEncrypted' in project 'GoogleUtilities'
        ➜ Explicit dependency on target 'GoogleUtilities-Environment' in project 'GoogleUtilities'
        ➜ Explicit dependency on target 'GoogleUtilities-Logger' in project 'GoogleUtilities'
    Target 'GoogleUtilities_GoogleUtilities-Reachability' in project 'GoogleUtilities' (no dependencies)
    Target 'GoogleUtilities_GoogleUtilities-AppDelegateSwizzler' in project 'GoogleUtilities' (no dependencies)
    Target 'FirebaseInstallations' in project 'Firebase'
        ➜ Explicit dependency on target 'Firebase_FirebaseInstallations' in project 'Firebase'
        ➜ Explicit dependency on target 'Firebase' in project 'Firebase'
        ➜ Explicit dependency on target 'FirebaseCoreInternal' in project 'Firebase'
        ➜ Explicit dependency on target 'FirebaseCore' in project 'Firebase'
        ➜ Explicit dependency on target 'GULNSData' in project 'GoogleUtilities'
        ➜ Explicit dependency on target 'GULEnvironment' in project 'GoogleUtilities'
        ➜ Explicit dependency on target 'GULLogger' in project 'GoogleUtilities'
        ➜ Explicit dependency on target 'FBLPromises' in project 'Promises'
        ➜ Explicit dependency on target 'GULUserDefaults' in project 'GoogleUtilities'
    Target 'GULUserDefaults' in project 'GoogleUtilities'
        ➜ Explicit dependency on target 'GoogleUtilities-UserDefaults' in project 'GoogleUtilities'
        ➜ Explicit dependency on target 'GoogleUtilities_GoogleUtilities-UserDefaults' in project 'GoogleUtilities'
        ➜ Explicit dependency on target 'third-party-IsAppEncrypted' in project 'GoogleUtilities'
        ➜ Explicit dependency on target 'GoogleUtilities-Environment' in project 'GoogleUtilities'
        ➜ Explicit dependency on target 'GoogleUtilities-Logger' in project 'GoogleUtilities'
    Target 'GoogleUtilities-UserDefaults' in project 'GoogleUtilities'
        ➜ Explicit dependency on target 'GoogleUtilities_GoogleUtilities-UserDefaults' in project 'GoogleUtilities'
        ➜ Explicit dependency on target 'third-party-IsAppEncrypted' in project 'GoogleUtilities'
        ➜ Explicit dependency on target 'GoogleUtilities-Environment' in project 'GoogleUtilities'
        ➜ Explicit dependency on target 'GoogleUtilities-Logger' in project 'GoogleUtilities'
    Target 'GoogleUtilities_GoogleUtilities-UserDefaults' in project 'GoogleUtilities' (no dependencies)
    Target 'FBLPromises' in project 'Promises'
        ➜ Explicit dependency on target 'FBLPromises' in project 'Promises'
        ➜ Explicit dependency on target 'Promises_FBLPromises' in project 'Promises'
    Target 'FBLPromises' in project 'Promises'
        ➜ Explicit dependency on target 'Promises_FBLPromises' in project 'Promises'
    Target 'Promises_FBLPromises' in project 'Promises' (no dependencies)
    Target 'Firebase_FirebaseInstallations' in project 'Firebase' (no dependencies)
    Target 'FirebaseCore' in project 'Firebase'
        ➜ Explicit dependency on target 'Firebase_FirebaseCore' in project 'Firebase'
        ➜ Explicit dependency on target 'Firebase' in project 'Firebase'
        ➜ Explicit dependency on target 'FirebaseCoreInternal' in project 'Firebase'
        ➜ Explicit dependency on target 'GULNSData' in project 'GoogleUtilities'
        ➜ Explicit dependency on target 'GULEnvironment' in project 'GoogleUtilities'
        ➜ Explicit dependency on target 'GULLogger' in project 'GoogleUtilities'
    Target 'GULLogger' in project 'GoogleUtilities'
        ➜ Explicit dependency on target 'GoogleUtilities-Logger' in project 'GoogleUtilities'
        ➜ Explicit dependency on target 'GoogleUtilities_GoogleUtilities-Logger' in project 'GoogleUtilities'
        ➜ Explicit dependency on target 'third-party-IsAppEncrypted' in project 'GoogleUtilities'
        ➜ Explicit dependency on target 'GoogleUtilities-Environment' in project 'GoogleUtilities'
    Target 'GoogleUtilities-Logger' in project 'GoogleUtilities'
        ➜ Explicit dependency on target 'GoogleUtilities_GoogleUtilities-Logger' in project 'GoogleUtilities'
        ➜ Explicit dependency on target 'third-party-IsAppEncrypted' in project 'GoogleUtilities'
        ➜ Explicit dependency on target 'GoogleUtilities-Environment' in project 'GoogleUtilities'
    Target 'GoogleUtilities_GoogleUtilities-Logger' in project 'GoogleUtilities' (no dependencies)
    Target 'GULEnvironment' in project 'GoogleUtilities'
        ➜ Explicit dependency on target 'GoogleUtilities-Environment' in project 'GoogleUtilities'
        ➜ Explicit dependency on target 'GoogleUtilities_GoogleUtilities-Environment' in project 'GoogleUtilities'
        ➜ Explicit dependency on target 'third-party-IsAppEncrypted' in project 'GoogleUtilities'
    Target 'GoogleUtilities-Environment' in project 'GoogleUtilities'
        ➜ Explicit dependency on target 'GoogleUtilities_GoogleUtilities-Environment' in project 'GoogleUtilities'
        ➜ Explicit dependency on target 'third-party-IsAppEncrypted' in project 'GoogleUtilities'
    Target 'third-party-IsAppEncrypted' in project 'GoogleUtilities' (no dependencies)
    Target 'GoogleUtilities_GoogleUtilities-Environment' in project 'GoogleUtilities' (no dependencies)
    Target 'Firebase_FirebaseCore' in project 'Firebase' (no dependencies)
    Target 'FirebaseCoreInternal' in project 'Firebase'
        ➜ Explicit dependency on target 'Firebase_FirebaseCoreInternal' in project 'Firebase'
        ➜ Explicit dependency on target 'GULNSData' in project 'GoogleUtilities'
    Target 'GULNSData' in project 'GoogleUtilities'
        ➜ Explicit dependency on target 'GoogleUtilities-NSData' in project 'GoogleUtilities'
        ➜ Explicit dependency on target 'GoogleUtilities_GoogleUtilities-NSData' in project 'GoogleUtilities'
    Target 'GoogleUtilities-NSData' in project 'GoogleUtilities'
        ➜ Explicit dependency on target 'GoogleUtilities_GoogleUtilities-NSData' in project 'GoogleUtilities'
    Target 'GoogleUtilities_GoogleUtilities-NSData' in project 'GoogleUtilities' (no dependencies)
    Target 'Firebase_FirebaseCoreInternal' in project 'Firebase' (no dependencies)
    Target 'Firebase' in project 'Firebase' (no dependencies)

GatherProvisioningInputs

CreateBuildDescription

ExecuteExternalTool /Applications/Xcode.app/Contents/Developer/Toolchains/XcodeDefault.xctoolchain/usr/bin/clang -v -E -dM -arch arm64 -isysroot /Applications/Xcode.app/Contents/Developer/Platforms/WatchSimulator.platform/Developer/SDKs/WatchSimulator26.2.sdk -x objective-c -c /dev/null

ExecuteExternalTool /Applications/Xcode.app/Contents/Developer/Toolchains/XcodeDefault.xctoolchain/usr/bin/swiftc --version

ExecuteExternalTool /Applications/Xcode.app/Contents/Developer/Toolchains/XcodeDefault.xctoolchain/usr/bin/clang -v -E -dM -isysroot /Applications/Xcode.app/Contents/Developer/Platforms/WatchSimulator.platform/Developer/SDKs/WatchSimulator26.2.sdk -x c -c /dev/null

ExecuteExternalTool /Applications/Xcode.app/Contents/Developer/usr/bin/actool --print-asset-tag-combinations --output-format xml1 /Users/jordantranchina/workspace/GroceryCheckList/ios/GroceryWatch/GroceryWatch Watch App/Assets.xcassets

ExecuteExternalTool /Applications/Xcode.app/Contents/Developer/usr/bin/actool --print-asset-tag-combinations --output-format xml1 /Applications/Xcode.app/Contents/Developer/Platforms/iPhoneSimulator.platform/Library/Application Support/MessagesApplicationStub/MessagesApplicationStub.xcassets

ExecuteExternalTool /Applications/Xcode.app/Contents/Developer/usr/bin/actool --version --output-format xml1

ExecuteExternalTool /Applications/Xcode.app/Contents/Developer/Toolchains/XcodeDefault.xctoolchain/usr/bin/clang -v -E -dM -arch arm64 -isysroot /Applications/Xcode.app/Contents/Developer/Platforms/WatchSimulator.platform/Developer/SDKs/WatchSimulator26.2.sdk -x c -c /dev/null

ExecuteExternalTool /Applications/Xcode.app/Contents/Developer/Toolchains/XcodeDefault.xctoolchain/usr/bin/clang -v -E -dM -isysroot /Applications/Xcode.app/Contents/Developer/Platforms/iPhoneSimulator.platform/Developer/SDKs/iPhoneSimulator26.2.sdk -x c -c /dev/null

ExecuteExternalTool /Applications/Xcode.app/Contents/Developer/Toolchains/XcodeDefault.xctoolchain/usr/bin/ld -version_details

ExecuteExternalTool /Applications/Xcode.app/Contents/Developer/Toolchains/XcodeDefault.xctoolchain/usr/bin/clang -v -E -dM -arch arm64 -isysroot /Applications/Xcode.app/Contents/Developer/Platforms/WatchSimulator.platform/Developer/SDKs/WatchSimulator26.2.sdk -x c++ -c /dev/null

ExecuteExternalTool /Applications/Xcode.app/Contents/Developer/Toolchains/XcodeDefault.xctoolchain/usr/bin/clang -v -E -dM -arch x86_64 -isysroot /Applications/Xcode.app/Contents/Developer/Platforms/WatchSimulator.platform/Developer/SDKs/WatchSimulator26.2.sdk -x objective-c -c /dev/null

ExecuteExternalTool /Applications/Xcode.app/Contents/Developer/Toolchains/XcodeDefault.xctoolchain/usr/bin/clang -v -E -dM -arch x86_64 -isysroot /Applications/Xcode.app/Contents/Developer/Platforms/WatchSimulator.platform/Developer/SDKs/WatchSimulator26.2.sdk -x c -c /dev/null

ExecuteExternalTool /Applications/Xcode.app/Contents/Developer/Toolchains/XcodeDefault.xctoolchain/usr/bin/clang -v -E -dM -arch x86_64 -isysroot /Applications/Xcode.app/Contents/Developer/Platforms/WatchSimulator.platform/Developer/SDKs/WatchSimulator26.2.sdk -x c++ -c /dev/null

Build description signature: 06a2ac18a37c071c50dbd362bc31d6d8
Build description path: /Users/jordantranchina/Library/Developer/Xcode/DerivedData/GroceryWatch-cjpxcfkltfoqvcabomjerkquwnbi/Build/Intermediates.noindex/XCBuildData/06a2ac18a37c071c50dbd362bc31d6d8.xcbuilddata
ClangStatCache /Applications/Xcode.app/Contents/Developer/Toolchains/XcodeDefault.xctoolchain/usr/bin/clang-stat-cache /Applications/Xcode.app/Contents/Developer/Platforms/WatchSimulator.platform/Developer/SDKs/WatchSimulator26.2.sdk /Users/jordantranchina/Library/Developer/Xcode/DerivedData/SDKStatCaches.noindex/watchsimulator26.2-23S303-963ebdd26732d23a23bcca82c2045e26.sdkstatcache
    cd /Users/jordantranchina/workspace/GroceryCheckList/ios/GroceryWatch/GroceryWatch.xcodeproj
    /Applications/Xcode.app/Contents/Developer/Toolchains/XcodeDefault.xctoolchain/usr/bin/clang-stat-cache /Applications/Xcode.app/Contents/Developer/Platforms/WatchSimulator.platform/Developer/SDKs/WatchSimulator26.2.sdk -o /Users/jordantranchina/Library/Developer/Xcode/DerivedData/SDKStatCaches.noindex/watchsimulator26.2-23S303-963ebdd26732d23a23bcca82c2045e26.sdkstatcache

ProcessInfoPlistFile /Users/jordantranchina/Library/Developer/Xcode/DerivedData/GroceryWatch-cjpxcfkltfoqvcabomjerkquwnbi/Build/Products/Debug-watchsimulator/Promises_FBLPromises.bundle/Info.plist /Users/jordantranchina/Library/Developer/Xcode/DerivedData/GroceryWatch-cjpxcfkltfoqvcabomjerkquwnbi/Build/Intermediates.noindex/Promises.build/Debug-watchsimulator/Promises_FBLPromises.build/empty-Promises_FBLPromises.plist (in target 'Promises_FBLPromises' from project 'Promises')
    cd /Users/jordantranchina/Library/Developer/Xcode/DerivedData/GroceryWatch-cjpxcfkltfoqvcabomjerkquwnbi/SourcePackages/checkouts/promises
    builtin-infoPlistUtility /Users/jordantranchina/Library/Developer/Xcode/DerivedData/GroceryWatch-cjpxcfkltfoqvcabomjerkquwnbi/Build/Intermediates.noindex/Promises.build/Debug-watchsimulator/Promises_FBLPromises.build/empty-Promises_FBLPromises.plist -producttype com.apple.product-type.bundle -expandbuildsettings -format binary -platform watchsimulator -o /Users/jordantranchina/Library/Developer/Xcode/DerivedData/GroceryWatch-cjpxcfkltfoqvcabomjerkquwnbi/Build/Products/Debug-watchsimulator/Promises_FBLPromises.bundle/Info.plist

ProcessInfoPlistFile /Users/jordantranchina/Library/Developer/Xcode/DerivedData/GroceryWatch-cjpxcfkltfoqvcabomjerkquwnbi/Build/Products/Debug-watchsimulator/nanopb_nanopb.bundle/Info.plist /Users/jordantranchina/Library/Developer/Xcode/DerivedData/GroceryWatch-cjpxcfkltfoqvcabomjerkquwnbi/Build/Intermediates.noindex/nanopb.build/Debug-watchsimulator/nanopb_nanopb.build/empty-nanopb_nanopb.plist (in target 'nanopb_nanopb' from project 'nanopb')
    cd /Users/jordantranchina/Library/Developer/Xcode/DerivedData/GroceryWatch-cjpxcfkltfoqvcabomjerkquwnbi/SourcePackages/checkouts/nanopb
    builtin-infoPlistUtility /Users/jordantranchina/Library/Developer/Xcode/DerivedData/GroceryWatch-cjpxcfkltfoqvcabomjerkquwnbi/Build/Intermediates.noindex/nanopb.build/Debug-watchsimulator/nanopb_nanopb.build/empty-nanopb_nanopb.plist -producttype com.apple.product-type.bundle -expandbuildsettings -format binary -platform watchsimulator -o /Users/jordantranchina/Library/Developer/Xcode/DerivedData/GroceryWatch-cjpxcfkltfoqvcabomjerkquwnbi/Build/Products/Debug-watchsimulator/nanopb_nanopb.bundle/Info.plist

ProcessInfoPlistFile /Users/jordantranchina/Library/Developer/Xcode/DerivedData/GroceryWatch-cjpxcfkltfoqvcabomjerkquwnbi/Build/Products/Debug-watchsimulator/GoogleUtilities_GoogleUtilities-Reachability.bundle/Info.plist /Users/jordantranchina/Library/Developer/Xcode/DerivedData/GroceryWatch-cjpxcfkltfoqvcabomjerkquwnbi/Build/Intermediates.noindex/GoogleUtilities.build/Debug-watchsimulator/GoogleUtilities_GoogleUtilities-Reachability.build/empty-GoogleUtilities_GoogleUtilities-Reachability.plist (in target 'GoogleUtilities_GoogleUtilities-Reachability' from project 'GoogleUtilities')
    cd /Users/jordantranchina/Library/Developer/Xcode/DerivedData/GroceryWatch-cjpxcfkltfoqvcabomjerkquwnbi/SourcePackages/checkouts/GoogleUtilities
    builtin-infoPlistUtility /Users/jordantranchina/Library/Developer/Xcode/DerivedData/GroceryWatch-cjpxcfkltfoqvcabomjerkquwnbi/Build/Intermediates.noindex/GoogleUtilities.build/Debug-watchsimulator/GoogleUtilities_GoogleUtilities-Reachability.build/empty-GoogleUtilities_GoogleUtilities-Reachability.plist -producttype com.apple.product-type.bundle -expandbuildsettings -format binary -platform watchsimulator -o /Users/jordantranchina/Library/Developer/Xcode/DerivedData/GroceryWatch-cjpxcfkltfoqvcabomjerkquwnbi/Build/Products/Debug-watchsimulator/GoogleUtilities_GoogleUtilities-Reachability.bundle/Info.plist

ProcessInfoPlistFile /Users/jordantranchina/Library/Developer/Xcode/DerivedData/GroceryWatch-cjpxcfkltfoqvcabomjerkquwnbi/Build/Products/Debug-watchsimulator/GoogleUtilities_GoogleUtilities-Environment.bundle/Info.plist /Users/jordantranchina/Library/Developer/Xcode/DerivedData/GroceryWatch-cjpxcfkltfoqvcabomjerkquwnbi/Build/Intermediates.noindex/GoogleUtilities.build/Debug-watchsimulator/GoogleUtilities_GoogleUtilities-Environment.build/empty-GoogleUtilities_GoogleUtilities-Environment.plist (in target 'GoogleUtilities_GoogleUtilities-Environment' from project 'GoogleUtilities')
    cd /Users/jordantranchina/Library/Developer/Xcode/DerivedData/GroceryWatch-cjpxcfkltfoqvcabomjerkquwnbi/SourcePackages/checkouts/GoogleUtilities
    builtin-infoPlistUtility /Users/jordantranchina/Library/Developer/Xcode/DerivedData/GroceryWatch-cjpxcfkltfoqvcabomjerkquwnbi/Build/Intermediates.noindex/GoogleUtilities.build/Debug-watchsimulator/GoogleUtilities_GoogleUtilities-Environment.build/empty-GoogleUtilities_GoogleUtilities-Environment.plist -producttype com.apple.product-type.bundle -expandbuildsettings -format binary -platform watchsimulator -o /Users/jordantranchina/Library/Developer/Xcode/DerivedData/GroceryWatch-cjpxcfkltfoqvcabomjerkquwnbi/Build/Products/Debug-watchsimulator/GoogleUtilities_GoogleUtilities-Environment.bundle/Info.plist

ProcessInfoPlistFile /Users/jordantranchina/Library/Developer/Xcode/DerivedData/GroceryWatch-cjpxcfkltfoqvcabomjerkquwnbi/Build/Products/Debug-watchsimulator/leveldb_leveldb.bundle/Info.plist /Users/jordantranchina/Library/Developer/Xcode/DerivedData/GroceryWatch-cjpxcfkltfoqvcabomjerkquwnbi/Build/Intermediates.noindex/leveldb.build/Debug-watchsimulator/leveldb_leveldb.build/empty-leveldb_leveldb.plist (in target 'leveldb_leveldb' from project 'leveldb')
    cd /Users/jordantranchina/Library/Developer/Xcode/DerivedData/GroceryWatch-cjpxcfkltfoqvcabomjerkquwnbi/SourcePackages/checkouts/leveldb
    builtin-infoPlistUtility /Users/jordantranchina/Library/Developer/Xcode/DerivedData/GroceryWatch-cjpxcfkltfoqvcabomjerkquwnbi/Build/Intermediates.noindex/leveldb.build/Debug-watchsimulator/leveldb_leveldb.build/empty-leveldb_leveldb.plist -producttype com.apple.product-type.bundle -expandbuildsettings -format binary -platform watchsimulator -o /Users/jordantranchina/Library/Developer/Xcode/DerivedData/GroceryWatch-cjpxcfkltfoqvcabomjerkquwnbi/Build/Products/Debug-watchsimulator/leveldb_leveldb.bundle/Info.plist

ProcessInfoPlistFile /Users/jordantranchina/Library/Developer/Xcode/DerivedData/GroceryWatch-cjpxcfkltfoqvcabomjerkquwnbi/Build/Products/Debug-watchsimulator/Firebase_FirebaseInstallations.bundle/Info.plist /Users/jordantranchina/Library/Developer/Xcode/DerivedData/GroceryWatch-cjpxcfkltfoqvcabomjerkquwnbi/Build/Intermediates.noindex/Firebase.build/Debug-watchsimulator/Firebase_FirebaseInstallations.build/empty-Firebase_FirebaseInstallations.plist (in target 'Firebase_FirebaseInstallations' from project 'Firebase')
    cd /Users/jordantranchina/Library/Developer/Xcode/DerivedData/GroceryWatch-cjpxcfkltfoqvcabomjerkquwnbi/SourcePackages/checkouts/firebase-ios-sdk
    builtin-infoPlistUtility /Users/jordantranchina/Library/Developer/Xcode/DerivedData/GroceryWatch-cjpxcfkltfoqvcabomjerkquwnbi/Build/Intermediates.noindex/Firebase.build/Debug-watchsimulator/Firebase_FirebaseInstallations.build/empty-Firebase_FirebaseInstallations.plist -producttype com.apple.product-type.bundle -expandbuildsettings -format binary -platform watchsimulator -o /Users/jordantranchina/Library/Developer/Xcode/DerivedData/GroceryWatch-cjpxcfkltfoqvcabomjerkquwnbi/Build/Products/Debug-watchsimulator/Firebase_FirebaseInstallations.bundle/Info.plist

ProcessInfoPlistFile /Users/jordantranchina/Library/Developer/Xcode/DerivedData/GroceryWatch-cjpxcfkltfoqvcabomjerkquwnbi/Build/Products/Debug-watchsimulator/GoogleUtilities_GoogleUtilities-Network.bundle/Info.plist /Users/jordantranchina/Library/Developer/Xcode/DerivedData/GroceryWatch-cjpxcfkltfoqvcabomjerkquwnbi/Build/Intermediates.noindex/GoogleUtilities.build/Debug-watchsimulator/GoogleUtilities_GoogleUtilities-Network.build/empty-GoogleUtilities_GoogleUtilities-Network.plist (in target 'GoogleUtilities_GoogleUtilities-Network' from project 'GoogleUtilities')
    cd /Users/jordantranchina/Library/Developer/Xcode/DerivedData/GroceryWatch-cjpxcfkltfoqvcabomjerkquwnbi/SourcePackages/checkouts/GoogleUtilities
    builtin-infoPlistUtility /Users/jordantranchina/Library/Developer/Xcode/DerivedData/GroceryWatch-cjpxcfkltfoqvcabomjerkquwnbi/Build/Intermediates.noindex/GoogleUtilities.build/Debug-watchsimulator/GoogleUtilities_GoogleUtilities-Network.build/empty-GoogleUtilities_GoogleUtilities-Network.plist -producttype com.apple.product-type.bundle -expandbuildsettings -format binary -platform watchsimulator -o /Users/jordantranchina/Library/Developer/Xcode/DerivedData/GroceryWatch-cjpxcfkltfoqvcabomjerkquwnbi/Build/Products/Debug-watchsimulator/GoogleUtilities_GoogleUtilities-Network.bundle/Info.plist

ProcessInfoPlistFile /Users/jordantranchina/Library/Developer/Xcode/DerivedData/GroceryWatch-cjpxcfkltfoqvcabomjerkquwnbi/Build/Products/Debug-watchsimulator/GoogleUtilities_GoogleUtilities-UserDefaults.bundle/Info.plist /Users/jordantranchina/Library/Developer/Xcode/DerivedData/GroceryWatch-cjpxcfkltfoqvcabomjerkquwnbi/Build/Intermediates.noindex/GoogleUtilities.build/Debug-watchsimulator/GoogleUtilities_GoogleUtilities-UserDefaults.build/empty-GoogleUtilities_GoogleUtilities-UserDefaults.plist (in target 'GoogleUtilities_GoogleUtilities-UserDefaults' from project 'GoogleUtilities')
    cd /Users/jordantranchina/Library/Developer/Xcode/DerivedData/GroceryWatch-cjpxcfkltfoqvcabomjerkquwnbi/SourcePackages/checkouts/GoogleUtilities
    builtin-infoPlistUtility /Users/jordantranchina/Library/Developer/Xcode/DerivedData/GroceryWatch-cjpxcfkltfoqvcabomjerkquwnbi/Build/Intermediates.noindex/GoogleUtilities.build/Debug-watchsimulator/GoogleUtilities_GoogleUtilities-UserDefaults.build/empty-GoogleUtilities_GoogleUtilities-UserDefaults.plist -producttype com.apple.product-type.bundle -expandbuildsettings -format binary -platform watchsimulator -o /Users/jordantranchina/Library/Developer/Xcode/DerivedData/GroceryWatch-cjpxcfkltfoqvcabomjerkquwnbi/Build/Products/Debug-watchsimulator/GoogleUtilities_GoogleUtilities-UserDefaults.bundle/Info.plist

ProcessInfoPlistFile /Users/jordantranchina/Library/Developer/Xcode/DerivedData/GroceryWatch-cjpxcfkltfoqvcabomjerkquwnbi/Build/Products/Debug-watchsimulator/GoogleUtilities_GoogleUtilities-NSData.bundle/Info.plist /Users/jordantranchina/Library/Developer/Xcode/DerivedData/GroceryWatch-cjpxcfkltfoqvcabomjerkquwnbi/Build/Intermediates.noindex/GoogleUtilities.build/Debug-watchsimulator/GoogleUtilities_GoogleUtilities-NSData.build/empty-GoogleUtilities_GoogleUtilities-NSData.plist (in target 'GoogleUtilities_GoogleUtilities-NSData' from project 'GoogleUtilities')
    cd /Users/jordantranchina/Library/Developer/Xcode/DerivedData/GroceryWatch-cjpxcfkltfoqvcabomjerkquwnbi/SourcePackages/checkouts/GoogleUtilities
    builtin-infoPlistUtility /Users/jordantranchina/Library/Developer/Xcode/DerivedData/GroceryWatch-cjpxcfkltfoqvcabomjerkquwnbi/Build/Intermediates.noindex/GoogleUtilities.build/Debug-watchsimulator/GoogleUtilities_GoogleUtilities-NSData.build/empty-GoogleUtilities_GoogleUtilities-NSData.plist -producttype com.apple.product-type.bundle -expandbuildsettings -format binary -platform watchsimulator -o /Users/jordantranchina/Library/Developer/Xcode/DerivedData/GroceryWatch-cjpxcfkltfoqvcabomjerkquwnbi/Build/Products/Debug-watchsimulator/GoogleUtilities_GoogleUtilities-NSData.bundle/Info.plist

ProcessInfoPlistFile /Users/jordantranchina/Library/Developer/Xcode/DerivedData/GroceryWatch-cjpxcfkltfoqvcabomjerkquwnbi/Build/Products/Debug-watchsimulator/GoogleUtilities_GoogleUtilities-MethodSwizzler.bundle/Info.plist /Users/jordantranchina/Library/Developer/Xcode/DerivedData/GroceryWatch-cjpxcfkltfoqvcabomjerkquwnbi/Build/Intermediates.noindex/GoogleUtilities.build/Debug-watchsimulator/GoogleUtilities_GoogleUtilities-MethodSwizzler.build/empty-GoogleUtilities_GoogleUtilities-MethodSwizzler.plist (in target 'GoogleUtilities_GoogleUtilities-MethodSwizzler' from project 'GoogleUtilities')
    cd /Users/jordantranchina/Library/Developer/Xcode/DerivedData/GroceryWatch-cjpxcfkltfoqvcabomjerkquwnbi/SourcePackages/checkouts/GoogleUtilities
    builtin-infoPlistUtility /Users/jordantranchina/Library/Developer/Xcode/DerivedData/GroceryWatch-cjpxcfkltfoqvcabomjerkquwnbi/Build/Intermediates.noindex/GoogleUtilities.build/Debug-watchsimulator/GoogleUtilities_GoogleUtilities-MethodSwizzler.build/empty-GoogleUtilities_GoogleUtilities-MethodSwizzler.plist -producttype com.apple.product-type.bundle -expandbuildsettings -format binary -platform watchsimulator -o /Users/jordantranchina/Library/Developer/Xcode/DerivedData/GroceryWatch-cjpxcfkltfoqvcabomjerkquwnbi/Build/Products/Debug-watchsimulator/GoogleUtilities_GoogleUtilities-MethodSwizzler.bundle/Info.plist

ProcessInfoPlistFile /Users/jordantranchina/Library/Developer/Xcode/DerivedData/GroceryWatch-cjpxcfkltfoqvcabomjerkquwnbi/Build/Products/Debug-watchsimulator/GoogleUtilities_GoogleUtilities-Logger.bundle/Info.plist /Users/jordantranchina/Library/Developer/Xcode/DerivedData/GroceryWatch-cjpxcfkltfoqvcabomjerkquwnbi/Build/Intermediates.noindex/GoogleUtilities.build/Debug-watchsimulator/GoogleUtilities_GoogleUtilities-Logger.build/empty-GoogleUtilities_GoogleUtilities-Logger.plist (in target 'GoogleUtilities_GoogleUtilities-Logger' from project 'GoogleUtilities')
    cd /Users/jordantranchina/Library/Developer/Xcode/DerivedData/GroceryWatch-cjpxcfkltfoqvcabomjerkquwnbi/SourcePackages/checkouts/GoogleUtilities
    builtin-infoPlistUtility /Users/jordantranchina/Library/Developer/Xcode/DerivedData/GroceryWatch-cjpxcfkltfoqvcabomjerkquwnbi/Build/Intermediates.noindex/GoogleUtilities.build/Debug-watchsimulator/GoogleUtilities_GoogleUtilities-Logger.build/empty-GoogleUtilities_GoogleUtilities-Logger.plist -producttype com.apple.product-type.bundle -expandbuildsettings -format binary -platform watchsimulator -o /Users/jordantranchina/Library/Developer/Xcode/DerivedData/GroceryWatch-cjpxcfkltfoqvcabomjerkquwnbi/Build/Products/Debug-watchsimulator/GoogleUtilities_GoogleUtilities-Logger.bundle/Info.plist

ProcessInfoPlistFile /Users/jordantranchina/Library/Developer/Xcode/DerivedData/GroceryWatch-cjpxcfkltfoqvcabomjerkquwnbi/Build/Products/Debug-watchsimulator/GoogleUtilities_GoogleUtilities-AppDelegateSwizzler.bundle/Info.plist /Users/jordantranchina/Library/Developer/Xcode/DerivedData/GroceryWatch-cjpxcfkltfoqvcabomjerkquwnbi/Build/Intermediates.noindex/GoogleUtilities.build/Debug-watchsimulator/GoogleUtilities_GoogleUtilities-AppDelegateSwizzler.build/empty-GoogleUtilities_GoogleUtilities-AppDelegateSwizzler.plist (in target 'GoogleUtilities_GoogleUtilities-AppDelegateSwizzler' from project 'GoogleUtilities')
    cd /Users/jordantranchina/Library/Developer/Xcode/DerivedData/GroceryWatch-cjpxcfkltfoqvcabomjerkquwnbi/SourcePackages/checkouts/GoogleUtilities
    builtin-infoPlistUtility /Users/jordantranchina/Library/Developer/Xcode/DerivedData/GroceryWatch-cjpxcfkltfoqvcabomjerkquwnbi/Build/Intermediates.noindex/GoogleUtilities.build/Debug-watchsimulator/GoogleUtilities_GoogleUtilities-AppDelegateSwizzler.build/empty-GoogleUtilities_GoogleUtilities-AppDelegateSwizzler.plist -producttype com.apple.product-type.bundle -expandbuildsettings -format binary -platform watchsimulator -o /Users/jordantranchina/Library/Developer/Xcode/DerivedData/GroceryWatch-cjpxcfkltfoqvcabomjerkquwnbi/Build/Products/Debug-watchsimulator/GoogleUtilities_GoogleUtilities-AppDelegateSwizzler.bundle/Info.plist

ProcessInfoPlistFile /Users/jordantranchina/Library/Developer/Xcode/DerivedData/GroceryWatch-cjpxcfkltfoqvcabomjerkquwnbi/Build/Products/Debug-watchsimulator/Firebase_FirebaseCoreInternal.bundle/Info.plist /Users/jordantranchina/Library/Developer/Xcode/DerivedData/GroceryWatch-cjpxcfkltfoqvcabomjerkquwnbi/Build/Intermediates.noindex/Firebase.build/Debug-watchsimulator/Firebase_FirebaseCoreInternal.build/empty-Firebase_FirebaseCoreInternal.plist (in target 'Firebase_FirebaseCoreInternal' from project 'Firebase')
    cd /Users/jordantranchina/Library/Developer/Xcode/DerivedData/GroceryWatch-cjpxcfkltfoqvcabomjerkquwnbi/SourcePackages/checkouts/firebase-ios-sdk
    builtin-infoPlistUtility /Users/jordantranchina/Library/Developer/Xcode/DerivedData/GroceryWatch-cjpxcfkltfoqvcabomjerkquwnbi/Build/Intermediates.noindex/Firebase.build/Debug-watchsimulator/Firebase_FirebaseCoreInternal.build/empty-Firebase_FirebaseCoreInternal.plist -producttype com.apple.product-type.bundle -expandbuildsettings -format binary -platform watchsimulator -o /Users/jordantranchina/Library/Developer/Xcode/DerivedData/GroceryWatch-cjpxcfkltfoqvcabomjerkquwnbi/Build/Products/Debug-watchsimulator/Firebase_FirebaseCoreInternal.bundle/Info.plist

ProcessInfoPlistFile /Users/jordantranchina/Library/Developer/Xcode/DerivedData/GroceryWatch-cjpxcfkltfoqvcabomjerkquwnbi/Build/Products/Debug-watchsimulator/Firebase_FirebaseCoreExtension.bundle/Info.plist /Users/jordantranchina/Library/Developer/Xcode/DerivedData/GroceryWatch-cjpxcfkltfoqvcabomjerkquwnbi/Build/Intermediates.noindex/Firebase.build/Debug-watchsimulator/Firebase_FirebaseCoreExtension.build/empty-Firebase_FirebaseCoreExtension.plist (in target 'Firebase_FirebaseCoreExtension' from project 'Firebase')
    cd /Users/jordantranchina/Library/Developer/Xcode/DerivedData/GroceryWatch-cjpxcfkltfoqvcabomjerkquwnbi/SourcePackages/checkouts/firebase-ios-sdk
    builtin-infoPlistUtility /Users/jordantranchina/Library/Developer/Xcode/DerivedData/GroceryWatch-cjpxcfkltfoqvcabomjerkquwnbi/Build/Intermediates.noindex/Firebase.build/Debug-watchsimulator/Firebase_FirebaseCoreExtension.build/empty-Firebase_FirebaseCoreExtension.plist -producttype com.apple.product-type.bundle -expandbuildsettings -format binary -platform watchsimulator -o /Users/jordantranchina/Library/Developer/Xcode/DerivedData/GroceryWatch-cjpxcfkltfoqvcabomjerkquwnbi/Build/Products/Debug-watchsimulator/Firebase_FirebaseCoreExtension.bundle/Info.plist

ProcessInfoPlistFile /Users/jordantranchina/Library/Developer/Xcode/DerivedData/GroceryWatch-cjpxcfkltfoqvcabomjerkquwnbi/Build/Products/Debug-watchsimulator/Firebase_FirebaseCore.bundle/Info.plist /Users/jordantranchina/Library/Developer/Xcode/DerivedData/GroceryWatch-cjpxcfkltfoqvcabomjerkquwnbi/Build/Intermediates.noindex/Firebase.build/Debug-watchsimulator/Firebase_FirebaseCore.build/empty-Firebase_FirebaseCore.plist (in target 'Firebase_FirebaseCore' from project 'Firebase')
    cd /Users/jordantranchina/Library/Developer/Xcode/DerivedData/GroceryWatch-cjpxcfkltfoqvcabomjerkquwnbi/SourcePackages/checkouts/firebase-ios-sdk
    builtin-infoPlistUtility /Users/jordantranchina/Library/Developer/Xcode/DerivedData/GroceryWatch-cjpxcfkltfoqvcabomjerkquwnbi/Build/Intermediates.noindex/Firebase.build/Debug-watchsimulator/Firebase_FirebaseCore.build/empty-Firebase_FirebaseCore.plist -producttype com.apple.product-type.bundle -expandbuildsettings -format binary -platform watchsimulator -o /Users/jordantranchina/Library/Developer/Xcode/DerivedData/GroceryWatch-cjpxcfkltfoqvcabomjerkquwnbi/Build/Products/Debug-watchsimulator/Firebase_FirebaseCore.bundle/Info.plist

ProcessProductPackaging "" /Users/jordantranchina/Library/Developer/Xcode/DerivedData/GroceryWatch-cjpxcfkltfoqvcabomjerkquwnbi/Build/Intermediates.noindex/GroceryWatch.build/Debug-watchsimulator/GroceryWatch\ Watch\ App.build/GroceryWatch\ Watch\ App.app-Simulated.xcent (in target 'GroceryWatch Watch App' from project 'GroceryWatch')
    cd /Users/jordantranchina/workspace/GroceryCheckList/ios/GroceryWatch
    
    Entitlements:
    
    {
    "application-identifier" = "4GTF274RAS.JordanTranchina.GroceryWatch.watchkitapp";
}
    
    builtin-productPackagingUtility -entitlements -format xml -o /Users/jordantranchina/Library/Developer/Xcode/DerivedData/GroceryWatch-cjpxcfkltfoqvcabomjerkquwnbi/Build/Intermediates.noindex/GroceryWatch.build/Debug-watchsimulator/GroceryWatch\ Watch\ App.build/GroceryWatch\ Watch\ App.app-Simulated.xcent

ExtractAppIntentsMetadata (in target 'FirebaseSharedSwift' from project 'Firebase')
    cd /Users/jordantranchina/Library/Developer/Xcode/DerivedData/GroceryWatch-cjpxcfkltfoqvcabomjerkquwnbi/SourcePackages/checkouts/firebase-ios-sdk
    /Applications/Xcode.app/Contents/Developer/Toolchains/XcodeDefault.xctoolchain/usr/bin/appintentsmetadataprocessor --toolchain-dir /Applications/Xcode.app/Contents/Developer/Toolchains/XcodeDefault.xctoolchain --module-name FirebaseSharedSwift --sdk-root /Applications/Xcode.app/Contents/Developer/Platforms/WatchSimulator.platform/Developer/SDKs/WatchSimulator26.2.sdk --xcode-version 17C52 --platform-family watchOS --deployment-target 7.0 --bundle-identifier firebase-ios-sdk.FirebaseSharedSwift --output /Users/jordantranchina/Library/Developer/Xcode/DerivedData/GroceryWatch-cjpxcfkltfoqvcabomjerkquwnbi/Build/Products/Debug-watchsimulator/FirebaseSharedSwift.appintents --target-triple arm64-apple-watchos7.0-simulator --target-triple x86_64-apple-watchos7.0-simulator --binary-file /Users/jordantranchina/Library/Developer/Xcode/DerivedData/GroceryWatch-cjpxcfkltfoqvcabomjerkquwnbi/Build/Products/Debug-watchsimulator/FirebaseSharedSwift.o --dependency-file /Users/jordantranchina/Library/Developer/Xcode/DerivedData/GroceryWatch-cjpxcfkltfoqvcabomjerkquwnbi/Build/Intermediates.noindex/Firebase.build/Debug-watchsimulator/FirebaseSharedSwift.build/Objects-normal/arm64/FirebaseSharedSwift_dependency_info.dat --dependency-file /Users/jordantranchina/Library/Developer/Xcode/DerivedData/GroceryWatch-cjpxcfkltfoqvcabomjerkquwnbi/Build/Intermediates.noindex/Firebase.build/Debug-watchsimulator/FirebaseSharedSwift.build/Objects-normal/x86_64/FirebaseSharedSwift_dependency_info.dat --stringsdata-file /Users/jordantranchina/Library/Developer/Xcode/DerivedData/GroceryWatch-cjpxcfkltfoqvcabomjerkquwnbi/Build/Intermediates.noindex/Firebase.build/Debug-watchsimulator/FirebaseSharedSwift.build/Objects-normal/arm64/ExtractedAppShortcutsMetadata.stringsdata --stringsdata-file /Users/jordantranchina/Library/Developer/Xcode/DerivedData/GroceryWatch-cjpxcfkltfoqvcabomjerkquwnbi/Build/Intermediates.noindex/Firebase.build/Debug-watchsimulator/FirebaseSharedSwift.build/Objects-normal/x86_64/ExtractedAppShortcutsMetadata.stringsdata --source-file-list /Users/jordantranchina/Library/Developer/Xcode/DerivedData/GroceryWatch-cjpxcfkltfoqvcabomjerkquwnbi/Build/Intermediates.noindex/Firebase.build/Debug-watchsimulator/FirebaseSharedSwift.build/Objects-normal/arm64/FirebaseSharedSwift.SwiftFileList --source-file-list /Users/jordantranchina/Library/Developer/Xcode/DerivedData/GroceryWatch-cjpxcfkltfoqvcabomjerkquwnbi/Build/Intermediates.noindex/Firebase.build/Debug-watchsimulator/FirebaseSharedSwift.build/Objects-normal/x86_64/FirebaseSharedSwift.SwiftFileList --metadata-file-list /Users/jordantranchina/Library/Developer/Xcode/DerivedData/GroceryWatch-cjpxcfkltfoqvcabomjerkquwnbi/Build/Intermediates.noindex/Firebase.build/Debug-watchsimulator/FirebaseSharedSwift.build/FirebaseSharedSwift.DependencyMetadataFileList --static-metadata-file-list /Users/jordantranchina/Library/Developer/Xcode/DerivedData/GroceryWatch-cjpxcfkltfoqvcabomjerkquwnbi/Build/Intermediates.noindex/Firebase.build/Debug-watchsimulator/FirebaseSharedSwift.build/FirebaseSharedSwift.DependencyStaticMetadataFileList --swift-const-vals-list /Users/jordantranchina/Library/Developer/Xcode/DerivedData/GroceryWatch-cjpxcfkltfoqvcabomjerkquwnbi/Build/Intermediates.noindex/Firebase.build/Debug-watchsimulator/FirebaseSharedSwift.build/Objects-normal/arm64/FirebaseSharedSwift.SwiftConstValuesFileList --swift-const-vals-list /Users/jordantranchina/Library/Developer/Xcode/DerivedData/GroceryWatch-cjpxcfkltfoqvcabomjerkquwnbi/Build/Intermediates.noindex/Firebase.build/Debug-watchsimulator/FirebaseSharedSwift.build/Objects-normal/x86_64/FirebaseSharedSwift.SwiftConstValuesFileList --force --compile-time-extraction --deployment-aware-processing --validate-assistant-intents --no-app-shortcuts-localization
2026-01-12 21:26:42.675 appintentsmetadataprocessor[49371:3491601] Starting appintentsmetadataprocessor export
2026-01-12 21:26:42.826 appintentsmetadataprocessor[49371:3491601] Extracted no relevant App Intents symbols, skipping writing output

CompileC /Users/jordantranchina/Library/Developer/Xcode/DerivedData/GroceryWatch-cjpxcfkltfoqvcabomjerkquwnbi/Build/Intermediates.noindex/Firebase.build/Debug-watchsimulator/FirebaseInstallations.build/Objects-normal/x86_64/FIRInstallationsStoredAuthToken.o /Users/jordantranchina/Library/Developer/Xcode/DerivedData/GroceryWatch-cjpxcfkltfoqvcabomjerkquwnbi/SourcePackages/checkouts/firebase-ios-sdk/FirebaseInstallations/Source/Library/InstallationsStore/FIRInstallationsStoredAuthToken.m normal x86_64 objective-c com.apple.compilers.llvm.clang.1_0.compiler (in target 'FirebaseInstallations' from project 'Firebase')
    cd /Users/jordantranchina/workspace/GroceryCheckList/ios/GroceryWatch/GroceryWatch.xcodeproj
    
    Using response file: /Users/jordantranchina/Library/Developer/Xcode/DerivedData/GroceryWatch-cjpxcfkltfoqvcabomjerkquwnbi/Build/Intermediates.noindex/Firebase.build/Debug-watchsimulator/FirebaseInstallations.build/Objects-normal/x86_64/e6072d4f65d7061329687fe24e3d63a7-common-args.resp
    
    /Applications/Xcode.app/Contents/Developer/Toolchains/XcodeDefault.xctoolchain/usr/bin/clang -x objective-c -ivfsstatcache /Users/jordantranchina/Library/Developer/Xcode/DerivedData/SDKStatCaches.noindex/watchsimulator26.2-23S303-963ebdd26732d23a23bcca82c2045e26.sdkstatcache -fmessage-length\=0 -fdiagnostics-show-note-include-stack -fmacro-backtrace-limit\=0 -fno-color-diagnostics -fmodules-prune-interval\=86400 -fmodules-prune-after\=345600 -fbuild-session-file\=/Users/jordantranchina/Library/Developer/Xcode/DerivedData/ModuleCache.noindex/Session.modulevalidation -fmodules-validate-once-per-build-session -Wnon-modular-include-in-framework-module -Werror\=non-modular-include-in-framework-module -Wno-trigraphs -Wno-missing-field-initializers -Wno-missing-prototypes -Wno-return-type -Wno-implicit-atomic-properties -Wno-objc-interface-ivars -Wno-arc-repeated-use-of-weak -Wno-missing-braces -Wparentheses -Wswitch -Wno-unused-function -Wno-unused-label -Wno-unused-parameter -Wno-unused-variable -Wunused-value -Wno-empty-body -Wno-uninitialized -Wno-unknown-pragmas -w -Wno-shadow -Wno-four-char-constants -Wno-conversion -Wno-constant-conversion -Wno-int-conversion -Wno-bool-conversion -Wno-enum-conversion -Wno-float-conversion -Wno-non-literal-null-conversion -Wno-objc-literal-conversion -Wshorten-64-to-32 -Wpointer-sign -Wno-newline-eof -Wno-selector -Wno-strict-selector-match -Wno-undeclared-selector -Wno-deprecated-implementations -Wno-implicit-fallthrough -fstrict-aliasing -Wprotocol -Wdeprecated-declarations -Wno-sign-conversion -Wno-infinite-recursion -Wno-comma -Wno-block-capture-autoreleasing -Wno-strict-prototypes -Wno-semicolon-before-method-body -index-store-path /Users/jordantranchina/Library/Developer/Xcode/DerivedData/GroceryWatch-cjpxcfkltfoqvcabomjerkquwnbi/Index.noindex/DataStore @/Users/jordantranchina/Library/Developer/Xcode/DerivedData/GroceryWatch-cjpxcfkltfoqvcabomjerkquwnbi/Build/Intermediates.noindex/Firebase.build/Debug-watchsimulator/FirebaseInstallations.build/Objects-normal/x86_64/e6072d4f65d7061329687fe24e3d63a7-common-args.resp -include /Users/jordantranchina/Library/Developer/Xcode/DerivedData/GroceryWatch-cjpxcfkltfoqvcabomjerkquwnbi/Build/Intermediates.noindex/Firebase.build/Debug-watchsimulator/FirebaseInstallations.build/DerivedSources/resource_bundle_accessor.h -MMD -MT dependencies -MF /Users/jordantranchina/Library/Developer/Xcode/DerivedData/GroceryWatch-cjpxcfkltfoqvcabomjerkquwnbi/Build/Intermediates.noindex/Firebase.build/Debug-watchsimulator/FirebaseInstallations.build/Objects-normal/x86_64/FIRInstallationsStoredAuthToken.d --serialize-diagnostics /Users/jordantranchina/Library/Developer/Xcode/DerivedData/GroceryWatch-cjpxcfkltfoqvcabomjerkquwnbi/Build/Intermediates.noindex/Firebase.build/Debug-watchsimulator/FirebaseInstallations.build/Objects-normal/x86_64/FIRInstallationsStoredAuthToken.dia -c /Users/jordantranchina/Library/Developer/Xcode/DerivedData/GroceryWatch-cjpxcfkltfoqvcabomjerkquwnbi/SourcePackages/checkouts/firebase-ios-sdk/FirebaseInstallations/Source/Library/InstallationsStore/FIRInstallationsStoredAuthToken.m -o /Users/jordantranchina/Library/Developer/Xcode/DerivedData/GroceryWatch-cjpxcfkltfoqvcabomjerkquwnbi/Build/Intermediates.noindex/Firebase.build/Debug-watchsimulator/FirebaseInstallations.build/Objects-normal/x86_64/FIRInstallationsStoredAuthToken.o -index-unit-output-path /Firebase.build/Debug-watchsimulator/FirebaseInstallations.build/Objects-normal/x86_64/FIRInstallationsStoredAuthToken.o

CompileC /Users/jordantranchina/Library/Developer/Xcode/DerivedData/GroceryWatch-cjpxcfkltfoqvcabomjerkquwnbi/Build/Intermediates.noindex/Firebase.build/Debug-watchsimulator/FirebaseInstallations.build/Objects-normal/x86_64/FIRInstallationsStore.o /Users/jordantranchina/Library/Developer/Xcode/DerivedData/GroceryWatch-cjpxcfkltfoqvcabomjerkquwnbi/SourcePackages/checkouts/firebase-ios-sdk/FirebaseInstallations/Source/Library/InstallationsStore/FIRInstallationsStore.m normal x86_64 objective-c com.apple.compilers.llvm.clang.1_0.compiler (in target 'FirebaseInstallations' from project 'Firebase')
    cd /Users/jordantranchina/workspace/GroceryCheckList/ios/GroceryWatch/GroceryWatch.xcodeproj
    
    Using response file: /Users/jordantranchina/Library/Developer/Xcode/DerivedData/GroceryWatch-cjpxcfkltfoqvcabomjerkquwnbi/Build/Intermediates.noindex/Firebase.build/Debug-watchsimulator/FirebaseInstallations.build/Objects-normal/x86_64/e6072d4f65d7061329687fe24e3d63a7-common-args.resp
    
    /Applications/Xcode.app/Contents/Developer/Toolchains/XcodeDefault.xctoolchain/usr/bin/clang -x objective-c -ivfsstatcache /Users/jordantranchina/Library/Developer/Xcode/DerivedData/SDKStatCaches.noindex/watchsimulator26.2-23S303-963ebdd26732d23a23bcca82c2045e26.sdkstatcache -fmessage-length\=0 -fdiagnostics-show-note-include-stack -fmacro-backtrace-limit\=0 -fno-color-diagnostics -fmodules-prune-interval\=86400 -fmodules-prune-after\=345600 -fbuild-session-file\=/Users/jordantranchina/Library/Developer/Xcode/DerivedData/ModuleCache.noindex/Session.modulevalidation -fmodules-validate-once-per-build-session -Wnon-modular-include-in-framework-module -Werror\=non-modular-include-in-framework-module -Wno-trigraphs -Wno-missing-field-initializers -Wno-missing-prototypes -Wno-return-type -Wno-implicit-atomic-properties -Wno-objc-interface-ivars -Wno-arc-repeated-use-of-weak -Wno-missing-braces -Wparentheses -Wswitch -Wno-unused-function -Wno-unused-label -Wno-unused-parameter -Wno-unused-variable -Wunused-value -Wno-empty-body -Wno-uninitialized -Wno-unknown-pragmas -w -Wno-shadow -Wno-four-char-constants -Wno-conversion -Wno-constant-conversion -Wno-int-conversion -Wno-bool-conversion -Wno-enum-conversion -Wno-float-conversion -Wno-non-literal-null-conversion -Wno-objc-literal-conversion -Wshorten-64-to-32 -Wpointer-sign -Wno-newline-eof -Wno-selector -Wno-strict-selector-match -Wno-undeclared-selector -Wno-deprecated-implementations -Wno-implicit-fallthrough -fstrict-aliasing -Wprotocol -Wdeprecated-declarations -Wno-sign-conversion -Wno-infinite-recursion -Wno-comma -Wno-block-capture-autoreleasing -Wno-strict-prototypes -Wno-semicolon-before-method-body -index-store-path /Users/jordantranchina/Library/Developer/Xcode/DerivedData/GroceryWatch-cjpxcfkltfoqvcabomjerkquwnbi/Index.noindex/DataStore @/Users/jordantranchina/Library/Developer/Xcode/DerivedData/GroceryWatch-cjpxcfkltfoqvcabomjerkquwnbi/Build/Intermediates.noindex/Firebase.build/Debug-watchsimulator/FirebaseInstallations.build/Objects-normal/x86_64/e6072d4f65d7061329687fe24e3d63a7-common-args.resp -include /Users/jordantranchina/Library/Developer/Xcode/DerivedData/GroceryWatch-cjpxcfkltfoqvcabomjerkquwnbi/Build/Intermediates.noindex/Firebase.build/Debug-watchsimulator/FirebaseInstallations.build/DerivedSources/resource_bundle_accessor.h -MMD -MT dependencies -MF /Users/jordantranchina/Library/Developer/Xcode/DerivedData/GroceryWatch-cjpxcfkltfoqvcabomjerkquwnbi/Build/Intermediates.noindex/Firebase.build/Debug-watchsimulator/FirebaseInstallations.build/Objects-normal/x86_64/FIRInstallationsStore.d --serialize-diagnostics /Users/jordantranchina/Library/Developer/Xcode/DerivedData/GroceryWatch-cjpxcfkltfoqvcabomjerkquwnbi/Build/Intermediates.noindex/Firebase.build/Debug-watchsimulator/FirebaseInstallations.build/Objects-normal/x86_64/FIRInstallationsStore.dia -c /Users/jordantranchina/Library/Developer/Xcode/DerivedData/GroceryWatch-cjpxcfkltfoqvcabomjerkquwnbi/SourcePackages/checkouts/firebase-ios-sdk/FirebaseInstallations/Source/Library/InstallationsStore/FIRInstallationsStore.m -o /Users/jordantranchina/Library/Developer/Xcode/DerivedData/GroceryWatch-cjpxcfkltfoqvcabomjerkquwnbi/Build/Intermediates.noindex/Firebase.build/Debug-watchsimulator/FirebaseInstallations.build/Objects-normal/x86_64/FIRInstallationsStore.o -index-unit-output-path /Firebase.build/Debug-watchsimulator/FirebaseInstallations.build/Objects-normal/x86_64/FIRInstallationsStore.o

CompileC /Users/jordantranchina/Library/Developer/Xcode/DerivedData/GroceryWatch-cjpxcfkltfoqvcabomjerkquwnbi/Build/Intermediates.noindex/Firebase.build/Debug-watchsimulator/FirebaseInstallations.build/Objects-normal/x86_64/FIRInstallationsStoredItem.o /Users/jordantranchina/Library/Developer/Xcode/DerivedData/GroceryWatch-cjpxcfkltfoqvcabomjerkquwnbi/SourcePackages/checkouts/firebase-ios-sdk/FirebaseInstallations/Source/Library/InstallationsStore/FIRInstallationsStoredItem.m normal x86_64 objective-c com.apple.compilers.llvm.clang.1_0.compiler (in target 'FirebaseInstallations' from project 'Firebase')
    cd /Users/jordantranchina/workspace/GroceryCheckList/ios/GroceryWatch/GroceryWatch.xcodeproj
    
    Using response file: /Users/jordantranchina/Library/Developer/Xcode/DerivedData/GroceryWatch-cjpxcfkltfoqvcabomjerkquwnbi/Build/Intermediates.noindex/Firebase.build/Debug-watchsimulator/FirebaseInstallations.build/Objects-normal/x86_64/e6072d4f65d7061329687fe24e3d63a7-common-args.resp
    
    /Applications/Xcode.app/Contents/Developer/Toolchains/XcodeDefault.xctoolchain/usr/bin/clang -x objective-c -ivfsstatcache /Users/jordantranchina/Library/Developer/Xcode/DerivedData/SDKStatCaches.noindex/watchsimulator26.2-23S303-963ebdd26732d23a23bcca82c2045e26.sdkstatcache -fmessage-length\=0 -fdiagnostics-show-note-include-stack -fmacro-backtrace-limit\=0 -fno-color-diagnostics -fmodules-prune-interval\=86400 -fmodules-prune-after\=345600 -fbuild-session-file\=/Users/jordantranchina/Library/Developer/Xcode/DerivedData/ModuleCache.noindex/Session.modulevalidation -fmodules-validate-once-per-build-session -Wnon-modular-include-in-framework-module -Werror\=non-modular-include-in-framework-module -Wno-trigraphs -Wno-missing-field-initializers -Wno-missing-prototypes -Wno-return-type -Wno-implicit-atomic-properties -Wno-objc-interface-ivars -Wno-arc-repeated-use-of-weak -Wno-missing-braces -Wparentheses -Wswitch -Wno-unused-function -Wno-unused-label -Wno-unused-parameter -Wno-unused-variable -Wunused-value -Wno-empty-body -Wno-uninitialized -Wno-unknown-pragmas -w -Wno-shadow -Wno-four-char-constants -Wno-conversion -Wno-constant-conversion -Wno-int-conversion -Wno-bool-conversion -Wno-enum-conversion -Wno-float-conversion -Wno-non-literal-null-conversion -Wno-objc-literal-conversion -Wshorten-64-to-32 -Wpointer-sign -Wno-newline-eof -Wno-selector -Wno-strict-selector-match -Wno-undeclared-selector -Wno-deprecated-implementations -Wno-implicit-fallthrough -fstrict-aliasing -Wprotocol -Wdeprecated-declarations -Wno-sign-conversion -Wno-infinite-recursion -Wno-comma -Wno-block-capture-autoreleasing -Wno-strict-prototypes -Wno-semicolon-before-method-body -index-store-path /Users/jordantranchina/Library/Developer/Xcode/DerivedData/GroceryWatch-cjpxcfkltfoqvcabomjerkquwnbi/Index.noindex/DataStore @/Users/jordantranchina/Library/Developer/Xcode/DerivedData/GroceryWatch-cjpxcfkltfoqvcabomjerkquwnbi/Build/Intermediates.noindex/Firebase.build/Debug-watchsimulator/FirebaseInstallations.build/Objects-normal/x86_64/e6072d4f65d7061329687fe24e3d63a7-common-args.resp -include /Users/jordantranchina/Library/Developer/Xcode/DerivedData/GroceryWatch-cjpxcfkltfoqvcabomjerkquwnbi/Build/Intermediates.noindex/Firebase.build/Debug-watchsimulator/FirebaseInstallations.build/DerivedSources/resource_bundle_accessor.h -MMD -MT dependencies -MF /Users/jordantranchina/Library/Developer/Xcode/DerivedData/GroceryWatch-cjpxcfkltfoqvcabomjerkquwnbi/Build/Intermediates.noindex/Firebase.build/Debug-watchsimulator/FirebaseInstallations.build/Objects-normal/x86_64/FIRInstallationsStoredItem.d --serialize-diagnostics /Users/jordantranchina/Library/Developer/Xcode/DerivedData/GroceryWatch-cjpxcfkltfoqvcabomjerkquwnbi/Build/Intermediates.noindex/Firebase.build/Debug-watchsimulator/FirebaseInstallations.build/Objects-normal/x86_64/FIRInstallationsStoredItem.dia -c /Users/jordantranchina/Library/Developer/Xcode/DerivedData/GroceryWatch-cjpxcfkltfoqvcabomjerkquwnbi/SourcePackages/checkouts/firebase-ios-sdk/FirebaseInstallations/Source/Library/InstallationsStore/FIRInstallationsStoredItem.m -o /Users/jordantranchina/Library/Developer/Xcode/DerivedData/GroceryWatch-cjpxcfkltfoqvcabomjerkquwnbi/Build/Intermediates.noindex/Firebase.build/Debug-watchsimulator/FirebaseInstallations.build/Objects-normal/x86_64/FIRInstallationsStoredItem.o -index-unit-output-path /Firebase.build/Debug-watchsimulator/FirebaseInstallations.build/Objects-normal/x86_64/FIRInstallationsStoredItem.o

CompileC /Users/jordantranchina/Library/Developer/Xcode/DerivedData/GroceryWatch-cjpxcfkltfoqvcabomjerkquwnbi/Build/Intermediates.noindex/Firebase.build/Debug-watchsimulator/FirebaseInstallations.build/Objects-normal/x86_64/FIRInstallationsSingleOperationPromiseCache.o /Users/jordantranchina/Library/Developer/Xcode/DerivedData/GroceryWatch-cjpxcfkltfoqvcabomjerkquwnbi/SourcePackages/checkouts/firebase-ios-sdk/FirebaseInstallations/Source/Library/InstallationsIDController/FIRInstallationsSingleOperationPromiseCache.m normal x86_64 objective-c com.apple.compilers.llvm.clang.1_0.compiler (in target 'FirebaseInstallations' from project 'Firebase')
    cd /Users/jordantranchina/workspace/GroceryCheckList/ios/GroceryWatch/GroceryWatch.xcodeproj
    
    Using response file: /Users/jordantranchina/Library/Developer/Xcode/DerivedData/GroceryWatch-cjpxcfkltfoqvcabomjerkquwnbi/Build/Intermediates.noindex/Firebase.build/Debug-watchsimulator/FirebaseInstallations.build/Objects-normal/x86_64/e6072d4f65d7061329687fe24e3d63a7-common-args.resp
    
    /Applications/Xcode.app/Contents/Developer/Toolchains/XcodeDefault.xctoolchain/usr/bin/clang -x objective-c -ivfsstatcache /Users/jordantranchina/Library/Developer/Xcode/DerivedData/SDKStatCaches.noindex/watchsimulator26.2-23S303-963ebdd26732d23a23bcca82c2045e26.sdkstatcache -fmessage-length\=0 -fdiagnostics-show-note-include-stack -fmacro-backtrace-limit\=0 -fno-color-diagnostics -fmodules-prune-interval\=86400 -fmodules-prune-after\=345600 -fbuild-session-file\=/Users/jordantranchina/Library/Developer/Xcode/DerivedData/ModuleCache.noindex/Session.modulevalidation -fmodules-validate-once-per-build-session -Wnon-modular-include-in-framework-module -Werror\=non-modular-include-in-framework-module -Wno-trigraphs -Wno-missing-field-initializers -Wno-missing-prototypes -Wno-return-type -Wno-implicit-atomic-properties -Wno-objc-interface-ivars -Wno-arc-repeated-use-of-weak -Wno-missing-braces -Wparentheses -Wswitch -Wno-unused-function -Wno-unused-label -Wno-unused-parameter -Wno-unused-variable -Wunused-value -Wno-empty-body -Wno-uninitialized -Wno-unknown-pragmas -w -Wno-shadow -Wno-four-char-constants -Wno-conversion -Wno-constant-conversion -Wno-int-conversion -Wno-bool-conversion -Wno-enum-conversion -Wno-float-conversion -Wno-non-literal-null-conversion -Wno-objc-literal-conversion -Wshorten-64-to-32 -Wpointer-sign -Wno-newline-eof -Wno-selector -Wno-strict-selector-match -Wno-undeclared-selector -Wno-deprecated-implementations -Wno-implicit-fallthrough -fstrict-aliasing -Wprotocol -Wdeprecated-declarations -Wno-sign-conversion -Wno-infinite-recursion -Wno-comma -Wno-block-capture-autoreleasing -Wno-strict-prototypes -Wno-semicolon-before-method-body -index-store-path /Users/jordantranchina/Library/Developer/Xcode/DerivedData/GroceryWatch-cjpxcfkltfoqvcabomjerkquwnbi/Index.noindex/DataStore @/Users/jordantranchina/Library/Developer/Xcode/DerivedData/GroceryWatch-cjpxcfkltfoqvcabomjerkquwnbi/Build/Intermediates.noindex/Firebase.build/Debug-watchsimulator/FirebaseInstallations.build/Objects-normal/x86_64/e6072d4f65d7061329687fe24e3d63a7-common-args.resp -include /Users/jordantranchina/Library/Developer/Xcode/DerivedData/GroceryWatch-cjpxcfkltfoqvcabomjerkquwnbi/Build/Intermediates.noindex/Firebase.build/Debug-watchsimulator/FirebaseInstallations.build/DerivedSources/resource_bundle_accessor.h -MMD -MT dependencies -MF /Users/jordantranchina/Library/Developer/Xcode/DerivedData/GroceryWatch-cjpxcfkltfoqvcabomjerkquwnbi/Build/Intermediates.noindex/Firebase.build/Debug-watchsimulator/FirebaseInstallations.build/Objects-normal/x86_64/FIRInstallationsSingleOperationPromiseCache.d --serialize-diagnostics /Users/jordantranchina/Library/Developer/Xcode/DerivedData/GroceryWatch-cjpxcfkltfoqvcabomjerkquwnbi/Build/Intermediates.noindex/Firebase.build/Debug-watchsimulator/FirebaseInstallations.build/Objects-normal/x86_64/FIRInstallationsSingleOperationPromiseCache.dia -c /Users/jordantranchina/Library/Developer/Xcode/DerivedData/GroceryWatch-cjpxcfkltfoqvcabomjerkquwnbi/SourcePackages/checkouts/firebase-ios-sdk/FirebaseInstallations/Source/Library/InstallationsIDController/FIRInstallationsSingleOperationPromiseCache.m -o /Users/jordantranchina/Library/Developer/Xcode/DerivedData/GroceryWatch-cjpxcfkltfoqvcabomjerkquwnbi/Build/Intermediates.noindex/Firebase.build/Debug-watchsimulator/FirebaseInstallations.build/Objects-normal/x86_64/FIRInstallationsSingleOperationPromiseCache.o -index-unit-output-path /Firebase.build/Debug-watchsimulator/FirebaseInstallations.build/Objects-normal/x86_64/FIRInstallationsSingleOperationPromiseCache.o

CompileC /Users/jordantranchina/Library/Developer/Xcode/DerivedData/GroceryWatch-cjpxcfkltfoqvcabomjerkquwnbi/Build/Intermediates.noindex/Firebase.build/Debug-watchsimulator/FirebaseInstallations.build/Objects-normal/x86_64/FIRInstallationsIIDTokenStore.o /Users/jordantranchina/Library/Developer/Xcode/DerivedData/GroceryWatch-cjpxcfkltfoqvcabomjerkquwnbi/SourcePackages/checkouts/firebase-ios-sdk/FirebaseInstallations/Source/Library/IIDMigration/FIRInstallationsIIDTokenStore.m normal x86_64 objective-c com.apple.compilers.llvm.clang.1_0.compiler (in target 'FirebaseInstallations' from project 'Firebase')
    cd /Users/jordantranchina/workspace/GroceryCheckList/ios/GroceryWatch/GroceryWatch.xcodeproj
    
    Using response file: /Users/jordantranchina/Library/Developer/Xcode/DerivedData/GroceryWatch-cjpxcfkltfoqvcabomjerkquwnbi/Build/Intermediates.noindex/Firebase.build/Debug-watchsimulator/FirebaseInstallations.build/Objects-normal/x86_64/e6072d4f65d7061329687fe24e3d63a7-common-args.resp
    
    /Applications/Xcode.app/Contents/Developer/Toolchains/XcodeDefault.xctoolchain/usr/bin/clang -x objective-c -ivfsstatcache /Users/jordantranchina/Library/Developer/Xcode/DerivedData/SDKStatCaches.noindex/watchsimulator26.2-23S303-963ebdd26732d23a23bcca82c2045e26.sdkstatcache -fmessage-length\=0 -fdiagnostics-show-note-include-stack -fmacro-backtrace-limit\=0 -fno-color-diagnostics -fmodules-prune-interval\=86400 -fmodules-prune-after\=345600 -fbuild-session-file\=/Users/jordantranchina/Library/Developer/Xcode/DerivedData/ModuleCache.noindex/Session.modulevalidation -fmodules-validate-once-per-build-session -Wnon-modular-include-in-framework-module -Werror\=non-modular-include-in-framework-module -Wno-trigraphs -Wno-missing-field-initializers -Wno-missing-prototypes -Wno-return-type -Wno-implicit-atomic-properties -Wno-objc-interface-ivars -Wno-arc-repeated-use-of-weak -Wno-missing-braces -Wparentheses -Wswitch -Wno-unused-function -Wno-unused-label -Wno-unused-parameter -Wno-unused-variable -Wunused-value -Wno-empty-body -Wno-uninitialized -Wno-unknown-pragmas -w -Wno-shadow -Wno-four-char-constants -Wno-conversion -Wno-constant-conversion -Wno-int-conversion -Wno-bool-conversion -Wno-enum-conversion -Wno-float-conversion -Wno-non-literal-null-conversion -Wno-objc-literal-conversion -Wshorten-64-to-32 -Wpointer-sign -Wno-newline-eof -Wno-selector -Wno-strict-selector-match -Wno-undeclared-selector -Wno-deprecated-implementations -Wno-implicit-fallthrough -fstrict-aliasing -Wprotocol -Wdeprecated-declarations -Wno-sign-conversion -Wno-infinite-recursion -Wno-comma -Wno-block-capture-autoreleasing -Wno-strict-prototypes -Wno-semicolon-before-method-body -index-store-path /Users/jordantranchina/Library/Developer/Xcode/DerivedData/GroceryWatch-cjpxcfkltfoqvcabomjerkquwnbi/Index.noindex/DataStore @/Users/jordantranchina/Library/Developer/Xcode/DerivedData/GroceryWatch-cjpxcfkltfoqvcabomjerkquwnbi/Build/Intermediates.noindex/Firebase.build/Debug-watchsimulator/FirebaseInstallations.build/Objects-normal/x86_64/e6072d4f65d7061329687fe24e3d63a7-common-args.resp -include /Users/jordantranchina/Library/Developer/Xcode/DerivedData/GroceryWatch-cjpxcfkltfoqvcabomjerkquwnbi/Build/Intermediates.noindex/Firebase.build/Debug-watchsimulator/FirebaseInstallations.build/DerivedSources/resource_bundle_accessor.h -MMD -MT dependencies -MF /Users/jordantranchina/Library/Developer/Xcode/DerivedData/GroceryWatch-cjpxcfkltfoqvcabomjerkquwnbi/Build/Intermediates.noindex/Firebase.build/Debug-watchsimulator/FirebaseInstallations.build/Objects-normal/x86_64/FIRInstallationsIIDTokenStore.d --serialize-diagnostics /Users/jordantranchina/Library/Developer/Xcode/DerivedData/GroceryWatch-cjpxcfkltfoqvcabomjerkquwnbi/Build/Intermediates.noindex/Firebase.build/Debug-watchsimulator/FirebaseInstallations.build/Objects-normal/x86_64/FIRInstallationsIIDTokenStore.dia -c /Users/jordantranchina/Library/Developer/Xcode/DerivedData/GroceryWatch-cjpxcfkltfoqvcabomjerkquwnbi/SourcePackages/checkouts/firebase-ios-sdk/FirebaseInstallations/Source/Library/IIDMigration/FIRInstallationsIIDTokenStore.m -o /Users/jordantranchina/Library/Developer/Xcode/DerivedData/GroceryWatch-cjpxcfkltfoqvcabomjerkquwnbi/Build/Intermediates.noindex/Firebase.build/Debug-watchsimulator/FirebaseInstallations.build/Objects-normal/x86_64/FIRInstallationsIIDTokenStore.o -index-unit-output-path /Firebase.build/Debug-watchsimulator/FirebaseInstallations.build/Objects-normal/x86_64/FIRInstallationsIIDTokenStore.o

CompileC /Users/jordantranchina/Library/Developer/Xcode/DerivedData/GroceryWatch-cjpxcfkltfoqvcabomjerkquwnbi/Build/Intermediates.noindex/Firebase.build/Debug-watchsimulator/FirebaseInstallations.build/Objects-normal/x86_64/FIRInstallationsLogger.o /Users/jordantranchina/Library/Developer/Xcode/DerivedData/GroceryWatch-cjpxcfkltfoqvcabomjerkquwnbi/SourcePackages/checkouts/firebase-ios-sdk/FirebaseInstallations/Source/Library/FIRInstallationsLogger.m normal x86_64 objective-c com.apple.compilers.llvm.clang.1_0.compiler (in target 'FirebaseInstallations' from project 'Firebase')
    cd /Users/jordantranchina/workspace/GroceryCheckList/ios/GroceryWatch/GroceryWatch.xcodeproj
    
    Using response file: /Users/jordantranchina/Library/Developer/Xcode/DerivedData/GroceryWatch-cjpxcfkltfoqvcabomjerkquwnbi/Build/Intermediates.noindex/Firebase.build/Debug-watchsimulator/FirebaseInstallations.build/Objects-normal/x86_64/e6072d4f65d7061329687fe24e3d63a7-common-args.resp
    
    /Applications/Xcode.app/Contents/Developer/Toolchains/XcodeDefault.xctoolchain/usr/bin/clang -x objective-c -ivfsstatcache /Users/jordantranchina/Library/Developer/Xcode/DerivedData/SDKStatCaches.noindex/watchsimulator26.2-23S303-963ebdd26732d23a23bcca82c2045e26.sdkstatcache -fmessage-length\=0 -fdiagnostics-show-note-include-stack -fmacro-backtrace-limit\=0 -fno-color-diagnostics -fmodules-prune-interval\=86400 -fmodules-prune-after\=345600 -fbuild-session-file\=/Users/jordantranchina/Library/Developer/Xcode/DerivedData/ModuleCache.noindex/Session.modulevalidation -fmodules-validate-once-per-build-session -Wnon-modular-include-in-framework-module -Werror\=non-modular-include-in-framework-module -Wno-trigraphs -Wno-missing-field-initializers -Wno-missing-prototypes -Wno-return-type -Wno-implicit-atomic-properties -Wno-objc-interface-ivars -Wno-arc-repeated-use-of-weak -Wno-missing-braces -Wparentheses -Wswitch -Wno-unused-function -Wno-unused-label -Wno-unused-parameter -Wno-unused-variable -Wunused-value -Wno-empty-body -Wno-uninitialized -Wno-unknown-pragmas -w -Wno-shadow -Wno-four-char-constants -Wno-conversion -Wno-constant-conversion -Wno-int-conversion -Wno-bool-conversion -Wno-enum-conversion -Wno-float-conversion -Wno-non-literal-null-conversion -Wno-objc-literal-conversion -Wshorten-64-to-32 -Wpointer-sign -Wno-newline-eof -Wno-selector -Wno-strict-selector-match -Wno-undeclared-selector -Wno-deprecated-implementations -Wno-implicit-fallthrough -fstrict-aliasing -Wprotocol -Wdeprecated-declarations -Wno-sign-conversion -Wno-infinite-recursion -Wno-comma -Wno-block-capture-autoreleasing -Wno-strict-prototypes -Wno-semicolon-before-method-body -index-store-path /Users/jordantranchina/Library/Developer/Xcode/DerivedData/GroceryWatch-cjpxcfkltfoqvcabomjerkquwnbi/Index.noindex/DataStore @/Users/jordantranchina/Library/Developer/Xcode/DerivedData/GroceryWatch-cjpxcfkltfoqvcabomjerkquwnbi/Build/Intermediates.noindex/Firebase.build/Debug-watchsimulator/FirebaseInstallations.build/Objects-normal/x86_64/e6072d4f65d7061329687fe24e3d63a7-common-args.resp -include /Users/jordantranchina/Library/Developer/Xcode/DerivedData/GroceryWatch-cjpxcfkltfoqvcabomjerkquwnbi/Build/Intermediates.noindex/Firebase.build/Debug-watchsimulator/FirebaseInstallations.build/DerivedSources/resource_bundle_accessor.h -MMD -MT dependencies -MF /Users/jordantranchina/Library/Developer/Xcode/DerivedData/GroceryWatch-cjpxcfkltfoqvcabomjerkquwnbi/Build/Intermediates.noindex/Firebase.build/Debug-watchsimulator/FirebaseInstallations.build/Objects-normal/x86_64/FIRInstallationsLogger.d --serialize-diagnostics /Users/jordantranchina/Library/Developer/Xcode/DerivedData/GroceryWatch-cjpxcfkltfoqvcabomjerkquwnbi/Build/Intermediates.noindex/Firebase.build/Debug-watchsimulator/FirebaseInstallations.build/Objects-normal/x86_64/FIRInstallationsLogger.dia -c /Users/jordantranchina/Library/Developer/Xcode/DerivedData/GroceryWatch-cjpxcfkltfoqvcabomjerkquwnbi/SourcePackages/checkouts/firebase-ios-sdk/FirebaseInstallations/Source/Library/FIRInstallationsLogger.m -o /Users/jordantranchina/Library/Developer/Xcode/DerivedData/GroceryWatch-cjpxcfkltfoqvcabomjerkquwnbi/Build/Intermediates.noindex/Firebase.build/Debug-watchsimulator/FirebaseInstallations.build/Objects-normal/x86_64/FIRInstallationsLogger.o -index-unit-output-path /Firebase.build/Debug-watchsimulator/FirebaseInstallations.build/Objects-normal/x86_64/FIRInstallationsLogger.o

CompileC /Users/jordantranchina/Library/Developer/Xcode/DerivedData/GroceryWatch-cjpxcfkltfoqvcabomjerkquwnbi/Build/Intermediates.noindex/Firebase.build/Debug-watchsimulator/FirebaseInstallations.build/Objects-normal/x86_64/FIRInstallationsIIDStore.o /Users/jordantranchina/Library/Developer/Xcode/DerivedData/GroceryWatch-cjpxcfkltfoqvcabomjerkquwnbi/SourcePackages/checkouts/firebase-ios-sdk/FirebaseInstallations/Source/Library/IIDMigration/FIRInstallationsIIDStore.m normal x86_64 objective-c com.apple.compilers.llvm.clang.1_0.compiler (in target 'FirebaseInstallations' from project 'Firebase')
    cd /Users/jordantranchina/workspace/GroceryCheckList/ios/GroceryWatch/GroceryWatch.xcodeproj
    
    Using response file: /Users/jordantranchina/Library/Developer/Xcode/DerivedData/GroceryWatch-cjpxcfkltfoqvcabomjerkquwnbi/Build/Intermediates.noindex/Firebase.build/Debug-watchsimulator/FirebaseInstallations.build/Objects-normal/x86_64/e6072d4f65d7061329687fe24e3d63a7-common-args.resp
    
    /Applications/Xcode.app/Contents/Developer/Toolchains/XcodeDefault.xctoolchain/usr/bin/clang -x objective-c -ivfsstatcache /Users/jordantranchina/Library/Developer/Xcode/DerivedData/SDKStatCaches.noindex/watchsimulator26.2-23S303-963ebdd26732d23a23bcca82c2045e26.sdkstatcache -fmessage-length\=0 -fdiagnostics-show-note-include-stack -fmacro-backtrace-limit\=0 -fno-color-diagnostics -fmodules-prune-interval\=86400 -fmodules-prune-after\=345600 -fbuild-session-file\=/Users/jordantranchina/Library/Developer/Xcode/DerivedData/ModuleCache.noindex/Session.modulevalidation -fmodules-validate-once-per-build-session -Wnon-modular-include-in-framework-module -Werror\=non-modular-include-in-framework-module -Wno-trigraphs -Wno-missing-field-initializers -Wno-missing-prototypes -Wno-return-type -Wno-implicit-atomic-properties -Wno-objc-interface-ivars -Wno-arc-repeated-use-of-weak -Wno-missing-braces -Wparentheses -Wswitch -Wno-unused-function -Wno-unused-label -Wno-unused-parameter -Wno-unused-variable -Wunused-value -Wno-empty-body -Wno-uninitialized -Wno-unknown-pragmas -w -Wno-shadow -Wno-four-char-constants -Wno-conversion -Wno-constant-conversion -Wno-int-conversion -Wno-bool-conversion -Wno-enum-conversion -Wno-float-conversion -Wno-non-literal-null-conversion -Wno-objc-literal-conversion -Wshorten-64-to-32 -Wpointer-sign -Wno-newline-eof -Wno-selector -Wno-strict-selector-match -Wno-undeclared-selector -Wno-deprecated-implementations -Wno-implicit-fallthrough -fstrict-aliasing -Wprotocol -Wdeprecated-declarations -Wno-sign-conversion -Wno-infinite-recursion -Wno-comma -Wno-block-capture-autoreleasing -Wno-strict-prototypes -Wno-semicolon-before-method-body -index-store-path /Users/jordantranchina/Library/Developer/Xcode/DerivedData/GroceryWatch-cjpxcfkltfoqvcabomjerkquwnbi/Index.noindex/DataStore @/Users/jordantranchina/Library/Developer/Xcode/DerivedData/GroceryWatch-cjpxcfkltfoqvcabomjerkquwnbi/Build/Intermediates.noindex/Firebase.build/Debug-watchsimulator/FirebaseInstallations.build/Objects-normal/x86_64/e6072d4f65d7061329687fe24e3d63a7-common-args.resp -include /Users/jordantranchina/Library/Developer/Xcode/DerivedData/GroceryWatch-cjpxcfkltfoqvcabomjerkquwnbi/Build/Intermediates.noindex/Firebase.build/Debug-watchsimulator/FirebaseInstallations.build/DerivedSources/resource_bundle_accessor.h -MMD -MT dependencies -MF /Users/jordantranchina/Library/Developer/Xcode/DerivedData/GroceryWatch-cjpxcfkltfoqvcabomjerkquwnbi/Build/Intermediates.noindex/Firebase.build/Debug-watchsimulator/FirebaseInstallations.build/Objects-normal/x86_64/FIRInstallationsIIDStore.d --serialize-diagnostics /Users/jordantranchina/Library/Developer/Xcode/DerivedData/GroceryWatch-cjpxcfkltfoqvcabomjerkquwnbi/Build/Intermediates.noindex/Firebase.build/Debug-watchsimulator/FirebaseInstallations.build/Objects-normal/x86_64/FIRInstallationsIIDStore.dia -c /Users/jordantranchina/Library/Developer/Xcode/DerivedData/GroceryWatch-cjpxcfkltfoqvcabomjerkquwnbi/SourcePackages/checkouts/firebase-ios-sdk/FirebaseInstallations/Source/Library/IIDMigration/FIRInstallationsIIDStore.m -o /Users/jordantranchina/Library/Developer/Xcode/DerivedData/GroceryWatch-cjpxcfkltfoqvcabomjerkquwnbi/Build/Intermediates.noindex/Firebase.build/Debug-watchsimulator/FirebaseInstallations.build/Objects-normal/x86_64/FIRInstallationsIIDStore.o -index-unit-output-path /Firebase.build/Debug-watchsimulator/FirebaseInstallations.build/Objects-normal/x86_64/FIRInstallationsIIDStore.o

CompileC /Users/jordantranchina/Library/Developer/Xcode/DerivedData/GroceryWatch-cjpxcfkltfoqvcabomjerkquwnbi/Build/Intermediates.noindex/Firebase.build/Debug-watchsimulator/FirebaseInstallations.build/Objects-normal/x86_64/FIRInstallationsErrorUtil.o /Users/jordantranchina/Library/Developer/Xcode/DerivedData/GroceryWatch-cjpxcfkltfoqvcabomjerkquwnbi/SourcePackages/checkouts/firebase-ios-sdk/FirebaseInstallations/Source/Library/Errors/FIRInstallationsErrorUtil.m normal x86_64 objective-c com.apple.compilers.llvm.clang.1_0.compiler (in target 'FirebaseInstallations' from project 'Firebase')
    cd /Users/jordantranchina/workspace/GroceryCheckList/ios/GroceryWatch/GroceryWatch.xcodeproj
    
    Using response file: /Users/jordantranchina/Library/Developer/Xcode/DerivedData/GroceryWatch-cjpxcfkltfoqvcabomjerkquwnbi/Build/Intermediates.noindex/Firebase.build/Debug-watchsimulator/FirebaseInstallations.build/Objects-normal/x86_64/e6072d4f65d7061329687fe24e3d63a7-common-args.resp
    
    /Applications/Xcode.app/Contents/Developer/Toolchains/XcodeDefault.xctoolchain/usr/bin/clang -x objective-c -ivfsstatcache /Users/jordantranchina/Library/Developer/Xcode/DerivedData/SDKStatCaches.noindex/watchsimulator26.2-23S303-963ebdd26732d23a23bcca82c2045e26.sdkstatcache -fmessage-length\=0 -fdiagnostics-show-note-include-stack -fmacro-backtrace-limit\=0 -fno-color-diagnostics -fmodules-prune-interval\=86400 -fmodules-prune-after\=345600 -fbuild-session-file\=/Users/jordantranchina/Library/Developer/Xcode/DerivedData/ModuleCache.noindex/Session.modulevalidation -fmodules-validate-once-per-build-session -Wnon-modular-include-in-framework-module -Werror\=non-modular-include-in-framework-module -Wno-trigraphs -Wno-missing-field-initializers -Wno-missing-prototypes -Wno-return-type -Wno-implicit-atomic-properties -Wno-objc-interface-ivars -Wno-arc-repeated-use-of-weak -Wno-missing-braces -Wparentheses -Wswitch -Wno-unused-function -Wno-unused-label -Wno-unused-parameter -Wno-unused-variable -Wunused-value -Wno-empty-body -Wno-uninitialized -Wno-unknown-pragmas -w -Wno-shadow -Wno-four-char-constants -Wno-conversion -Wno-constant-conversion -Wno-int-conversion -Wno-bool-conversion -Wno-enum-conversion -Wno-float-conversion -Wno-non-literal-null-conversion -Wno-objc-literal-conversion -Wshorten-64-to-32 -Wpointer-sign -Wno-newline-eof -Wno-selector -Wno-strict-selector-match -Wno-undeclared-selector -Wno-deprecated-implementations -Wno-implicit-fallthrough -fstrict-aliasing -Wprotocol -Wdeprecated-declarations -Wno-sign-conversion -Wno-infinite-recursion -Wno-comma -Wno-block-capture-autoreleasing -Wno-strict-prototypes -Wno-semicolon-before-method-body -index-store-path /Users/jordantranchina/Library/Developer/Xcode/DerivedData/GroceryWatch-cjpxcfkltfoqvcabomjerkquwnbi/Index.noindex/DataStore @/Users/jordantranchina/Library/Developer/Xcode/DerivedData/GroceryWatch-cjpxcfkltfoqvcabomjerkquwnbi/Build/Intermediates.noindex/Firebase.build/Debug-watchsimulator/FirebaseInstallations.build/Objects-normal/x86_64/e6072d4f65d7061329687fe24e3d63a7-common-args.resp -include /Users/jordantranchina/Library/Developer/Xcode/DerivedData/GroceryWatch-cjpxcfkltfoqvcabomjerkquwnbi/Build/Intermediates.noindex/Firebase.build/Debug-watchsimulator/FirebaseInstallations.build/DerivedSources/resource_bundle_accessor.h -MMD -MT dependencies -MF /Users/jordantranchina/Library/Developer/Xcode/DerivedData/GroceryWatch-cjpxcfkltfoqvcabomjerkquwnbi/Build/Intermediates.noindex/Firebase.build/Debug-watchsimulator/FirebaseInstallations.build/Objects-normal/x86_64/FIRInstallationsErrorUtil.d --serialize-diagnostics /Users/jordantranchina/Library/Developer/Xcode/DerivedData/GroceryWatch-cjpxcfkltfoqvcabomjerkquwnbi/Build/Intermediates.noindex/Firebase.build/Debug-watchsimulator/FirebaseInstallations.build/Objects-normal/x86_64/FIRInstallationsErrorUtil.dia -c /Users/jordantranchina/Library/Developer/Xcode/DerivedData/GroceryWatch-cjpxcfkltfoqvcabomjerkquwnbi/SourcePackages/checkouts/firebase-ios-sdk/FirebaseInstallations/Source/Library/Errors/FIRInstallationsErrorUtil.m -o /Users/jordantranchina/Library/Developer/Xcode/DerivedData/GroceryWatch-cjpxcfkltfoqvcabomjerkquwnbi/Build/Intermediates.noindex/Firebase.build/Debug-watchsimulator/FirebaseInstallations.build/Objects-normal/x86_64/FIRInstallationsErrorUtil.o -index-unit-output-path /Firebase.build/Debug-watchsimulator/FirebaseInstallations.build/Objects-normal/x86_64/FIRInstallationsErrorUtil.o

CompileC /Users/jordantranchina/Library/Developer/Xcode/DerivedData/GroceryWatch-cjpxcfkltfoqvcabomjerkquwnbi/Build/Intermediates.noindex/Firebase.build/Debug-watchsimulator/FirebaseInstallations.build/Objects-normal/x86_64/FIRInstallationsIDController.o /Users/jordantranchina/Library/Developer/Xcode/DerivedData/GroceryWatch-cjpxcfkltfoqvcabomjerkquwnbi/SourcePackages/checkouts/firebase-ios-sdk/FirebaseInstallations/Source/Library/InstallationsIDController/FIRInstallationsIDController.m normal x86_64 objective-c com.apple.compilers.llvm.clang.1_0.compiler (in target 'FirebaseInstallations' from project 'Firebase')
    cd /Users/jordantranchina/workspace/GroceryCheckList/ios/GroceryWatch/GroceryWatch.xcodeproj
    
    Using response file: /Users/jordantranchina/Library/Developer/Xcode/DerivedData/GroceryWatch-cjpxcfkltfoqvcabomjerkquwnbi/Build/Intermediates.noindex/Firebase.build/Debug-watchsimulator/FirebaseInstallations.build/Objects-normal/x86_64/e6072d4f65d7061329687fe24e3d63a7-common-args.resp
    
    /Applications/Xcode.app/Contents/Developer/Toolchains/XcodeDefault.xctoolchain/usr/bin/clang -x objective-c -ivfsstatcache /Users/jordantranchina/Library/Developer/Xcode/DerivedData/SDKStatCaches.noindex/watchsimulator26.2-23S303-963ebdd26732d23a23bcca82c2045e26.sdkstatcache -fmessage-length\=0 -fdiagnostics-show-note-include-stack -fmacro-backtrace-limit\=0 -fno-color-diagnostics -fmodules-prune-interval\=86400 -fmodules-prune-after\=345600 -fbuild-session-file\=/Users/jordantranchina/Library/Developer/Xcode/DerivedData/ModuleCache.noindex/Session.modulevalidation -fmodules-validate-once-per-build-session -Wnon-modular-include-in-framework-module -Werror\=non-modular-include-in-framework-module -Wno-trigraphs -Wno-missing-field-initializers -Wno-missing-prototypes -Wno-return-type -Wno-implicit-atomic-properties -Wno-objc-interface-ivars -Wno-arc-repeated-use-of-weak -Wno-missing-braces -Wparentheses -Wswitch -Wno-unused-function -Wno-unused-label -Wno-unused-parameter -Wno-unused-variable -Wunused-value -Wno-empty-body -Wno-uninitialized -Wno-unknown-pragmas -w -Wno-shadow -Wno-four-char-constants -Wno-conversion -Wno-constant-conversion -Wno-int-conversion -Wno-bool-conversion -Wno-enum-conversion -Wno-float-conversion -Wno-non-literal-null-conversion -Wno-objc-literal-conversion -Wshorten-64-to-32 -Wpointer-sign -Wno-newline-eof -Wno-selector -Wno-strict-selector-match -Wno-undeclared-selector -Wno-deprecated-implementations -Wno-implicit-fallthrough -fstrict-aliasing -Wprotocol -Wdeprecated-declarations -Wno-sign-conversion -Wno-infinite-recursion -Wno-comma -Wno-block-capture-autoreleasing -Wno-strict-prototypes -Wno-semicolon-before-method-body -index-store-path /Users/jordantranchina/Library/Developer/Xcode/DerivedData/GroceryWatch-cjpxcfkltfoqvcabomjerkquwnbi/Index.noindex/DataStore @/Users/jordantranchina/Library/Developer/Xcode/DerivedData/GroceryWatch-cjpxcfkltfoqvcabomjerkquwnbi/Build/Intermediates.noindex/Firebase.build/Debug-watchsimulator/FirebaseInstallations.build/Objects-normal/x86_64/e6072d4f65d7061329687fe24e3d63a7-common-args.resp -include /Users/jordantranchina/Library/Developer/Xcode/DerivedData/GroceryWatch-cjpxcfkltfoqvcabomjerkquwnbi/Build/Intermediates.noindex/Firebase.build/Debug-watchsimulator/FirebaseInstallations.build/DerivedSources/resource_bundle_accessor.h -MMD -MT dependencies -MF /Users/jordantranchina/Library/Developer/Xcode/DerivedData/GroceryWatch-cjpxcfkltfoqvcabomjerkquwnbi/Build/Intermediates.noindex/Firebase.build/Debug-watchsimulator/FirebaseInstallations.build/Objects-normal/x86_64/FIRInstallationsIDController.d --serialize-diagnostics /Users/jordantranchina/Library/Developer/Xcode/DerivedData/GroceryWatch-cjpxcfkltfoqvcabomjerkquwnbi/Build/Intermediates.noindex/Firebase.build/Debug-watchsimulator/FirebaseInstallations.build/Objects-normal/x86_64/FIRInstallationsIDController.dia -c /Users/jordantranchina/Library/Developer/Xcode/DerivedData/GroceryWatch-cjpxcfkltfoqvcabomjerkquwnbi/SourcePackages/checkouts/firebase-ios-sdk/FirebaseInstallations/Source/Library/InstallationsIDController/FIRInstallationsIDController.m -o /Users/jordantranchina/Library/Developer/Xcode/DerivedData/GroceryWatch-cjpxcfkltfoqvcabomjerkquwnbi/Build/Intermediates.noindex/Firebase.build/Debug-watchsimulator/FirebaseInstallations.build/Objects-normal/x86_64/FIRInstallationsIDController.o -index-unit-output-path /Firebase.build/Debug-watchsimulator/FirebaseInstallations.build/Objects-normal/x86_64/FIRInstallationsIDController.o

CompileC /Users/jordantranchina/Library/Developer/Xcode/DerivedData/GroceryWatch-cjpxcfkltfoqvcabomjerkquwnbi/Build/Intermediates.noindex/Firebase.build/Debug-watchsimulator/FirebaseInstallations.build/Objects-normal/x86_64/FIRInstallationsAPIService.o /Users/jordantranchina/Library/Developer/Xcode/DerivedData/GroceryWatch-cjpxcfkltfoqvcabomjerkquwnbi/SourcePackages/checkouts/firebase-ios-sdk/FirebaseInstallations/Source/Library/InstallationsAPI/FIRInstallationsAPIService.m normal x86_64 objective-c com.apple.compilers.llvm.clang.1_0.compiler (in target 'FirebaseInstallations' from project 'Firebase')
    cd /Users/jordantranchina/workspace/GroceryCheckList/ios/GroceryWatch/GroceryWatch.xcodeproj
    
    Using response file: /Users/jordantranchina/Library/Developer/Xcode/DerivedData/GroceryWatch-cjpxcfkltfoqvcabomjerkquwnbi/Build/Intermediates.noindex/Firebase.build/Debug-watchsimulator/FirebaseInstallations.build/Objects-normal/x86_64/e6072d4f65d7061329687fe24e3d63a7-common-args.resp
    
    /Applications/Xcode.app/Contents/Developer/Toolchains/XcodeDefault.xctoolchain/usr/bin/clang -x objective-c -ivfsstatcache /Users/jordantranchina/Library/Developer/Xcode/DerivedData/SDKStatCaches.noindex/watchsimulator26.2-23S303-963ebdd26732d23a23bcca82c2045e26.sdkstatcache -fmessage-length\=0 -fdiagnostics-show-note-include-stack -fmacro-backtrace-limit\=0 -fno-color-diagnostics -fmodules-prune-interval\=86400 -fmodules-prune-after\=345600 -fbuild-session-file\=/Users/jordantranchina/Library/Developer/Xcode/DerivedData/ModuleCache.noindex/Session.modulevalidation -fmodules-validate-once-per-build-session -Wnon-modular-include-in-framework-module -Werror\=non-modular-include-in-framework-module -Wno-trigraphs -Wno-missing-field-initializers -Wno-missing-prototypes -Wno-return-type -Wno-implicit-atomic-properties -Wno-objc-interface-ivars -Wno-arc-repeated-use-of-weak -Wno-missing-braces -Wparentheses -Wswitch -Wno-unused-function -Wno-unused-label -Wno-unused-parameter -Wno-unused-variable -Wunused-value -Wno-empty-body -Wno-uninitialized -Wno-unknown-pragmas -w -Wno-shadow -Wno-four-char-constants -Wno-conversion -Wno-constant-conversion -Wno-int-conversion -Wno-bool-conversion -Wno-enum-conversion -Wno-float-conversion -Wno-non-literal-null-conversion -Wno-objc-literal-conversion -Wshorten-64-to-32 -Wpointer-sign -Wno-newline-eof -Wno-selector -Wno-strict-selector-match -Wno-undeclared-selector -Wno-deprecated-implementations -Wno-implicit-fallthrough -fstrict-aliasing -Wprotocol -Wdeprecated-declarations -Wno-sign-conversion -Wno-infinite-recursion -Wno-comma -Wno-block-capture-autoreleasing -Wno-strict-prototypes -Wno-semicolon-before-method-body -index-store-path /Users/jordantranchina/Library/Developer/Xcode/DerivedData/GroceryWatch-cjpxcfkltfoqvcabomjerkquwnbi/Index.noindex/DataStore @/Users/jordantranchina/Library/Developer/Xcode/DerivedData/GroceryWatch-cjpxcfkltfoqvcabomjerkquwnbi/Build/Intermediates.noindex/Firebase.build/Debug-watchsimulator/FirebaseInstallations.build/Objects-normal/x86_64/e6072d4f65d7061329687fe24e3d63a7-common-args.resp -include /Users/jordantranchina/Library/Developer/Xcode/DerivedData/GroceryWatch-cjpxcfkltfoqvcabomjerkquwnbi/Build/Intermediates.noindex/Firebase.build/Debug-watchsimulator/FirebaseInstallations.build/DerivedSources/resource_bundle_accessor.h -MMD -MT dependencies -MF /Users/jordantranchina/Library/Developer/Xcode/DerivedData/GroceryWatch-cjpxcfkltfoqvcabomjerkquwnbi/Build/Intermediates.noindex/Firebase.build/Debug-watchsimulator/FirebaseInstallations.build/Objects-normal/x86_64/FIRInstallationsAPIService.d --serialize-diagnostics /Users/jordantranchina/Library/Developer/Xcode/DerivedData/GroceryWatch-cjpxcfkltfoqvcabomjerkquwnbi/Build/Intermediates.noindex/Firebase.build/Debug-watchsimulator/FirebaseInstallations.build/Objects-normal/x86_64/FIRInstallationsAPIService.dia -c /Users/jordantranchina/Library/Developer/Xcode/DerivedData/GroceryWatch-cjpxcfkltfoqvcabomjerkquwnbi/SourcePackages/checkouts/firebase-ios-sdk/FirebaseInstallations/Source/Library/InstallationsAPI/FIRInstallationsAPIService.m -o /Users/jordantranchina/Library/Developer/Xcode/DerivedData/GroceryWatch-cjpxcfkltfoqvcabomjerkquwnbi/Build/Intermediates.noindex/Firebase.build/Debug-watchsimulator/FirebaseInstallations.build/Objects-normal/x86_64/FIRInstallationsAPIService.o -index-unit-output-path /Firebase.build/Debug-watchsimulator/FirebaseInstallations.build/Objects-normal/x86_64/FIRInstallationsAPIService.o

CompileC /Users/jordantranchina/Library/Developer/Xcode/DerivedData/GroceryWatch-cjpxcfkltfoqvcabomjerkquwnbi/Build/Intermediates.noindex/Firebase.build/Debug-watchsimulator/FirebaseInstallations.build/Objects-normal/x86_64/FIRInstallations.o /Users/jordantranchina/Library/Developer/Xcode/DerivedData/GroceryWatch-cjpxcfkltfoqvcabomjerkquwnbi/SourcePackages/checkouts/firebase-ios-sdk/FirebaseInstallations/Source/Library/FIRInstallations.m normal x86_64 objective-c com.apple.compilers.llvm.clang.1_0.compiler (in target 'FirebaseInstallations' from project 'Firebase')
    cd /Users/jordantranchina/workspace/GroceryCheckList/ios/GroceryWatch/GroceryWatch.xcodeproj
    
    Using response file: /Users/jordantranchina/Library/Developer/Xcode/DerivedData/GroceryWatch-cjpxcfkltfoqvcabomjerkquwnbi/Build/Intermediates.noindex/Firebase.build/Debug-watchsimulator/FirebaseInstallations.build/Objects-normal/x86_64/e6072d4f65d7061329687fe24e3d63a7-common-args.resp
    
    /Applications/Xcode.app/Contents/Developer/Toolchains/XcodeDefault.xctoolchain/usr/bin/clang -x objective-c -ivfsstatcache /Users/jordantranchina/Library/Developer/Xcode/DerivedData/SDKStatCaches.noindex/watchsimulator26.2-23S303-963ebdd26732d23a23bcca82c2045e26.sdkstatcache -fmessage-length\=0 -fdiagnostics-show-note-include-stack -fmacro-backtrace-limit\=0 -fno-color-diagnostics -fmodules-prune-interval\=86400 -fmodules-prune-after\=345600 -fbuild-session-file\=/Users/jordantranchina/Library/Developer/Xcode/DerivedData/ModuleCache.noindex/Session.modulevalidation -fmodules-validate-once-per-build-session -Wnon-modular-include-in-framework-module -Werror\=non-modular-include-in-framework-module -Wno-trigraphs -Wno-missing-field-initializers -Wno-missing-prototypes -Wno-return-type -Wno-implicit-atomic-properties -Wno-objc-interface-ivars -Wno-arc-repeated-use-of-weak -Wno-missing-braces -Wparentheses -Wswitch -Wno-unused-function -Wno-unused-label -Wno-unused-parameter -Wno-unused-variable -Wunused-value -Wno-empty-body -Wno-uninitialized -Wno-unknown-pragmas -w -Wno-shadow -Wno-four-char-constants -Wno-conversion -Wno-constant-conversion -Wno-int-conversion -Wno-bool-conversion -Wno-enum-conversion -Wno-float-conversion -Wno-non-literal-null-conversion -Wno-objc-literal-conversion -Wshorten-64-to-32 -Wpointer-sign -Wno-newline-eof -Wno-selector -Wno-strict-selector-match -Wno-undeclared-selector -Wno-deprecated-implementations -Wno-implicit-fallthrough -fstrict-aliasing -Wprotocol -Wdeprecated-declarations -Wno-sign-conversion -Wno-infinite-recursion -Wno-comma -Wno-block-capture-autoreleasing -Wno-strict-prototypes -Wno-semicolon-before-method-body -index-store-path /Users/jordantranchina/Library/Developer/Xcode/DerivedData/GroceryWatch-cjpxcfkltfoqvcabomjerkquwnbi/Index.noindex/DataStore @/Users/jordantranchina/Library/Developer/Xcode/DerivedData/GroceryWatch-cjpxcfkltfoqvcabomjerkquwnbi/Build/Intermediates.noindex/Firebase.build/Debug-watchsimulator/FirebaseInstallations.build/Objects-normal/x86_64/e6072d4f65d7061329687fe24e3d63a7-common-args.resp -include /Users/jordantranchina/Library/Developer/Xcode/DerivedData/GroceryWatch-cjpxcfkltfoqvcabomjerkquwnbi/Build/Intermediates.noindex/Firebase.build/Debug-watchsimulator/FirebaseInstallations.build/DerivedSources/resource_bundle_accessor.h -MMD -MT dependencies -MF /Users/jordantranchina/Library/Developer/Xcode/DerivedData/GroceryWatch-cjpxcfkltfoqvcabomjerkquwnbi/Build/Intermediates.noindex/Firebase.build/Debug-watchsimulator/FirebaseInstallations.build/Objects-normal/x86_64/FIRInstallations.d --serialize-diagnostics /Users/jordantranchina/Library/Developer/Xcode/DerivedData/GroceryWatch-cjpxcfkltfoqvcabomjerkquwnbi/Build/Intermediates.noindex/Firebase.build/Debug-watchsimulator/FirebaseInstallations.build/Objects-normal/x86_64/FIRInstallations.dia -c /Users/jordantranchina/Library/Developer/Xcode/DerivedData/GroceryWatch-cjpxcfkltfoqvcabomjerkquwnbi/SourcePackages/checkouts/firebase-ios-sdk/FirebaseInstallations/Source/Library/FIRInstallations.m -o /Users/jordantranchina/Library/Developer/Xcode/DerivedData/GroceryWatch-cjpxcfkltfoqvcabomjerkquwnbi/Build/Intermediates.noindex/Firebase.build/Debug-watchsimulator/FirebaseInstallations.build/Objects-normal/x86_64/FIRInstallations.o -index-unit-output-path /Firebase.build/Debug-watchsimulator/FirebaseInstallations.build/Objects-normal/x86_64/FIRInstallations.o

CompileC /Users/jordantranchina/Library/Developer/Xcode/DerivedData/GroceryWatch-cjpxcfkltfoqvcabomjerkquwnbi/Build/Intermediates.noindex/Firebase.build/Debug-watchsimulator/FirebaseInstallations.build/Objects-normal/arm64/FIRInstallationsItem+RegisterInstallationAPI.o /Users/jordantranchina/Library/Developer/Xcode/DerivedData/GroceryWatch-cjpxcfkltfoqvcabomjerkquwnbi/SourcePackages/checkouts/firebase-ios-sdk/FirebaseInstallations/Source/Library/InstallationsAPI/FIRInstallationsItem+RegisterInstallationAPI.m normal arm64 objective-c com.apple.compilers.llvm.clang.1_0.compiler (in target 'FirebaseInstallations' from project 'Firebase')
    cd /Users/jordantranchina/workspace/GroceryCheckList/ios/GroceryWatch/GroceryWatch.xcodeproj
    
    Using response file: /Users/jordantranchina/Library/Developer/Xcode/DerivedData/GroceryWatch-cjpxcfkltfoqvcabomjerkquwnbi/Build/Intermediates.noindex/Firebase.build/Debug-watchsimulator/FirebaseInstallations.build/Objects-normal/arm64/e6072d4f65d7061329687fe24e3d63a7-common-args.resp
    
    /Applications/Xcode.app/Contents/Developer/Toolchains/XcodeDefault.xctoolchain/usr/bin/clang -x objective-c -ivfsstatcache /Users/jordantranchina/Library/Developer/Xcode/DerivedData/SDKStatCaches.noindex/watchsimulator26.2-23S303-963ebdd26732d23a23bcca82c2045e26.sdkstatcache -fmessage-length\=0 -fdiagnostics-show-note-include-stack -fmacro-backtrace-limit\=0 -fno-color-diagnostics -fmodules-prune-interval\=86400 -fmodules-prune-after\=345600 -fbuild-session-file\=/Users/jordantranchina/Library/Developer/Xcode/DerivedData/ModuleCache.noindex/Session.modulevalidation -fmodules-validate-once-per-build-session -Wnon-modular-include-in-framework-module -Werror\=non-modular-include-in-framework-module -Wno-trigraphs -Wno-missing-field-initializers -Wno-missing-prototypes -Wno-return-type -Wno-implicit-atomic-properties -Wno-objc-interface-ivars -Wno-arc-repeated-use-of-weak -Wno-missing-braces -Wparentheses -Wswitch -Wno-unused-function -Wno-unused-label -Wno-unused-parameter -Wno-unused-variable -Wunused-value -Wno-empty-body -Wno-uninitialized -Wno-unknown-pragmas -w -Wno-shadow -Wno-four-char-constants -Wno-conversion -Wno-constant-conversion -Wno-int-conversion -Wno-bool-conversion -Wno-enum-conversion -Wno-float-conversion -Wno-non-literal-null-conversion -Wno-objc-literal-conversion -Wshorten-64-to-32 -Wpointer-sign -Wno-newline-eof -Wno-selector -Wno-strict-selector-match -Wno-undeclared-selector -Wno-deprecated-implementations -Wno-implicit-fallthrough -fstrict-aliasing -Wprotocol -Wdeprecated-declarations -Wno-sign-conversion -Wno-infinite-recursion -Wno-comma -Wno-block-capture-autoreleasing -Wno-strict-prototypes -Wno-semicolon-before-method-body -index-store-path /Users/jordantranchina/Library/Developer/Xcode/DerivedData/GroceryWatch-cjpxcfkltfoqvcabomjerkquwnbi/Index.noindex/DataStore @/Users/jordantranchina/Library/Developer/Xcode/DerivedData/GroceryWatch-cjpxcfkltfoqvcabomjerkquwnbi/Build/Intermediates.noindex/Firebase.build/Debug-watchsimulator/FirebaseInstallations.build/Objects-normal/arm64/e6072d4f65d7061329687fe24e3d63a7-common-args.resp -include /Users/jordantranchina/Library/Developer/Xcode/DerivedData/GroceryWatch-cjpxcfkltfoqvcabomjerkquwnbi/Build/Intermediates.noindex/Firebase.build/Debug-watchsimulator/FirebaseInstallations.build/DerivedSources/resource_bundle_accessor.h -MMD -MT dependencies -MF /Users/jordantranchina/Library/Developer/Xcode/DerivedData/GroceryWatch-cjpxcfkltfoqvcabomjerkquwnbi/Build/Intermediates.noindex/Firebase.build/Debug-watchsimulator/FirebaseInstallations.build/Objects-normal/arm64/FIRInstallationsItem+RegisterInstallationAPI.d --serialize-diagnostics /Users/jordantranchina/Library/Developer/Xcode/DerivedData/GroceryWatch-cjpxcfkltfoqvcabomjerkquwnbi/Build/Intermediates.noindex/Firebase.build/Debug-watchsimulator/FirebaseInstallations.build/Objects-normal/arm64/FIRInstallationsItem+RegisterInstallationAPI.dia -c /Users/jordantranchina/Library/Developer/Xcode/DerivedData/GroceryWatch-cjpxcfkltfoqvcabomjerkquwnbi/SourcePackages/checkouts/firebase-ios-sdk/FirebaseInstallations/Source/Library/InstallationsAPI/FIRInstallationsItem+RegisterInstallationAPI.m -o /Users/jordantranchina/Library/Developer/Xcode/DerivedData/GroceryWatch-cjpxcfkltfoqvcabomjerkquwnbi/Build/Intermediates.noindex/Firebase.build/Debug-watchsimulator/FirebaseInstallations.build/Objects-normal/arm64/FIRInstallationsItem+RegisterInstallationAPI.o -index-unit-output-path /Firebase.build/Debug-watchsimulator/FirebaseInstallations.build/Objects-normal/arm64/FIRInstallationsItem+RegisterInstallationAPI.o

CompileC /Users/jordantranchina/Library/Developer/Xcode/DerivedData/GroceryWatch-cjpxcfkltfoqvcabomjerkquwnbi/Build/Intermediates.noindex/Firebase.build/Debug-watchsimulator/FirebaseInstallations.build/Objects-normal/arm64/FIRInstallationsHTTPError.o /Users/jordantranchina/Library/Developer/Xcode/DerivedData/GroceryWatch-cjpxcfkltfoqvcabomjerkquwnbi/SourcePackages/checkouts/firebase-ios-sdk/FirebaseInstallations/Source/Library/Errors/FIRInstallationsHTTPError.m normal arm64 objective-c com.apple.compilers.llvm.clang.1_0.compiler (in target 'FirebaseInstallations' from project 'Firebase')
    cd /Users/jordantranchina/workspace/GroceryCheckList/ios/GroceryWatch/GroceryWatch.xcodeproj
    
    Using response file: /Users/jordantranchina/Library/Developer/Xcode/DerivedData/GroceryWatch-cjpxcfkltfoqvcabomjerkquwnbi/Build/Intermediates.noindex/Firebase.build/Debug-watchsimulator/FirebaseInstallations.build/Objects-normal/arm64/e6072d4f65d7061329687fe24e3d63a7-common-args.resp
    
    /Applications/Xcode.app/Contents/Developer/Toolchains/XcodeDefault.xctoolchain/usr/bin/clang -x objective-c -ivfsstatcache /Users/jordantranchina/Library/Developer/Xcode/DerivedData/SDKStatCaches.noindex/watchsimulator26.2-23S303-963ebdd26732d23a23bcca82c2045e26.sdkstatcache -fmessage-length\=0 -fdiagnostics-show-note-include-stack -fmacro-backtrace-limit\=0 -fno-color-diagnostics -fmodules-prune-interval\=86400 -fmodules-prune-after\=345600 -fbuild-session-file\=/Users/jordantranchina/Library/Developer/Xcode/DerivedData/ModuleCache.noindex/Session.modulevalidation -fmodules-validate-once-per-build-session -Wnon-modular-include-in-framework-module -Werror\=non-modular-include-in-framework-module -Wno-trigraphs -Wno-missing-field-initializers -Wno-missing-prototypes -Wno-return-type -Wno-implicit-atomic-properties -Wno-objc-interface-ivars -Wno-arc-repeated-use-of-weak -Wno-missing-braces -Wparentheses -Wswitch -Wno-unused-function -Wno-unused-label -Wno-unused-parameter -Wno-unused-variable -Wunused-value -Wno-empty-body -Wno-uninitialized -Wno-unknown-pragmas -w -Wno-shadow -Wno-four-char-constants -Wno-conversion -Wno-constant-conversion -Wno-int-conversion -Wno-bool-conversion -Wno-enum-conversion -Wno-float-conversion -Wno-non-literal-null-conversion -Wno-objc-literal-conversion -Wshorten-64-to-32 -Wpointer-sign -Wno-newline-eof -Wno-selector -Wno-strict-selector-match -Wno-undeclared-selector -Wno-deprecated-implementations -Wno-implicit-fallthrough -fstrict-aliasing -Wprotocol -Wdeprecated-declarations -Wno-sign-conversion -Wno-infinite-recursion -Wno-comma -Wno-block-capture-autoreleasing -Wno-strict-prototypes -Wno-semicolon-before-method-body -index-store-path /Users/jordantranchina/Library/Developer/Xcode/DerivedData/GroceryWatch-cjpxcfkltfoqvcabomjerkquwnbi/Index.noindex/DataStore @/Users/jordantranchina/Library/Developer/Xcode/DerivedData/GroceryWatch-cjpxcfkltfoqvcabomjerkquwnbi/Build/Intermediates.noindex/Firebase.build/Debug-watchsimulator/FirebaseInstallations.build/Objects-normal/arm64/e6072d4f65d7061329687fe24e3d63a7-common-args.resp -include /Users/jordantranchina/Library/Developer/Xcode/DerivedData/GroceryWatch-cjpxcfkltfoqvcabomjerkquwnbi/Build/Intermediates.noindex/Firebase.build/Debug-watchsimulator/FirebaseInstallations.build/DerivedSources/resource_bundle_accessor.h -MMD -MT dependencies -MF /Users/jordantranchina/Library/Developer/Xcode/DerivedData/GroceryWatch-cjpxcfkltfoqvcabomjerkquwnbi/Build/Intermediates.noindex/Firebase.build/Debug-watchsimulator/FirebaseInstallations.build/Objects-normal/arm64/FIRInstallationsHTTPError.d --serialize-diagnostics /Users/jordantranchina/Library/Developer/Xcode/DerivedData/GroceryWatch-cjpxcfkltfoqvcabomjerkquwnbi/Build/Intermediates.noindex/Firebase.build/Debug-watchsimulator/FirebaseInstallations.build/Objects-normal/arm64/FIRInstallationsHTTPError.dia -c /Users/jordantranchina/Library/Developer/Xcode/DerivedData/GroceryWatch-cjpxcfkltfoqvcabomjerkquwnbi/SourcePackages/checkouts/firebase-ios-sdk/FirebaseInstallations/Source/Library/Errors/FIRInstallationsHTTPError.m -o /Users/jordantranchina/Library/Developer/Xcode/DerivedData/GroceryWatch-cjpxcfkltfoqvcabomjerkquwnbi/Build/Intermediates.noindex/Firebase.build/Debug-watchsimulator/FirebaseInstallations.build/Objects-normal/arm64/FIRInstallationsHTTPError.o -index-unit-output-path /Firebase.build/Debug-watchsimulator/FirebaseInstallations.build/Objects-normal/arm64/FIRInstallationsHTTPError.o

CompileC /Users/jordantranchina/Library/Developer/Xcode/DerivedData/GroceryWatch-cjpxcfkltfoqvcabomjerkquwnbi/Build/Intermediates.noindex/Firebase.build/Debug-watchsimulator/FirebaseInstallations.build/Objects-normal/arm64/FIRInstallationsBackoffController.o /Users/jordantranchina/Library/Developer/Xcode/DerivedData/GroceryWatch-cjpxcfkltfoqvcabomjerkquwnbi/SourcePackages/checkouts/firebase-ios-sdk/FirebaseInstallations/Source/Library/InstallationsIDController/FIRInstallationsBackoffController.m normal arm64 objective-c com.apple.compilers.llvm.clang.1_0.compiler (in target 'FirebaseInstallations' from project 'Firebase')
    cd /Users/jordantranchina/workspace/GroceryCheckList/ios/GroceryWatch/GroceryWatch.xcodeproj
    
    Using response file: /Users/jordantranchina/Library/Developer/Xcode/DerivedData/GroceryWatch-cjpxcfkltfoqvcabomjerkquwnbi/Build/Intermediates.noindex/Firebase.build/Debug-watchsimulator/FirebaseInstallations.build/Objects-normal/arm64/e6072d4f65d7061329687fe24e3d63a7-common-args.resp
    
    /Applications/Xcode.app/Contents/Developer/Toolchains/XcodeDefault.xctoolchain/usr/bin/clang -x objective-c -ivfsstatcache /Users/jordantranchina/Library/Developer/Xcode/DerivedData/SDKStatCaches.noindex/watchsimulator26.2-23S303-963ebdd26732d23a23bcca82c2045e26.sdkstatcache -fmessage-length\=0 -fdiagnostics-show-note-include-stack -fmacro-backtrace-limit\=0 -fno-color-diagnostics -fmodules-prune-interval\=86400 -fmodules-prune-after\=345600 -fbuild-session-file\=/Users/jordantranchina/Library/Developer/Xcode/DerivedData/ModuleCache.noindex/Session.modulevalidation -fmodules-validate-once-per-build-session -Wnon-modular-include-in-framework-module -Werror\=non-modular-include-in-framework-module -Wno-trigraphs -Wno-missing-field-initializers -Wno-missing-prototypes -Wno-return-type -Wno-implicit-atomic-properties -Wno-objc-interface-ivars -Wno-arc-repeated-use-of-weak -Wno-missing-braces -Wparentheses -Wswitch -Wno-unused-function -Wno-unused-label -Wno-unused-parameter -Wno-unused-variable -Wunused-value -Wno-empty-body -Wno-uninitialized -Wno-unknown-pragmas -w -Wno-shadow -Wno-four-char-constants -Wno-conversion -Wno-constant-conversion -Wno-int-conversion -Wno-bool-conversion -Wno-enum-conversion -Wno-float-conversion -Wno-non-literal-null-conversion -Wno-objc-literal-conversion -Wshorten-64-to-32 -Wpointer-sign -Wno-newline-eof -Wno-selector -Wno-strict-selector-match -Wno-undeclared-selector -Wno-deprecated-implementations -Wno-implicit-fallthrough -fstrict-aliasing -Wprotocol -Wdeprecated-declarations -Wno-sign-conversion -Wno-infinite-recursion -Wno-comma -Wno-block-capture-autoreleasing -Wno-strict-prototypes -Wno-semicolon-before-method-body -index-store-path /Users/jordantranchina/Library/Developer/Xcode/DerivedData/GroceryWatch-cjpxcfkltfoqvcabomjerkquwnbi/Index.noindex/DataStore @/Users/jordantranchina/Library/Developer/Xcode/DerivedData/GroceryWatch-cjpxcfkltfoqvcabomjerkquwnbi/Build/Intermediates.noindex/Firebase.build/Debug-watchsimulator/FirebaseInstallations.build/Objects-normal/arm64/e6072d4f65d7061329687fe24e3d63a7-common-args.resp -include /Users/jordantranchina/Library/Developer/Xcode/DerivedData/GroceryWatch-cjpxcfkltfoqvcabomjerkquwnbi/Build/Intermediates.noindex/Firebase.build/Debug-watchsimulator/FirebaseInstallations.build/DerivedSources/resource_bundle_accessor.h -MMD -MT dependencies -MF /Users/jordantranchina/Library/Developer/Xcode/DerivedData/GroceryWatch-cjpxcfkltfoqvcabomjerkquwnbi/Build/Intermediates.noindex/Firebase.build/Debug-watchsimulator/FirebaseInstallations.build/Objects-normal/arm64/FIRInstallationsBackoffController.d --serialize-diagnostics /Users/jordantranchina/Library/Developer/Xcode/DerivedData/GroceryWatch-cjpxcfkltfoqvcabomjerkquwnbi/Build/Intermediates.noindex/Firebase.build/Debug-watchsimulator/FirebaseInstallations.build/Objects-normal/arm64/FIRInstallationsBackoffController.dia -c /Users/jordantranchina/Library/Developer/Xcode/DerivedData/GroceryWatch-cjpxcfkltfoqvcabomjerkquwnbi/SourcePackages/checkouts/firebase-ios-sdk/FirebaseInstallations/Source/Library/InstallationsIDController/FIRInstallationsBackoffController.m -o /Users/jordantranchina/Library/Developer/Xcode/DerivedData/GroceryWatch-cjpxcfkltfoqvcabomjerkquwnbi/Build/Intermediates.noindex/Firebase.build/Debug-watchsimulator/FirebaseInstallations.build/Objects-normal/arm64/FIRInstallationsBackoffController.o -index-unit-output-path /Firebase.build/Debug-watchsimulator/FirebaseInstallations.build/Objects-normal/arm64/FIRInstallationsBackoffController.o

CompileC /Users/jordantranchina/Library/Developer/Xcode/DerivedData/GroceryWatch-cjpxcfkltfoqvcabomjerkquwnbi/Build/Intermediates.noindex/Firebase.build/Debug-watchsimulator/FirebaseInstallations.build/Objects-normal/arm64/FIRInstallationsAuthTokenResult.o /Users/jordantranchina/Library/Developer/Xcode/DerivedData/GroceryWatch-cjpxcfkltfoqvcabomjerkquwnbi/SourcePackages/checkouts/firebase-ios-sdk/FirebaseInstallations/Source/Library/FIRInstallationsAuthTokenResult.m normal arm64 objective-c com.apple.compilers.llvm.clang.1_0.compiler (in target 'FirebaseInstallations' from project 'Firebase')
    cd /Users/jordantranchina/workspace/GroceryCheckList/ios/GroceryWatch/GroceryWatch.xcodeproj
    
    Using response file: /Users/jordantranchina/Library/Developer/Xcode/DerivedData/GroceryWatch-cjpxcfkltfoqvcabomjerkquwnbi/Build/Intermediates.noindex/Firebase.build/Debug-watchsimulator/FirebaseInstallations.build/Objects-normal/arm64/e6072d4f65d7061329687fe24e3d63a7-common-args.resp
    
    /Applications/Xcode.app/Contents/Developer/Toolchains/XcodeDefault.xctoolchain/usr/bin/clang -x objective-c -ivfsstatcache /Users/jordantranchina/Library/Developer/Xcode/DerivedData/SDKStatCaches.noindex/watchsimulator26.2-23S303-963ebdd26732d23a23bcca82c2045e26.sdkstatcache -fmessage-length\=0 -fdiagnostics-show-note-include-stack -fmacro-backtrace-limit\=0 -fno-color-diagnostics -fmodules-prune-interval\=86400 -fmodules-prune-after\=345600 -fbuild-session-file\=/Users/jordantranchina/Library/Developer/Xcode/DerivedData/ModuleCache.noindex/Session.modulevalidation -fmodules-validate-once-per-build-session -Wnon-modular-include-in-framework-module -Werror\=non-modular-include-in-framework-module -Wno-trigraphs -Wno-missing-field-initializers -Wno-missing-prototypes -Wno-return-type -Wno-implicit-atomic-properties -Wno-objc-interface-ivars -Wno-arc-repeated-use-of-weak -Wno-missing-braces -Wparentheses -Wswitch -Wno-unused-function -Wno-unused-label -Wno-unused-parameter -Wno-unused-variable -Wunused-value -Wno-empty-body -Wno-uninitialized -Wno-unknown-pragmas -w -Wno-shadow -Wno-four-char-constants -Wno-conversion -Wno-constant-conversion -Wno-int-conversion -Wno-bool-conversion -Wno-enum-conversion -Wno-float-conversion -Wno-non-literal-null-conversion -Wno-objc-literal-conversion -Wshorten-64-to-32 -Wpointer-sign -Wno-newline-eof -Wno-selector -Wno-strict-selector-match -Wno-undeclared-selector -Wno-deprecated-implementations -Wno-implicit-fallthrough -fstrict-aliasing -Wprotocol -Wdeprecated-declarations -Wno-sign-conversion -Wno-infinite-recursion -Wno-comma -Wno-block-capture-autoreleasing -Wno-strict-prototypes -Wno-semicolon-before-method-body -index-store-path /Users/jordantranchina/Library/Developer/Xcode/DerivedData/GroceryWatch-cjpxcfkltfoqvcabomjerkquwnbi/Index.noindex/DataStore @/Users/jordantranchina/Library/Developer/Xcode/DerivedData/GroceryWatch-cjpxcfkltfoqvcabomjerkquwnbi/Build/Intermediates.noindex/Firebase.build/Debug-watchsimulator/FirebaseInstallations.build/Objects-normal/arm64/e6072d4f65d7061329687fe24e3d63a7-common-args.resp -include /Users/jordantranchina/Library/Developer/Xcode/DerivedData/GroceryWatch-cjpxcfkltfoqvcabomjerkquwnbi/Build/Intermediates.noindex/Firebase.build/Debug-watchsimulator/FirebaseInstallations.build/DerivedSources/resource_bundle_accessor.h -MMD -MT dependencies -MF /Users/jordantranchina/Library/Developer/Xcode/DerivedData/GroceryWatch-cjpxcfkltfoqvcabomjerkquwnbi/Build/Intermediates.noindex/Firebase.build/Debug-watchsimulator/FirebaseInstallations.build/Objects-normal/arm64/FIRInstallationsAuthTokenResult.d --serialize-diagnostics /Users/jordantranchina/Library/Developer/Xcode/DerivedData/GroceryWatch-cjpxcfkltfoqvcabomjerkquwnbi/Build/Intermediates.noindex/Firebase.build/Debug-watchsimulator/FirebaseInstallations.build/Objects-normal/arm64/FIRInstallationsAuthTokenResult.dia -c /Users/jordantranchina/Library/Developer/Xcode/DerivedData/GroceryWatch-cjpxcfkltfoqvcabomjerkquwnbi/SourcePackages/checkouts/firebase-ios-sdk/FirebaseInstallations/Source/Library/FIRInstallationsAuthTokenResult.m -o /Users/jordantranchina/Library/Developer/Xcode/DerivedData/GroceryWatch-cjpxcfkltfoqvcabomjerkquwnbi/Build/Intermediates.noindex/Firebase.build/Debug-watchsimulator/FirebaseInstallations.build/Objects-normal/arm64/FIRInstallationsAuthTokenResult.o -index-unit-output-path /Firebase.build/Debug-watchsimulator/FirebaseInstallations.build/Objects-normal/arm64/FIRInstallationsAuthTokenResult.o

CompileC /Users/jordantranchina/Library/Developer/Xcode/DerivedData/GroceryWatch-cjpxcfkltfoqvcabomjerkquwnbi/Build/Intermediates.noindex/Firebase.build/Debug-watchsimulator/FirebaseInstallations.build/Objects-normal/arm64/FIRCurrentDateProvider.o /Users/jordantranchina/Library/Developer/Xcode/DerivedData/GroceryWatch-cjpxcfkltfoqvcabomjerkquwnbi/SourcePackages/checkouts/firebase-ios-sdk/FirebaseInstallations/Source/Library/InstallationsIDController/FIRCurrentDateProvider.m normal arm64 objective-c com.apple.compilers.llvm.clang.1_0.compiler (in target 'FirebaseInstallations' from project 'Firebase')
    cd /Users/jordantranchina/workspace/GroceryCheckList/ios/GroceryWatch/GroceryWatch.xcodeproj
    
    Using response file: /Users/jordantranchina/Library/Developer/Xcode/DerivedData/GroceryWatch-cjpxcfkltfoqvcabomjerkquwnbi/Build/Intermediates.noindex/Firebase.build/Debug-watchsimulator/FirebaseInstallations.build/Objects-normal/arm64/e6072d4f65d7061329687fe24e3d63a7-common-args.resp
    
    /Applications/Xcode.app/Contents/Developer/Toolchains/XcodeDefault.xctoolchain/usr/bin/clang -x objective-c -ivfsstatcache /Users/jordantranchina/Library/Developer/Xcode/DerivedData/SDKStatCaches.noindex/watchsimulator26.2-23S303-963ebdd26732d23a23bcca82c2045e26.sdkstatcache -fmessage-length\=0 -fdiagnostics-show-note-include-stack -fmacro-backtrace-limit\=0 -fno-color-diagnostics -fmodules-prune-interval\=86400 -fmodules-prune-after\=345600 -fbuild-session-file\=/Users/jordantranchina/Library/Developer/Xcode/DerivedData/ModuleCache.noindex/Session.modulevalidation -fmodules-validate-once-per-build-session -Wnon-modular-include-in-framework-module -Werror\=non-modular-include-in-framework-module -Wno-trigraphs -Wno-missing-field-initializers -Wno-missing-prototypes -Wno-return-type -Wno-implicit-atomic-properties -Wno-objc-interface-ivars -Wno-arc-repeated-use-of-weak -Wno-missing-braces -Wparentheses -Wswitch -Wno-unused-function -Wno-unused-label -Wno-unused-parameter -Wno-unused-variable -Wunused-value -Wno-empty-body -Wno-uninitialized -Wno-unknown-pragmas -w -Wno-shadow -Wno-four-char-constants -Wno-conversion -Wno-constant-conversion -Wno-int-conversion -Wno-bool-conversion -Wno-enum-conversion -Wno-float-conversion -Wno-non-literal-null-conversion -Wno-objc-literal-conversion -Wshorten-64-to-32 -Wpointer-sign -Wno-newline-eof -Wno-selector -Wno-strict-selector-match -Wno-undeclared-selector -Wno-deprecated-implementations -Wno-implicit-fallthrough -fstrict-aliasing -Wprotocol -Wdeprecated-declarations -Wno-sign-conversion -Wno-infinite-recursion -Wno-comma -Wno-block-capture-autoreleasing -Wno-strict-prototypes -Wno-semicolon-before-method-body -index-store-path /Users/jordantranchina/Library/Developer/Xcode/DerivedData/GroceryWatch-cjpxcfkltfoqvcabomjerkquwnbi/Index.noindex/DataStore @/Users/jordantranchina/Library/Developer/Xcode/DerivedData/GroceryWatch-cjpxcfkltfoqvcabomjerkquwnbi/Build/Intermediates.noindex/Firebase.build/Debug-watchsimulator/FirebaseInstallations.build/Objects-normal/arm64/e6072d4f65d7061329687fe24e3d63a7-common-args.resp -include /Users/jordantranchina/Library/Developer/Xcode/DerivedData/GroceryWatch-cjpxcfkltfoqvcabomjerkquwnbi/Build/Intermediates.noindex/Firebase.build/Debug-watchsimulator/FirebaseInstallations.build/DerivedSources/resource_bundle_accessor.h -MMD -MT dependencies -MF /Users/jordantranchina/Library/Developer/Xcode/DerivedData/GroceryWatch-cjpxcfkltfoqvcabomjerkquwnbi/Build/Intermediates.noindex/Firebase.build/Debug-watchsimulator/FirebaseInstallations.build/Objects-normal/arm64/FIRCurrentDateProvider.d --serialize-diagnostics /Users/jordantranchina/Library/Developer/Xcode/DerivedData/GroceryWatch-cjpxcfkltfoqvcabomjerkquwnbi/Build/Intermediates.noindex/Firebase.build/Debug-watchsimulator/FirebaseInstallations.build/Objects-normal/arm64/FIRCurrentDateProvider.dia -c /Users/jordantranchina/Library/Developer/Xcode/DerivedData/GroceryWatch-cjpxcfkltfoqvcabomjerkquwnbi/SourcePackages/checkouts/firebase-ios-sdk/FirebaseInstallations/Source/Library/InstallationsIDController/FIRCurrentDateProvider.m -o /Users/jordantranchina/Library/Developer/Xcode/DerivedData/GroceryWatch-cjpxcfkltfoqvcabomjerkquwnbi/Build/Intermediates.noindex/Firebase.build/Debug-watchsimulator/FirebaseInstallations.build/Objects-normal/arm64/FIRCurrentDateProvider.o -index-unit-output-path /Firebase.build/Debug-watchsimulator/FirebaseInstallations.build/Objects-normal/arm64/FIRCurrentDateProvider.o

CompileC /Users/jordantranchina/Library/Developer/Xcode/DerivedData/GroceryWatch-cjpxcfkltfoqvcabomjerkquwnbi/Build/Intermediates.noindex/Firebase.build/Debug-watchsimulator/FirebaseCoreExtension.build/Objects-normal/arm64/resource_bundle_accessor.o /Users/jordantranchina/Library/Developer/Xcode/DerivedData/GroceryWatch-cjpxcfkltfoqvcabomjerkquwnbi/Build/Intermediates.noindex/Firebase.build/Debug-watchsimulator/FirebaseCoreExtension.build/DerivedSources/resource_bundle_accessor.m normal arm64 objective-c com.apple.compilers.llvm.clang.1_0.compiler (in target 'FirebaseCoreExtension' from project 'Firebase')
    cd /Users/jordantranchina/workspace/GroceryCheckList/ios/GroceryWatch/GroceryWatch.xcodeproj
    
    Using response file: /Users/jordantranchina/Library/Developer/Xcode/DerivedData/GroceryWatch-cjpxcfkltfoqvcabomjerkquwnbi/Build/Intermediates.noindex/Firebase.build/Debug-watchsimulator/FirebaseCoreExtension.build/Objects-normal/arm64/e6072d4f65d7061329687fe24e3d63a7-common-args.resp
    
    /Applications/Xcode.app/Contents/Developer/Toolchains/XcodeDefault.xctoolchain/usr/bin/clang -x objective-c -ivfsstatcache /Users/jordantranchina/Library/Developer/Xcode/DerivedData/SDKStatCaches.noindex/watchsimulator26.2-23S303-963ebdd26732d23a23bcca82c2045e26.sdkstatcache -fmessage-length\=0 -fdiagnostics-show-note-include-stack -fmacro-backtrace-limit\=0 -fno-color-diagnostics -fmodules-prune-interval\=86400 -fmodules-prune-after\=345600 -fbuild-session-file\=/Users/jordantranchina/Library/Developer/Xcode/DerivedData/ModuleCache.noindex/Session.modulevalidation -fmodules-validate-once-per-build-session -Wnon-modular-include-in-framework-module -Werror\=non-modular-include-in-framework-module -Wno-trigraphs -Wno-missing-field-initializers -Wno-missing-prototypes -Wno-return-type -Wno-implicit-atomic-properties -Wno-objc-interface-ivars -Wno-arc-repeated-use-of-weak -Wno-missing-braces -Wparentheses -Wswitch -Wno-unused-function -Wno-unused-label -Wno-unused-parameter -Wno-unused-variable -Wunused-value -Wno-empty-body -Wno-uninitialized -Wno-unknown-pragmas -w -Wno-shadow -Wno-four-char-constants -Wno-conversion -Wno-constant-conversion -Wno-int-conversion -Wno-bool-conversion -Wno-enum-conversion -Wno-float-conversion -Wno-non-literal-null-conversion -Wno-objc-literal-conversion -Wshorten-64-to-32 -Wpointer-sign -Wno-newline-eof -Wno-selector -Wno-strict-selector-match -Wno-undeclared-selector -Wno-deprecated-implementations -Wno-implicit-fallthrough -fstrict-aliasing -Wprotocol -Wdeprecated-declarations -Wno-sign-conversion -Wno-infinite-recursion -Wno-comma -Wno-block-capture-autoreleasing -Wno-strict-prototypes -Wno-semicolon-before-method-body -index-store-path /Users/jordantranchina/Library/Developer/Xcode/DerivedData/GroceryWatch-cjpxcfkltfoqvcabomjerkquwnbi/Index.noindex/DataStore @/Users/jordantranchina/Library/Developer/Xcode/DerivedData/GroceryWatch-cjpxcfkltfoqvcabomjerkquwnbi/Build/Intermediates.noindex/Firebase.build/Debug-watchsimulator/FirebaseCoreExtension.build/Objects-normal/arm64/e6072d4f65d7061329687fe24e3d63a7-common-args.resp -include /Users/jordantranchina/Library/Developer/Xcode/DerivedData/GroceryWatch-cjpxcfkltfoqvcabomjerkquwnbi/Build/Intermediates.noindex/Firebase.build/Debug-watchsimulator/FirebaseCoreExtension.build/DerivedSources/resource_bundle_accessor.h -MMD -MT dependencies -MF /Users/jordantranchina/Library/Developer/Xcode/DerivedData/GroceryWatch-cjpxcfkltfoqvcabomjerkquwnbi/Build/Intermediates.noindex/Firebase.build/Debug-watchsimulator/FirebaseCoreExtension.build/Objects-normal/arm64/resource_bundle_accessor.d --serialize-diagnostics /Users/jordantranchina/Library/Developer/Xcode/DerivedData/GroceryWatch-cjpxcfkltfoqvcabomjerkquwnbi/Build/Intermediates.noindex/Firebase.build/Debug-watchsimulator/FirebaseCoreExtension.build/Objects-normal/arm64/resource_bundle_accessor.dia -c /Users/jordantranchina/Library/Developer/Xcode/DerivedData/GroceryWatch-cjpxcfkltfoqvcabomjerkquwnbi/Build/Intermediates.noindex/Firebase.build/Debug-watchsimulator/FirebaseCoreExtension.build/DerivedSources/resource_bundle_accessor.m -o /Users/jordantranchina/Library/Developer/Xcode/DerivedData/GroceryWatch-cjpxcfkltfoqvcabomjerkquwnbi/Build/Intermediates.noindex/Firebase.build/Debug-watchsimulator/FirebaseCoreExtension.build/Objects-normal/arm64/resource_bundle_accessor.o -index-unit-output-path /Firebase.build/Debug-watchsimulator/FirebaseCoreExtension.build/Objects-normal/arm64/resource_bundle_accessor.o

CompileC /Users/jordantranchina/Library/Developer/Xcode/DerivedData/GroceryWatch-cjpxcfkltfoqvcabomjerkquwnbi/Build/Intermediates.noindex/Firebase.build/Debug-watchsimulator/FirebaseCoreExtension.build/Objects-normal/arm64/dummy.o /Users/jordantranchina/Library/Developer/Xcode/DerivedData/GroceryWatch-cjpxcfkltfoqvcabomjerkquwnbi/SourcePackages/checkouts/firebase-ios-sdk/FirebaseCore/Extension/dummy.m normal arm64 objective-c com.apple.compilers.llvm.clang.1_0.compiler (in target 'FirebaseCoreExtension' from project 'Firebase')
    cd /Users/jordantranchina/workspace/GroceryCheckList/ios/GroceryWatch/GroceryWatch.xcodeproj
    
    Using response file: /Users/jordantranchina/Library/Developer/Xcode/DerivedData/GroceryWatch-cjpxcfkltfoqvcabomjerkquwnbi/Build/Intermediates.noindex/Firebase.build/Debug-watchsimulator/FirebaseCoreExtension.build/Objects-normal/arm64/e6072d4f65d7061329687fe24e3d63a7-common-args.resp
    
    /Applications/Xcode.app/Contents/Developer/Toolchains/XcodeDefault.xctoolchain/usr/bin/clang -x objective-c -ivfsstatcache /Users/jordantranchina/Library/Developer/Xcode/DerivedData/SDKStatCaches.noindex/watchsimulator26.2-23S303-963ebdd26732d23a23bcca82c2045e26.sdkstatcache -fmessage-length\=0 -fdiagnostics-show-note-include-stack -fmacro-backtrace-limit\=0 -fno-color-diagnostics -fmodules-prune-interval\=86400 -fmodules-prune-after\=345600 -fbuild-session-file\=/Users/jordantranchina/Library/Developer/Xcode/DerivedData/ModuleCache.noindex/Session.modulevalidation -fmodules-validate-once-per-build-session -Wnon-modular-include-in-framework-module -Werror\=non-modular-include-in-framework-module -Wno-trigraphs -Wno-missing-field-initializers -Wno-missing-prototypes -Wno-return-type -Wno-implicit-atomic-properties -Wno-objc-interface-ivars -Wno-arc-repeated-use-of-weak -Wno-missing-braces -Wparentheses -Wswitch -Wno-unused-function -Wno-unused-label -Wno-unused-parameter -Wno-unused-variable -Wunused-value -Wno-empty-body -Wno-uninitialized -Wno-unknown-pragmas -w -Wno-shadow -Wno-four-char-constants -Wno-conversion -Wno-constant-conversion -Wno-int-conversion -Wno-bool-conversion -Wno-enum-conversion -Wno-float-conversion -Wno-non-literal-null-conversion -Wno-objc-literal-conversion -Wshorten-64-to-32 -Wpointer-sign -Wno-newline-eof -Wno-selector -Wno-strict-selector-match -Wno-undeclared-selector -Wno-deprecated-implementations -Wno-implicit-fallthrough -fstrict-aliasing -Wprotocol -Wdeprecated-declarations -Wno-sign-conversion -Wno-infinite-recursion -Wno-comma -Wno-block-capture-autoreleasing -Wno-strict-prototypes -Wno-semicolon-before-method-body -index-store-path /Users/jordantranchina/Library/Developer/Xcode/DerivedData/GroceryWatch-cjpxcfkltfoqvcabomjerkquwnbi/Index.noindex/DataStore @/Users/jordantranchina/Library/Developer/Xcode/DerivedData/GroceryWatch-cjpxcfkltfoqvcabomjerkquwnbi/Build/Intermediates.noindex/Firebase.build/Debug-watchsimulator/FirebaseCoreExtension.build/Objects-normal/arm64/e6072d4f65d7061329687fe24e3d63a7-common-args.resp -include /Users/jordantranchina/Library/Developer/Xcode/DerivedData/GroceryWatch-cjpxcfkltfoqvcabomjerkquwnbi/Build/Intermediates.noindex/Firebase.build/Debug-watchsimulator/FirebaseCoreExtension.build/DerivedSources/resource_bundle_accessor.h -MMD -MT dependencies -MF /Users/jordantranchina/Library/Developer/Xcode/DerivedData/GroceryWatch-cjpxcfkltfoqvcabomjerkquwnbi/Build/Intermediates.noindex/Firebase.build/Debug-watchsimulator/FirebaseCoreExtension.build/Objects-normal/arm64/dummy.d --serialize-diagnostics /Users/jordantranchina/Library/Developer/Xcode/DerivedData/GroceryWatch-cjpxcfkltfoqvcabomjerkquwnbi/Build/Intermediates.noindex/Firebase.build/Debug-watchsimulator/FirebaseCoreExtension.build/Objects-normal/arm64/dummy.dia -c /Users/jordantranchina/Library/Developer/Xcode/DerivedData/GroceryWatch-cjpxcfkltfoqvcabomjerkquwnbi/SourcePackages/checkouts/firebase-ios-sdk/FirebaseCore/Extension/dummy.m -o /Users/jordantranchina/Library/Developer/Xcode/DerivedData/GroceryWatch-cjpxcfkltfoqvcabomjerkquwnbi/Build/Intermediates.noindex/Firebase.build/Debug-watchsimulator/FirebaseCoreExtension.build/Objects-normal/arm64/dummy.o -index-unit-output-path /Firebase.build/Debug-watchsimulator/FirebaseCoreExtension.build/Objects-normal/arm64/dummy.o

CompileC /Users/jordantranchina/Library/Developer/Xcode/DerivedData/GroceryWatch-cjpxcfkltfoqvcabomjerkquwnbi/Build/Intermediates.noindex/Promises.build/Debug-watchsimulator/FBLPromises.build/Objects-normal/x86_64/resource_bundle_accessor.o /Users/jordantranchina/Library/Developer/Xcode/DerivedData/GroceryWatch-cjpxcfkltfoqvcabomjerkquwnbi/Build/Intermediates.noindex/Promises.build/Debug-watchsimulator/FBLPromises.build/DerivedSources/resource_bundle_accessor.m normal x86_64 objective-c com.apple.compilers.llvm.clang.1_0.compiler (in target 'FBLPromises' from project 'Promises')
    cd /Users/jordantranchina/workspace/GroceryCheckList/ios/GroceryWatch/GroceryWatch.xcodeproj
    
    Using response file: /Users/jordantranchina/Library/Developer/Xcode/DerivedData/GroceryWatch-cjpxcfkltfoqvcabomjerkquwnbi/Build/Intermediates.noindex/Promises.build/Debug-watchsimulator/FBLPromises.build/Objects-normal/x86_64/e6072d4f65d7061329687fe24e3d63a7-common-args.resp
    
    /Applications/Xcode.app/Contents/Developer/Toolchains/XcodeDefault.xctoolchain/usr/bin/clang -x objective-c -ivfsstatcache /Users/jordantranchina/Library/Developer/Xcode/DerivedData/SDKStatCaches.noindex/watchsimulator26.2-23S303-963ebdd26732d23a23bcca82c2045e26.sdkstatcache -fmessage-length\=0 -fdiagnostics-show-note-include-stack -fmacro-backtrace-limit\=0 -fno-color-diagnostics -fmodules-prune-interval\=86400 -fmodules-prune-after\=345600 -fbuild-session-file\=/Users/jordantranchina/Library/Developer/Xcode/DerivedData/ModuleCache.noindex/Session.modulevalidation -fmodules-validate-once-per-build-session -Wnon-modular-include-in-framework-module -Werror\=non-modular-include-in-framework-module -Wno-trigraphs -Wno-missing-field-initializers -Wno-missing-prototypes -Wno-return-type -Wno-implicit-atomic-properties -Wno-objc-interface-ivars -Wno-arc-repeated-use-of-weak -Wno-missing-braces -Wparentheses -Wswitch -Wno-unused-function -Wno-unused-label -Wno-unused-parameter -Wno-unused-variable -Wunused-value -Wno-empty-body -Wno-uninitialized -Wno-unknown-pragmas -w -Wno-shadow -Wno-four-char-constants -Wno-conversion -Wno-constant-conversion -Wno-int-conversion -Wno-bool-conversion -Wno-enum-conversion -Wno-float-conversion -Wno-non-literal-null-conversion -Wno-objc-literal-conversion -Wshorten-64-to-32 -Wpointer-sign -Wno-newline-eof -Wno-selector -Wno-strict-selector-match -Wno-undeclared-selector -Wno-deprecated-implementations -Wno-implicit-fallthrough -fstrict-aliasing -Wprotocol -Wdeprecated-declarations -Wno-sign-conversion -Wno-infinite-recursion -Wno-comma -Wno-block-capture-autoreleasing -Wno-strict-prototypes -Wno-semicolon-before-method-body -index-store-path /Users/jordantranchina/Library/Developer/Xcode/DerivedData/GroceryWatch-cjpxcfkltfoqvcabomjerkquwnbi/Index.noindex/DataStore @/Users/jordantranchina/Library/Developer/Xcode/DerivedData/GroceryWatch-cjpxcfkltfoqvcabomjerkquwnbi/Build/Intermediates.noindex/Promises.build/Debug-watchsimulator/FBLPromises.build/Objects-normal/x86_64/e6072d4f65d7061329687fe24e3d63a7-common-args.resp -include /Users/jordantranchina/Library/Developer/Xcode/DerivedData/GroceryWatch-cjpxcfkltfoqvcabomjerkquwnbi/Build/Intermediates.noindex/Promises.build/Debug-watchsimulator/FBLPromises.build/DerivedSources/resource_bundle_accessor.h -MMD -MT dependencies -MF /Users/jordantranchina/Library/Developer/Xcode/DerivedData/GroceryWatch-cjpxcfkltfoqvcabomjerkquwnbi/Build/Intermediates.noindex/Promises.build/Debug-watchsimulator/FBLPromises.build/Objects-normal/x86_64/resource_bundle_accessor.d --serialize-diagnostics /Users/jordantranchina/Library/Developer/Xcode/DerivedData/GroceryWatch-cjpxcfkltfoqvcabomjerkquwnbi/Build/Intermediates.noindex/Promises.build/Debug-watchsimulator/FBLPromises.build/Objects-normal/x86_64/resource_bundle_accessor.dia -c /Users/jordantranchina/Library/Developer/Xcode/DerivedData/GroceryWatch-cjpxcfkltfoqvcabomjerkquwnbi/Build/Intermediates.noindex/Promises.build/Debug-watchsimulator/FBLPromises.build/DerivedSources/resource_bundle_accessor.m -o /Users/jordantranchina/Library/Developer/Xcode/DerivedData/GroceryWatch-cjpxcfkltfoqvcabomjerkquwnbi/Build/Intermediates.noindex/Promises.build/Debug-watchsimulator/FBLPromises.build/Objects-normal/x86_64/resource_bundle_accessor.o -index-unit-output-path /Promises.build/Debug-watchsimulator/FBLPromises.build/Objects-normal/x86_64/resource_bundle_accessor.o

CompileC /Users/jordantranchina/Library/Developer/Xcode/DerivedData/GroceryWatch-cjpxcfkltfoqvcabomjerkquwnbi/Build/Intermediates.noindex/Promises.build/Debug-watchsimulator/FBLPromises.build/Objects-normal/x86_64/FBLPromiseError.o /Users/jordantranchina/Library/Developer/Xcode/DerivedData/GroceryWatch-cjpxcfkltfoqvcabomjerkquwnbi/SourcePackages/checkouts/promises/Sources/FBLPromises/FBLPromiseError.m normal x86_64 objective-c com.apple.compilers.llvm.clang.1_0.compiler (in target 'FBLPromises' from project 'Promises')
    cd /Users/jordantranchina/workspace/GroceryCheckList/ios/GroceryWatch/GroceryWatch.xcodeproj
    
    Using response file: /Users/jordantranchina/Library/Developer/Xcode/DerivedData/GroceryWatch-cjpxcfkltfoqvcabomjerkquwnbi/Build/Intermediates.noindex/Promises.build/Debug-watchsimulator/FBLPromises.build/Objects-normal/x86_64/e6072d4f65d7061329687fe24e3d63a7-common-args.resp
    
    /Applications/Xcode.app/Contents/Developer/Toolchains/XcodeDefault.xctoolchain/usr/bin/clang -x objective-c -ivfsstatcache /Users/jordantranchina/Library/Developer/Xcode/DerivedData/SDKStatCaches.noindex/watchsimulator26.2-23S303-963ebdd26732d23a23bcca82c2045e26.sdkstatcache -fmessage-length\=0 -fdiagnostics-show-note-include-stack -fmacro-backtrace-limit\=0 -fno-color-diagnostics -fmodules-prune-interval\=86400 -fmodules-prune-after\=345600 -fbuild-session-file\=/Users/jordantranchina/Library/Developer/Xcode/DerivedData/ModuleCache.noindex/Session.modulevalidation -fmodules-validate-once-per-build-session -Wnon-modular-include-in-framework-module -Werror\=non-modular-include-in-framework-module -Wno-trigraphs -Wno-missing-field-initializers -Wno-missing-prototypes -Wno-return-type -Wno-implicit-atomic-properties -Wno-objc-interface-ivars -Wno-arc-repeated-use-of-weak -Wno-missing-braces -Wparentheses -Wswitch -Wno-unused-function -Wno-unused-label -Wno-unused-parameter -Wno-unused-variable -Wunused-value -Wno-empty-body -Wno-uninitialized -Wno-unknown-pragmas -w -Wno-shadow -Wno-four-char-constants -Wno-conversion -Wno-constant-conversion -Wno-int-conversion -Wno-bool-conversion -Wno-enum-conversion -Wno-float-conversion -Wno-non-literal-null-conversion -Wno-objc-literal-conversion -Wshorten-64-to-32 -Wpointer-sign -Wno-newline-eof -Wno-selector -Wno-strict-selector-match -Wno-undeclared-selector -Wno-deprecated-implementations -Wno-implicit-fallthrough -fstrict-aliasing -Wprotocol -Wdeprecated-declarations -Wno-sign-conversion -Wno-infinite-recursion -Wno-comma -Wno-block-capture-autoreleasing -Wno-strict-prototypes -Wno-semicolon-before-method-body -index-store-path /Users/jordantranchina/Library/Developer/Xcode/DerivedData/GroceryWatch-cjpxcfkltfoqvcabomjerkquwnbi/Index.noindex/DataStore @/Users/jordantranchina/Library/Developer/Xcode/DerivedData/GroceryWatch-cjpxcfkltfoqvcabomjerkquwnbi/Build/Intermediates.noindex/Promises.build/Debug-watchsimulator/FBLPromises.build/Objects-normal/x86_64/e6072d4f65d7061329687fe24e3d63a7-common-args.resp -include /Users/jordantranchina/Library/Developer/Xcode/DerivedData/GroceryWatch-cjpxcfkltfoqvcabomjerkquwnbi/Build/Intermediates.noindex/Promises.build/Debug-watchsimulator/FBLPromises.build/DerivedSources/resource_bundle_accessor.h -MMD -MT dependencies -MF /Users/jordantranchina/Library/Developer/Xcode/DerivedData/GroceryWatch-cjpxcfkltfoqvcabomjerkquwnbi/Build/Intermediates.noindex/Promises.build/Debug-watchsimulator/FBLPromises.build/Objects-normal/x86_64/FBLPromiseError.d --serialize-diagnostics /Users/jordantranchina/Library/Developer/Xcode/DerivedData/GroceryWatch-cjpxcfkltfoqvcabomjerkquwnbi/Build/Intermediates.noindex/Promises.build/Debug-watchsimulator/FBLPromises.build/Objects-normal/x86_64/FBLPromiseError.dia -c /Users/jordantranchina/Library/Developer/Xcode/DerivedData/GroceryWatch-cjpxcfkltfoqvcabomjerkquwnbi/SourcePackages/checkouts/promises/Sources/FBLPromises/FBLPromiseError.m -o /Users/jordantranchina/Library/Developer/Xcode/DerivedData/GroceryWatch-cjpxcfkltfoqvcabomjerkquwnbi/Build/Intermediates.noindex/Promises.build/Debug-watchsimulator/FBLPromises.build/Objects-normal/x86_64/FBLPromiseError.o -index-unit-output-path /Promises.build/Debug-watchsimulator/FBLPromises.build/Objects-normal/x86_64/FBLPromiseError.o

CompileC /Users/jordantranchina/Library/Developer/Xcode/DerivedData/GroceryWatch-cjpxcfkltfoqvcabomjerkquwnbi/Build/Intermediates.noindex/Promises.build/Debug-watchsimulator/FBLPromises.build/Objects-normal/x86_64/FBLPromise.o /Users/jordantranchina/Library/Developer/Xcode/DerivedData/GroceryWatch-cjpxcfkltfoqvcabomjerkquwnbi/SourcePackages/checkouts/promises/Sources/FBLPromises/FBLPromise.m normal x86_64 objective-c com.apple.compilers.llvm.clang.1_0.compiler (in target 'FBLPromises' from project 'Promises')
    cd /Users/jordantranchina/workspace/GroceryCheckList/ios/GroceryWatch/GroceryWatch.xcodeproj
    
    Using response file: /Users/jordantranchina/Library/Developer/Xcode/DerivedData/GroceryWatch-cjpxcfkltfoqvcabomjerkquwnbi/Build/Intermediates.noindex/Promises.build/Debug-watchsimulator/FBLPromises.build/Objects-normal/x86_64/e6072d4f65d7061329687fe24e3d63a7-common-args.resp
    
    /Applications/Xcode.app/Contents/Developer/Toolchains/XcodeDefault.xctoolchain/usr/bin/clang -x objective-c -ivfsstatcache /Users/jordantranchina/Library/Developer/Xcode/DerivedData/SDKStatCaches.noindex/watchsimulator26.2-23S303-963ebdd26732d23a23bcca82c2045e26.sdkstatcache -fmessage-length\=0 -fdiagnostics-show-note-include-stack -fmacro-backtrace-limit\=0 -fno-color-diagnostics -fmodules-prune-interval\=86400 -fmodules-prune-after\=345600 -fbuild-session-file\=/Users/jordantranchina/Library/Developer/Xcode/DerivedData/ModuleCache.noindex/Session.modulevalidation -fmodules-validate-once-per-build-session -Wnon-modular-include-in-framework-module -Werror\=non-modular-include-in-framework-module -Wno-trigraphs -Wno-missing-field-initializers -Wno-missing-prototypes -Wno-return-type -Wno-implicit-atomic-properties -Wno-objc-interface-ivars -Wno-arc-repeated-use-of-weak -Wno-missing-braces -Wparentheses -Wswitch -Wno-unused-function -Wno-unused-label -Wno-unused-parameter -Wno-unused-variable -Wunused-value -Wno-empty-body -Wno-uninitialized -Wno-unknown-pragmas -w -Wno-shadow -Wno-four-char-constants -Wno-conversion -Wno-constant-conversion -Wno-int-conversion -Wno-bool-conversion -Wno-enum-conversion -Wno-float-conversion -Wno-non-literal-null-conversion -Wno-objc-literal-conversion -Wshorten-64-to-32 -Wpointer-sign -Wno-newline-eof -Wno-selector -Wno-strict-selector-match -Wno-undeclared-selector -Wno-deprecated-implementations -Wno-implicit-fallthrough -fstrict-aliasing -Wprotocol -Wdeprecated-declarations -Wno-sign-conversion -Wno-infinite-recursion -Wno-comma -Wno-block-capture-autoreleasing -Wno-strict-prototypes -Wno-semicolon-before-method-body -index-store-path /Users/jordantranchina/Library/Developer/Xcode/DerivedData/GroceryWatch-cjpxcfkltfoqvcabomjerkquwnbi/Index.noindex/DataStore @/Users/jordantranchina/Library/Developer/Xcode/DerivedData/GroceryWatch-cjpxcfkltfoqvcabomjerkquwnbi/Build/Intermediates.noindex/Promises.build/Debug-watchsimulator/FBLPromises.build/Objects-normal/x86_64/e6072d4f65d7061329687fe24e3d63a7-common-args.resp -include /Users/jordantranchina/Library/Developer/Xcode/DerivedData/GroceryWatch-cjpxcfkltfoqvcabomjerkquwnbi/Build/Intermediates.noindex/Promises.build/Debug-watchsimulator/FBLPromises.build/DerivedSources/resource_bundle_accessor.h -MMD -MT dependencies -MF /Users/jordantranchina/Library/Developer/Xcode/DerivedData/GroceryWatch-cjpxcfkltfoqvcabomjerkquwnbi/Build/Intermediates.noindex/Promises.build/Debug-watchsimulator/FBLPromises.build/Objects-normal/x86_64/FBLPromise.d --serialize-diagnostics /Users/jordantranchina/Library/Developer/Xcode/DerivedData/GroceryWatch-cjpxcfkltfoqvcabomjerkquwnbi/Build/Intermediates.noindex/Promises.build/Debug-watchsimulator/FBLPromises.build/Objects-normal/x86_64/FBLPromise.dia -c /Users/jordantranchina/Library/Developer/Xcode/DerivedData/GroceryWatch-cjpxcfkltfoqvcabomjerkquwnbi/SourcePackages/checkouts/promises/Sources/FBLPromises/FBLPromise.m -o /Users/jordantranchina/Library/Developer/Xcode/DerivedData/GroceryWatch-cjpxcfkltfoqvcabomjerkquwnbi/Build/Intermediates.noindex/Promises.build/Debug-watchsimulator/FBLPromises.build/Objects-normal/x86_64/FBLPromise.o -index-unit-output-path /Promises.build/Debug-watchsimulator/FBLPromises.build/Objects-normal/x86_64/FBLPromise.o

CompileC /Users/jordantranchina/Library/Developer/Xcode/DerivedData/GroceryWatch-cjpxcfkltfoqvcabomjerkquwnbi/Build/Intermediates.noindex/Promises.build/Debug-watchsimulator/FBLPromises.build/Objects-normal/x86_64/FBLPromise+Wrap.o /Users/jordantranchina/Library/Developer/Xcode/DerivedData/GroceryWatch-cjpxcfkltfoqvcabomjerkquwnbi/SourcePackages/checkouts/promises/Sources/FBLPromises/FBLPromise+Wrap.m normal x86_64 objective-c com.apple.compilers.llvm.clang.1_0.compiler (in target 'FBLPromises' from project 'Promises')
    cd /Users/jordantranchina/workspace/GroceryCheckList/ios/GroceryWatch/GroceryWatch.xcodeproj
    
    Using response file: /Users/jordantranchina/Library/Developer/Xcode/DerivedData/GroceryWatch-cjpxcfkltfoqvcabomjerkquwnbi/Build/Intermediates.noindex/Promises.build/Debug-watchsimulator/FBLPromises.build/Objects-normal/x86_64/e6072d4f65d7061329687fe24e3d63a7-common-args.resp
    
    /Applications/Xcode.app/Contents/Developer/Toolchains/XcodeDefault.xctoolchain/usr/bin/clang -x objective-c -ivfsstatcache /Users/jordantranchina/Library/Developer/Xcode/DerivedData/SDKStatCaches.noindex/watchsimulator26.2-23S303-963ebdd26732d23a23bcca82c2045e26.sdkstatcache -fmessage-length\=0 -fdiagnostics-show-note-include-stack -fmacro-backtrace-limit\=0 -fno-color-diagnostics -fmodules-prune-interval\=86400 -fmodules-prune-after\=345600 -fbuild-session-file\=/Users/jordantranchina/Library/Developer/Xcode/DerivedData/ModuleCache.noindex/Session.modulevalidation -fmodules-validate-once-per-build-session -Wnon-modular-include-in-framework-module -Werror\=non-modular-include-in-framework-module -Wno-trigraphs -Wno-missing-field-initializers -Wno-missing-prototypes -Wno-return-type -Wno-implicit-atomic-properties -Wno-objc-interface-ivars -Wno-arc-repeated-use-of-weak -Wno-missing-braces -Wparentheses -Wswitch -Wno-unused-function -Wno-unused-label -Wno-unused-parameter -Wno-unused-variable -Wunused-value -Wno-empty-body -Wno-uninitialized -Wno-unknown-pragmas -w -Wno-shadow -Wno-four-char-constants -Wno-conversion -Wno-constant-conversion -Wno-int-conversion -Wno-bool-conversion -Wno-enum-conversion -Wno-float-conversion -Wno-non-literal-null-conversion -Wno-objc-literal-conversion -Wshorten-64-to-32 -Wpointer-sign -Wno-newline-eof -Wno-selector -Wno-strict-selector-match -Wno-undeclared-selector -Wno-deprecated-implementations -Wno-implicit-fallthrough -fstrict-aliasing -Wprotocol -Wdeprecated-declarations -Wno-sign-conversion -Wno-infinite-recursion -Wno-comma -Wno-block-capture-autoreleasing -Wno-strict-prototypes -Wno-semicolon-before-method-body -index-store-path /Users/jordantranchina/Library/Developer/Xcode/DerivedData/GroceryWatch-cjpxcfkltfoqvcabomjerkquwnbi/Index.noindex/DataStore @/Users/jordantranchina/Library/Developer/Xcode/DerivedData/GroceryWatch-cjpxcfkltfoqvcabomjerkquwnbi/Build/Intermediates.noindex/Promises.build/Debug-watchsimulator/FBLPromises.build/Objects-normal/x86_64/e6072d4f65d7061329687fe24e3d63a7-common-args.resp -include /Users/jordantranchina/Library/Developer/Xcode/DerivedData/GroceryWatch-cjpxcfkltfoqvcabomjerkquwnbi/Build/Intermediates.noindex/Promises.build/Debug-watchsimulator/FBLPromises.build/DerivedSources/resource_bundle_accessor.h -MMD -MT dependencies -MF /Users/jordantranchina/Library/Developer/Xcode/DerivedData/GroceryWatch-cjpxcfkltfoqvcabomjerkquwnbi/Build/Intermediates.noindex/Promises.build/Debug-watchsimulator/FBLPromises.build/Objects-normal/x86_64/FBLPromise+Wrap.d --serialize-diagnostics /Users/jordantranchina/Library/Developer/Xcode/DerivedData/GroceryWatch-cjpxcfkltfoqvcabomjerkquwnbi/Build/Intermediates.noindex/Promises.build/Debug-watchsimulator/FBLPromises.build/Objects-normal/x86_64/FBLPromise+Wrap.dia -c /Users/jordantranchina/Library/Developer/Xcode/DerivedData/GroceryWatch-cjpxcfkltfoqvcabomjerkquwnbi/SourcePackages/checkouts/promises/Sources/FBLPromises/FBLPromise+Wrap.m -o /Users/jordantranchina/Library/Developer/Xcode/DerivedData/GroceryWatch-cjpxcfkltfoqvcabomjerkquwnbi/Build/Intermediates.noindex/Promises.build/Debug-watchsimulator/FBLPromises.build/Objects-normal/x86_64/FBLPromise+Wrap.o -index-unit-output-path /Promises.build/Debug-watchsimulator/FBLPromises.build/Objects-normal/x86_64/FBLPromise+Wrap.o

CompileC /Users/jordantranchina/Library/Developer/Xcode/DerivedData/GroceryWatch-cjpxcfkltfoqvcabomjerkquwnbi/Build/Intermediates.noindex/Promises.build/Debug-watchsimulator/FBLPromises.build/Objects-normal/x86_64/FBLPromise+Validate.o /Users/jordantranchina/Library/Developer/Xcode/DerivedData/GroceryWatch-cjpxcfkltfoqvcabomjerkquwnbi/SourcePackages/checkouts/promises/Sources/FBLPromises/FBLPromise+Validate.m normal x86_64 objective-c com.apple.compilers.llvm.clang.1_0.compiler (in target 'FBLPromises' from project 'Promises')
    cd /Users/jordantranchina/workspace/GroceryCheckList/ios/GroceryWatch/GroceryWatch.xcodeproj
    
    Using response file: /Users/jordantranchina/Library/Developer/Xcode/DerivedData/GroceryWatch-cjpxcfkltfoqvcabomjerkquwnbi/Build/Intermediates.noindex/Promises.build/Debug-watchsimulator/FBLPromises.build/Objects-normal/x86_64/e6072d4f65d7061329687fe24e3d63a7-common-args.resp
    
    /Applications/Xcode.app/Contents/Developer/Toolchains/XcodeDefault.xctoolchain/usr/bin/clang -x objective-c -ivfsstatcache /Users/jordantranchina/Library/Developer/Xcode/DerivedData/SDKStatCaches.noindex/watchsimulator26.2-23S303-963ebdd26732d23a23bcca82c2045e26.sdkstatcache -fmessage-length\=0 -fdiagnostics-show-note-include-stack -fmacro-backtrace-limit\=0 -fno-color-diagnostics -fmodules-prune-interval\=86400 -fmodules-prune-after\=345600 -fbuild-session-file\=/Users/jordantranchina/Library/Developer/Xcode/DerivedData/ModuleCache.noindex/Session.modulevalidation -fmodules-validate-once-per-build-session -Wnon-modular-include-in-framework-module -Werror\=non-modular-include-in-framework-module -Wno-trigraphs -Wno-missing-field-initializers -Wno-missing-prototypes -Wno-return-type -Wno-implicit-atomic-properties -Wno-objc-interface-ivars -Wno-arc-repeated-use-of-weak -Wno-missing-braces -Wparentheses -Wswitch -Wno-unused-function -Wno-unused-label -Wno-unused-parameter -Wno-unused-variable -Wunused-value -Wno-empty-body -Wno-uninitialized -Wno-unknown-pragmas -w -Wno-shadow -Wno-four-char-constants -Wno-conversion -Wno-constant-conversion -Wno-int-conversion -Wno-bool-conversion -Wno-enum-conversion -Wno-float-conversion -Wno-non-literal-null-conversion -Wno-objc-literal-conversion -Wshorten-64-to-32 -Wpointer-sign -Wno-newline-eof -Wno-selector -Wno-strict-selector-match -Wno-undeclared-selector -Wno-deprecated-implementations -Wno-implicit-fallthrough -fstrict-aliasing -Wprotocol -Wdeprecated-declarations -Wno-sign-conversion -Wno-infinite-recursion -Wno-comma -Wno-block-capture-autoreleasing -Wno-strict-prototypes -Wno-semicolon-before-method-body -index-store-path /Users/jordantranchina/Library/Developer/Xcode/DerivedData/GroceryWatch-cjpxcfkltfoqvcabomjerkquwnbi/Index.noindex/DataStore @/Users/jordantranchina/Library/Developer/Xcode/DerivedData/GroceryWatch-cjpxcfkltfoqvcabomjerkquwnbi/Build/Intermediates.noindex/Promises.build/Debug-watchsimulator/FBLPromises.build/Objects-normal/x86_64/e6072d4f65d7061329687fe24e3d63a7-common-args.resp -include /Users/jordantranchina/Library/Developer/Xcode/DerivedData/GroceryWatch-cjpxcfkltfoqvcabomjerkquwnbi/Build/Intermediates.noindex/Promises.build/Debug-watchsimulator/FBLPromises.build/DerivedSources/resource_bundle_accessor.h -MMD -MT dependencies -MF /Users/jordantranchina/Library/Developer/Xcode/DerivedData/GroceryWatch-cjpxcfkltfoqvcabomjerkquwnbi/Build/Intermediates.noindex/Promises.build/Debug-watchsimulator/FBLPromises.build/Objects-normal/x86_64/FBLPromise+Validate.d --serialize-diagnostics /Users/jordantranchina/Library/Developer/Xcode/DerivedData/GroceryWatch-cjpxcfkltfoqvcabomjerkquwnbi/Build/Intermediates.noindex/Promises.build/Debug-watchsimulator/FBLPromises.build/Objects-normal/x86_64/FBLPromise+Validate.dia -c /Users/jordantranchina/Library/Developer/Xcode/DerivedData/GroceryWatch-cjpxcfkltfoqvcabomjerkquwnbi/SourcePackages/checkouts/promises/Sources/FBLPromises/FBLPromise+Validate.m -o /Users/jordantranchina/Library/Developer/Xcode/DerivedData/GroceryWatch-cjpxcfkltfoqvcabomjerkquwnbi/Build/Intermediates.noindex/Promises.build/Debug-watchsimulator/FBLPromises.build/Objects-normal/x86_64/FBLPromise+Validate.o -index-unit-output-path /Promises.build/Debug-watchsimulator/FBLPromises.build/Objects-normal/x86_64/FBLPromise+Validate.o

CompileC /Users/jordantranchina/Library/Developer/Xcode/DerivedData/GroceryWatch-cjpxcfkltfoqvcabomjerkquwnbi/Build/Intermediates.noindex/Promises.build/Debug-watchsimulator/FBLPromises.build/Objects-normal/x86_64/FBLPromise+Timeout.o /Users/jordantranchina/Library/Developer/Xcode/DerivedData/GroceryWatch-cjpxcfkltfoqvcabomjerkquwnbi/SourcePackages/checkouts/promises/Sources/FBLPromises/FBLPromise+Timeout.m normal x86_64 objective-c com.apple.compilers.llvm.clang.1_0.compiler (in target 'FBLPromises' from project 'Promises')
    cd /Users/jordantranchina/workspace/GroceryCheckList/ios/GroceryWatch/GroceryWatch.xcodeproj
    
    Using response file: /Users/jordantranchina/Library/Developer/Xcode/DerivedData/GroceryWatch-cjpxcfkltfoqvcabomjerkquwnbi/Build/Intermediates.noindex/Promises.build/Debug-watchsimulator/FBLPromises.build/Objects-normal/x86_64/e6072d4f65d7061329687fe24e3d63a7-common-args.resp
    
    /Applications/Xcode.app/Contents/Developer/Toolchains/XcodeDefault.xctoolchain/usr/bin/clang -x objective-c -ivfsstatcache /Users/jordantranchina/Library/Developer/Xcode/DerivedData/SDKStatCaches.noindex/watchsimulator26.2-23S303-963ebdd26732d23a23bcca82c2045e26.sdkstatcache -fmessage-length\=0 -fdiagnostics-show-note-include-stack -fmacro-backtrace-limit\=0 -fno-color-diagnostics -fmodules-prune-interval\=86400 -fmodules-prune-after\=345600 -fbuild-session-file\=/Users/jordantranchina/Library/Developer/Xcode/DerivedData/ModuleCache.noindex/Session.modulevalidation -fmodules-validate-once-per-build-session -Wnon-modular-include-in-framework-module -Werror\=non-modular-include-in-framework-module -Wno-trigraphs -Wno-missing-field-initializers -Wno-missing-prototypes -Wno-return-type -Wno-implicit-atomic-properties -Wno-objc-interface-ivars -Wno-arc-repeated-use-of-weak -Wno-missing-braces -Wparentheses -Wswitch -Wno-unused-function -Wno-unused-label -Wno-unused-parameter -Wno-unused-variable -Wunused-value -Wno-empty-body -Wno-uninitialized -Wno-unknown-pragmas -w -Wno-shadow -Wno-four-char-constants -Wno-conversion -Wno-constant-conversion -Wno-int-conversion -Wno-bool-conversion -Wno-enum-conversion -Wno-float-conversion -Wno-non-literal-null-conversion -Wno-objc-literal-conversion -Wshorten-64-to-32 -Wpointer-sign -Wno-newline-eof -Wno-selector -Wno-strict-selector-match -Wno-undeclared-selector -Wno-deprecated-implementations -Wno-implicit-fallthrough -fstrict-aliasing -Wprotocol -Wdeprecated-declarations -Wno-sign-conversion -Wno-infinite-recursion -Wno-comma -Wno-block-capture-autoreleasing -Wno-strict-prototypes -Wno-semicolon-before-method-body -index-store-path /Users/jordantranchina/Library/Developer/Xcode/DerivedData/GroceryWatch-cjpxcfkltfoqvcabomjerkquwnbi/Index.noindex/DataStore @/Users/jordantranchina/Library/Developer/Xcode/DerivedData/GroceryWatch-cjpxcfkltfoqvcabomjerkquwnbi/Build/Intermediates.noindex/Promises.build/Debug-watchsimulator/FBLPromises.build/Objects-normal/x86_64/e6072d4f65d7061329687fe24e3d63a7-common-args.resp -include /Users/jordantranchina/Library/Developer/Xcode/DerivedData/GroceryWatch-cjpxcfkltfoqvcabomjerkquwnbi/Build/Intermediates.noindex/Promises.build/Debug-watchsimulator/FBLPromises.build/DerivedSources/resource_bundle_accessor.h -MMD -MT dependencies -MF /Users/jordantranchina/Library/Developer/Xcode/DerivedData/GroceryWatch-cjpxcfkltfoqvcabomjerkquwnbi/Build/Intermediates.noindex/Promises.build/Debug-watchsimulator/FBLPromises.build/Objects-normal/x86_64/FBLPromise+Timeout.d --serialize-diagnostics /Users/jordantranchina/Library/Developer/Xcode/DerivedData/GroceryWatch-cjpxcfkltfoqvcabomjerkquwnbi/Build/Intermediates.noindex/Promises.build/Debug-watchsimulator/FBLPromises.build/Objects-normal/x86_64/FBLPromise+Timeout.dia -c /Users/jordantranchina/Library/Developer/Xcode/DerivedData/GroceryWatch-cjpxcfkltfoqvcabomjerkquwnbi/SourcePackages/checkouts/promises/Sources/FBLPromises/FBLPromise+Timeout.m -o /Users/jordantranchina/Library/Developer/Xcode/DerivedData/GroceryWatch-cjpxcfkltfoqvcabomjerkquwnbi/Build/Intermediates.noindex/Promises.build/Debug-watchsimulator/FBLPromises.build/Objects-normal/x86_64/FBLPromise+Timeout.o -index-unit-output-path /Promises.build/Debug-watchsimulator/FBLPromises.build/Objects-normal/x86_64/FBLPromise+Timeout.o

Ld /Users/jordantranchina/Library/Developer/Xcode/DerivedData/GroceryWatch-cjpxcfkltfoqvcabomjerkquwnbi/Build/Intermediates.noindex/Firebase.build/Debug-watchsimulator/FirebaseCoreExtension.build/Objects-normal/arm64/Binary/FirebaseCoreExtension.o normal arm64 (in target 'FirebaseCoreExtension' from project 'Firebase')
    cd /Users/jordantranchina/Library/Developer/Xcode/DerivedData/GroceryWatch-cjpxcfkltfoqvcabomjerkquwnbi/SourcePackages/checkouts/firebase-ios-sdk
    /Applications/Xcode.app/Contents/Developer/Toolchains/XcodeDefault.xctoolchain/usr/bin/clang -Xlinker -reproducible -target arm64-apple-watchos7.0-simulator -r -isysroot /Applications/Xcode.app/Contents/Developer/Platforms/WatchSimulator.platform/Developer/SDKs/WatchSimulator26.2.sdk -O0 -w -L/Users/jordantranchina/Library/Developer/Xcode/DerivedData/GroceryWatch-cjpxcfkltfoqvcabomjerkquwnbi/Build/Intermediates.noindex/EagerLinkingTBDs/Debug-watchsimulator -L/Users/jordantranchina/Library/Developer/Xcode/DerivedData/GroceryWatch-cjpxcfkltfoqvcabomjerkquwnbi/Build/Products/Debug-watchsimulator -L/Applications/Xcode.app/Contents/Developer/Platforms/WatchSimulator.platform/Developer/usr/lib -F/Users/jordantranchina/Library/Developer/Xcode/DerivedData/GroceryWatch-cjpxcfkltfoqvcabomjerkquwnbi/Build/Intermediates.noindex/EagerLinkingTBDs/Debug-watchsimulator -F/Users/jordantranchina/Library/Developer/Xcode/DerivedData/GroceryWatch-cjpxcfkltfoqvcabomjerkquwnbi/Build/Products/Debug-watchsimulator -iframework /Applications/Xcode.app/Contents/Developer/Platforms/WatchSimulator.platform/Developer/Library/Frameworks -iframework /Applications/Xcode.app/Contents/Developer/Platforms/WatchSimulator.platform/Developer/SDKs/WatchSimulator26.2.sdk/Developer/Library/Frameworks -filelist /Users/jordantranchina/Library/Developer/Xcode/DerivedData/GroceryWatch-cjpxcfkltfoqvcabomjerkquwnbi/Build/Intermediates.noindex/Firebase.build/Debug-watchsimulator/FirebaseCoreExtension.build/Objects-normal/arm64/FirebaseCoreExtension.LinkFileList -nostdlib -Xlinker -object_path_lto -Xlinker /Users/jordantranchina/Library/Developer/Xcode/DerivedData/GroceryWatch-cjpxcfkltfoqvcabomjerkquwnbi/Build/Intermediates.noindex/Firebase.build/Debug-watchsimulator/FirebaseCoreExtension.build/Objects-normal/arm64/FirebaseCoreExtension_lto.o -rdynamic -Xlinker -no_deduplicate -Xlinker -objc_abi_version -Xlinker 2 -Xlinker -dependency_info -Xlinker /Users/jordantranchina/Library/Developer/Xcode/DerivedData/GroceryWatch-cjpxcfkltfoqvcabomjerkquwnbi/Build/Intermediates.noindex/Firebase.build/Debug-watchsimulator/FirebaseCoreExtension.build/Objects-normal/arm64/FirebaseCoreExtension_dependency_info.dat -fobjc-arc -fobjc-link-runtime -o /Users/jordantranchina/Library/Developer/Xcode/DerivedData/GroceryWatch-cjpxcfkltfoqvcabomjerkquwnbi/Build/Intermediates.noindex/Firebase.build/Debug-watchsimulator/FirebaseCoreExtension.build/Objects-normal/arm64/Binary/FirebaseCoreExtension.o

CompileC /Users/jordantranchina/Library/Developer/Xcode/DerivedData/GroceryWatch-cjpxcfkltfoqvcabomjerkquwnbi/Build/Intermediates.noindex/Promises.build/Debug-watchsimulator/FBLPromises.build/Objects-normal/x86_64/FBLPromise+Then.o /Users/jordantranchina/Library/Developer/Xcode/DerivedData/GroceryWatch-cjpxcfkltfoqvcabomjerkquwnbi/SourcePackages/checkouts/promises/Sources/FBLPromises/FBLPromise+Then.m normal x86_64 objective-c com.apple.compilers.llvm.clang.1_0.compiler (in target 'FBLPromises' from project 'Promises')
    cd /Users/jordantranchina/workspace/GroceryCheckList/ios/GroceryWatch/GroceryWatch.xcodeproj
    
    Using response file: /Users/jordantranchina/Library/Developer/Xcode/DerivedData/GroceryWatch-cjpxcfkltfoqvcabomjerkquwnbi/Build/Intermediates.noindex/Promises.build/Debug-watchsimulator/FBLPromises.build/Objects-normal/x86_64/e6072d4f65d7061329687fe24e3d63a7-common-args.resp
    
    /Applications/Xcode.app/Contents/Developer/Toolchains/XcodeDefault.xctoolchain/usr/bin/clang -x objective-c -ivfsstatcache /Users/jordantranchina/Library/Developer/Xcode/DerivedData/SDKStatCaches.noindex/watchsimulator26.2-23S303-963ebdd26732d23a23bcca82c2045e26.sdkstatcache -fmessage-length\=0 -fdiagnostics-show-note-include-stack -fmacro-backtrace-limit\=0 -fno-color-diagnostics -fmodules-prune-interval\=86400 -fmodules-prune-after\=345600 -fbuild-session-file\=/Users/jordantranchina/Library/Developer/Xcode/DerivedData/ModuleCache.noindex/Session.modulevalidation -fmodules-validate-once-per-build-session -Wnon-modular-include-in-framework-module -Werror\=non-modular-include-in-framework-module -Wno-trigraphs -Wno-missing-field-initializers -Wno-missing-prototypes -Wno-return-type -Wno-implicit-atomic-properties -Wno-objc-interface-ivars -Wno-arc-repeated-use-of-weak -Wno-missing-braces -Wparentheses -Wswitch -Wno-unused-function -Wno-unused-label -Wno-unused-parameter -Wno-unused-variable -Wunused-value -Wno-empty-body -Wno-uninitialized -Wno-unknown-pragmas -w -Wno-shadow -Wno-four-char-constants -Wno-conversion -Wno-constant-conversion -Wno-int-conversion -Wno-bool-conversion -Wno-enum-conversion -Wno-float-conversion -Wno-non-literal-null-conversion -Wno-objc-literal-conversion -Wshorten-64-to-32 -Wpointer-sign -Wno-newline-eof -Wno-selector -Wno-strict-selector-match -Wno-undeclared-selector -Wno-deprecated-implementations -Wno-implicit-fallthrough -fstrict-aliasing -Wprotocol -Wdeprecated-declarations -Wno-sign-conversion -Wno-infinite-recursion -Wno-comma -Wno-block-capture-autoreleasing -Wno-strict-prototypes -Wno-semicolon-before-method-body -index-store-path /Users/jordantranchina/Library/Developer/Xcode/DerivedData/GroceryWatch-cjpxcfkltfoqvcabomjerkquwnbi/Index.noindex/DataStore @/Users/jordantranchina/Library/Developer/Xcode/DerivedData/GroceryWatch-cjpxcfkltfoqvcabomjerkquwnbi/Build/Intermediates.noindex/Promises.build/Debug-watchsimulator/FBLPromises.build/Objects-normal/x86_64/e6072d4f65d7061329687fe24e3d63a7-common-args.resp -include /Users/jordantranchina/Library/Developer/Xcode/DerivedData/GroceryWatch-cjpxcfkltfoqvcabomjerkquwnbi/Build/Intermediates.noindex/Promises.build/Debug-watchsimulator/FBLPromises.build/DerivedSources/resource_bundle_accessor.h -MMD -MT dependencies -MF /Users/jordantranchina/Library/Developer/Xcode/DerivedData/GroceryWatch-cjpxcfkltfoqvcabomjerkquwnbi/Build/Intermediates.noindex/Promises.build/Debug-watchsimulator/FBLPromises.build/Objects-normal/x86_64/FBLPromise+Then.d --serialize-diagnostics /Users/jordantranchina/Library/Developer/Xcode/DerivedData/GroceryWatch-cjpxcfkltfoqvcabomjerkquwnbi/Build/Intermediates.noindex/Promises.build/Debug-watchsimulator/FBLPromises.build/Objects-normal/x86_64/FBLPromise+Then.dia -c /Users/jordantranchina/Library/Developer/Xcode/DerivedData/GroceryWatch-cjpxcfkltfoqvcabomjerkquwnbi/SourcePackages/checkouts/promises/Sources/FBLPromises/FBLPromise+Then.m -o /Users/jordantranchina/Library/Developer/Xcode/DerivedData/GroceryWatch-cjpxcfkltfoqvcabomjerkquwnbi/Build/Intermediates.noindex/Promises.build/Debug-watchsimulator/FBLPromises.build/Objects-normal/x86_64/FBLPromise+Then.o -index-unit-output-path /Promises.build/Debug-watchsimulator/FBLPromises.build/Objects-normal/x86_64/FBLPromise+Then.o

CompileC /Users/jordantranchina/Library/Developer/Xcode/DerivedData/GroceryWatch-cjpxcfkltfoqvcabomjerkquwnbi/Build/Intermediates.noindex/Promises.build/Debug-watchsimulator/FBLPromises.build/Objects-normal/x86_64/FBLPromise+Testing.o /Users/jordantranchina/Library/Developer/Xcode/DerivedData/GroceryWatch-cjpxcfkltfoqvcabomjerkquwnbi/SourcePackages/checkouts/promises/Sources/FBLPromises/FBLPromise+Testing.m normal x86_64 objective-c com.apple.compilers.llvm.clang.1_0.compiler (in target 'FBLPromises' from project 'Promises')
    cd /Users/jordantranchina/workspace/GroceryCheckList/ios/GroceryWatch/GroceryWatch.xcodeproj
    
    Using response file: /Users/jordantranchina/Library/Developer/Xcode/DerivedData/GroceryWatch-cjpxcfkltfoqvcabomjerkquwnbi/Build/Intermediates.noindex/Promises.build/Debug-watchsimulator/FBLPromises.build/Objects-normal/x86_64/e6072d4f65d7061329687fe24e3d63a7-common-args.resp
    
    /Applications/Xcode.app/Contents/Developer/Toolchains/XcodeDefault.xctoolchain/usr/bin/clang -x objective-c -ivfsstatcache /Users/jordantranchina/Library/Developer/Xcode/DerivedData/SDKStatCaches.noindex/watchsimulator26.2-23S303-963ebdd26732d23a23bcca82c2045e26.sdkstatcache -fmessage-length\=0 -fdiagnostics-show-note-include-stack -fmacro-backtrace-limit\=0 -fno-color-diagnostics -fmodules-prune-interval\=86400 -fmodules-prune-after\=345600 -fbuild-session-file\=/Users/jordantranchina/Library/Developer/Xcode/DerivedData/ModuleCache.noindex/Session.modulevalidation -fmodules-validate-once-per-build-session -Wnon-modular-include-in-framework-module -Werror\=non-modular-include-in-framework-module -Wno-trigraphs -Wno-missing-field-initializers -Wno-missing-prototypes -Wno-return-type -Wno-implicit-atomic-properties -Wno-objc-interface-ivars -Wno-arc-repeated-use-of-weak -Wno-missing-braces -Wparentheses -Wswitch -Wno-unused-function -Wno-unused-label -Wno-unused-parameter -Wno-unused-variable -Wunused-value -Wno-empty-body -Wno-uninitialized -Wno-unknown-pragmas -w -Wno-shadow -Wno-four-char-constants -Wno-conversion -Wno-constant-conversion -Wno-int-conversion -Wno-bool-conversion -Wno-enum-conversion -Wno-float-conversion -Wno-non-literal-null-conversion -Wno-objc-literal-conversion -Wshorten-64-to-32 -Wpointer-sign -Wno-newline-eof -Wno-selector -Wno-strict-selector-match -Wno-undeclared-selector -Wno-deprecated-implementations -Wno-implicit-fallthrough -fstrict-aliasing -Wprotocol -Wdeprecated-declarations -Wno-sign-conversion -Wno-infinite-recursion -Wno-comma -Wno-block-capture-autoreleasing -Wno-strict-prototypes -Wno-semicolon-before-method-body -index-store-path /Users/jordantranchina/Library/Developer/Xcode/DerivedData/GroceryWatch-cjpxcfkltfoqvcabomjerkquwnbi/Index.noindex/DataStore @/Users/jordantranchina/Library/Developer/Xcode/DerivedData/GroceryWatch-cjpxcfkltfoqvcabomjerkquwnbi/Build/Intermediates.noindex/Promises.build/Debug-watchsimulator/FBLPromises.build/Objects-normal/x86_64/e6072d4f65d7061329687fe24e3d63a7-common-args.resp -include /Users/jordantranchina/Library/Developer/Xcode/DerivedData/GroceryWatch-cjpxcfkltfoqvcabomjerkquwnbi/Build/Intermediates.noindex/Promises.build/Debug-watchsimulator/FBLPromises.build/DerivedSources/resource_bundle_accessor.h -MMD -MT dependencies -MF /Users/jordantranchina/Library/Developer/Xcode/DerivedData/GroceryWatch-cjpxcfkltfoqvcabomjerkquwnbi/Build/Intermediates.noindex/Promises.build/Debug-watchsimulator/FBLPromises.build/Objects-normal/x86_64/FBLPromise+Testing.d --serialize-diagnostics /Users/jordantranchina/Library/Developer/Xcode/DerivedData/GroceryWatch-cjpxcfkltfoqvcabomjerkquwnbi/Build/Intermediates.noindex/Promises.build/Debug-watchsimulator/FBLPromises.build/Objects-normal/x86_64/FBLPromise+Testing.dia -c /Users/jordantranchina/Library/Developer/Xcode/DerivedData/GroceryWatch-cjpxcfkltfoqvcabomjerkquwnbi/SourcePackages/checkouts/promises/Sources/FBLPromises/FBLPromise+Testing.m -o /Users/jordantranchina/Library/Developer/Xcode/DerivedData/GroceryWatch-cjpxcfkltfoqvcabomjerkquwnbi/Build/Intermediates.noindex/Promises.build/Debug-watchsimulator/FBLPromises.build/Objects-normal/x86_64/FBLPromise+Testing.o -index-unit-output-path /Promises.build/Debug-watchsimulator/FBLPromises.build/Objects-normal/x86_64/FBLPromise+Testing.o

CompileC /Users/jordantranchina/Library/Developer/Xcode/DerivedData/GroceryWatch-cjpxcfkltfoqvcabomjerkquwnbi/Build/Intermediates.noindex/Promises.build/Debug-watchsimulator/FBLPromises.build/Objects-normal/x86_64/FBLPromise+Retry.o /Users/jordantranchina/Library/Developer/Xcode/DerivedData/GroceryWatch-cjpxcfkltfoqvcabomjerkquwnbi/SourcePackages/checkouts/promises/Sources/FBLPromises/FBLPromise+Retry.m normal x86_64 objective-c com.apple.compilers.llvm.clang.1_0.compiler (in target 'FBLPromises' from project 'Promises')
    cd /Users/jordantranchina/workspace/GroceryCheckList/ios/GroceryWatch/GroceryWatch.xcodeproj
    
    Using response file: /Users/jordantranchina/Library/Developer/Xcode/DerivedData/GroceryWatch-cjpxcfkltfoqvcabomjerkquwnbi/Build/Intermediates.noindex/Promises.build/Debug-watchsimulator/FBLPromises.build/Objects-normal/x86_64/e6072d4f65d7061329687fe24e3d63a7-common-args.resp
    
    /Applications/Xcode.app/Contents/Developer/Toolchains/XcodeDefault.xctoolchain/usr/bin/clang -x objective-c -ivfsstatcache /Users/jordantranchina/Library/Developer/Xcode/DerivedData/SDKStatCaches.noindex/watchsimulator26.2-23S303-963ebdd26732d23a23bcca82c2045e26.sdkstatcache -fmessage-length\=0 -fdiagnostics-show-note-include-stack -fmacro-backtrace-limit\=0 -fno-color-diagnostics -fmodules-prune-interval\=86400 -fmodules-prune-after\=345600 -fbuild-session-file\=/Users/jordantranchina/Library/Developer/Xcode/DerivedData/ModuleCache.noindex/Session.modulevalidation -fmodules-validate-once-per-build-session -Wnon-modular-include-in-framework-module -Werror\=non-modular-include-in-framework-module -Wno-trigraphs -Wno-missing-field-initializers -Wno-missing-prototypes -Wno-return-type -Wno-implicit-atomic-properties -Wno-objc-interface-ivars -Wno-arc-repeated-use-of-weak -Wno-missing-braces -Wparentheses -Wswitch -Wno-unused-function -Wno-unused-label -Wno-unused-parameter -Wno-unused-variable -Wunused-value -Wno-empty-body -Wno-uninitialized -Wno-unknown-pragmas -w -Wno-shadow -Wno-four-char-constants -Wno-conversion -Wno-constant-conversion -Wno-int-conversion -Wno-bool-conversion -Wno-enum-conversion -Wno-float-conversion -Wno-non-literal-null-conversion -Wno-objc-literal-conversion -Wshorten-64-to-32 -Wpointer-sign -Wno-newline-eof -Wno-selector -Wno-strict-selector-match -Wno-undeclared-selector -Wno-deprecated-implementations -Wno-implicit-fallthrough -fstrict-aliasing -Wprotocol -Wdeprecated-declarations -Wno-sign-conversion -Wno-infinite-recursion -Wno-comma -Wno-block-capture-autoreleasing -Wno-strict-prototypes -Wno-semicolon-before-method-body -index-store-path /Users/jordantranchina/Library/Developer/Xcode/DerivedData/GroceryWatch-cjpxcfkltfoqvcabomjerkquwnbi/Index.noindex/DataStore @/Users/jordantranchina/Library/Developer/Xcode/DerivedData/GroceryWatch-cjpxcfkltfoqvcabomjerkquwnbi/Build/Intermediates.noindex/Promises.build/Debug-watchsimulator/FBLPromises.build/Objects-normal/x86_64/e6072d4f65d7061329687fe24e3d63a7-common-args.resp -include /Users/jordantranchina/Library/Developer/Xcode/DerivedData/GroceryWatch-cjpxcfkltfoqvcabomjerkquwnbi/Build/Intermediates.noindex/Promises.build/Debug-watchsimulator/FBLPromises.build/DerivedSources/resource_bundle_accessor.h -MMD -MT dependencies -MF /Users/jordantranchina/Library/Developer/Xcode/DerivedData/GroceryWatch-cjpxcfkltfoqvcabomjerkquwnbi/Build/Intermediates.noindex/Promises.build/Debug-watchsimulator/FBLPromises.build/Objects-normal/x86_64/FBLPromise+Retry.d --serialize-diagnostics /Users/jordantranchina/Library/Developer/Xcode/DerivedData/GroceryWatch-cjpxcfkltfoqvcabomjerkquwnbi/Build/Intermediates.noindex/Promises.build/Debug-watchsimulator/FBLPromises.build/Objects-normal/x86_64/FBLPromise+Retry.dia -c /Users/jordantranchina/Library/Developer/Xcode/DerivedData/GroceryWatch-cjpxcfkltfoqvcabomjerkquwnbi/SourcePackages/checkouts/promises/Sources/FBLPromises/FBLPromise+Retry.m -o /Users/jordantranchina/Library/Developer/Xcode/DerivedData/GroceryWatch-cjpxcfkltfoqvcabomjerkquwnbi/Build/Intermediates.noindex/Promises.build/Debug-watchsimulator/FBLPromises.build/Objects-normal/x86_64/FBLPromise+Retry.o -index-unit-output-path /Promises.build/Debug-watchsimulator/FBLPromises.build/Objects-normal/x86_64/FBLPromise+Retry.o

CompileC /Users/jordantranchina/Library/Developer/Xcode/DerivedData/GroceryWatch-cjpxcfkltfoqvcabomjerkquwnbi/Build/Intermediates.noindex/Promises.build/Debug-watchsimulator/FBLPromises.build/Objects-normal/x86_64/FBLPromise+Reduce.o /Users/jordantranchina/Library/Developer/Xcode/DerivedData/GroceryWatch-cjpxcfkltfoqvcabomjerkquwnbi/SourcePackages/checkouts/promises/Sources/FBLPromises/FBLPromise+Reduce.m normal x86_64 objective-c com.apple.compilers.llvm.clang.1_0.compiler (in target 'FBLPromises' from project 'Promises')
    cd /Users/jordantranchina/workspace/GroceryCheckList/ios/GroceryWatch/GroceryWatch.xcodeproj
    
    Using response file: /Users/jordantranchina/Library/Developer/Xcode/DerivedData/GroceryWatch-cjpxcfkltfoqvcabomjerkquwnbi/Build/Intermediates.noindex/Promises.build/Debug-watchsimulator/FBLPromises.build/Objects-normal/x86_64/e6072d4f65d7061329687fe24e3d63a7-common-args.resp
    
    /Applications/Xcode.app/Contents/Developer/Toolchains/XcodeDefault.xctoolchain/usr/bin/clang -x objective-c -ivfsstatcache /Users/jordantranchina/Library/Developer/Xcode/DerivedData/SDKStatCaches.noindex/watchsimulator26.2-23S303-963ebdd26732d23a23bcca82c2045e26.sdkstatcache -fmessage-length\=0 -fdiagnostics-show-note-include-stack -fmacro-backtrace-limit\=0 -fno-color-diagnostics -fmodules-prune-interval\=86400 -fmodules-prune-after\=345600 -fbuild-session-file\=/Users/jordantranchina/Library/Developer/Xcode/DerivedData/ModuleCache.noindex/Session.modulevalidation -fmodules-validate-once-per-build-session -Wnon-modular-include-in-framework-module -Werror\=non-modular-include-in-framework-module -Wno-trigraphs -Wno-missing-field-initializers -Wno-missing-prototypes -Wno-return-type -Wno-implicit-atomic-properties -Wno-objc-interface-ivars -Wno-arc-repeated-use-of-weak -Wno-missing-braces -Wparentheses -Wswitch -Wno-unused-function -Wno-unused-label -Wno-unused-parameter -Wno-unused-variable -Wunused-value -Wno-empty-body -Wno-uninitialized -Wno-unknown-pragmas -w -Wno-shadow -Wno-four-char-constants -Wno-conversion -Wno-constant-conversion -Wno-int-conversion -Wno-bool-conversion -Wno-enum-conversion -Wno-float-conversion -Wno-non-literal-null-conversion -Wno-objc-literal-conversion -Wshorten-64-to-32 -Wpointer-sign -Wno-newline-eof -Wno-selector -Wno-strict-selector-match -Wno-undeclared-selector -Wno-deprecated-implementations -Wno-implicit-fallthrough -fstrict-aliasing -Wprotocol -Wdeprecated-declarations -Wno-sign-conversion -Wno-infinite-recursion -Wno-comma -Wno-block-capture-autoreleasing -Wno-strict-prototypes -Wno-semicolon-before-method-body -index-store-path /Users/jordantranchina/Library/Developer/Xcode/DerivedData/GroceryWatch-cjpxcfkltfoqvcabomjerkquwnbi/Index.noindex/DataStore @/Users/jordantranchina/Library/Developer/Xcode/DerivedData/GroceryWatch-cjpxcfkltfoqvcabomjerkquwnbi/Build/Intermediates.noindex/Promises.build/Debug-watchsimulator/FBLPromises.build/Objects-normal/x86_64/e6072d4f65d7061329687fe24e3d63a7-common-args.resp -include /Users/jordantranchina/Library/Developer/Xcode/DerivedData/GroceryWatch-cjpxcfkltfoqvcabomjerkquwnbi/Build/Intermediates.noindex/Promises.build/Debug-watchsimulator/FBLPromises.build/DerivedSources/resource_bundle_accessor.h -MMD -MT dependencies -MF /Users/jordantranchina/Library/Developer/Xcode/DerivedData/GroceryWatch-cjpxcfkltfoqvcabomjerkquwnbi/Build/Intermediates.noindex/Promises.build/Debug-watchsimulator/FBLPromises.build/Objects-normal/x86_64/FBLPromise+Reduce.d --serialize-diagnostics /Users/jordantranchina/Library/Developer/Xcode/DerivedData/GroceryWatch-cjpxcfkltfoqvcabomjerkquwnbi/Build/Intermediates.noindex/Promises.build/Debug-watchsimulator/FBLPromises.build/Objects-normal/x86_64/FBLPromise+Reduce.dia -c /Users/jordantranchina/Library/Developer/Xcode/DerivedData/GroceryWatch-cjpxcfkltfoqvcabomjerkquwnbi/SourcePackages/checkouts/promises/Sources/FBLPromises/FBLPromise+Reduce.m -o /Users/jordantranchina/Library/Developer/Xcode/DerivedData/GroceryWatch-cjpxcfkltfoqvcabomjerkquwnbi/Build/Intermediates.noindex/Promises.build/Debug-watchsimulator/FBLPromises.build/Objects-normal/x86_64/FBLPromise+Reduce.o -index-unit-output-path /Promises.build/Debug-watchsimulator/FBLPromises.build/Objects-normal/x86_64/FBLPromise+Reduce.o

CompileC /Users/jordantranchina/Library/Developer/Xcode/DerivedData/GroceryWatch-cjpxcfkltfoqvcabomjerkquwnbi/Build/Intermediates.noindex/Promises.build/Debug-watchsimulator/FBLPromises.build/Objects-normal/x86_64/FBLPromise+Recover.o /Users/jordantranchina/Library/Developer/Xcode/DerivedData/GroceryWatch-cjpxcfkltfoqvcabomjerkquwnbi/SourcePackages/checkouts/promises/Sources/FBLPromises/FBLPromise+Recover.m normal x86_64 objective-c com.apple.compilers.llvm.clang.1_0.compiler (in target 'FBLPromises' from project 'Promises')
    cd /Users/jordantranchina/workspace/GroceryCheckList/ios/GroceryWatch/GroceryWatch.xcodeproj
    
    Using response file: /Users/jordantranchina/Library/Developer/Xcode/DerivedData/GroceryWatch-cjpxcfkltfoqvcabomjerkquwnbi/Build/Intermediates.noindex/Promises.build/Debug-watchsimulator/FBLPromises.build/Objects-normal/x86_64/e6072d4f65d7061329687fe24e3d63a7-common-args.resp
    
    /Applications/Xcode.app/Contents/Developer/Toolchains/XcodeDefault.xctoolchain/usr/bin/clang -x objective-c -ivfsstatcache /Users/jordantranchina/Library/Developer/Xcode/DerivedData/SDKStatCaches.noindex/watchsimulator26.2-23S303-963ebdd26732d23a23bcca82c2045e26.sdkstatcache -fmessage-length\=0 -fdiagnostics-show-note-include-stack -fmacro-backtrace-limit\=0 -fno-color-diagnostics -fmodules-prune-interval\=86400 -fmodules-prune-after\=345600 -fbuild-session-file\=/Users/jordantranchina/Library/Developer/Xcode/DerivedData/ModuleCache.noindex/Session.modulevalidation -fmodules-validate-once-per-build-session -Wnon-modular-include-in-framework-module -Werror\=non-modular-include-in-framework-module -Wno-trigraphs -Wno-missing-field-initializers -Wno-missing-prototypes -Wno-return-type -Wno-implicit-atomic-properties -Wno-objc-interface-ivars -Wno-arc-repeated-use-of-weak -Wno-missing-braces -Wparentheses -Wswitch -Wno-unused-function -Wno-unused-label -Wno-unused-parameter -Wno-unused-variable -Wunused-value -Wno-empty-body -Wno-uninitialized -Wno-unknown-pragmas -w -Wno-shadow -Wno-four-char-constants -Wno-conversion -Wno-constant-conversion -Wno-int-conversion -Wno-bool-conversion -Wno-enum-conversion -Wno-float-conversion -Wno-non-literal-null-conversion -Wno-objc-literal-conversion -Wshorten-64-to-32 -Wpointer-sign -Wno-newline-eof -Wno-selector -Wno-strict-selector-match -Wno-undeclared-selector -Wno-deprecated-implementations -Wno-implicit-fallthrough -fstrict-aliasing -Wprotocol -Wdeprecated-declarations -Wno-sign-conversion -Wno-infinite-recursion -Wno-comma -Wno-block-capture-autoreleasing -Wno-strict-prototypes -Wno-semicolon-before-method-body -index-store-path /Users/jordantranchina/Library/Developer/Xcode/DerivedData/GroceryWatch-cjpxcfkltfoqvcabomjerkquwnbi/Index.noindex/DataStore @/Users/jordantranchina/Library/Developer/Xcode/DerivedData/GroceryWatch-cjpxcfkltfoqvcabomjerkquwnbi/Build/Intermediates.noindex/Promises.build/Debug-watchsimulator/FBLPromises.build/Objects-normal/x86_64/e6072d4f65d7061329687fe24e3d63a7-common-args.resp -include /Users/jordantranchina/Library/Developer/Xcode/DerivedData/GroceryWatch-cjpxcfkltfoqvcabomjerkquwnbi/Build/Intermediates.noindex/Promises.build/Debug-watchsimulator/FBLPromises.build/DerivedSources/resource_bundle_accessor.h -MMD -MT dependencies -MF /Users/jordantranchina/Library/Developer/Xcode/DerivedData/GroceryWatch-cjpxcfkltfoqvcabomjerkquwnbi/Build/Intermediates.noindex/Promises.build/Debug-watchsimulator/FBLPromises.build/Objects-normal/x86_64/FBLPromise+Recover.d --serialize-diagnostics /Users/jordantranchina/Library/Developer/Xcode/DerivedData/GroceryWatch-cjpxcfkltfoqvcabomjerkquwnbi/Build/Intermediates.noindex/Promises.build/Debug-watchsimulator/FBLPromises.build/Objects-normal/x86_64/FBLPromise+Recover.dia -c /Users/jordantranchina/Library/Developer/Xcode/DerivedData/GroceryWatch-cjpxcfkltfoqvcabomjerkquwnbi/SourcePackages/checkouts/promises/Sources/FBLPromises/FBLPromise+Recover.m -o /Users/jordantranchina/Library/Developer/Xcode/DerivedData/GroceryWatch-cjpxcfkltfoqvcabomjerkquwnbi/Build/Intermediates.noindex/Promises.build/Debug-watchsimulator/FBLPromises.build/Objects-normal/x86_64/FBLPromise+Recover.o -index-unit-output-path /Promises.build/Debug-watchsimulator/FBLPromises.build/Objects-normal/x86_64/FBLPromise+Recover.o

CreateUniversalBinary /Users/jordantranchina/Library/Developer/Xcode/DerivedData/GroceryWatch-cjpxcfkltfoqvcabomjerkquwnbi/Build/Products/Debug-watchsimulator/FirebaseCoreExtension.o normal arm64\ x86_64 (in target 'FirebaseCoreExtension' from project 'Firebase')
    cd /Users/jordantranchina/Library/Developer/Xcode/DerivedData/GroceryWatch-cjpxcfkltfoqvcabomjerkquwnbi/SourcePackages/checkouts/firebase-ios-sdk
    /Applications/Xcode.app/Contents/Developer/Toolchains/XcodeDefault.xctoolchain/usr/bin/lipo -create /Users/jordantranchina/Library/Developer/Xcode/DerivedData/GroceryWatch-cjpxcfkltfoqvcabomjerkquwnbi/Build/Intermediates.noindex/Firebase.build/Debug-watchsimulator/FirebaseCoreExtension.build/Objects-normal/arm64/Binary/FirebaseCoreExtension.o /Users/jordantranchina/Library/Developer/Xcode/DerivedData/GroceryWatch-cjpxcfkltfoqvcabomjerkquwnbi/Build/Intermediates.noindex/Firebase.build/Debug-watchsimulator/FirebaseCoreExtension.build/Objects-normal/x86_64/Binary/FirebaseCoreExtension.o -output /Users/jordantranchina/Library/Developer/Xcode/DerivedData/GroceryWatch-cjpxcfkltfoqvcabomjerkquwnbi/Build/Products/Debug-watchsimulator/FirebaseCoreExtension.o

CompileC /Users/jordantranchina/Library/Developer/Xcode/DerivedData/GroceryWatch-cjpxcfkltfoqvcabomjerkquwnbi/Build/Intermediates.noindex/Promises.build/Debug-watchsimulator/FBLPromises.build/Objects-normal/x86_64/FBLPromise+Race.o /Users/jordantranchina/Library/Developer/Xcode/DerivedData/GroceryWatch-cjpxcfkltfoqvcabomjerkquwnbi/SourcePackages/checkouts/promises/Sources/FBLPromises/FBLPromise+Race.m normal x86_64 objective-c com.apple.compilers.llvm.clang.1_0.compiler (in target 'FBLPromises' from project 'Promises')
    cd /Users/jordantranchina/workspace/GroceryCheckList/ios/GroceryWatch/GroceryWatch.xcodeproj
    
    Using response file: /Users/jordantranchina/Library/Developer/Xcode/DerivedData/GroceryWatch-cjpxcfkltfoqvcabomjerkquwnbi/Build/Intermediates.noindex/Promises.build/Debug-watchsimulator/FBLPromises.build/Objects-normal/x86_64/e6072d4f65d7061329687fe24e3d63a7-common-args.resp
    
    /Applications/Xcode.app/Contents/Developer/Toolchains/XcodeDefault.xctoolchain/usr/bin/clang -x objective-c -ivfsstatcache /Users/jordantranchina/Library/Developer/Xcode/DerivedData/SDKStatCaches.noindex/watchsimulator26.2-23S303-963ebdd26732d23a23bcca82c2045e26.sdkstatcache -fmessage-length\=0 -fdiagnostics-show-note-include-stack -fmacro-backtrace-limit\=0 -fno-color-diagnostics -fmodules-prune-interval\=86400 -fmodules-prune-after\=345600 -fbuild-session-file\=/Users/jordantranchina/Library/Developer/Xcode/DerivedData/ModuleCache.noindex/Session.modulevalidation -fmodules-validate-once-per-build-session -Wnon-modular-include-in-framework-module -Werror\=non-modular-include-in-framework-module -Wno-trigraphs -Wno-missing-field-initializers -Wno-missing-prototypes -Wno-return-type -Wno-implicit-atomic-properties -Wno-objc-interface-ivars -Wno-arc-repeated-use-of-weak -Wno-missing-braces -Wparentheses -Wswitch -Wno-unused-function -Wno-unused-label -Wno-unused-parameter -Wno-unused-variable -Wunused-value -Wno-empty-body -Wno-uninitialized -Wno-unknown-pragmas -w -Wno-shadow -Wno-four-char-constants -Wno-conversion -Wno-constant-conversion -Wno-int-conversion -Wno-bool-conversion -Wno-enum-conversion -Wno-float-conversion -Wno-non-literal-null-conversion -Wno-objc-literal-conversion -Wshorten-64-to-32 -Wpointer-sign -Wno-newline-eof -Wno-selector -Wno-strict-selector-match -Wno-undeclared-selector -Wno-deprecated-implementations -Wno-implicit-fallthrough -fstrict-aliasing -Wprotocol -Wdeprecated-declarations -Wno-sign-conversion -Wno-infinite-recursion -Wno-comma -Wno-block-capture-autoreleasing -Wno-strict-prototypes -Wno-semicolon-before-method-body -index-store-path /Users/jordantranchina/Library/Developer/Xcode/DerivedData/GroceryWatch-cjpxcfkltfoqvcabomjerkquwnbi/Index.noindex/DataStore @/Users/jordantranchina/Library/Developer/Xcode/DerivedData/GroceryWatch-cjpxcfkltfoqvcabomjerkquwnbi/Build/Intermediates.noindex/Promises.build/Debug-watchsimulator/FBLPromises.build/Objects-normal/x86_64/e6072d4f65d7061329687fe24e3d63a7-common-args.resp -include /Users/jordantranchina/Library/Developer/Xcode/DerivedData/GroceryWatch-cjpxcfkltfoqvcabomjerkquwnbi/Build/Intermediates.noindex/Promises.build/Debug-watchsimulator/FBLPromises.build/DerivedSources/resource_bundle_accessor.h -MMD -MT dependencies -MF /Users/jordantranchina/Library/Developer/Xcode/DerivedData/GroceryWatch-cjpxcfkltfoqvcabomjerkquwnbi/Build/Intermediates.noindex/Promises.build/Debug-watchsimulator/FBLPromises.build/Objects-normal/x86_64/FBLPromise+Race.d --serialize-diagnostics /Users/jordantranchina/Library/Developer/Xcode/DerivedData/GroceryWatch-cjpxcfkltfoqvcabomjerkquwnbi/Build/Intermediates.noindex/Promises.build/Debug-watchsimulator/FBLPromises.build/Objects-normal/x86_64/FBLPromise+Race.dia -c /Users/jordantranchina/Library/Developer/Xcode/DerivedData/GroceryWatch-cjpxcfkltfoqvcabomjerkquwnbi/SourcePackages/checkouts/promises/Sources/FBLPromises/FBLPromise+Race.m -o /Users/jordantranchina/Library/Developer/Xcode/DerivedData/GroceryWatch-cjpxcfkltfoqvcabomjerkquwnbi/Build/Intermediates.noindex/Promises.build/Debug-watchsimulator/FBLPromises.build/Objects-normal/x86_64/FBLPromise+Race.o -index-unit-output-path /Promises.build/Debug-watchsimulator/FBLPromises.build/Objects-normal/x86_64/FBLPromise+Race.o

CompileC /Users/jordantranchina/Library/Developer/Xcode/DerivedData/GroceryWatch-cjpxcfkltfoqvcabomjerkquwnbi/Build/Intermediates.noindex/Promises.build/Debug-watchsimulator/FBLPromises.build/Objects-normal/x86_64/FBLPromise+Do.o /Users/jordantranchina/Library/Developer/Xcode/DerivedData/GroceryWatch-cjpxcfkltfoqvcabomjerkquwnbi/SourcePackages/checkouts/promises/Sources/FBLPromises/FBLPromise+Do.m normal x86_64 objective-c com.apple.compilers.llvm.clang.1_0.compiler (in target 'FBLPromises' from project 'Promises')
    cd /Users/jordantranchina/workspace/GroceryCheckList/ios/GroceryWatch/GroceryWatch.xcodeproj
    
    Using response file: /Users/jordantranchina/Library/Developer/Xcode/DerivedData/GroceryWatch-cjpxcfkltfoqvcabomjerkquwnbi/Build/Intermediates.noindex/Promises.build/Debug-watchsimulator/FBLPromises.build/Objects-normal/x86_64/e6072d4f65d7061329687fe24e3d63a7-common-args.resp
    
    /Applications/Xcode.app/Contents/Developer/Toolchains/XcodeDefault.xctoolchain/usr/bin/clang -x objective-c -ivfsstatcache /Users/jordantranchina/Library/Developer/Xcode/DerivedData/SDKStatCaches.noindex/watchsimulator26.2-23S303-963ebdd26732d23a23bcca82c2045e26.sdkstatcache -fmessage-length\=0 -fdiagnostics-show-note-include-stack -fmacro-backtrace-limit\=0 -fno-color-diagnostics -fmodules-prune-interval\=86400 -fmodules-prune-after\=345600 -fbuild-session-file\=/Users/jordantranchina/Library/Developer/Xcode/DerivedData/ModuleCache.noindex/Session.modulevalidation -fmodules-validate-once-per-build-session -Wnon-modular-include-in-framework-module -Werror\=non-modular-include-in-framework-module -Wno-trigraphs -Wno-missing-field-initializers -Wno-missing-prototypes -Wno-return-type -Wno-implicit-atomic-properties -Wno-objc-interface-ivars -Wno-arc-repeated-use-of-weak -Wno-missing-braces -Wparentheses -Wswitch -Wno-unused-function -Wno-unused-label -Wno-unused-parameter -Wno-unused-variable -Wunused-value -Wno-empty-body -Wno-uninitialized -Wno-unknown-pragmas -w -Wno-shadow -Wno-four-char-constants -Wno-conversion -Wno-constant-conversion -Wno-int-conversion -Wno-bool-conversion -Wno-enum-conversion -Wno-float-conversion -Wno-non-literal-null-conversion -Wno-objc-literal-conversion -Wshorten-64-to-32 -Wpointer-sign -Wno-newline-eof -Wno-selector -Wno-strict-selector-match -Wno-undeclared-selector -Wno-deprecated-implementations -Wno-implicit-fallthrough -fstrict-aliasing -Wprotocol -Wdeprecated-declarations -Wno-sign-conversion -Wno-infinite-recursion -Wno-comma -Wno-block-capture-autoreleasing -Wno-strict-prototypes -Wno-semicolon-before-method-body -index-store-path /Users/jordantranchina/Library/Developer/Xcode/DerivedData/GroceryWatch-cjpxcfkltfoqvcabomjerkquwnbi/Index.noindex/DataStore @/Users/jordantranchina/Library/Developer/Xcode/DerivedData/GroceryWatch-cjpxcfkltfoqvcabomjerkquwnbi/Build/Intermediates.noindex/Promises.build/Debug-watchsimulator/FBLPromises.build/Objects-normal/x86_64/e6072d4f65d7061329687fe24e3d63a7-common-args.resp -include /Users/jordantranchina/Library/Developer/Xcode/DerivedData/GroceryWatch-cjpxcfkltfoqvcabomjerkquwnbi/Build/Intermediates.noindex/Promises.build/Debug-watchsimulator/FBLPromises.build/DerivedSources/resource_bundle_accessor.h -MMD -MT dependencies -MF /Users/jordantranchina/Library/Developer/Xcode/DerivedData/GroceryWatch-cjpxcfkltfoqvcabomjerkquwnbi/Build/Intermediates.noindex/Promises.build/Debug-watchsimulator/FBLPromises.build/Objects-normal/x86_64/FBLPromise+Do.d --serialize-diagnostics /Users/jordantranchina/Library/Developer/Xcode/DerivedData/GroceryWatch-cjpxcfkltfoqvcabomjerkquwnbi/Build/Intermediates.noindex/Promises.build/Debug-watchsimulator/FBLPromises.build/Objects-normal/x86_64/FBLPromise+Do.dia -c /Users/jordantranchina/Library/Developer/Xcode/DerivedData/GroceryWatch-cjpxcfkltfoqvcabomjerkquwnbi/SourcePackages/checkouts/promises/Sources/FBLPromises/FBLPromise+Do.m -o /Users/jordantranchina/Library/Developer/Xcode/DerivedData/GroceryWatch-cjpxcfkltfoqvcabomjerkquwnbi/Build/Intermediates.noindex/Promises.build/Debug-watchsimulator/FBLPromises.build/Objects-normal/x86_64/FBLPromise+Do.o -index-unit-output-path /Promises.build/Debug-watchsimulator/FBLPromises.build/Objects-normal/x86_64/FBLPromise+Do.o

CompileC /Users/jordantranchina/Library/Developer/Xcode/DerivedData/GroceryWatch-cjpxcfkltfoqvcabomjerkquwnbi/Build/Intermediates.noindex/Promises.build/Debug-watchsimulator/FBLPromises.build/Objects-normal/x86_64/FBLPromise+Delay.o /Users/jordantranchina/Library/Developer/Xcode/DerivedData/GroceryWatch-cjpxcfkltfoqvcabomjerkquwnbi/SourcePackages/checkouts/promises/Sources/FBLPromises/FBLPromise+Delay.m normal x86_64 objective-c com.apple.compilers.llvm.clang.1_0.compiler (in target 'FBLPromises' from project 'Promises')
    cd /Users/jordantranchina/workspace/GroceryCheckList/ios/GroceryWatch/GroceryWatch.xcodeproj
    
    Using response file: /Users/jordantranchina/Library/Developer/Xcode/DerivedData/GroceryWatch-cjpxcfkltfoqvcabomjerkquwnbi/Build/Intermediates.noindex/Promises.build/Debug-watchsimulator/FBLPromises.build/Objects-normal/x86_64/e6072d4f65d7061329687fe24e3d63a7-common-args.resp
    
    /Applications/Xcode.app/Contents/Developer/Toolchains/XcodeDefault.xctoolchain/usr/bin/clang -x objective-c -ivfsstatcache /Users/jordantranchina/Library/Developer/Xcode/DerivedData/SDKStatCaches.noindex/watchsimulator26.2-23S303-963ebdd26732d23a23bcca82c2045e26.sdkstatcache -fmessage-length\=0 -fdiagnostics-show-note-include-stack -fmacro-backtrace-limit\=0 -fno-color-diagnostics -fmodules-prune-interval\=86400 -fmodules-prune-after\=345600 -fbuild-session-file\=/Users/jordantranchina/Library/Developer/Xcode/DerivedData/ModuleCache.noindex/Session.modulevalidation -fmodules-validate-once-per-build-session -Wnon-modular-include-in-framework-module -Werror\=non-modular-include-in-framework-module -Wno-trigraphs -Wno-missing-field-initializers -Wno-missing-prototypes -Wno-return-type -Wno-implicit-atomic-properties -Wno-objc-interface-ivars -Wno-arc-repeated-use-of-weak -Wno-missing-braces -Wparentheses -Wswitch -Wno-unused-function -Wno-unused-label -Wno-unused-parameter -Wno-unused-variable -Wunused-value -Wno-empty-body -Wno-uninitialized -Wno-unknown-pragmas -w -Wno-shadow -Wno-four-char-constants -Wno-conversion -Wno-constant-conversion -Wno-int-conversion -Wno-bool-conversion -Wno-enum-conversion -Wno-float-conversion -Wno-non-literal-null-conversion -Wno-objc-literal-conversion -Wshorten-64-to-32 -Wpointer-sign -Wno-newline-eof -Wno-selector -Wno-strict-selector-match -Wno-undeclared-selector -Wno-deprecated-implementations -Wno-implicit-fallthrough -fstrict-aliasing -Wprotocol -Wdeprecated-declarations -Wno-sign-conversion -Wno-infinite-recursion -Wno-comma -Wno-block-capture-autoreleasing -Wno-strict-prototypes -Wno-semicolon-before-method-body -index-store-path /Users/jordantranchina/Library/Developer/Xcode/DerivedData/GroceryWatch-cjpxcfkltfoqvcabomjerkquwnbi/Index.noindex/DataStore @/Users/jordantranchina/Library/Developer/Xcode/DerivedData/GroceryWatch-cjpxcfkltfoqvcabomjerkquwnbi/Build/Intermediates.noindex/Promises.build/Debug-watchsimulator/FBLPromises.build/Objects-normal/x86_64/e6072d4f65d7061329687fe24e3d63a7-common-args.resp -include /Users/jordantranchina/Library/Developer/Xcode/DerivedData/GroceryWatch-cjpxcfkltfoqvcabomjerkquwnbi/Build/Intermediates.noindex/Promises.build/Debug-watchsimulator/FBLPromises.build/DerivedSources/resource_bundle_accessor.h -MMD -MT dependencies -MF /Users/jordantranchina/Library/Developer/Xcode/DerivedData/GroceryWatch-cjpxcfkltfoqvcabomjerkquwnbi/Build/Intermediates.noindex/Promises.build/Debug-watchsimulator/FBLPromises.build/Objects-normal/x86_64/FBLPromise+Delay.d --serialize-diagnostics /Users/jordantranchina/Library/Developer/Xcode/DerivedData/GroceryWatch-cjpxcfkltfoqvcabomjerkquwnbi/Build/Intermediates.noindex/Promises.build/Debug-watchsimulator/FBLPromises.build/Objects-normal/x86_64/FBLPromise+Delay.dia -c /Users/jordantranchina/Library/Developer/Xcode/DerivedData/GroceryWatch-cjpxcfkltfoqvcabomjerkquwnbi/SourcePackages/checkouts/promises/Sources/FBLPromises/FBLPromise+Delay.m -o /Users/jordantranchina/Library/Developer/Xcode/DerivedData/GroceryWatch-cjpxcfkltfoqvcabomjerkquwnbi/Build/Intermediates.noindex/Promises.build/Debug-watchsimulator/FBLPromises.build/Objects-normal/x86_64/FBLPromise+Delay.o -index-unit-output-path /Promises.build/Debug-watchsimulator/FBLPromises.build/Objects-normal/x86_64/FBLPromise+Delay.o

CompileC /Users/jordantranchina/Library/Developer/Xcode/DerivedData/GroceryWatch-cjpxcfkltfoqvcabomjerkquwnbi/Build/Intermediates.noindex/Promises.build/Debug-watchsimulator/FBLPromises.build/Objects-normal/x86_64/FBLPromise+Catch.o /Users/jordantranchina/Library/Developer/Xcode/DerivedData/GroceryWatch-cjpxcfkltfoqvcabomjerkquwnbi/SourcePackages/checkouts/promises/Sources/FBLPromises/FBLPromise+Catch.m normal x86_64 objective-c com.apple.compilers.llvm.clang.1_0.compiler (in target 'FBLPromises' from project 'Promises')
    cd /Users/jordantranchina/workspace/GroceryCheckList/ios/GroceryWatch/GroceryWatch.xcodeproj
    
    Using response file: /Users/jordantranchina/Library/Developer/Xcode/DerivedData/GroceryWatch-cjpxcfkltfoqvcabomjerkquwnbi/Build/Intermediates.noindex/Promises.build/Debug-watchsimulator/FBLPromises.build/Objects-normal/x86_64/e6072d4f65d7061329687fe24e3d63a7-common-args.resp
    
    /Applications/Xcode.app/Contents/Developer/Toolchains/XcodeDefault.xctoolchain/usr/bin/clang -x objective-c -ivfsstatcache /Users/jordantranchina/Library/Developer/Xcode/DerivedData/SDKStatCaches.noindex/watchsimulator26.2-23S303-963ebdd26732d23a23bcca82c2045e26.sdkstatcache -fmessage-length\=0 -fdiagnostics-show-note-include-stack -fmacro-backtrace-limit\=0 -fno-color-diagnostics -fmodules-prune-interval\=86400 -fmodules-prune-after\=345600 -fbuild-session-file\=/Users/jordantranchina/Library/Developer/Xcode/DerivedData/ModuleCache.noindex/Session.modulevalidation -fmodules-validate-once-per-build-session -Wnon-modular-include-in-framework-module -Werror\=non-modular-include-in-framework-module -Wno-trigraphs -Wno-missing-field-initializers -Wno-missing-prototypes -Wno-return-type -Wno-implicit-atomic-properties -Wno-objc-interface-ivars -Wno-arc-repeated-use-of-weak -Wno-missing-braces -Wparentheses -Wswitch -Wno-unused-function -Wno-unused-label -Wno-unused-parameter -Wno-unused-variable -Wunused-value -Wno-empty-body -Wno-uninitialized -Wno-unknown-pragmas -w -Wno-shadow -Wno-four-char-constants -Wno-conversion -Wno-constant-conversion -Wno-int-conversion -Wno-bool-conversion -Wno-enum-conversion -Wno-float-conversion -Wno-non-literal-null-conversion -Wno-objc-literal-conversion -Wshorten-64-to-32 -Wpointer-sign -Wno-newline-eof -Wno-selector -Wno-strict-selector-match -Wno-undeclared-selector -Wno-deprecated-implementations -Wno-implicit-fallthrough -fstrict-aliasing -Wprotocol -Wdeprecated-declarations -Wno-sign-conversion -Wno-infinite-recursion -Wno-comma -Wno-block-capture-autoreleasing -Wno-strict-prototypes -Wno-semicolon-before-method-body -index-store-path /Users/jordantranchina/Library/Developer/Xcode/DerivedData/GroceryWatch-cjpxcfkltfoqvcabomjerkquwnbi/Index.noindex/DataStore @/Users/jordantranchina/Library/Developer/Xcode/DerivedData/GroceryWatch-cjpxcfkltfoqvcabomjerkquwnbi/Build/Intermediates.noindex/Promises.build/Debug-watchsimulator/FBLPromises.build/Objects-normal/x86_64/e6072d4f65d7061329687fe24e3d63a7-common-args.resp -include /Users/jordantranchina/Library/Developer/Xcode/DerivedData/GroceryWatch-cjpxcfkltfoqvcabomjerkquwnbi/Build/Intermediates.noindex/Promises.build/Debug-watchsimulator/FBLPromises.build/DerivedSources/resource_bundle_accessor.h -MMD -MT dependencies -MF /Users/jordantranchina/Library/Developer/Xcode/DerivedData/GroceryWatch-cjpxcfkltfoqvcabomjerkquwnbi/Build/Intermediates.noindex/Promises.build/Debug-watchsimulator/FBLPromises.build/Objects-normal/x86_64/FBLPromise+Catch.d --serialize-diagnostics /Users/jordantranchina/Library/Developer/Xcode/DerivedData/GroceryWatch-cjpxcfkltfoqvcabomjerkquwnbi/Build/Intermediates.noindex/Promises.build/Debug-watchsimulator/FBLPromises.build/Objects-normal/x86_64/FBLPromise+Catch.dia -c /Users/jordantranchina/Library/Developer/Xcode/DerivedData/GroceryWatch-cjpxcfkltfoqvcabomjerkquwnbi/SourcePackages/checkouts/promises/Sources/FBLPromises/FBLPromise+Catch.m -o /Users/jordantranchina/Library/Developer/Xcode/DerivedData/GroceryWatch-cjpxcfkltfoqvcabomjerkquwnbi/Build/Intermediates.noindex/Promises.build/Debug-watchsimulator/FBLPromises.build/Objects-normal/x86_64/FBLPromise+Catch.o -index-unit-output-path /Promises.build/Debug-watchsimulator/FBLPromises.build/Objects-normal/x86_64/FBLPromise+Catch.o

CompileC /Users/jordantranchina/Library/Developer/Xcode/DerivedData/GroceryWatch-cjpxcfkltfoqvcabomjerkquwnbi/Build/Intermediates.noindex/Promises.build/Debug-watchsimulator/FBLPromises.build/Objects-normal/x86_64/FBLPromise+Await.o /Users/jordantranchina/Library/Developer/Xcode/DerivedData/GroceryWatch-cjpxcfkltfoqvcabomjerkquwnbi/SourcePackages/checkouts/promises/Sources/FBLPromises/FBLPromise+Await.m normal x86_64 objective-c com.apple.compilers.llvm.clang.1_0.compiler (in target 'FBLPromises' from project 'Promises')
    cd /Users/jordantranchina/workspace/GroceryCheckList/ios/GroceryWatch/GroceryWatch.xcodeproj
    
    Using response file: /Users/jordantranchina/Library/Developer/Xcode/DerivedData/GroceryWatch-cjpxcfkltfoqvcabomjerkquwnbi/Build/Intermediates.noindex/Promises.build/Debug-watchsimulator/FBLPromises.build/Objects-normal/x86_64/e6072d4f65d7061329687fe24e3d63a7-common-args.resp
    
    /Applications/Xcode.app/Contents/Developer/Toolchains/XcodeDefault.xctoolchain/usr/bin/clang -x objective-c -ivfsstatcache /Users/jordantranchina/Library/Developer/Xcode/DerivedData/SDKStatCaches.noindex/watchsimulator26.2-23S303-963ebdd26732d23a23bcca82c2045e26.sdkstatcache -fmessage-length\=0 -fdiagnostics-show-note-include-stack -fmacro-backtrace-limit\=0 -fno-color-diagnostics -fmodules-prune-interval\=86400 -fmodules-prune-after\=345600 -fbuild-session-file\=/Users/jordantranchina/Library/Developer/Xcode/DerivedData/ModuleCache.noindex/Session.modulevalidation -fmodules-validate-once-per-build-session -Wnon-modular-include-in-framework-module -Werror\=non-modular-include-in-framework-module -Wno-trigraphs -Wno-missing-field-initializers -Wno-missing-prototypes -Wno-return-type -Wno-implicit-atomic-properties -Wno-objc-interface-ivars -Wno-arc-repeated-use-of-weak -Wno-missing-braces -Wparentheses -Wswitch -Wno-unused-function -Wno-unused-label -Wno-unused-parameter -Wno-unused-variable -Wunused-value -Wno-empty-body -Wno-uninitialized -Wno-unknown-pragmas -w -Wno-shadow -Wno-four-char-constants -Wno-conversion -Wno-constant-conversion -Wno-int-conversion -Wno-bool-conversion -Wno-enum-conversion -Wno-float-conversion -Wno-non-literal-null-conversion -Wno-objc-literal-conversion -Wshorten-64-to-32 -Wpointer-sign -Wno-newline-eof -Wno-selector -Wno-strict-selector-match -Wno-undeclared-selector -Wno-deprecated-implementations -Wno-implicit-fallthrough -fstrict-aliasing -Wprotocol -Wdeprecated-declarations -Wno-sign-conversion -Wno-infinite-recursion -Wno-comma -Wno-block-capture-autoreleasing -Wno-strict-prototypes -Wno-semicolon-before-method-body -index-store-path /Users/jordantranchina/Library/Developer/Xcode/DerivedData/GroceryWatch-cjpxcfkltfoqvcabomjerkquwnbi/Index.noindex/DataStore @/Users/jordantranchina/Library/Developer/Xcode/DerivedData/GroceryWatch-cjpxcfkltfoqvcabomjerkquwnbi/Build/Intermediates.noindex/Promises.build/Debug-watchsimulator/FBLPromises.build/Objects-normal/x86_64/e6072d4f65d7061329687fe24e3d63a7-common-args.resp -include /Users/jordantranchina/Library/Developer/Xcode/DerivedData/GroceryWatch-cjpxcfkltfoqvcabomjerkquwnbi/Build/Intermediates.noindex/Promises.build/Debug-watchsimulator/FBLPromises.build/DerivedSources/resource_bundle_accessor.h -MMD -MT dependencies -MF /Users/jordantranchina/Library/Developer/Xcode/DerivedData/GroceryWatch-cjpxcfkltfoqvcabomjerkquwnbi/Build/Intermediates.noindex/Promises.build/Debug-watchsimulator/FBLPromises.build/Objects-normal/x86_64/FBLPromise+Await.d --serialize-diagnostics /Users/jordantranchina/Library/Developer/Xcode/DerivedData/GroceryWatch-cjpxcfkltfoqvcabomjerkquwnbi/Build/Intermediates.noindex/Promises.build/Debug-watchsimulator/FBLPromises.build/Objects-normal/x86_64/FBLPromise+Await.dia -c /Users/jordantranchina/Library/Developer/Xcode/DerivedData/GroceryWatch-cjpxcfkltfoqvcabomjerkquwnbi/SourcePackages/checkouts/promises/Sources/FBLPromises/FBLPromise+Await.m -o /Users/jordantranchina/Library/Developer/Xcode/DerivedData/GroceryWatch-cjpxcfkltfoqvcabomjerkquwnbi/Build/Intermediates.noindex/Promises.build/Debug-watchsimulator/FBLPromises.build/Objects-normal/x86_64/FBLPromise+Await.o -index-unit-output-path /Promises.build/Debug-watchsimulator/FBLPromises.build/Objects-normal/x86_64/FBLPromise+Await.o

CompileC /Users/jordantranchina/Library/Developer/Xcode/DerivedData/GroceryWatch-cjpxcfkltfoqvcabomjerkquwnbi/Build/Intermediates.noindex/Promises.build/Debug-watchsimulator/FBLPromises.build/Objects-normal/x86_64/FBLPromise+Async.o /Users/jordantranchina/Library/Developer/Xcode/DerivedData/GroceryWatch-cjpxcfkltfoqvcabomjerkquwnbi/SourcePackages/checkouts/promises/Sources/FBLPromises/FBLPromise+Async.m normal x86_64 objective-c com.apple.compilers.llvm.clang.1_0.compiler (in target 'FBLPromises' from project 'Promises')
    cd /Users/jordantranchina/workspace/GroceryCheckList/ios/GroceryWatch/GroceryWatch.xcodeproj
    
    Using response file: /Users/jordantranchina/Library/Developer/Xcode/DerivedData/GroceryWatch-cjpxcfkltfoqvcabomjerkquwnbi/Build/Intermediates.noindex/Promises.build/Debug-watchsimulator/FBLPromises.build/Objects-normal/x86_64/e6072d4f65d7061329687fe24e3d63a7-common-args.resp
    
    /Applications/Xcode.app/Contents/Developer/Toolchains/XcodeDefault.xctoolchain/usr/bin/clang -x objective-c -ivfsstatcache /Users/jordantranchina/Library/Developer/Xcode/DerivedData/SDKStatCaches.noindex/watchsimulator26.2-23S303-963ebdd26732d23a23bcca82c2045e26.sdkstatcache -fmessage-length\=0 -fdiagnostics-show-note-include-stack -fmacro-backtrace-limit\=0 -fno-color-diagnostics -fmodules-prune-interval\=86400 -fmodules-prune-after\=345600 -fbuild-session-file\=/Users/jordantranchina/Library/Developer/Xcode/DerivedData/ModuleCache.noindex/Session.modulevalidation -fmodules-validate-once-per-build-session -Wnon-modular-include-in-framework-module -Werror\=non-modular-include-in-framework-module -Wno-trigraphs -Wno-missing-field-initializers -Wno-missing-prototypes -Wno-return-type -Wno-implicit-atomic-properties -Wno-objc-interface-ivars -Wno-arc-repeated-use-of-weak -Wno-missing-braces -Wparentheses -Wswitch -Wno-unused-function -Wno-unused-label -Wno-unused-parameter -Wno-unused-variable -Wunused-value -Wno-empty-body -Wno-uninitialized -Wno-unknown-pragmas -w -Wno-shadow -Wno-four-char-constants -Wno-conversion -Wno-constant-conversion -Wno-int-conversion -Wno-bool-conversion -Wno-enum-conversion -Wno-float-conversion -Wno-non-literal-null-conversion -Wno-objc-literal-conversion -Wshorten-64-to-32 -Wpointer-sign -Wno-newline-eof -Wno-selector -Wno-strict-selector-match -Wno-undeclared-selector -Wno-deprecated-implementations -Wno-implicit-fallthrough -fstrict-aliasing -Wprotocol -Wdeprecated-declarations -Wno-sign-conversion -Wno-infinite-recursion -Wno-comma -Wno-block-capture-autoreleasing -Wno-strict-prototypes -Wno-semicolon-before-method-body -index-store-path /Users/jordantranchina/Library/Developer/Xcode/DerivedData/GroceryWatch-cjpxcfkltfoqvcabomjerkquwnbi/Index.noindex/DataStore @/Users/jordantranchina/Library/Developer/Xcode/DerivedData/GroceryWatch-cjpxcfkltfoqvcabomjerkquwnbi/Build/Intermediates.noindex/Promises.build/Debug-watchsimulator/FBLPromises.build/Objects-normal/x86_64/e6072d4f65d7061329687fe24e3d63a7-common-args.resp -include /Users/jordantranchina/Library/Developer/Xcode/DerivedData/GroceryWatch-cjpxcfkltfoqvcabomjerkquwnbi/Build/Intermediates.noindex/Promises.build/Debug-watchsimulator/FBLPromises.build/DerivedSources/resource_bundle_accessor.h -MMD -MT dependencies -MF /Users/jordantranchina/Library/Developer/Xcode/DerivedData/GroceryWatch-cjpxcfkltfoqvcabomjerkquwnbi/Build/Intermediates.noindex/Promises.build/Debug-watchsimulator/FBLPromises.build/Objects-normal/x86_64/FBLPromise+Async.d --serialize-diagnostics /Users/jordantranchina/Library/Developer/Xcode/DerivedData/GroceryWatch-cjpxcfkltfoqvcabomjerkquwnbi/Build/Intermediates.noindex/Promises.build/Debug-watchsimulator/FBLPromises.build/Objects-normal/x86_64/FBLPromise+Async.dia -c /Users/jordantranchina/Library/Developer/Xcode/DerivedData/GroceryWatch-cjpxcfkltfoqvcabomjerkquwnbi/SourcePackages/checkouts/promises/Sources/FBLPromises/FBLPromise+Async.m -o /Users/jordantranchina/Library/Developer/Xcode/DerivedData/GroceryWatch-cjpxcfkltfoqvcabomjerkquwnbi/Build/Intermediates.noindex/Promises.build/Debug-watchsimulator/FBLPromises.build/Objects-normal/x86_64/FBLPromise+Async.o -index-unit-output-path /Promises.build/Debug-watchsimulator/FBLPromises.build/Objects-normal/x86_64/FBLPromise+Async.o

CompileC /Users/jordantranchina/Library/Developer/Xcode/DerivedData/GroceryWatch-cjpxcfkltfoqvcabomjerkquwnbi/Build/Intermediates.noindex/Promises.build/Debug-watchsimulator/FBLPromises.build/Objects-normal/x86_64/FBLPromise+Any.o /Users/jordantranchina/Library/Developer/Xcode/DerivedData/GroceryWatch-cjpxcfkltfoqvcabomjerkquwnbi/SourcePackages/checkouts/promises/Sources/FBLPromises/FBLPromise+Any.m normal x86_64 objective-c com.apple.compilers.llvm.clang.1_0.compiler (in target 'FBLPromises' from project 'Promises')
    cd /Users/jordantranchina/workspace/GroceryCheckList/ios/GroceryWatch/GroceryWatch.xcodeproj
    
    Using response file: /Users/jordantranchina/Library/Developer/Xcode/DerivedData/GroceryWatch-cjpxcfkltfoqvcabomjerkquwnbi/Build/Intermediates.noindex/Promises.build/Debug-watchsimulator/FBLPromises.build/Objects-normal/x86_64/e6072d4f65d7061329687fe24e3d63a7-common-args.resp
    
    /Applications/Xcode.app/Contents/Developer/Toolchains/XcodeDefault.xctoolchain/usr/bin/clang -x objective-c -ivfsstatcache /Users/jordantranchina/Library/Developer/Xcode/DerivedData/SDKStatCaches.noindex/watchsimulator26.2-23S303-963ebdd26732d23a23bcca82c2045e26.sdkstatcache -fmessage-length\=0 -fdiagnostics-show-note-include-stack -fmacro-backtrace-limit\=0 -fno-color-diagnostics -fmodules-prune-interval\=86400 -fmodules-prune-after\=345600 -fbuild-session-file\=/Users/jordantranchina/Library/Developer/Xcode/DerivedData/ModuleCache.noindex/Session.modulevalidation -fmodules-validate-once-per-build-session -Wnon-modular-include-in-framework-module -Werror\=non-modular-include-in-framework-module -Wno-trigraphs -Wno-missing-field-initializers -Wno-missing-prototypes -Wno-return-type -Wno-implicit-atomic-properties -Wno-objc-interface-ivars -Wno-arc-repeated-use-of-weak -Wno-missing-braces -Wparentheses -Wswitch -Wno-unused-function -Wno-unused-label -Wno-unused-parameter -Wno-unused-variable -Wunused-value -Wno-empty-body -Wno-uninitialized -Wno-unknown-pragmas -w -Wno-shadow -Wno-four-char-constants -Wno-conversion -Wno-constant-conversion -Wno-int-conversion -Wno-bool-conversion -Wno-enum-conversion -Wno-float-conversion -Wno-non-literal-null-conversion -Wno-objc-literal-conversion -Wshorten-64-to-32 -Wpointer-sign -Wno-newline-eof -Wno-selector -Wno-strict-selector-match -Wno-undeclared-selector -Wno-deprecated-implementations -Wno-implicit-fallthrough -fstrict-aliasing -Wprotocol -Wdeprecated-declarations -Wno-sign-conversion -Wno-infinite-recursion -Wno-comma -Wno-block-capture-autoreleasing -Wno-strict-prototypes -Wno-semicolon-before-method-body -index-store-path /Users/jordantranchina/Library/Developer/Xcode/DerivedData/GroceryWatch-cjpxcfkltfoqvcabomjerkquwnbi/Index.noindex/DataStore @/Users/jordantranchina/Library/Developer/Xcode/DerivedData/GroceryWatch-cjpxcfkltfoqvcabomjerkquwnbi/Build/Intermediates.noindex/Promises.build/Debug-watchsimulator/FBLPromises.build/Objects-normal/x86_64/e6072d4f65d7061329687fe24e3d63a7-common-args.resp -include /Users/jordantranchina/Library/Developer/Xcode/DerivedData/GroceryWatch-cjpxcfkltfoqvcabomjerkquwnbi/Build/Intermediates.noindex/Promises.build/Debug-watchsimulator/FBLPromises.build/DerivedSources/resource_bundle_accessor.h -MMD -MT dependencies -MF /Users/jordantranchina/Library/Developer/Xcode/DerivedData/GroceryWatch-cjpxcfkltfoqvcabomjerkquwnbi/Build/Intermediates.noindex/Promises.build/Debug-watchsimulator/FBLPromises.build/Objects-normal/x86_64/FBLPromise+Any.d --serialize-diagnostics /Users/jordantranchina/Library/Developer/Xcode/DerivedData/GroceryWatch-cjpxcfkltfoqvcabomjerkquwnbi/Build/Intermediates.noindex/Promises.build/Debug-watchsimulator/FBLPromises.build/Objects-normal/x86_64/FBLPromise+Any.dia -c /Users/jordantranchina/Library/Developer/Xcode/DerivedData/GroceryWatch-cjpxcfkltfoqvcabomjerkquwnbi/SourcePackages/checkouts/promises/Sources/FBLPromises/FBLPromise+Any.m -o /Users/jordantranchina/Library/Developer/Xcode/DerivedData/GroceryWatch-cjpxcfkltfoqvcabomjerkquwnbi/Build/Intermediates.noindex/Promises.build/Debug-watchsimulator/FBLPromises.build/Objects-normal/x86_64/FBLPromise+Any.o -index-unit-output-path /Promises.build/Debug-watchsimulator/FBLPromises.build/Objects-normal/x86_64/FBLPromise+Any.o

CompileC /Users/jordantranchina/Library/Developer/Xcode/DerivedData/GroceryWatch-cjpxcfkltfoqvcabomjerkquwnbi/Build/Intermediates.noindex/Promises.build/Debug-watchsimulator/FBLPromises.build/Objects-normal/x86_64/FBLPromise+Always.o /Users/jordantranchina/Library/Developer/Xcode/DerivedData/GroceryWatch-cjpxcfkltfoqvcabomjerkquwnbi/SourcePackages/checkouts/promises/Sources/FBLPromises/FBLPromise+Always.m normal x86_64 objective-c com.apple.compilers.llvm.clang.1_0.compiler (in target 'FBLPromises' from project 'Promises')
    cd /Users/jordantranchina/workspace/GroceryCheckList/ios/GroceryWatch/GroceryWatch.xcodeproj
    
    Using response file: /Users/jordantranchina/Library/Developer/Xcode/DerivedData/GroceryWatch-cjpxcfkltfoqvcabomjerkquwnbi/Build/Intermediates.noindex/Promises.build/Debug-watchsimulator/FBLPromises.build/Objects-normal/x86_64/e6072d4f65d7061329687fe24e3d63a7-common-args.resp
    
    /Applications/Xcode.app/Contents/Developer/Toolchains/XcodeDefault.xctoolchain/usr/bin/clang -x objective-c -ivfsstatcache /Users/jordantranchina/Library/Developer/Xcode/DerivedData/SDKStatCaches.noindex/watchsimulator26.2-23S303-963ebdd26732d23a23bcca82c2045e26.sdkstatcache -fmessage-length\=0 -fdiagnostics-show-note-include-stack -fmacro-backtrace-limit\=0 -fno-color-diagnostics -fmodules-prune-interval\=86400 -fmodules-prune-after\=345600 -fbuild-session-file\=/Users/jordantranchina/Library/Developer/Xcode/DerivedData/ModuleCache.noindex/Session.modulevalidation -fmodules-validate-once-per-build-session -Wnon-modular-include-in-framework-module -Werror\=non-modular-include-in-framework-module -Wno-trigraphs -Wno-missing-field-initializers -Wno-missing-prototypes -Wno-return-type -Wno-implicit-atomic-properties -Wno-objc-interface-ivars -Wno-arc-repeated-use-of-weak -Wno-missing-braces -Wparentheses -Wswitch -Wno-unused-function -Wno-unused-label -Wno-unused-parameter -Wno-unused-variable -Wunused-value -Wno-empty-body -Wno-uninitialized -Wno-unknown-pragmas -w -Wno-shadow -Wno-four-char-constants -Wno-conversion -Wno-constant-conversion -Wno-int-conversion -Wno-bool-conversion -Wno-enum-conversion -Wno-float-conversion -Wno-non-literal-null-conversion -Wno-objc-literal-conversion -Wshorten-64-to-32 -Wpointer-sign -Wno-newline-eof -Wno-selector -Wno-strict-selector-match -Wno-undeclared-selector -Wno-deprecated-implementations -Wno-implicit-fallthrough -fstrict-aliasing -Wprotocol -Wdeprecated-declarations -Wno-sign-conversion -Wno-infinite-recursion -Wno-comma -Wno-block-capture-autoreleasing -Wno-strict-prototypes -Wno-semicolon-before-method-body -index-store-path /Users/jordantranchina/Library/Developer/Xcode/DerivedData/GroceryWatch-cjpxcfkltfoqvcabomjerkquwnbi/Index.noindex/DataStore @/Users/jordantranchina/Library/Developer/Xcode/DerivedData/GroceryWatch-cjpxcfkltfoqvcabomjerkquwnbi/Build/Intermediates.noindex/Promises.build/Debug-watchsimulator/FBLPromises.build/Objects-normal/x86_64/e6072d4f65d7061329687fe24e3d63a7-common-args.resp -include /Users/jordantranchina/Library/Developer/Xcode/DerivedData/GroceryWatch-cjpxcfkltfoqvcabomjerkquwnbi/Build/Intermediates.noindex/Promises.build/Debug-watchsimulator/FBLPromises.build/DerivedSources/resource_bundle_accessor.h -MMD -MT dependencies -MF /Users/jordantranchina/Library/Developer/Xcode/DerivedData/GroceryWatch-cjpxcfkltfoqvcabomjerkquwnbi/Build/Intermediates.noindex/Promises.build/Debug-watchsimulator/FBLPromises.build/Objects-normal/x86_64/FBLPromise+Always.d --serialize-diagnostics /Users/jordantranchina/Library/Developer/Xcode/DerivedData/GroceryWatch-cjpxcfkltfoqvcabomjerkquwnbi/Build/Intermediates.noindex/Promises.build/Debug-watchsimulator/FBLPromises.build/Objects-normal/x86_64/FBLPromise+Always.dia -c /Users/jordantranchina/Library/Developer/Xcode/DerivedData/GroceryWatch-cjpxcfkltfoqvcabomjerkquwnbi/SourcePackages/checkouts/promises/Sources/FBLPromises/FBLPromise+Always.m -o /Users/jordantranchina/Library/Developer/Xcode/DerivedData/GroceryWatch-cjpxcfkltfoqvcabomjerkquwnbi/Build/Intermediates.noindex/Promises.build/Debug-watchsimulator/FBLPromises.build/Objects-normal/x86_64/FBLPromise+Always.o -index-unit-output-path /Promises.build/Debug-watchsimulator/FBLPromises.build/Objects-normal/x86_64/FBLPromise+Always.o

CompileC /Users/jordantranchina/Library/Developer/Xcode/DerivedData/GroceryWatch-cjpxcfkltfoqvcabomjerkquwnbi/Build/Intermediates.noindex/Promises.build/Debug-watchsimulator/FBLPromises.build/Objects-normal/x86_64/FBLPromise+All.o /Users/jordantranchina/Library/Developer/Xcode/DerivedData/GroceryWatch-cjpxcfkltfoqvcabomjerkquwnbi/SourcePackages/checkouts/promises/Sources/FBLPromises/FBLPromise+All.m normal x86_64 objective-c com.apple.compilers.llvm.clang.1_0.compiler (in target 'FBLPromises' from project 'Promises')
    cd /Users/jordantranchina/workspace/GroceryCheckList/ios/GroceryWatch/GroceryWatch.xcodeproj
    
    Using response file: /Users/jordantranchina/Library/Developer/Xcode/DerivedData/GroceryWatch-cjpxcfkltfoqvcabomjerkquwnbi/Build/Intermediates.noindex/Promises.build/Debug-watchsimulator/FBLPromises.build/Objects-normal/x86_64/e6072d4f65d7061329687fe24e3d63a7-common-args.resp
    
    /Applications/Xcode.app/Contents/Developer/Toolchains/XcodeDefault.xctoolchain/usr/bin/clang -x objective-c -ivfsstatcache /Users/jordantranchina/Library/Developer/Xcode/DerivedData/SDKStatCaches.noindex/watchsimulator26.2-23S303-963ebdd26732d23a23bcca82c2045e26.sdkstatcache -fmessage-length\=0 -fdiagnostics-show-note-include-stack -fmacro-backtrace-limit\=0 -fno-color-diagnostics -fmodules-prune-interval\=86400 -fmodules-prune-after\=345600 -fbuild-session-file\=/Users/jordantranchina/Library/Developer/Xcode/DerivedData/ModuleCache.noindex/Session.modulevalidation -fmodules-validate-once-per-build-session -Wnon-modular-include-in-framework-module -Werror\=non-modular-include-in-framework-module -Wno-trigraphs -Wno-missing-field-initializers -Wno-missing-prototypes -Wno-return-type -Wno-implicit-atomic-properties -Wno-objc-interface-ivars -Wno-arc-repeated-use-of-weak -Wno-missing-braces -Wparentheses -Wswitch -Wno-unused-function -Wno-unused-label -Wno-unused-parameter -Wno-unused-variable -Wunused-value -Wno-empty-body -Wno-uninitialized -Wno-unknown-pragmas -w -Wno-shadow -Wno-four-char-constants -Wno-conversion -Wno-constant-conversion -Wno-int-conversion -Wno-bool-conversion -Wno-enum-conversion -Wno-float-conversion -Wno-non-literal-null-conversion -Wno-objc-literal-conversion -Wshorten-64-to-32 -Wpointer-sign -Wno-newline-eof -Wno-selector -Wno-strict-selector-match -Wno-undeclared-selector -Wno-deprecated-implementations -Wno-implicit-fallthrough -fstrict-aliasing -Wprotocol -Wdeprecated-declarations -Wno-sign-conversion -Wno-infinite-recursion -Wno-comma -Wno-block-capture-autoreleasing -Wno-strict-prototypes -Wno-semicolon-before-method-body -index-store-path /Users/jordantranchina/Library/Developer/Xcode/DerivedData/GroceryWatch-cjpxcfkltfoqvcabomjerkquwnbi/Index.noindex/DataStore @/Users/jordantranchina/Library/Developer/Xcode/DerivedData/GroceryWatch-cjpxcfkltfoqvcabomjerkquwnbi/Build/Intermediates.noindex/Promises.build/Debug-watchsimulator/FBLPromises.build/Objects-normal/x86_64/e6072d4f65d7061329687fe24e3d63a7-common-args.resp -include /Users/jordantranchina/Library/Developer/Xcode/DerivedData/GroceryWatch-cjpxcfkltfoqvcabomjerkquwnbi/Build/Intermediates.noindex/Promises.build/Debug-watchsimulator/FBLPromises.build/DerivedSources/resource_bundle_accessor.h -MMD -MT dependencies -MF /Users/jordantranchina/Library/Developer/Xcode/DerivedData/GroceryWatch-cjpxcfkltfoqvcabomjerkquwnbi/Build/Intermediates.noindex/Promises.build/Debug-watchsimulator/FBLPromises.build/Objects-normal/x86_64/FBLPromise+All.d --serialize-diagnostics /Users/jordantranchina/Library/Developer/Xcode/DerivedData/GroceryWatch-cjpxcfkltfoqvcabomjerkquwnbi/Build/Intermediates.noindex/Promises.build/Debug-watchsimulator/FBLPromises.build/Objects-normal/x86_64/FBLPromise+All.dia -c /Users/jordantranchina/Library/Developer/Xcode/DerivedData/GroceryWatch-cjpxcfkltfoqvcabomjerkquwnbi/SourcePackages/checkouts/promises/Sources/FBLPromises/FBLPromise+All.m -o /Users/jordantranchina/Library/Developer/Xcode/DerivedData/GroceryWatch-cjpxcfkltfoqvcabomjerkquwnbi/Build/Intermediates.noindex/Promises.build/Debug-watchsimulator/FBLPromises.build/Objects-normal/x86_64/FBLPromise+All.o -index-unit-output-path /Promises.build/Debug-watchsimulator/FBLPromises.build/Objects-normal/x86_64/FBLPromise+All.o

PrecompileModule /Users/jordantranchina/Library/Developer/Xcode/DerivedData/GroceryWatch-cjpxcfkltfoqvcabomjerkquwnbi/Build/Intermediates.noindex/ExplicitPrecompiledModules/FirebaseCore-4ILMYHRTQA3ATO7CQGH6GBM6T.scan
    cd /
    builtin-precompileModule /Users/jordantranchina/Library/Developer/Xcode/DerivedData/GroceryWatch-cjpxcfkltfoqvcabomjerkquwnbi/Build/Intermediates.noindex/ExplicitPrecompiledModules/FirebaseCore-4ILMYHRTQA3ATO7CQGH6GBM6T.scan

PrecompileModule /Users/jordantranchina/Library/Developer/Xcode/DerivedData/GroceryWatch-cjpxcfkltfoqvcabomjerkquwnbi/Build/Intermediates.noindex/ExplicitPrecompiledModules/CoreFoundation-5FYJQHA63EPS8UP88NR6MC9JE.scan
    cd /
    builtin-precompileModule /Users/jordantranchina/Library/Developer/Xcode/DerivedData/GroceryWatch-cjpxcfkltfoqvcabomjerkquwnbi/Build/Intermediates.noindex/ExplicitPrecompiledModules/CoreFoundation-5FYJQHA63EPS8UP88NR6MC9JE.scan

PrecompileModule /Users/jordantranchina/Library/Developer/Xcode/DerivedData/GroceryWatch-cjpxcfkltfoqvcabomjerkquwnbi/Build/Intermediates.noindex/ExplicitPrecompiledModules/FBLPromises-795XR8P50KQQ9WD8ZQ59TVAU2.scan
    cd /
    builtin-precompileModule /Users/jordantranchina/Library/Developer/Xcode/DerivedData/GroceryWatch-cjpxcfkltfoqvcabomjerkquwnbi/Build/Intermediates.noindex/ExplicitPrecompiledModules/FBLPromises-795XR8P50KQQ9WD8ZQ59TVAU2.scan

PrecompileModule /Users/jordantranchina/Library/Developer/Xcode/DerivedData/GroceryWatch-cjpxcfkltfoqvcabomjerkquwnbi/Build/Intermediates.noindex/ExplicitPrecompiledModules/_DarwinFoundation1-BF16DTAR1FK24D2LVS3R1XYAU.scan
    cd /
    builtin-precompileModule /Users/jordantranchina/Library/Developer/Xcode/DerivedData/GroceryWatch-cjpxcfkltfoqvcabomjerkquwnbi/Build/Intermediates.noindex/ExplicitPrecompiledModules/_DarwinFoundation1-BF16DTAR1FK24D2LVS3R1XYAU.scan

PrecompileModule /Users/jordantranchina/Library/Developer/Xcode/DerivedData/GroceryWatch-cjpxcfkltfoqvcabomjerkquwnbi/Build/Intermediates.noindex/ExplicitPrecompiledModules/GoogleUtilities_Environment-E9BDZIXN9CLRW3OTZWTOO8TH7.scan
    cd /
    builtin-precompileModule /Users/jordantranchina/Library/Developer/Xcode/DerivedData/GroceryWatch-cjpxcfkltfoqvcabomjerkquwnbi/Build/Intermediates.noindex/ExplicitPrecompiledModules/GoogleUtilities_Environment-E9BDZIXN9CLRW3OTZWTOO8TH7.scan

PrecompileModule /Users/jordantranchina/Library/Developer/Xcode/DerivedData/GroceryWatch-cjpxcfkltfoqvcabomjerkquwnbi/Build/Intermediates.noindex/ExplicitPrecompiledModules/GoogleUtilities_UserDefaults-2MP20DGL6Y4VBWXZ76MXOH3L8.scan
    cd /
    builtin-precompileModule /Users/jordantranchina/Library/Developer/Xcode/DerivedData/GroceryWatch-cjpxcfkltfoqvcabomjerkquwnbi/Build/Intermediates.noindex/ExplicitPrecompiledModules/GoogleUtilities_UserDefaults-2MP20DGL6Y4VBWXZ76MXOH3L8.scan

PrecompileModule /Users/jordantranchina/Library/Developer/Xcode/DerivedData/GroceryWatch-cjpxcfkltfoqvcabomjerkquwnbi/Build/Intermediates.noindex/ExplicitPrecompiledModules/_DarwinFoundation1-54EU4MX1GP7L1FAQLB0UXGGJ6.scan
    cd /
    builtin-precompileModule /Users/jordantranchina/Library/Developer/Xcode/DerivedData/GroceryWatch-cjpxcfkltfoqvcabomjerkquwnbi/Build/Intermediates.noindex/ExplicitPrecompiledModules/_DarwinFoundation1-54EU4MX1GP7L1FAQLB0UXGGJ6.scan

ProcessProductPackagingDER /Users/jordantranchina/Library/Developer/Xcode/DerivedData/GroceryWatch-cjpxcfkltfoqvcabomjerkquwnbi/Build/Intermediates.noindex/GroceryWatch.build/Debug-watchsimulator/GroceryWatch\ Watch\ App.build/GroceryWatch\ Watch\ App.app-Simulated.xcent /Users/jordantranchina/Library/Developer/Xcode/DerivedData/GroceryWatch-cjpxcfkltfoqvcabomjerkquwnbi/Build/Intermediates.noindex/GroceryWatch.build/Debug-watchsimulator/GroceryWatch\ Watch\ App.build/GroceryWatch\ Watch\ App.app-Simulated.xcent.der (in target 'GroceryWatch Watch App' from project 'GroceryWatch')
    cd /Users/jordantranchina/workspace/GroceryCheckList/ios/GroceryWatch
    /usr/bin/derq query -f xml -i /Users/jordantranchina/Library/Developer/Xcode/DerivedData/GroceryWatch-cjpxcfkltfoqvcabomjerkquwnbi/Build/Intermediates.noindex/GroceryWatch.build/Debug-watchsimulator/GroceryWatch\ Watch\ App.build/GroceryWatch\ Watch\ App.app-Simulated.xcent -o /Users/jordantranchina/Library/Developer/Xcode/DerivedData/GroceryWatch-cjpxcfkltfoqvcabomjerkquwnbi/Build/Intermediates.noindex/GroceryWatch.build/Debug-watchsimulator/GroceryWatch\ Watch\ App.build/GroceryWatch\ Watch\ App.app-Simulated.xcent.der --raw

ExtractAppIntentsMetadata (in target 'FirebaseCoreInternal' from project 'Firebase')
    cd /Users/jordantranchina/Library/Developer/Xcode/DerivedData/GroceryWatch-cjpxcfkltfoqvcabomjerkquwnbi/SourcePackages/checkouts/firebase-ios-sdk
    /Applications/Xcode.app/Contents/Developer/Toolchains/XcodeDefault.xctoolchain/usr/bin/appintentsmetadataprocessor --toolchain-dir /Applications/Xcode.app/Contents/Developer/Toolchains/XcodeDefault.xctoolchain --module-name FirebaseCoreInternal --sdk-root /Applications/Xcode.app/Contents/Developer/Platforms/WatchSimulator.platform/Developer/SDKs/WatchSimulator26.2.sdk --xcode-version 17C52 --platform-family watchOS --deployment-target 7.0 --bundle-identifier firebase-ios-sdk.FirebaseCoreInternal --output /Users/jordantranchina/Library/Developer/Xcode/DerivedData/GroceryWatch-cjpxcfkltfoqvcabomjerkquwnbi/Build/Products/Debug-watchsimulator/FirebaseCoreInternal.appintents --target-triple arm64-apple-watchos7.0-simulator --target-triple x86_64-apple-watchos7.0-simulator --binary-file /Users/jordantranchina/Library/Developer/Xcode/DerivedData/GroceryWatch-cjpxcfkltfoqvcabomjerkquwnbi/Build/Products/Debug-watchsimulator/FirebaseCoreInternal.o --dependency-file /Users/jordantranchina/Library/Developer/Xcode/DerivedData/GroceryWatch-cjpxcfkltfoqvcabomjerkquwnbi/Build/Intermediates.noindex/Firebase.build/Debug-watchsimulator/FirebaseCoreInternal.build/Objects-normal/arm64/FirebaseCoreInternal_dependency_info.dat --dependency-file /Users/jordantranchina/Library/Developer/Xcode/DerivedData/GroceryWatch-cjpxcfkltfoqvcabomjerkquwnbi/Build/Intermediates.noindex/Firebase.build/Debug-watchsimulator/FirebaseCoreInternal.build/Objects-normal/x86_64/FirebaseCoreInternal_dependency_info.dat --stringsdata-file /Users/jordantranchina/Library/Developer/Xcode/DerivedData/GroceryWatch-cjpxcfkltfoqvcabomjerkquwnbi/Build/Intermediates.noindex/Firebase.build/Debug-watchsimulator/FirebaseCoreInternal.build/Objects-normal/arm64/ExtractedAppShortcutsMetadata.stringsdata --stringsdata-file /Users/jordantranchina/Library/Developer/Xcode/DerivedData/GroceryWatch-cjpxcfkltfoqvcabomjerkquwnbi/Build/Intermediates.noindex/Firebase.build/Debug-watchsimulator/FirebaseCoreInternal.build/Objects-normal/x86_64/ExtractedAppShortcutsMetadata.stringsdata --source-file-list /Users/jordantranchina/Library/Developer/Xcode/DerivedData/GroceryWatch-cjpxcfkltfoqvcabomjerkquwnbi/Build/Intermediates.noindex/Firebase.build/Debug-watchsimulator/FirebaseCoreInternal.build/Objects-normal/arm64/FirebaseCoreInternal.SwiftFileList --source-file-list /Users/jordantranchina/Library/Developer/Xcode/DerivedData/GroceryWatch-cjpxcfkltfoqvcabomjerkquwnbi/Build/Intermediates.noindex/Firebase.build/Debug-watchsimulator/FirebaseCoreInternal.build/Objects-normal/x86_64/FirebaseCoreInternal.SwiftFileList --metadata-file-list /Users/jordantranchina/Library/Developer/Xcode/DerivedData/GroceryWatch-cjpxcfkltfoqvcabomjerkquwnbi/Build/Intermediates.noindex/Firebase.build/Debug-watchsimulator/FirebaseCoreInternal.build/FirebaseCoreInternal.DependencyMetadataFileList --static-metadata-file-list /Users/jordantranchina/Library/Developer/Xcode/DerivedData/GroceryWatch-cjpxcfkltfoqvcabomjerkquwnbi/Build/Intermediates.noindex/Firebase.build/Debug-watchsimulator/FirebaseCoreInternal.build/FirebaseCoreInternal.DependencyStaticMetadataFileList --swift-const-vals-list /Users/jordantranchina/Library/Developer/Xcode/DerivedData/GroceryWatch-cjpxcfkltfoqvcabomjerkquwnbi/Build/Intermediates.noindex/Firebase.build/Debug-watchsimulator/FirebaseCoreInternal.build/Objects-normal/arm64/FirebaseCoreInternal.SwiftConstValuesFileList --swift-const-vals-list /Users/jordantranchina/Library/Developer/Xcode/DerivedData/GroceryWatch-cjpxcfkltfoqvcabomjerkquwnbi/Build/Intermediates.noindex/Firebase.build/Debug-watchsimulator/FirebaseCoreInternal.build/Objects-normal/x86_64/FirebaseCoreInternal.SwiftConstValuesFileList --force --compile-time-extraction --deployment-aware-processing --validate-assistant-intents --no-app-shortcuts-localization
2026-01-12 21:26:42.921 appintentsmetadataprocessor[49421:3491713] Starting appintentsmetadataprocessor export
2026-01-12 21:26:43.058 appintentsmetadataprocessor[49421:3491713] Extracted no relevant App Intents symbols, skipping writing output

Ld /Users/jordantranchina/Library/Developer/Xcode/DerivedData/GroceryWatch-cjpxcfkltfoqvcabomjerkquwnbi/Build/Intermediates.noindex/GoogleUtilities.build/Debug-watchsimulator/GoogleUtilities-Logger.build/Objects-normal/x86_64/Binary/GoogleUtilities-Logger.o normal x86_64 (in target 'GoogleUtilities-Logger' from project 'GoogleUtilities')
    cd /Users/jordantranchina/Library/Developer/Xcode/DerivedData/GroceryWatch-cjpxcfkltfoqvcabomjerkquwnbi/SourcePackages/checkouts/GoogleUtilities
    /Applications/Xcode.app/Contents/Developer/Toolchains/XcodeDefault.xctoolchain/usr/bin/clang -Xlinker -reproducible -target x86_64-apple-watchos7.0-simulator -r -isysroot /Applications/Xcode.app/Contents/Developer/Platforms/WatchSimulator.platform/Developer/SDKs/WatchSimulator26.2.sdk -O0 -w -L/Users/jordantranchina/Library/Developer/Xcode/DerivedData/GroceryWatch-cjpxcfkltfoqvcabomjerkquwnbi/Build/Intermediates.noindex/EagerLinkingTBDs/Debug-watchsimulator -L/Users/jordantranchina/Library/Developer/Xcode/DerivedData/GroceryWatch-cjpxcfkltfoqvcabomjerkquwnbi/Build/Products/Debug-watchsimulator -L/Applications/Xcode.app/Contents/Developer/Platforms/WatchSimulator.platform/Developer/usr/lib -F/Users/jordantranchina/Library/Developer/Xcode/DerivedData/GroceryWatch-cjpxcfkltfoqvcabomjerkquwnbi/Build/Intermediates.noindex/EagerLinkingTBDs/Debug-watchsimulator -F/Users/jordantranchina/Library/Developer/Xcode/DerivedData/GroceryWatch-cjpxcfkltfoqvcabomjerkquwnbi/Build/Products/Debug-watchsimulator/PackageFrameworks -F/Users/jordantranchina/Library/Developer/Xcode/DerivedData/GroceryWatch-cjpxcfkltfoqvcabomjerkquwnbi/Build/Products/Debug-watchsimulator/PackageFrameworks -F/Users/jordantranchina/Library/Developer/Xcode/DerivedData/GroceryWatch-cjpxcfkltfoqvcabomjerkquwnbi/Build/Products/Debug-watchsimulator -iframework /Applications/Xcode.app/Contents/Developer/Platforms/WatchSimulator.platform/Developer/Library/Frameworks -iframework /Applications/Xcode.app/Contents/Developer/Platforms/WatchSimulator.platform/Developer/SDKs/WatchSimulator26.2.sdk/Developer/Library/Frameworks -filelist /Users/jordantranchina/Library/Developer/Xcode/DerivedData/GroceryWatch-cjpxcfkltfoqvcabomjerkquwnbi/Build/Intermediates.noindex/GoogleUtilities.build/Debug-watchsimulator/GoogleUtilities-Logger.build/Objects-normal/x86_64/GoogleUtilities-Logger.LinkFileList -nostdlib -Xlinker -object_path_lto -Xlinker /Users/jordantranchina/Library/Developer/Xcode/DerivedData/GroceryWatch-cjpxcfkltfoqvcabomjerkquwnbi/Build/Intermediates.noindex/GoogleUtilities.build/Debug-watchsimulator/GoogleUtilities-Logger.build/Objects-normal/x86_64/GoogleUtilities-Logger_lto.o -rdynamic -Xlinker -no_deduplicate -Xlinker -objc_abi_version -Xlinker 2 -Xlinker -dependency_info -Xlinker /Users/jordantranchina/Library/Developer/Xcode/DerivedData/GroceryWatch-cjpxcfkltfoqvcabomjerkquwnbi/Build/Intermediates.noindex/GoogleUtilities.build/Debug-watchsimulator/GoogleUtilities-Logger.build/Objects-normal/x86_64/GoogleUtilities-Logger_dependency_info.dat -fobjc-arc -fobjc-link-runtime -o /Users/jordantranchina/Library/Developer/Xcode/DerivedData/GroceryWatch-cjpxcfkltfoqvcabomjerkquwnbi/Build/Intermediates.noindex/GoogleUtilities.build/Debug-watchsimulator/GoogleUtilities-Logger.build/Objects-normal/x86_64/Binary/GoogleUtilities-Logger.o

Ld /Users/jordantranchina/Library/Developer/Xcode/DerivedData/GroceryWatch-cjpxcfkltfoqvcabomjerkquwnbi/Build/Intermediates.noindex/GoogleUtilities.build/Debug-watchsimulator/GoogleUtilities-Logger.build/Objects-normal/arm64/Binary/GoogleUtilities-Logger.o normal arm64 (in target 'GoogleUtilities-Logger' from project 'GoogleUtilities')
    cd /Users/jordantranchina/Library/Developer/Xcode/DerivedData/GroceryWatch-cjpxcfkltfoqvcabomjerkquwnbi/SourcePackages/checkouts/GoogleUtilities
    /Applications/Xcode.app/Contents/Developer/Toolchains/XcodeDefault.xctoolchain/usr/bin/clang -Xlinker -reproducible -target arm64-apple-watchos7.0-simulator -r -isysroot /Applications/Xcode.app/Contents/Developer/Platforms/WatchSimulator.platform/Developer/SDKs/WatchSimulator26.2.sdk -O0 -w -L/Users/jordantranchina/Library/Developer/Xcode/DerivedData/GroceryWatch-cjpxcfkltfoqvcabomjerkquwnbi/Build/Intermediates.noindex/EagerLinkingTBDs/Debug-watchsimulator -L/Users/jordantranchina/Library/Developer/Xcode/DerivedData/GroceryWatch-cjpxcfkltfoqvcabomjerkquwnbi/Build/Products/Debug-watchsimulator -L/Applications/Xcode.app/Contents/Developer/Platforms/WatchSimulator.platform/Developer/usr/lib -F/Users/jordantranchina/Library/Developer/Xcode/DerivedData/GroceryWatch-cjpxcfkltfoqvcabomjerkquwnbi/Build/Intermediates.noindex/EagerLinkingTBDs/Debug-watchsimulator -F/Users/jordantranchina/Library/Developer/Xcode/DerivedData/GroceryWatch-cjpxcfkltfoqvcabomjerkquwnbi/Build/Products/Debug-watchsimulator/PackageFrameworks -F/Users/jordantranchina/Library/Developer/Xcode/DerivedData/GroceryWatch-cjpxcfkltfoqvcabomjerkquwnbi/Build/Products/Debug-watchsimulator/PackageFrameworks -F/Users/jordantranchina/Library/Developer/Xcode/DerivedData/GroceryWatch-cjpxcfkltfoqvcabomjerkquwnbi/Build/Products/Debug-watchsimulator -iframework /Applications/Xcode.app/Contents/Developer/Platforms/WatchSimulator.platform/Developer/Library/Frameworks -iframework /Applications/Xcode.app/Contents/Developer/Platforms/WatchSimulator.platform/Developer/SDKs/WatchSimulator26.2.sdk/Developer/Library/Frameworks -filelist /Users/jordantranchina/Library/Developer/Xcode/DerivedData/GroceryWatch-cjpxcfkltfoqvcabomjerkquwnbi/Build/Intermediates.noindex/GoogleUtilities.build/Debug-watchsimulator/GoogleUtilities-Logger.build/Objects-normal/arm64/GoogleUtilities-Logger.LinkFileList -nostdlib -Xlinker -object_path_lto -Xlinker /Users/jordantranchina/Library/Developer/Xcode/DerivedData/GroceryWatch-cjpxcfkltfoqvcabomjerkquwnbi/Build/Intermediates.noindex/GoogleUtilities.build/Debug-watchsimulator/GoogleUtilities-Logger.build/Objects-normal/arm64/GoogleUtilities-Logger_lto.o -rdynamic -Xlinker -no_deduplicate -Xlinker -objc_abi_version -Xlinker 2 -Xlinker -dependency_info -Xlinker /Users/jordantranchina/Library/Developer/Xcode/DerivedData/GroceryWatch-cjpxcfkltfoqvcabomjerkquwnbi/Build/Intermediates.noindex/GoogleUtilities.build/Debug-watchsimulator/GoogleUtilities-Logger.build/Objects-normal/arm64/GoogleUtilities-Logger_dependency_info.dat -fobjc-arc -fobjc-link-runtime -o /Users/jordantranchina/Library/Developer/Xcode/DerivedData/GroceryWatch-cjpxcfkltfoqvcabomjerkquwnbi/Build/Intermediates.noindex/GoogleUtilities.build/Debug-watchsimulator/GoogleUtilities-Logger.build/Objects-normal/arm64/Binary/GoogleUtilities-Logger.o

CompileC /Users/jordantranchina/Library/Developer/Xcode/DerivedData/GroceryWatch-cjpxcfkltfoqvcabomjerkquwnbi/Build/Intermediates.noindex/Firebase.build/Debug-watchsimulator/FirebaseInstallations.build/Objects-normal/arm64/FIRInstallationsStoredItem.o /Users/jordantranchina/Library/Developer/Xcode/DerivedData/GroceryWatch-cjpxcfkltfoqvcabomjerkquwnbi/SourcePackages/checkouts/firebase-ios-sdk/FirebaseInstallations/Source/Library/InstallationsStore/FIRInstallationsStoredItem.m normal arm64 objective-c com.apple.compilers.llvm.clang.1_0.compiler (in target 'FirebaseInstallations' from project 'Firebase')
    cd /Users/jordantranchina/workspace/GroceryCheckList/ios/GroceryWatch/GroceryWatch.xcodeproj
    
    Using response file: /Users/jordantranchina/Library/Developer/Xcode/DerivedData/GroceryWatch-cjpxcfkltfoqvcabomjerkquwnbi/Build/Intermediates.noindex/Firebase.build/Debug-watchsimulator/FirebaseInstallations.build/Objects-normal/arm64/e6072d4f65d7061329687fe24e3d63a7-common-args.resp
    
    /Applications/Xcode.app/Contents/Developer/Toolchains/XcodeDefault.xctoolchain/usr/bin/clang -x objective-c -ivfsstatcache /Users/jordantranchina/Library/Developer/Xcode/DerivedData/SDKStatCaches.noindex/watchsimulator26.2-23S303-963ebdd26732d23a23bcca82c2045e26.sdkstatcache -fmessage-length\=0 -fdiagnostics-show-note-include-stack -fmacro-backtrace-limit\=0 -fno-color-diagnostics -fmodules-prune-interval\=86400 -fmodules-prune-after\=345600 -fbuild-session-file\=/Users/jordantranchina/Library/Developer/Xcode/DerivedData/ModuleCache.noindex/Session.modulevalidation -fmodules-validate-once-per-build-session -Wnon-modular-include-in-framework-module -Werror\=non-modular-include-in-framework-module -Wno-trigraphs -Wno-missing-field-initializers -Wno-missing-prototypes -Wno-return-type -Wno-implicit-atomic-properties -Wno-objc-interface-ivars -Wno-arc-repeated-use-of-weak -Wno-missing-braces -Wparentheses -Wswitch -Wno-unused-function -Wno-unused-label -Wno-unused-parameter -Wno-unused-variable -Wunused-value -Wno-empty-body -Wno-uninitialized -Wno-unknown-pragmas -w -Wno-shadow -Wno-four-char-constants -Wno-conversion -Wno-constant-conversion -Wno-int-conversion -Wno-bool-conversion -Wno-enum-conversion -Wno-float-conversion -Wno-non-literal-null-conversion -Wno-objc-literal-conversion -Wshorten-64-to-32 -Wpointer-sign -Wno-newline-eof -Wno-selector -Wno-strict-selector-match -Wno-undeclared-selector -Wno-deprecated-implementations -Wno-implicit-fallthrough -fstrict-aliasing -Wprotocol -Wdeprecated-declarations -Wno-sign-conversion -Wno-infinite-recursion -Wno-comma -Wno-block-capture-autoreleasing -Wno-strict-prototypes -Wno-semicolon-before-method-body -index-store-path /Users/jordantranchina/Library/Developer/Xcode/DerivedData/GroceryWatch-cjpxcfkltfoqvcabomjerkquwnbi/Index.noindex/DataStore @/Users/jordantranchina/Library/Developer/Xcode/DerivedData/GroceryWatch-cjpxcfkltfoqvcabomjerkquwnbi/Build/Intermediates.noindex/Firebase.build/Debug-watchsimulator/FirebaseInstallations.build/Objects-normal/arm64/e6072d4f65d7061329687fe24e3d63a7-common-args.resp -include /Users/jordantranchina/Library/Developer/Xcode/DerivedData/GroceryWatch-cjpxcfkltfoqvcabomjerkquwnbi/Build/Intermediates.noindex/Firebase.build/Debug-watchsimulator/FirebaseInstallations.build/DerivedSources/resource_bundle_accessor.h -MMD -MT dependencies -MF /Users/jordantranchina/Library/Developer/Xcode/DerivedData/GroceryWatch-cjpxcfkltfoqvcabomjerkquwnbi/Build/Intermediates.noindex/Firebase.build/Debug-watchsimulator/FirebaseInstallations.build/Objects-normal/arm64/FIRInstallationsStoredItem.d --serialize-diagnostics /Users/jordantranchina/Library/Developer/Xcode/DerivedData/GroceryWatch-cjpxcfkltfoqvcabomjerkquwnbi/Build/Intermediates.noindex/Firebase.build/Debug-watchsimulator/FirebaseInstallations.build/Objects-normal/arm64/FIRInstallationsStoredItem.dia -c /Users/jordantranchina/Library/Developer/Xcode/DerivedData/GroceryWatch-cjpxcfkltfoqvcabomjerkquwnbi/SourcePackages/checkouts/firebase-ios-sdk/FirebaseInstallations/Source/Library/InstallationsStore/FIRInstallationsStoredItem.m -o /Users/jordantranchina/Library/Developer/Xcode/DerivedData/GroceryWatch-cjpxcfkltfoqvcabomjerkquwnbi/Build/Intermediates.noindex/Firebase.build/Debug-watchsimulator/FirebaseInstallations.build/Objects-normal/arm64/FIRInstallationsStoredItem.o -index-unit-output-path /Firebase.build/Debug-watchsimulator/FirebaseInstallations.build/Objects-normal/arm64/FIRInstallationsStoredItem.o

CompileC /Users/jordantranchina/Library/Developer/Xcode/DerivedData/GroceryWatch-cjpxcfkltfoqvcabomjerkquwnbi/Build/Intermediates.noindex/Firebase.build/Debug-watchsimulator/FirebaseInstallations.build/Objects-normal/arm64/FIRInstallationsStoredAuthToken.o /Users/jordantranchina/Library/Developer/Xcode/DerivedData/GroceryWatch-cjpxcfkltfoqvcabomjerkquwnbi/SourcePackages/checkouts/firebase-ios-sdk/FirebaseInstallations/Source/Library/InstallationsStore/FIRInstallationsStoredAuthToken.m normal arm64 objective-c com.apple.compilers.llvm.clang.1_0.compiler (in target 'FirebaseInstallations' from project 'Firebase')
    cd /Users/jordantranchina/workspace/GroceryCheckList/ios/GroceryWatch/GroceryWatch.xcodeproj
    
    Using response file: /Users/jordantranchina/Library/Developer/Xcode/DerivedData/GroceryWatch-cjpxcfkltfoqvcabomjerkquwnbi/Build/Intermediates.noindex/Firebase.build/Debug-watchsimulator/FirebaseInstallations.build/Objects-normal/arm64/e6072d4f65d7061329687fe24e3d63a7-common-args.resp
    
    /Applications/Xcode.app/Contents/Developer/Toolchains/XcodeDefault.xctoolchain/usr/bin/clang -x objective-c -ivfsstatcache /Users/jordantranchina/Library/Developer/Xcode/DerivedData/SDKStatCaches.noindex/watchsimulator26.2-23S303-963ebdd26732d23a23bcca82c2045e26.sdkstatcache -fmessage-length\=0 -fdiagnostics-show-note-include-stack -fmacro-backtrace-limit\=0 -fno-color-diagnostics -fmodules-prune-interval\=86400 -fmodules-prune-after\=345600 -fbuild-session-file\=/Users/jordantranchina/Library/Developer/Xcode/DerivedData/ModuleCache.noindex/Session.modulevalidation -fmodules-validate-once-per-build-session -Wnon-modular-include-in-framework-module -Werror\=non-modular-include-in-framework-module -Wno-trigraphs -Wno-missing-field-initializers -Wno-missing-prototypes -Wno-return-type -Wno-implicit-atomic-properties -Wno-objc-interface-ivars -Wno-arc-repeated-use-of-weak -Wno-missing-braces -Wparentheses -Wswitch -Wno-unused-function -Wno-unused-label -Wno-unused-parameter -Wno-unused-variable -Wunused-value -Wno-empty-body -Wno-uninitialized -Wno-unknown-pragmas -w -Wno-shadow -Wno-four-char-constants -Wno-conversion -Wno-constant-conversion -Wno-int-conversion -Wno-bool-conversion -Wno-enum-conversion -Wno-float-conversion -Wno-non-literal-null-conversion -Wno-objc-literal-conversion -Wshorten-64-to-32 -Wpointer-sign -Wno-newline-eof -Wno-selector -Wno-strict-selector-match -Wno-undeclared-selector -Wno-deprecated-implementations -Wno-implicit-fallthrough -fstrict-aliasing -Wprotocol -Wdeprecated-declarations -Wno-sign-conversion -Wno-infinite-recursion -Wno-comma -Wno-block-capture-autoreleasing -Wno-strict-prototypes -Wno-semicolon-before-method-body -index-store-path /Users/jordantranchina/Library/Developer/Xcode/DerivedData/GroceryWatch-cjpxcfkltfoqvcabomjerkquwnbi/Index.noindex/DataStore @/Users/jordantranchina/Library/Developer/Xcode/DerivedData/GroceryWatch-cjpxcfkltfoqvcabomjerkquwnbi/Build/Intermediates.noindex/Firebase.build/Debug-watchsimulator/FirebaseInstallations.build/Objects-normal/arm64/e6072d4f65d7061329687fe24e3d63a7-common-args.resp -include /Users/jordantranchina/Library/Developer/Xcode/DerivedData/GroceryWatch-cjpxcfkltfoqvcabomjerkquwnbi/Build/Intermediates.noindex/Firebase.build/Debug-watchsimulator/FirebaseInstallations.build/DerivedSources/resource_bundle_accessor.h -MMD -MT dependencies -MF /Users/jordantranchina/Library/Developer/Xcode/DerivedData/GroceryWatch-cjpxcfkltfoqvcabomjerkquwnbi/Build/Intermediates.noindex/Firebase.build/Debug-watchsimulator/FirebaseInstallations.build/Objects-normal/arm64/FIRInstallationsStoredAuthToken.d --serialize-diagnostics /Users/jordantranchina/Library/Developer/Xcode/DerivedData/GroceryWatch-cjpxcfkltfoqvcabomjerkquwnbi/Build/Intermediates.noindex/Firebase.build/Debug-watchsimulator/FirebaseInstallations.build/Objects-normal/arm64/FIRInstallationsStoredAuthToken.dia -c /Users/jordantranchina/Library/Developer/Xcode/DerivedData/GroceryWatch-cjpxcfkltfoqvcabomjerkquwnbi/SourcePackages/checkouts/firebase-ios-sdk/FirebaseInstallations/Source/Library/InstallationsStore/FIRInstallationsStoredAuthToken.m -o /Users/jordantranchina/Library/Developer/Xcode/DerivedData/GroceryWatch-cjpxcfkltfoqvcabomjerkquwnbi/Build/Intermediates.noindex/Firebase.build/Debug-watchsimulator/FirebaseInstallations.build/Objects-normal/arm64/FIRInstallationsStoredAuthToken.o -index-unit-output-path /Firebase.build/Debug-watchsimulator/FirebaseInstallations.build/Objects-normal/arm64/FIRInstallationsStoredAuthToken.o

CompileC /Users/jordantranchina/Library/Developer/Xcode/DerivedData/GroceryWatch-cjpxcfkltfoqvcabomjerkquwnbi/Build/Intermediates.noindex/Firebase.build/Debug-watchsimulator/FirebaseInstallations.build/Objects-normal/arm64/FIRInstallationsLogger.o /Users/jordantranchina/Library/Developer/Xcode/DerivedData/GroceryWatch-cjpxcfkltfoqvcabomjerkquwnbi/SourcePackages/checkouts/firebase-ios-sdk/FirebaseInstallations/Source/Library/FIRInstallationsLogger.m normal arm64 objective-c com.apple.compilers.llvm.clang.1_0.compiler (in target 'FirebaseInstallations' from project 'Firebase')
    cd /Users/jordantranchina/workspace/GroceryCheckList/ios/GroceryWatch/GroceryWatch.xcodeproj
    
    Using response file: /Users/jordantranchina/Library/Developer/Xcode/DerivedData/GroceryWatch-cjpxcfkltfoqvcabomjerkquwnbi/Build/Intermediates.noindex/Firebase.build/Debug-watchsimulator/FirebaseInstallations.build/Objects-normal/arm64/e6072d4f65d7061329687fe24e3d63a7-common-args.resp
    
    /Applications/Xcode.app/Contents/Developer/Toolchains/XcodeDefault.xctoolchain/usr/bin/clang -x objective-c -ivfsstatcache /Users/jordantranchina/Library/Developer/Xcode/DerivedData/SDKStatCaches.noindex/watchsimulator26.2-23S303-963ebdd26732d23a23bcca82c2045e26.sdkstatcache -fmessage-length\=0 -fdiagnostics-show-note-include-stack -fmacro-backtrace-limit\=0 -fno-color-diagnostics -fmodules-prune-interval\=86400 -fmodules-prune-after\=345600 -fbuild-session-file\=/Users/jordantranchina/Library/Developer/Xcode/DerivedData/ModuleCache.noindex/Session.modulevalidation -fmodules-validate-once-per-build-session -Wnon-modular-include-in-framework-module -Werror\=non-modular-include-in-framework-module -Wno-trigraphs -Wno-missing-field-initializers -Wno-missing-prototypes -Wno-return-type -Wno-implicit-atomic-properties -Wno-objc-interface-ivars -Wno-arc-repeated-use-of-weak -Wno-missing-braces -Wparentheses -Wswitch -Wno-unused-function -Wno-unused-label -Wno-unused-parameter -Wno-unused-variable -Wunused-value -Wno-empty-body -Wno-uninitialized -Wno-unknown-pragmas -w -Wno-shadow -Wno-four-char-constants -Wno-conversion -Wno-constant-conversion -Wno-int-conversion -Wno-bool-conversion -Wno-enum-conversion -Wno-float-conversion -Wno-non-literal-null-conversion -Wno-objc-literal-conversion -Wshorten-64-to-32 -Wpointer-sign -Wno-newline-eof -Wno-selector -Wno-strict-selector-match -Wno-undeclared-selector -Wno-deprecated-implementations -Wno-implicit-fallthrough -fstrict-aliasing -Wprotocol -Wdeprecated-declarations -Wno-sign-conversion -Wno-infinite-recursion -Wno-comma -Wno-block-capture-autoreleasing -Wno-strict-prototypes -Wno-semicolon-before-method-body -index-store-path /Users/jordantranchina/Library/Developer/Xcode/DerivedData/GroceryWatch-cjpxcfkltfoqvcabomjerkquwnbi/Index.noindex/DataStore @/Users/jordantranchina/Library/Developer/Xcode/DerivedData/GroceryWatch-cjpxcfkltfoqvcabomjerkquwnbi/Build/Intermediates.noindex/Firebase.build/Debug-watchsimulator/FirebaseInstallations.build/Objects-normal/arm64/e6072d4f65d7061329687fe24e3d63a7-common-args.resp -include /Users/jordantranchina/Library/Developer/Xcode/DerivedData/GroceryWatch-cjpxcfkltfoqvcabomjerkquwnbi/Build/Intermediates.noindex/Firebase.build/Debug-watchsimulator/FirebaseInstallations.build/DerivedSources/resource_bundle_accessor.h -MMD -MT dependencies -MF /Users/jordantranchina/Library/Developer/Xcode/DerivedData/GroceryWatch-cjpxcfkltfoqvcabomjerkquwnbi/Build/Intermediates.noindex/Firebase.build/Debug-watchsimulator/FirebaseInstallations.build/Objects-normal/arm64/FIRInstallationsLogger.d --serialize-diagnostics /Users/jordantranchina/Library/Developer/Xcode/DerivedData/GroceryWatch-cjpxcfkltfoqvcabomjerkquwnbi/Build/Intermediates.noindex/Firebase.build/Debug-watchsimulator/FirebaseInstallations.build/Objects-normal/arm64/FIRInstallationsLogger.dia -c /Users/jordantranchina/Library/Developer/Xcode/DerivedData/GroceryWatch-cjpxcfkltfoqvcabomjerkquwnbi/SourcePackages/checkouts/firebase-ios-sdk/FirebaseInstallations/Source/Library/FIRInstallationsLogger.m -o /Users/jordantranchina/Library/Developer/Xcode/DerivedData/GroceryWatch-cjpxcfkltfoqvcabomjerkquwnbi/Build/Intermediates.noindex/Firebase.build/Debug-watchsimulator/FirebaseInstallations.build/Objects-normal/arm64/FIRInstallationsLogger.o -index-unit-output-path /Firebase.build/Debug-watchsimulator/FirebaseInstallations.build/Objects-normal/arm64/FIRInstallationsLogger.o

Ld /Users/jordantranchina/Library/Developer/Xcode/DerivedData/GroceryWatch-cjpxcfkltfoqvcabomjerkquwnbi/Build/Intermediates.noindex/Promises.build/Debug-watchsimulator/FBLPromises.build/Objects-normal/x86_64/Binary/FBLPromises.o normal x86_64 (in target 'FBLPromises' from project 'Promises')
    cd /Users/jordantranchina/Library/Developer/Xcode/DerivedData/GroceryWatch-cjpxcfkltfoqvcabomjerkquwnbi/SourcePackages/checkouts/promises
    /Applications/Xcode.app/Contents/Developer/Toolchains/XcodeDefault.xctoolchain/usr/bin/clang -Xlinker -reproducible -target x86_64-apple-watchos5.0-simulator -r -isysroot /Applications/Xcode.app/Contents/Developer/Platforms/WatchSimulator.platform/Developer/SDKs/WatchSimulator26.2.sdk -O0 -w -L/Users/jordantranchina/Library/Developer/Xcode/DerivedData/GroceryWatch-cjpxcfkltfoqvcabomjerkquwnbi/Build/Intermediates.noindex/EagerLinkingTBDs/Debug-watchsimulator -L/Users/jordantranchina/Library/Developer/Xcode/DerivedData/GroceryWatch-cjpxcfkltfoqvcabomjerkquwnbi/Build/Products/Debug-watchsimulator -L/Applications/Xcode.app/Contents/Developer/Platforms/WatchSimulator.platform/Developer/usr/lib -F/Users/jordantranchina/Library/Developer/Xcode/DerivedData/GroceryWatch-cjpxcfkltfoqvcabomjerkquwnbi/Build/Intermediates.noindex/EagerLinkingTBDs/Debug-watchsimulator -F/Users/jordantranchina/Library/Developer/Xcode/DerivedData/GroceryWatch-cjpxcfkltfoqvcabomjerkquwnbi/Build/Products/Debug-watchsimulator -iframework /Applications/Xcode.app/Contents/Developer/Platforms/WatchSimulator.platform/Developer/Library/Frameworks -iframework /Applications/Xcode.app/Contents/Developer/Platforms/WatchSimulator.platform/Developer/SDKs/WatchSimulator26.2.sdk/Developer/Library/Frameworks -filelist /Users/jordantranchina/Library/Developer/Xcode/DerivedData/GroceryWatch-cjpxcfkltfoqvcabomjerkquwnbi/Build/Intermediates.noindex/Promises.build/Debug-watchsimulator/FBLPromises.build/Objects-normal/x86_64/FBLPromises.LinkFileList -nostdlib -Xlinker -object_path_lto -Xlinker /Users/jordantranchina/Library/Developer/Xcode/DerivedData/GroceryWatch-cjpxcfkltfoqvcabomjerkquwnbi/Build/Intermediates.noindex/Promises.build/Debug-watchsimulator/FBLPromises.build/Objects-normal/x86_64/FBLPromises_lto.o -rdynamic -Xlinker -no_deduplicate -Xlinker -objc_abi_version -Xlinker 2 -Xlinker -dependency_info -Xlinker /Users/jordantranchina/Library/Developer/Xcode/DerivedData/GroceryWatch-cjpxcfkltfoqvcabomjerkquwnbi/Build/Intermediates.noindex/Promises.build/Debug-watchsimulator/FBLPromises.build/Objects-normal/x86_64/FBLPromises_dependency_info.dat -fobjc-arc -fobjc-link-runtime -o /Users/jordantranchina/Library/Developer/Xcode/DerivedData/GroceryWatch-cjpxcfkltfoqvcabomjerkquwnbi/Build/Intermediates.noindex/Promises.build/Debug-watchsimulator/FBLPromises.build/Objects-normal/x86_64/Binary/FBLPromises.o

CompileC /Users/jordantranchina/Library/Developer/Xcode/DerivedData/GroceryWatch-cjpxcfkltfoqvcabomjerkquwnbi/Build/Intermediates.noindex/Firebase.build/Debug-watchsimulator/FirebaseInstallations.build/Objects-normal/arm64/FIRInstallationsStore.o /Users/jordantranchina/Library/Developer/Xcode/DerivedData/GroceryWatch-cjpxcfkltfoqvcabomjerkquwnbi/SourcePackages/checkouts/firebase-ios-sdk/FirebaseInstallations/Source/Library/InstallationsStore/FIRInstallationsStore.m normal arm64 objective-c com.apple.compilers.llvm.clang.1_0.compiler (in target 'FirebaseInstallations' from project 'Firebase')
    cd /Users/jordantranchina/workspace/GroceryCheckList/ios/GroceryWatch/GroceryWatch.xcodeproj
    
    Using response file: /Users/jordantranchina/Library/Developer/Xcode/DerivedData/GroceryWatch-cjpxcfkltfoqvcabomjerkquwnbi/Build/Intermediates.noindex/Firebase.build/Debug-watchsimulator/FirebaseInstallations.build/Objects-normal/arm64/e6072d4f65d7061329687fe24e3d63a7-common-args.resp
    
    /Applications/Xcode.app/Contents/Developer/Toolchains/XcodeDefault.xctoolchain/usr/bin/clang -x objective-c -ivfsstatcache /Users/jordantranchina/Library/Developer/Xcode/DerivedData/SDKStatCaches.noindex/watchsimulator26.2-23S303-963ebdd26732d23a23bcca82c2045e26.sdkstatcache -fmessage-length\=0 -fdiagnostics-show-note-include-stack -fmacro-backtrace-limit\=0 -fno-color-diagnostics -fmodules-prune-interval\=86400 -fmodules-prune-after\=345600 -fbuild-session-file\=/Users/jordantranchina/Library/Developer/Xcode/DerivedData/ModuleCache.noindex/Session.modulevalidation -fmodules-validate-once-per-build-session -Wnon-modular-include-in-framework-module -Werror\=non-modular-include-in-framework-module -Wno-trigraphs -Wno-missing-field-initializers -Wno-missing-prototypes -Wno-return-type -Wno-implicit-atomic-properties -Wno-objc-interface-ivars -Wno-arc-repeated-use-of-weak -Wno-missing-braces -Wparentheses -Wswitch -Wno-unused-function -Wno-unused-label -Wno-unused-parameter -Wno-unused-variable -Wunused-value -Wno-empty-body -Wno-uninitialized -Wno-unknown-pragmas -w -Wno-shadow -Wno-four-char-constants -Wno-conversion -Wno-constant-conversion -Wno-int-conversion -Wno-bool-conversion -Wno-enum-conversion -Wno-float-conversion -Wno-non-literal-null-conversion -Wno-objc-literal-conversion -Wshorten-64-to-32 -Wpointer-sign -Wno-newline-eof -Wno-selector -Wno-strict-selector-match -Wno-undeclared-selector -Wno-deprecated-implementations -Wno-implicit-fallthrough -fstrict-aliasing -Wprotocol -Wdeprecated-declarations -Wno-sign-conversion -Wno-infinite-recursion -Wno-comma -Wno-block-capture-autoreleasing -Wno-strict-prototypes -Wno-semicolon-before-method-body -index-store-path /Users/jordantranchina/Library/Developer/Xcode/DerivedData/GroceryWatch-cjpxcfkltfoqvcabomjerkquwnbi/Index.noindex/DataStore @/Users/jordantranchina/Library/Developer/Xcode/DerivedData/GroceryWatch-cjpxcfkltfoqvcabomjerkquwnbi/Build/Intermediates.noindex/Firebase.build/Debug-watchsimulator/FirebaseInstallations.build/Objects-normal/arm64/e6072d4f65d7061329687fe24e3d63a7-common-args.resp -include /Users/jordantranchina/Library/Developer/Xcode/DerivedData/GroceryWatch-cjpxcfkltfoqvcabomjerkquwnbi/Build/Intermediates.noindex/Firebase.build/Debug-watchsimulator/FirebaseInstallations.build/DerivedSources/resource_bundle_accessor.h -MMD -MT dependencies -MF /Users/jordantranchina/Library/Developer/Xcode/DerivedData/GroceryWatch-cjpxcfkltfoqvcabomjerkquwnbi/Build/Intermediates.noindex/Firebase.build/Debug-watchsimulator/FirebaseInstallations.build/Objects-normal/arm64/FIRInstallationsStore.d --serialize-diagnostics /Users/jordantranchina/Library/Developer/Xcode/DerivedData/GroceryWatch-cjpxcfkltfoqvcabomjerkquwnbi/Build/Intermediates.noindex/Firebase.build/Debug-watchsimulator/FirebaseInstallations.build/Objects-normal/arm64/FIRInstallationsStore.dia -c /Users/jordantranchina/Library/Developer/Xcode/DerivedData/GroceryWatch-cjpxcfkltfoqvcabomjerkquwnbi/SourcePackages/checkouts/firebase-ios-sdk/FirebaseInstallations/Source/Library/InstallationsStore/FIRInstallationsStore.m -o /Users/jordantranchina/Library/Developer/Xcode/DerivedData/GroceryWatch-cjpxcfkltfoqvcabomjerkquwnbi/Build/Intermediates.noindex/Firebase.build/Debug-watchsimulator/FirebaseInstallations.build/Objects-normal/arm64/FIRInstallationsStore.o -index-unit-output-path /Firebase.build/Debug-watchsimulator/FirebaseInstallations.build/Objects-normal/arm64/FIRInstallationsStore.o

CompileC /Users/jordantranchina/Library/Developer/Xcode/DerivedData/GroceryWatch-cjpxcfkltfoqvcabomjerkquwnbi/Build/Intermediates.noindex/Firebase.build/Debug-watchsimulator/FirebaseInstallations.build/Objects-normal/arm64/FIRInstallationsSingleOperationPromiseCache.o /Users/jordantranchina/Library/Developer/Xcode/DerivedData/GroceryWatch-cjpxcfkltfoqvcabomjerkquwnbi/SourcePackages/checkouts/firebase-ios-sdk/FirebaseInstallations/Source/Library/InstallationsIDController/FIRInstallationsSingleOperationPromiseCache.m normal arm64 objective-c com.apple.compilers.llvm.clang.1_0.compiler (in target 'FirebaseInstallations' from project 'Firebase')
    cd /Users/jordantranchina/workspace/GroceryCheckList/ios/GroceryWatch/GroceryWatch.xcodeproj
    
    Using response file: /Users/jordantranchina/Library/Developer/Xcode/DerivedData/GroceryWatch-cjpxcfkltfoqvcabomjerkquwnbi/Build/Intermediates.noindex/Firebase.build/Debug-watchsimulator/FirebaseInstallations.build/Objects-normal/arm64/e6072d4f65d7061329687fe24e3d63a7-common-args.resp
    
    /Applications/Xcode.app/Contents/Developer/Toolchains/XcodeDefault.xctoolchain/usr/bin/clang -x objective-c -ivfsstatcache /Users/jordantranchina/Library/Developer/Xcode/DerivedData/SDKStatCaches.noindex/watchsimulator26.2-23S303-963ebdd26732d23a23bcca82c2045e26.sdkstatcache -fmessage-length\=0 -fdiagnostics-show-note-include-stack -fmacro-backtrace-limit\=0 -fno-color-diagnostics -fmodules-prune-interval\=86400 -fmodules-prune-after\=345600 -fbuild-session-file\=/Users/jordantranchina/Library/Developer/Xcode/DerivedData/ModuleCache.noindex/Session.modulevalidation -fmodules-validate-once-per-build-session -Wnon-modular-include-in-framework-module -Werror\=non-modular-include-in-framework-module -Wno-trigraphs -Wno-missing-field-initializers -Wno-missing-prototypes -Wno-return-type -Wno-implicit-atomic-properties -Wno-objc-interface-ivars -Wno-arc-repeated-use-of-weak -Wno-missing-braces -Wparentheses -Wswitch -Wno-unused-function -Wno-unused-label -Wno-unused-parameter -Wno-unused-variable -Wunused-value -Wno-empty-body -Wno-uninitialized -Wno-unknown-pragmas -w -Wno-shadow -Wno-four-char-constants -Wno-conversion -Wno-constant-conversion -Wno-int-conversion -Wno-bool-conversion -Wno-enum-conversion -Wno-float-conversion -Wno-non-literal-null-conversion -Wno-objc-literal-conversion -Wshorten-64-to-32 -Wpointer-sign -Wno-newline-eof -Wno-selector -Wno-strict-selector-match -Wno-undeclared-selector -Wno-deprecated-implementations -Wno-implicit-fallthrough -fstrict-aliasing -Wprotocol -Wdeprecated-declarations -Wno-sign-conversion -Wno-infinite-recursion -Wno-comma -Wno-block-capture-autoreleasing -Wno-strict-prototypes -Wno-semicolon-before-method-body -index-store-path /Users/jordantranchina/Library/Developer/Xcode/DerivedData/GroceryWatch-cjpxcfkltfoqvcabomjerkquwnbi/Index.noindex/DataStore @/Users/jordantranchina/Library/Developer/Xcode/DerivedData/GroceryWatch-cjpxcfkltfoqvcabomjerkquwnbi/Build/Intermediates.noindex/Firebase.build/Debug-watchsimulator/FirebaseInstallations.build/Objects-normal/arm64/e6072d4f65d7061329687fe24e3d63a7-common-args.resp -include /Users/jordantranchina/Library/Developer/Xcode/DerivedData/GroceryWatch-cjpxcfkltfoqvcabomjerkquwnbi/Build/Intermediates.noindex/Firebase.build/Debug-watchsimulator/FirebaseInstallations.build/DerivedSources/resource_bundle_accessor.h -MMD -MT dependencies -MF /Users/jordantranchina/Library/Developer/Xcode/DerivedData/GroceryWatch-cjpxcfkltfoqvcabomjerkquwnbi/Build/Intermediates.noindex/Firebase.build/Debug-watchsimulator/FirebaseInstallations.build/Objects-normal/arm64/FIRInstallationsSingleOperationPromiseCache.d --serialize-diagnostics /Users/jordantranchina/Library/Developer/Xcode/DerivedData/GroceryWatch-cjpxcfkltfoqvcabomjerkquwnbi/Build/Intermediates.noindex/Firebase.build/Debug-watchsimulator/FirebaseInstallations.build/Objects-normal/arm64/FIRInstallationsSingleOperationPromiseCache.dia -c /Users/jordantranchina/Library/Developer/Xcode/DerivedData/GroceryWatch-cjpxcfkltfoqvcabomjerkquwnbi/SourcePackages/checkouts/firebase-ios-sdk/FirebaseInstallations/Source/Library/InstallationsIDController/FIRInstallationsSingleOperationPromiseCache.m -o /Users/jordantranchina/Library/Developer/Xcode/DerivedData/GroceryWatch-cjpxcfkltfoqvcabomjerkquwnbi/Build/Intermediates.noindex/Firebase.build/Debug-watchsimulator/FirebaseInstallations.build/Objects-normal/arm64/FIRInstallationsSingleOperationPromiseCache.o -index-unit-output-path /Firebase.build/Debug-watchsimulator/FirebaseInstallations.build/Objects-normal/arm64/FIRInstallationsSingleOperationPromiseCache.o

CompileC /Users/jordantranchina/Library/Developer/Xcode/DerivedData/GroceryWatch-cjpxcfkltfoqvcabomjerkquwnbi/Build/Intermediates.noindex/Firebase.build/Debug-watchsimulator/FirebaseInstallations.build/Objects-normal/arm64/FIRInstallationsIIDTokenStore.o /Users/jordantranchina/Library/Developer/Xcode/DerivedData/GroceryWatch-cjpxcfkltfoqvcabomjerkquwnbi/SourcePackages/checkouts/firebase-ios-sdk/FirebaseInstallations/Source/Library/IIDMigration/FIRInstallationsIIDTokenStore.m normal arm64 objective-c com.apple.compilers.llvm.clang.1_0.compiler (in target 'FirebaseInstallations' from project 'Firebase')
    cd /Users/jordantranchina/workspace/GroceryCheckList/ios/GroceryWatch/GroceryWatch.xcodeproj
    
    Using response file: /Users/jordantranchina/Library/Developer/Xcode/DerivedData/GroceryWatch-cjpxcfkltfoqvcabomjerkquwnbi/Build/Intermediates.noindex/Firebase.build/Debug-watchsimulator/FirebaseInstallations.build/Objects-normal/arm64/e6072d4f65d7061329687fe24e3d63a7-common-args.resp
    
    /Applications/Xcode.app/Contents/Developer/Toolchains/XcodeDefault.xctoolchain/usr/bin/clang -x objective-c -ivfsstatcache /Users/jordantranchina/Library/Developer/Xcode/DerivedData/SDKStatCaches.noindex/watchsimulator26.2-23S303-963ebdd26732d23a23bcca82c2045e26.sdkstatcache -fmessage-length\=0 -fdiagnostics-show-note-include-stack -fmacro-backtrace-limit\=0 -fno-color-diagnostics -fmodules-prune-interval\=86400 -fmodules-prune-after\=345600 -fbuild-session-file\=/Users/jordantranchina/Library/Developer/Xcode/DerivedData/ModuleCache.noindex/Session.modulevalidation -fmodules-validate-once-per-build-session -Wnon-modular-include-in-framework-module -Werror\=non-modular-include-in-framework-module -Wno-trigraphs -Wno-missing-field-initializers -Wno-missing-prototypes -Wno-return-type -Wno-implicit-atomic-properties -Wno-objc-interface-ivars -Wno-arc-repeated-use-of-weak -Wno-missing-braces -Wparentheses -Wswitch -Wno-unused-function -Wno-unused-label -Wno-unused-parameter -Wno-unused-variable -Wunused-value -Wno-empty-body -Wno-uninitialized -Wno-unknown-pragmas -w -Wno-shadow -Wno-four-char-constants -Wno-conversion -Wno-constant-conversion -Wno-int-conversion -Wno-bool-conversion -Wno-enum-conversion -Wno-float-conversion -Wno-non-literal-null-conversion -Wno-objc-literal-conversion -Wshorten-64-to-32 -Wpointer-sign -Wno-newline-eof -Wno-selector -Wno-strict-selector-match -Wno-undeclared-selector -Wno-deprecated-implementations -Wno-implicit-fallthrough -fstrict-aliasing -Wprotocol -Wdeprecated-declarations -Wno-sign-conversion -Wno-infinite-recursion -Wno-comma -Wno-block-capture-autoreleasing -Wno-strict-prototypes -Wno-semicolon-before-method-body -index-store-path /Users/jordantranchina/Library/Developer/Xcode/DerivedData/GroceryWatch-cjpxcfkltfoqvcabomjerkquwnbi/Index.noindex/DataStore @/Users/jordantranchina/Library/Developer/Xcode/DerivedData/GroceryWatch-cjpxcfkltfoqvcabomjerkquwnbi/Build/Intermediates.noindex/Firebase.build/Debug-watchsimulator/FirebaseInstallations.build/Objects-normal/arm64/e6072d4f65d7061329687fe24e3d63a7-common-args.resp -include /Users/jordantranchina/Library/Developer/Xcode/DerivedData/GroceryWatch-cjpxcfkltfoqvcabomjerkquwnbi/Build/Intermediates.noindex/Firebase.build/Debug-watchsimulator/FirebaseInstallations.build/DerivedSources/resource_bundle_accessor.h -MMD -MT dependencies -MF /Users/jordantranchina/Library/Developer/Xcode/DerivedData/GroceryWatch-cjpxcfkltfoqvcabomjerkquwnbi/Build/Intermediates.noindex/Firebase.build/Debug-watchsimulator/FirebaseInstallations.build/Objects-normal/arm64/FIRInstallationsIIDTokenStore.d --serialize-diagnostics /Users/jordantranchina/Library/Developer/Xcode/DerivedData/GroceryWatch-cjpxcfkltfoqvcabomjerkquwnbi/Build/Intermediates.noindex/Firebase.build/Debug-watchsimulator/FirebaseInstallations.build/Objects-normal/arm64/FIRInstallationsIIDTokenStore.dia -c /Users/jordantranchina/Library/Developer/Xcode/DerivedData/GroceryWatch-cjpxcfkltfoqvcabomjerkquwnbi/SourcePackages/checkouts/firebase-ios-sdk/FirebaseInstallations/Source/Library/IIDMigration/FIRInstallationsIIDTokenStore.m -o /Users/jordantranchina/Library/Developer/Xcode/DerivedData/GroceryWatch-cjpxcfkltfoqvcabomjerkquwnbi/Build/Intermediates.noindex/Firebase.build/Debug-watchsimulator/FirebaseInstallations.build/Objects-normal/arm64/FIRInstallationsIIDTokenStore.o -index-unit-output-path /Firebase.build/Debug-watchsimulator/FirebaseInstallations.build/Objects-normal/arm64/FIRInstallationsIIDTokenStore.o

CompileC /Users/jordantranchina/Library/Developer/Xcode/DerivedData/GroceryWatch-cjpxcfkltfoqvcabomjerkquwnbi/Build/Intermediates.noindex/Firebase.build/Debug-watchsimulator/FirebaseInstallations.build/Objects-normal/arm64/FIRInstallationsIIDStore.o /Users/jordantranchina/Library/Developer/Xcode/DerivedData/GroceryWatch-cjpxcfkltfoqvcabomjerkquwnbi/SourcePackages/checkouts/firebase-ios-sdk/FirebaseInstallations/Source/Library/IIDMigration/FIRInstallationsIIDStore.m normal arm64 objective-c com.apple.compilers.llvm.clang.1_0.compiler (in target 'FirebaseInstallations' from project 'Firebase')
    cd /Users/jordantranchina/workspace/GroceryCheckList/ios/GroceryWatch/GroceryWatch.xcodeproj
    
    Using response file: /Users/jordantranchina/Library/Developer/Xcode/DerivedData/GroceryWatch-cjpxcfkltfoqvcabomjerkquwnbi/Build/Intermediates.noindex/Firebase.build/Debug-watchsimulator/FirebaseInstallations.build/Objects-normal/arm64/e6072d4f65d7061329687fe24e3d63a7-common-args.resp
    
    /Applications/Xcode.app/Contents/Developer/Toolchains/XcodeDefault.xctoolchain/usr/bin/clang -x objective-c -ivfsstatcache /Users/jordantranchina/Library/Developer/Xcode/DerivedData/SDKStatCaches.noindex/watchsimulator26.2-23S303-963ebdd26732d23a23bcca82c2045e26.sdkstatcache -fmessage-length\=0 -fdiagnostics-show-note-include-stack -fmacro-backtrace-limit\=0 -fno-color-diagnostics -fmodules-prune-interval\=86400 -fmodules-prune-after\=345600 -fbuild-session-file\=/Users/jordantranchina/Library/Developer/Xcode/DerivedData/ModuleCache.noindex/Session.modulevalidation -fmodules-validate-once-per-build-session -Wnon-modular-include-in-framework-module -Werror\=non-modular-include-in-framework-module -Wno-trigraphs -Wno-missing-field-initializers -Wno-missing-prototypes -Wno-return-type -Wno-implicit-atomic-properties -Wno-objc-interface-ivars -Wno-arc-repeated-use-of-weak -Wno-missing-braces -Wparentheses -Wswitch -Wno-unused-function -Wno-unused-label -Wno-unused-parameter -Wno-unused-variable -Wunused-value -Wno-empty-body -Wno-uninitialized -Wno-unknown-pragmas -w -Wno-shadow -Wno-four-char-constants -Wno-conversion -Wno-constant-conversion -Wno-int-conversion -Wno-bool-conversion -Wno-enum-conversion -Wno-float-conversion -Wno-non-literal-null-conversion -Wno-objc-literal-conversion -Wshorten-64-to-32 -Wpointer-sign -Wno-newline-eof -Wno-selector -Wno-strict-selector-match -Wno-undeclared-selector -Wno-deprecated-implementations -Wno-implicit-fallthrough -fstrict-aliasing -Wprotocol -Wdeprecated-declarations -Wno-sign-conversion -Wno-infinite-recursion -Wno-comma -Wno-block-capture-autoreleasing -Wno-strict-prototypes -Wno-semicolon-before-method-body -index-store-path /Users/jordantranchina/Library/Developer/Xcode/DerivedData/GroceryWatch-cjpxcfkltfoqvcabomjerkquwnbi/Index.noindex/DataStore @/Users/jordantranchina/Library/Developer/Xcode/DerivedData/GroceryWatch-cjpxcfkltfoqvcabomjerkquwnbi/Build/Intermediates.noindex/Firebase.build/Debug-watchsimulator/FirebaseInstallations.build/Objects-normal/arm64/e6072d4f65d7061329687fe24e3d63a7-common-args.resp -include /Users/jordantranchina/Library/Developer/Xcode/DerivedData/GroceryWatch-cjpxcfkltfoqvcabomjerkquwnbi/Build/Intermediates.noindex/Firebase.build/Debug-watchsimulator/FirebaseInstallations.build/DerivedSources/resource_bundle_accessor.h -MMD -MT dependencies -MF /Users/jordantranchina/Library/Developer/Xcode/DerivedData/GroceryWatch-cjpxcfkltfoqvcabomjerkquwnbi/Build/Intermediates.noindex/Firebase.build/Debug-watchsimulator/FirebaseInstallations.build/Objects-normal/arm64/FIRInstallationsIIDStore.d --serialize-diagnostics /Users/jordantranchina/Library/Developer/Xcode/DerivedData/GroceryWatch-cjpxcfkltfoqvcabomjerkquwnbi/Build/Intermediates.noindex/Firebase.build/Debug-watchsimulator/FirebaseInstallations.build/Objects-normal/arm64/FIRInstallationsIIDStore.dia -c /Users/jordantranchina/Library/Developer/Xcode/DerivedData/GroceryWatch-cjpxcfkltfoqvcabomjerkquwnbi/SourcePackages/checkouts/firebase-ios-sdk/FirebaseInstallations/Source/Library/IIDMigration/FIRInstallationsIIDStore.m -o /Users/jordantranchina/Library/Developer/Xcode/DerivedData/GroceryWatch-cjpxcfkltfoqvcabomjerkquwnbi/Build/Intermediates.noindex/Firebase.build/Debug-watchsimulator/FirebaseInstallations.build/Objects-normal/arm64/FIRInstallationsIIDStore.o -index-unit-output-path /Firebase.build/Debug-watchsimulator/FirebaseInstallations.build/Objects-normal/arm64/FIRInstallationsIIDStore.o

CreateUniversalBinary /Users/jordantranchina/Library/Developer/Xcode/DerivedData/GroceryWatch-cjpxcfkltfoqvcabomjerkquwnbi/Build/Products/Debug-watchsimulator/GoogleUtilities-Logger.o normal arm64\ x86_64 (in target 'GoogleUtilities-Logger' from project 'GoogleUtilities')
    cd /Users/jordantranchina/Library/Developer/Xcode/DerivedData/GroceryWatch-cjpxcfkltfoqvcabomjerkquwnbi/SourcePackages/checkouts/GoogleUtilities
    /Applications/Xcode.app/Contents/Developer/Toolchains/XcodeDefault.xctoolchain/usr/bin/lipo -create /Users/jordantranchina/Library/Developer/Xcode/DerivedData/GroceryWatch-cjpxcfkltfoqvcabomjerkquwnbi/Build/Intermediates.noindex/GoogleUtilities.build/Debug-watchsimulator/GoogleUtilities-Logger.build/Objects-normal/arm64/Binary/GoogleUtilities-Logger.o /Users/jordantranchina/Library/Developer/Xcode/DerivedData/GroceryWatch-cjpxcfkltfoqvcabomjerkquwnbi/Build/Intermediates.noindex/GoogleUtilities.build/Debug-watchsimulator/GoogleUtilities-Logger.build/Objects-normal/x86_64/Binary/GoogleUtilities-Logger.o -output /Users/jordantranchina/Library/Developer/Xcode/DerivedData/GroceryWatch-cjpxcfkltfoqvcabomjerkquwnbi/Build/Products/Debug-watchsimulator/GoogleUtilities-Logger.o

CompileC /Users/jordantranchina/Library/Developer/Xcode/DerivedData/GroceryWatch-cjpxcfkltfoqvcabomjerkquwnbi/Build/Intermediates.noindex/Firebase.build/Debug-watchsimulator/FirebaseInstallations.build/Objects-normal/arm64/FIRInstallationsIDController.o /Users/jordantranchina/Library/Developer/Xcode/DerivedData/GroceryWatch-cjpxcfkltfoqvcabomjerkquwnbi/SourcePackages/checkouts/firebase-ios-sdk/FirebaseInstallations/Source/Library/InstallationsIDController/FIRInstallationsIDController.m normal arm64 objective-c com.apple.compilers.llvm.clang.1_0.compiler (in target 'FirebaseInstallations' from project 'Firebase')
    cd /Users/jordantranchina/workspace/GroceryCheckList/ios/GroceryWatch/GroceryWatch.xcodeproj
    
    Using response file: /Users/jordantranchina/Library/Developer/Xcode/DerivedData/GroceryWatch-cjpxcfkltfoqvcabomjerkquwnbi/Build/Intermediates.noindex/Firebase.build/Debug-watchsimulator/FirebaseInstallations.build/Objects-normal/arm64/e6072d4f65d7061329687fe24e3d63a7-common-args.resp
    
    /Applications/Xcode.app/Contents/Developer/Toolchains/XcodeDefault.xctoolchain/usr/bin/clang -x objective-c -ivfsstatcache /Users/jordantranchina/Library/Developer/Xcode/DerivedData/SDKStatCaches.noindex/watchsimulator26.2-23S303-963ebdd26732d23a23bcca82c2045e26.sdkstatcache -fmessage-length\=0 -fdiagnostics-show-note-include-stack -fmacro-backtrace-limit\=0 -fno-color-diagnostics -fmodules-prune-interval\=86400 -fmodules-prune-after\=345600 -fbuild-session-file\=/Users/jordantranchina/Library/Developer/Xcode/DerivedData/ModuleCache.noindex/Session.modulevalidation -fmodules-validate-once-per-build-session -Wnon-modular-include-in-framework-module -Werror\=non-modular-include-in-framework-module -Wno-trigraphs -Wno-missing-field-initializers -Wno-missing-prototypes -Wno-return-type -Wno-implicit-atomic-properties -Wno-objc-interface-ivars -Wno-arc-repeated-use-of-weak -Wno-missing-braces -Wparentheses -Wswitch -Wno-unused-function -Wno-unused-label -Wno-unused-parameter -Wno-unused-variable -Wunused-value -Wno-empty-body -Wno-uninitialized -Wno-unknown-pragmas -w -Wno-shadow -Wno-four-char-constants -Wno-conversion -Wno-constant-conversion -Wno-int-conversion -Wno-bool-conversion -Wno-enum-conversion -Wno-float-conversion -Wno-non-literal-null-conversion -Wno-objc-literal-conversion -Wshorten-64-to-32 -Wpointer-sign -Wno-newline-eof -Wno-selector -Wno-strict-selector-match -Wno-undeclared-selector -Wno-deprecated-implementations -Wno-implicit-fallthrough -fstrict-aliasing -Wprotocol -Wdeprecated-declarations -Wno-sign-conversion -Wno-infinite-recursion -Wno-comma -Wno-block-capture-autoreleasing -Wno-strict-prototypes -Wno-semicolon-before-method-body -index-store-path /Users/jordantranchina/Library/Developer/Xcode/DerivedData/GroceryWatch-cjpxcfkltfoqvcabomjerkquwnbi/Index.noindex/DataStore @/Users/jordantranchina/Library/Developer/Xcode/DerivedData/GroceryWatch-cjpxcfkltfoqvcabomjerkquwnbi/Build/Intermediates.noindex/Firebase.build/Debug-watchsimulator/FirebaseInstallations.build/Objects-normal/arm64/e6072d4f65d7061329687fe24e3d63a7-common-args.resp -include /Users/jordantranchina/Library/Developer/Xcode/DerivedData/GroceryWatch-cjpxcfkltfoqvcabomjerkquwnbi/Build/Intermediates.noindex/Firebase.build/Debug-watchsimulator/FirebaseInstallations.build/DerivedSources/resource_bundle_accessor.h -MMD -MT dependencies -MF /Users/jordantranchina/Library/Developer/Xcode/DerivedData/GroceryWatch-cjpxcfkltfoqvcabomjerkquwnbi/Build/Intermediates.noindex/Firebase.build/Debug-watchsimulator/FirebaseInstallations.build/Objects-normal/arm64/FIRInstallationsIDController.d --serialize-diagnostics /Users/jordantranchina/Library/Developer/Xcode/DerivedData/GroceryWatch-cjpxcfkltfoqvcabomjerkquwnbi/Build/Intermediates.noindex/Firebase.build/Debug-watchsimulator/FirebaseInstallations.build/Objects-normal/arm64/FIRInstallationsIDController.dia -c /Users/jordantranchina/Library/Developer/Xcode/DerivedData/GroceryWatch-cjpxcfkltfoqvcabomjerkquwnbi/SourcePackages/checkouts/firebase-ios-sdk/FirebaseInstallations/Source/Library/InstallationsIDController/FIRInstallationsIDController.m -o /Users/jordantranchina/Library/Developer/Xcode/DerivedData/GroceryWatch-cjpxcfkltfoqvcabomjerkquwnbi/Build/Intermediates.noindex/Firebase.build/Debug-watchsimulator/FirebaseInstallations.build/Objects-normal/arm64/FIRInstallationsIDController.o -index-unit-output-path /Firebase.build/Debug-watchsimulator/FirebaseInstallations.build/Objects-normal/arm64/FIRInstallationsIDController.o

CompileC /Users/jordantranchina/Library/Developer/Xcode/DerivedData/GroceryWatch-cjpxcfkltfoqvcabomjerkquwnbi/Build/Intermediates.noindex/Firebase.build/Debug-watchsimulator/FirebaseInstallations.build/Objects-normal/arm64/FIRInstallationsErrorUtil.o /Users/jordantranchina/Library/Developer/Xcode/DerivedData/GroceryWatch-cjpxcfkltfoqvcabomjerkquwnbi/SourcePackages/checkouts/firebase-ios-sdk/FirebaseInstallations/Source/Library/Errors/FIRInstallationsErrorUtil.m normal arm64 objective-c com.apple.compilers.llvm.clang.1_0.compiler (in target 'FirebaseInstallations' from project 'Firebase')
    cd /Users/jordantranchina/workspace/GroceryCheckList/ios/GroceryWatch/GroceryWatch.xcodeproj
    
    Using response file: /Users/jordantranchina/Library/Developer/Xcode/DerivedData/GroceryWatch-cjpxcfkltfoqvcabomjerkquwnbi/Build/Intermediates.noindex/Firebase.build/Debug-watchsimulator/FirebaseInstallations.build/Objects-normal/arm64/e6072d4f65d7061329687fe24e3d63a7-common-args.resp
    
    /Applications/Xcode.app/Contents/Developer/Toolchains/XcodeDefault.xctoolchain/usr/bin/clang -x objective-c -ivfsstatcache /Users/jordantranchina/Library/Developer/Xcode/DerivedData/SDKStatCaches.noindex/watchsimulator26.2-23S303-963ebdd26732d23a23bcca82c2045e26.sdkstatcache -fmessage-length\=0 -fdiagnostics-show-note-include-stack -fmacro-backtrace-limit\=0 -fno-color-diagnostics -fmodules-prune-interval\=86400 -fmodules-prune-after\=345600 -fbuild-session-file\=/Users/jordantranchina/Library/Developer/Xcode/DerivedData/ModuleCache.noindex/Session.modulevalidation -fmodules-validate-once-per-build-session -Wnon-modular-include-in-framework-module -Werror\=non-modular-include-in-framework-module -Wno-trigraphs -Wno-missing-field-initializers -Wno-missing-prototypes -Wno-return-type -Wno-implicit-atomic-properties -Wno-objc-interface-ivars -Wno-arc-repeated-use-of-weak -Wno-missing-braces -Wparentheses -Wswitch -Wno-unused-function -Wno-unused-label -Wno-unused-parameter -Wno-unused-variable -Wunused-value -Wno-empty-body -Wno-uninitialized -Wno-unknown-pragmas -w -Wno-shadow -Wno-four-char-constants -Wno-conversion -Wno-constant-conversion -Wno-int-conversion -Wno-bool-conversion -Wno-enum-conversion -Wno-float-conversion -Wno-non-literal-null-conversion -Wno-objc-literal-conversion -Wshorten-64-to-32 -Wpointer-sign -Wno-newline-eof -Wno-selector -Wno-strict-selector-match -Wno-undeclared-selector -Wno-deprecated-implementations -Wno-implicit-fallthrough -fstrict-aliasing -Wprotocol -Wdeprecated-declarations -Wno-sign-conversion -Wno-infinite-recursion -Wno-comma -Wno-block-capture-autoreleasing -Wno-strict-prototypes -Wno-semicolon-before-method-body -index-store-path /Users/jordantranchina/Library/Developer/Xcode/DerivedData/GroceryWatch-cjpxcfkltfoqvcabomjerkquwnbi/Index.noindex/DataStore @/Users/jordantranchina/Library/Developer/Xcode/DerivedData/GroceryWatch-cjpxcfkltfoqvcabomjerkquwnbi/Build/Intermediates.noindex/Firebase.build/Debug-watchsimulator/FirebaseInstallations.build/Objects-normal/arm64/e6072d4f65d7061329687fe24e3d63a7-common-args.resp -include /Users/jordantranchina/Library/Developer/Xcode/DerivedData/GroceryWatch-cjpxcfkltfoqvcabomjerkquwnbi/Build/Intermediates.noindex/Firebase.build/Debug-watchsimulator/FirebaseInstallations.build/DerivedSources/resource_bundle_accessor.h -MMD -MT dependencies -MF /Users/jordantranchina/Library/Developer/Xcode/DerivedData/GroceryWatch-cjpxcfkltfoqvcabomjerkquwnbi/Build/Intermediates.noindex/Firebase.build/Debug-watchsimulator/FirebaseInstallations.build/Objects-normal/arm64/FIRInstallationsErrorUtil.d --serialize-diagnostics /Users/jordantranchina/Library/Developer/Xcode/DerivedData/GroceryWatch-cjpxcfkltfoqvcabomjerkquwnbi/Build/Intermediates.noindex/Firebase.build/Debug-watchsimulator/FirebaseInstallations.build/Objects-normal/arm64/FIRInstallationsErrorUtil.dia -c /Users/jordantranchina/Library/Developer/Xcode/DerivedData/GroceryWatch-cjpxcfkltfoqvcabomjerkquwnbi/SourcePackages/checkouts/firebase-ios-sdk/FirebaseInstallations/Source/Library/Errors/FIRInstallationsErrorUtil.m -o /Users/jordantranchina/Library/Developer/Xcode/DerivedData/GroceryWatch-cjpxcfkltfoqvcabomjerkquwnbi/Build/Intermediates.noindex/Firebase.build/Debug-watchsimulator/FirebaseInstallations.build/Objects-normal/arm64/FIRInstallationsErrorUtil.o -index-unit-output-path /Firebase.build/Debug-watchsimulator/FirebaseInstallations.build/Objects-normal/arm64/FIRInstallationsErrorUtil.o

CompileC /Users/jordantranchina/Library/Developer/Xcode/DerivedData/GroceryWatch-cjpxcfkltfoqvcabomjerkquwnbi/Build/Intermediates.noindex/Firebase.build/Debug-watchsimulator/FirebaseInstallations.build/Objects-normal/arm64/FIRInstallationsAPIService.o /Users/jordantranchina/Library/Developer/Xcode/DerivedData/GroceryWatch-cjpxcfkltfoqvcabomjerkquwnbi/SourcePackages/checkouts/firebase-ios-sdk/FirebaseInstallations/Source/Library/InstallationsAPI/FIRInstallationsAPIService.m normal arm64 objective-c com.apple.compilers.llvm.clang.1_0.compiler (in target 'FirebaseInstallations' from project 'Firebase')
    cd /Users/jordantranchina/workspace/GroceryCheckList/ios/GroceryWatch/GroceryWatch.xcodeproj
    
    Using response file: /Users/jordantranchina/Library/Developer/Xcode/DerivedData/GroceryWatch-cjpxcfkltfoqvcabomjerkquwnbi/Build/Intermediates.noindex/Firebase.build/Debug-watchsimulator/FirebaseInstallations.build/Objects-normal/arm64/e6072d4f65d7061329687fe24e3d63a7-common-args.resp
    
    /Applications/Xcode.app/Contents/Developer/Toolchains/XcodeDefault.xctoolchain/usr/bin/clang -x objective-c -ivfsstatcache /Users/jordantranchina/Library/Developer/Xcode/DerivedData/SDKStatCaches.noindex/watchsimulator26.2-23S303-963ebdd26732d23a23bcca82c2045e26.sdkstatcache -fmessage-length\=0 -fdiagnostics-show-note-include-stack -fmacro-backtrace-limit\=0 -fno-color-diagnostics -fmodules-prune-interval\=86400 -fmodules-prune-after\=345600 -fbuild-session-file\=/Users/jordantranchina/Library/Developer/Xcode/DerivedData/ModuleCache.noindex/Session.modulevalidation -fmodules-validate-once-per-build-session -Wnon-modular-include-in-framework-module -Werror\=non-modular-include-in-framework-module -Wno-trigraphs -Wno-missing-field-initializers -Wno-missing-prototypes -Wno-return-type -Wno-implicit-atomic-properties -Wno-objc-interface-ivars -Wno-arc-repeated-use-of-weak -Wno-missing-braces -Wparentheses -Wswitch -Wno-unused-function -Wno-unused-label -Wno-unused-parameter -Wno-unused-variable -Wunused-value -Wno-empty-body -Wno-uninitialized -Wno-unknown-pragmas -w -Wno-shadow -Wno-four-char-constants -Wno-conversion -Wno-constant-conversion -Wno-int-conversion -Wno-bool-conversion -Wno-enum-conversion -Wno-float-conversion -Wno-non-literal-null-conversion -Wno-objc-literal-conversion -Wshorten-64-to-32 -Wpointer-sign -Wno-newline-eof -Wno-selector -Wno-strict-selector-match -Wno-undeclared-selector -Wno-deprecated-implementations -Wno-implicit-fallthrough -fstrict-aliasing -Wprotocol -Wdeprecated-declarations -Wno-sign-conversion -Wno-infinite-recursion -Wno-comma -Wno-block-capture-autoreleasing -Wno-strict-prototypes -Wno-semicolon-before-method-body -index-store-path /Users/jordantranchina/Library/Developer/Xcode/DerivedData/GroceryWatch-cjpxcfkltfoqvcabomjerkquwnbi/Index.noindex/DataStore @/Users/jordantranchina/Library/Developer/Xcode/DerivedData/GroceryWatch-cjpxcfkltfoqvcabomjerkquwnbi/Build/Intermediates.noindex/Firebase.build/Debug-watchsimulator/FirebaseInstallations.build/Objects-normal/arm64/e6072d4f65d7061329687fe24e3d63a7-common-args.resp -include /Users/jordantranchina/Library/Developer/Xcode/DerivedData/GroceryWatch-cjpxcfkltfoqvcabomjerkquwnbi/Build/Intermediates.noindex/Firebase.build/Debug-watchsimulator/FirebaseInstallations.build/DerivedSources/resource_bundle_accessor.h -MMD -MT dependencies -MF /Users/jordantranchina/Library/Developer/Xcode/DerivedData/GroceryWatch-cjpxcfkltfoqvcabomjerkquwnbi/Build/Intermediates.noindex/Firebase.build/Debug-watchsimulator/FirebaseInstallations.build/Objects-normal/arm64/FIRInstallationsAPIService.d --serialize-diagnostics /Users/jordantranchina/Library/Developer/Xcode/DerivedData/GroceryWatch-cjpxcfkltfoqvcabomjerkquwnbi/Build/Intermediates.noindex/Firebase.build/Debug-watchsimulator/FirebaseInstallations.build/Objects-normal/arm64/FIRInstallationsAPIService.dia -c /Users/jordantranchina/Library/Developer/Xcode/DerivedData/GroceryWatch-cjpxcfkltfoqvcabomjerkquwnbi/SourcePackages/checkouts/firebase-ios-sdk/FirebaseInstallations/Source/Library/InstallationsAPI/FIRInstallationsAPIService.m -o /Users/jordantranchina/Library/Developer/Xcode/DerivedData/GroceryWatch-cjpxcfkltfoqvcabomjerkquwnbi/Build/Intermediates.noindex/Firebase.build/Debug-watchsimulator/FirebaseInstallations.build/Objects-normal/arm64/FIRInstallationsAPIService.o -index-unit-output-path /Firebase.build/Debug-watchsimulator/FirebaseInstallations.build/Objects-normal/arm64/FIRInstallationsAPIService.o

CompileC /Users/jordantranchina/Library/Developer/Xcode/DerivedData/GroceryWatch-cjpxcfkltfoqvcabomjerkquwnbi/Build/Intermediates.noindex/Firebase.build/Debug-watchsimulator/FirebaseInstallations.build/Objects-normal/arm64/FIRInstallations.o /Users/jordantranchina/Library/Developer/Xcode/DerivedData/GroceryWatch-cjpxcfkltfoqvcabomjerkquwnbi/SourcePackages/checkouts/firebase-ios-sdk/FirebaseInstallations/Source/Library/FIRInstallations.m normal arm64 objective-c com.apple.compilers.llvm.clang.1_0.compiler (in target 'FirebaseInstallations' from project 'Firebase')
    cd /Users/jordantranchina/workspace/GroceryCheckList/ios/GroceryWatch/GroceryWatch.xcodeproj
    
    Using response file: /Users/jordantranchina/Library/Developer/Xcode/DerivedData/GroceryWatch-cjpxcfkltfoqvcabomjerkquwnbi/Build/Intermediates.noindex/Firebase.build/Debug-watchsimulator/FirebaseInstallations.build/Objects-normal/arm64/e6072d4f65d7061329687fe24e3d63a7-common-args.resp
    
    /Applications/Xcode.app/Contents/Developer/Toolchains/XcodeDefault.xctoolchain/usr/bin/clang -x objective-c -ivfsstatcache /Users/jordantranchina/Library/Developer/Xcode/DerivedData/SDKStatCaches.noindex/watchsimulator26.2-23S303-963ebdd26732d23a23bcca82c2045e26.sdkstatcache -fmessage-length\=0 -fdiagnostics-show-note-include-stack -fmacro-backtrace-limit\=0 -fno-color-diagnostics -fmodules-prune-interval\=86400 -fmodules-prune-after\=345600 -fbuild-session-file\=/Users/jordantranchina/Library/Developer/Xcode/DerivedData/ModuleCache.noindex/Session.modulevalidation -fmodules-validate-once-per-build-session -Wnon-modular-include-in-framework-module -Werror\=non-modular-include-in-framework-module -Wno-trigraphs -Wno-missing-field-initializers -Wno-missing-prototypes -Wno-return-type -Wno-implicit-atomic-properties -Wno-objc-interface-ivars -Wno-arc-repeated-use-of-weak -Wno-missing-braces -Wparentheses -Wswitch -Wno-unused-function -Wno-unused-label -Wno-unused-parameter -Wno-unused-variable -Wunused-value -Wno-empty-body -Wno-uninitialized -Wno-unknown-pragmas -w -Wno-shadow -Wno-four-char-constants -Wno-conversion -Wno-constant-conversion -Wno-int-conversion -Wno-bool-conversion -Wno-enum-conversion -Wno-float-conversion -Wno-non-literal-null-conversion -Wno-objc-literal-conversion -Wshorten-64-to-32 -Wpointer-sign -Wno-newline-eof -Wno-selector -Wno-strict-selector-match -Wno-undeclared-selector -Wno-deprecated-implementations -Wno-implicit-fallthrough -fstrict-aliasing -Wprotocol -Wdeprecated-declarations -Wno-sign-conversion -Wno-infinite-recursion -Wno-comma -Wno-block-capture-autoreleasing -Wno-strict-prototypes -Wno-semicolon-before-method-body -index-store-path /Users/jordantranchina/Library/Developer/Xcode/DerivedData/GroceryWatch-cjpxcfkltfoqvcabomjerkquwnbi/Index.noindex/DataStore @/Users/jordantranchina/Library/Developer/Xcode/DerivedData/GroceryWatch-cjpxcfkltfoqvcabomjerkquwnbi/Build/Intermediates.noindex/Firebase.build/Debug-watchsimulator/FirebaseInstallations.build/Objects-normal/arm64/e6072d4f65d7061329687fe24e3d63a7-common-args.resp -include /Users/jordantranchina/Library/Developer/Xcode/DerivedData/GroceryWatch-cjpxcfkltfoqvcabomjerkquwnbi/Build/Intermediates.noindex/Firebase.build/Debug-watchsimulator/FirebaseInstallations.build/DerivedSources/resource_bundle_accessor.h -MMD -MT dependencies -MF /Users/jordantranchina/Library/Developer/Xcode/DerivedData/GroceryWatch-cjpxcfkltfoqvcabomjerkquwnbi/Build/Intermediates.noindex/Firebase.build/Debug-watchsimulator/FirebaseInstallations.build/Objects-normal/arm64/FIRInstallations.d --serialize-diagnostics /Users/jordantranchina/Library/Developer/Xcode/DerivedData/GroceryWatch-cjpxcfkltfoqvcabomjerkquwnbi/Build/Intermediates.noindex/Firebase.build/Debug-watchsimulator/FirebaseInstallations.build/Objects-normal/arm64/FIRInstallations.dia -c /Users/jordantranchina/Library/Developer/Xcode/DerivedData/GroceryWatch-cjpxcfkltfoqvcabomjerkquwnbi/SourcePackages/checkouts/firebase-ios-sdk/FirebaseInstallations/Source/Library/FIRInstallations.m -o /Users/jordantranchina/Library/Developer/Xcode/DerivedData/GroceryWatch-cjpxcfkltfoqvcabomjerkquwnbi/Build/Intermediates.noindex/Firebase.build/Debug-watchsimulator/FirebaseInstallations.build/Objects-normal/arm64/FIRInstallations.o -index-unit-output-path /Firebase.build/Debug-watchsimulator/FirebaseInstallations.build/Objects-normal/arm64/FIRInstallations.o

CompileC /Users/jordantranchina/Library/Developer/Xcode/DerivedData/GroceryWatch-cjpxcfkltfoqvcabomjerkquwnbi/Build/Intermediates.noindex/Firebase.build/Debug-watchsimulator/FirebaseFirestoreTarget.build/Objects-normal/x86_64/dummy.o /Users/jordantranchina/Library/Developer/Xcode/DerivedData/GroceryWatch-cjpxcfkltfoqvcabomjerkquwnbi/SourcePackages/checkouts/firebase-ios-sdk/SwiftPM-PlatformExclude/FirebaseFirestoreWrap/dummy.m normal x86_64 objective-c com.apple.compilers.llvm.clang.1_0.compiler (in target 'FirebaseFirestoreTarget' from project 'Firebase')
    cd /Users/jordantranchina/workspace/GroceryCheckList/ios/GroceryWatch/GroceryWatch.xcodeproj
    
    Using response file: /Users/jordantranchina/Library/Developer/Xcode/DerivedData/GroceryWatch-cjpxcfkltfoqvcabomjerkquwnbi/Build/Intermediates.noindex/Firebase.build/Debug-watchsimulator/FirebaseFirestoreTarget.build/Objects-normal/x86_64/e6072d4f65d7061329687fe24e3d63a7-common-args.resp
    
    /Applications/Xcode.app/Contents/Developer/Toolchains/XcodeDefault.xctoolchain/usr/bin/clang -x objective-c -ivfsstatcache /Users/jordantranchina/Library/Developer/Xcode/DerivedData/SDKStatCaches.noindex/watchsimulator26.2-23S303-963ebdd26732d23a23bcca82c2045e26.sdkstatcache -fmessage-length\=0 -fdiagnostics-show-note-include-stack -fmacro-backtrace-limit\=0 -fno-color-diagnostics -fmodules-prune-interval\=86400 -fmodules-prune-after\=345600 -fbuild-session-file\=/Users/jordantranchina/Library/Developer/Xcode/DerivedData/ModuleCache.noindex/Session.modulevalidation -fmodules-validate-once-per-build-session -Wnon-modular-include-in-framework-module -Werror\=non-modular-include-in-framework-module -Wno-trigraphs -Wno-missing-field-initializers -Wno-missing-prototypes -Wno-return-type -Wno-implicit-atomic-properties -Wno-objc-interface-ivars -Wno-arc-repeated-use-of-weak -Wno-missing-braces -Wparentheses -Wswitch -Wno-unused-function -Wno-unused-label -Wno-unused-parameter -Wno-unused-variable -Wunused-value -Wno-empty-body -Wno-uninitialized -Wno-unknown-pragmas -w -Wno-shadow -Wno-four-char-constants -Wno-conversion -Wno-constant-conversion -Wno-int-conversion -Wno-bool-conversion -Wno-enum-conversion -Wno-float-conversion -Wno-non-literal-null-conversion -Wno-objc-literal-conversion -Wshorten-64-to-32 -Wpointer-sign -Wno-newline-eof -Wno-selector -Wno-strict-selector-match -Wno-undeclared-selector -Wno-deprecated-implementations -Wno-implicit-fallthrough -fstrict-aliasing -Wprotocol -Wdeprecated-declarations -Wno-sign-conversion -Wno-infinite-recursion -Wno-comma -Wno-block-capture-autoreleasing -Wno-strict-prototypes -Wno-semicolon-before-method-body -index-store-path /Users/jordantranchina/Library/Developer/Xcode/DerivedData/GroceryWatch-cjpxcfkltfoqvcabomjerkquwnbi/Index.noindex/DataStore @/Users/jordantranchina/Library/Developer/Xcode/DerivedData/GroceryWatch-cjpxcfkltfoqvcabomjerkquwnbi/Build/Intermediates.noindex/Firebase.build/Debug-watchsimulator/FirebaseFirestoreTarget.build/Objects-normal/x86_64/e6072d4f65d7061329687fe24e3d63a7-common-args.resp -MMD -MT dependencies -MF /Users/jordantranchina/Library/Developer/Xcode/DerivedData/GroceryWatch-cjpxcfkltfoqvcabomjerkquwnbi/Build/Intermediates.noindex/Firebase.build/Debug-watchsimulator/FirebaseFirestoreTarget.build/Objects-normal/x86_64/dummy.d --serialize-diagnostics /Users/jordantranchina/Library/Developer/Xcode/DerivedData/GroceryWatch-cjpxcfkltfoqvcabomjerkquwnbi/Build/Intermediates.noindex/Firebase.build/Debug-watchsimulator/FirebaseFirestoreTarget.build/Objects-normal/x86_64/dummy.dia -c /Users/jordantranchina/Library/Developer/Xcode/DerivedData/GroceryWatch-cjpxcfkltfoqvcabomjerkquwnbi/SourcePackages/checkouts/firebase-ios-sdk/SwiftPM-PlatformExclude/FirebaseFirestoreWrap/dummy.m -o /Users/jordantranchina/Library/Developer/Xcode/DerivedData/GroceryWatch-cjpxcfkltfoqvcabomjerkquwnbi/Build/Intermediates.noindex/Firebase.build/Debug-watchsimulator/FirebaseFirestoreTarget.build/Objects-normal/x86_64/dummy.o -index-unit-output-path /Firebase.build/Debug-watchsimulator/FirebaseFirestoreTarget.build/Objects-normal/x86_64/dummy.o

CompileC /Users/jordantranchina/Library/Developer/Xcode/DerivedData/GroceryWatch-cjpxcfkltfoqvcabomjerkquwnbi/Build/Intermediates.noindex/Firebase.build/Debug-watchsimulator/FirebaseFirestoreTarget.build/Objects-normal/arm64/dummy.o /Users/jordantranchina/Library/Developer/Xcode/DerivedData/GroceryWatch-cjpxcfkltfoqvcabomjerkquwnbi/SourcePackages/checkouts/firebase-ios-sdk/SwiftPM-PlatformExclude/FirebaseFirestoreWrap/dummy.m normal arm64 objective-c com.apple.compilers.llvm.clang.1_0.compiler (in target 'FirebaseFirestoreTarget' from project 'Firebase')
    cd /Users/jordantranchina/workspace/GroceryCheckList/ios/GroceryWatch/GroceryWatch.xcodeproj
    
    Using response file: /Users/jordantranchina/Library/Developer/Xcode/DerivedData/GroceryWatch-cjpxcfkltfoqvcabomjerkquwnbi/Build/Intermediates.noindex/Firebase.build/Debug-watchsimulator/FirebaseFirestoreTarget.build/Objects-normal/arm64/e6072d4f65d7061329687fe24e3d63a7-common-args.resp
    
    /Applications/Xcode.app/Contents/Developer/Toolchains/XcodeDefault.xctoolchain/usr/bin/clang -x objective-c -ivfsstatcache /Users/jordantranchina/Library/Developer/Xcode/DerivedData/SDKStatCaches.noindex/watchsimulator26.2-23S303-963ebdd26732d23a23bcca82c2045e26.sdkstatcache -fmessage-length\=0 -fdiagnostics-show-note-include-stack -fmacro-backtrace-limit\=0 -fno-color-diagnostics -fmodules-prune-interval\=86400 -fmodules-prune-after\=345600 -fbuild-session-file\=/Users/jordantranchina/Library/Developer/Xcode/DerivedData/ModuleCache.noindex/Session.modulevalidation -fmodules-validate-once-per-build-session -Wnon-modular-include-in-framework-module -Werror\=non-modular-include-in-framework-module -Wno-trigraphs -Wno-missing-field-initializers -Wno-missing-prototypes -Wno-return-type -Wno-implicit-atomic-properties -Wno-objc-interface-ivars -Wno-arc-repeated-use-of-weak -Wno-missing-braces -Wparentheses -Wswitch -Wno-unused-function -Wno-unused-label -Wno-unused-parameter -Wno-unused-variable -Wunused-value -Wno-empty-body -Wno-uninitialized -Wno-unknown-pragmas -w -Wno-shadow -Wno-four-char-constants -Wno-conversion -Wno-constant-conversion -Wno-int-conversion -Wno-bool-conversion -Wno-enum-conversion -Wno-float-conversion -Wno-non-literal-null-conversion -Wno-objc-literal-conversion -Wshorten-64-to-32 -Wpointer-sign -Wno-newline-eof -Wno-selector -Wno-strict-selector-match -Wno-undeclared-selector -Wno-deprecated-implementations -Wno-implicit-fallthrough -fstrict-aliasing -Wprotocol -Wdeprecated-declarations -Wno-sign-conversion -Wno-infinite-recursion -Wno-comma -Wno-block-capture-autoreleasing -Wno-strict-prototypes -Wno-semicolon-before-method-body -index-store-path /Users/jordantranchina/Library/Developer/Xcode/DerivedData/GroceryWatch-cjpxcfkltfoqvcabomjerkquwnbi/Index.noindex/DataStore @/Users/jordantranchina/Library/Developer/Xcode/DerivedData/GroceryWatch-cjpxcfkltfoqvcabomjerkquwnbi/Build/Intermediates.noindex/Firebase.build/Debug-watchsimulator/FirebaseFirestoreTarget.build/Objects-normal/arm64/e6072d4f65d7061329687fe24e3d63a7-common-args.resp -MMD -MT dependencies -MF /Users/jordantranchina/Library/Developer/Xcode/DerivedData/GroceryWatch-cjpxcfkltfoqvcabomjerkquwnbi/Build/Intermediates.noindex/Firebase.build/Debug-watchsimulator/FirebaseFirestoreTarget.build/Objects-normal/arm64/dummy.d --serialize-diagnostics /Users/jordantranchina/Library/Developer/Xcode/DerivedData/GroceryWatch-cjpxcfkltfoqvcabomjerkquwnbi/Build/Intermediates.noindex/Firebase.build/Debug-watchsimulator/FirebaseFirestoreTarget.build/Objects-normal/arm64/dummy.dia -c /Users/jordantranchina/Library/Developer/Xcode/DerivedData/GroceryWatch-cjpxcfkltfoqvcabomjerkquwnbi/SourcePackages/checkouts/firebase-ios-sdk/SwiftPM-PlatformExclude/FirebaseFirestoreWrap/dummy.m -o /Users/jordantranchina/Library/Developer/Xcode/DerivedData/GroceryWatch-cjpxcfkltfoqvcabomjerkquwnbi/Build/Intermediates.noindex/Firebase.build/Debug-watchsimulator/FirebaseFirestoreTarget.build/Objects-normal/arm64/dummy.o -index-unit-output-path /Firebase.build/Debug-watchsimulator/FirebaseFirestoreTarget.build/Objects-normal/arm64/dummy.o

SwiftDriver GroceryWatch\ Watch\ App normal x86_64 com.apple.xcode.tools.swift.compiler (in target 'GroceryWatch Watch App' from project 'GroceryWatch')
    cd /Users/jordantranchina/workspace/GroceryCheckList/ios/GroceryWatch
    builtin-SwiftDriver -- /Applications/Xcode.app/Contents/Developer/Toolchains/XcodeDefault.xctoolchain/usr/bin/swiftc -module-name GroceryWatch_Watch_App -Onone -enforce-exclusivity\=checked @/Users/jordantranchina/Library/Developer/Xcode/DerivedData/GroceryWatch-cjpxcfkltfoqvcabomjerkquwnbi/Build/Intermediates.noindex/GroceryWatch.build/Debug-watchsimulator/GroceryWatch\ Watch\ App.build/Objects-normal/x86_64/GroceryWatch\ Watch\ App.SwiftFileList -DDEBUG -Xcc -fmodule-map-file\=/Users/jordantranchina/Library/Developer/Xcode/DerivedData/GroceryWatch-cjpxcfkltfoqvcabomjerkquwnbi/Build/Intermediates.noindex/GeneratedModuleMaps-watchsimulator/GoogleUtilities-UserDefaults.modulemap -Xcc -fmodule-map-file\=/Users/jordantranchina/Library/Developer/Xcode/DerivedData/GroceryWatch-cjpxcfkltfoqvcabomjerkquwnbi/Build/Intermediates.noindex/GeneratedModuleMaps-watchsimulator/GoogleUtilities-AppDelegateSwizzler.modulemap -Xcc -fmodule-map-file\=/Users/jordantranchina/Library/Developer/Xcode/DerivedData/GroceryWatch-cjpxcfkltfoqvcabomjerkquwnbi/Build/Intermediates.noindex/GeneratedModuleMaps-watchsimulator/GoogleUtilities-MethodSwizzler.modulemap -Xcc -fmodule-map-file\=/Users/jordantranchina/Library/Developer/Xcode/DerivedData/GroceryWatch-cjpxcfkltfoqvcabomjerkquwnbi/Build/Intermediates.noindex/GeneratedModuleMaps-watchsimulator/GoogleUtilities-Reachability.modulemap -Xcc -fmodule-map-file\=/Users/jordantranchina/Library/Developer/Xcode/DerivedData/GroceryWatch-cjpxcfkltfoqvcabomjerkquwnbi/Build/Intermediates.noindex/GeneratedModuleMaps-watchsimulator/GoogleUtilities-Network.modulemap -Xcc -fmodule-map-file\=/Users/jordantranchina/Library/Developer/Xcode/DerivedData/GroceryWatch-cjpxcfkltfoqvcabomjerkquwnbi/Build/Intermediates.noindex/GeneratedModuleMaps-watchsimulator/FirebaseInstallations.modulemap -Xcc -fmodule-map-file\=/Users/jordantranchina/Library/Developer/Xcode/DerivedData/GroceryWatch-cjpxcfkltfoqvcabomjerkquwnbi/Build/Intermediates.noindex/GeneratedModuleMaps-watchsimulator/FirebaseAnalyticsTarget.modulemap -Xcc -fmodule-map-file\=/Users/jordantranchina/Library/Developer/Xcode/DerivedData/GroceryWatch-cjpxcfkltfoqvcabomjerkquwnbi/Build/Intermediates.noindex/GeneratedModuleMaps-watchsimulator/GoogleUtilities-NSData.modulemap -Xcc -fmodule-map-file\=/Users/jordantranchina/Library/Developer/Xcode/DerivedData/GroceryWatch-cjpxcfkltfoqvcabomjerkquwnbi/Build/Intermediates.noindex/GeneratedModuleMaps-watchsimulator/GoogleUtilities-Environment.modulemap -Xcc -fmodule-map-file\=/Users/jordantranchina/Library/Developer/Xcode/DerivedData/GroceryWatch-cjpxcfkltfoqvcabomjerkquwnbi/Build/Intermediates.noindex/GeneratedModuleMaps-watchsimulator/third-party-IsAppEncrypted.modulemap -Xcc -fmodule-map-file\=/Users/jordantranchina/Library/Developer/Xcode/DerivedData/GroceryWatch-cjpxcfkltfoqvcabomjerkquwnbi/Build/Intermediates.noindex/GeneratedModuleMaps-watchsimulator/GoogleUtilities-Logger.modulemap -Xcc -fmodule-map-file\=/Users/jordantranchina/Library/Developer/Xcode/DerivedData/GroceryWatch-cjpxcfkltfoqvcabomjerkquwnbi/Build/Intermediates.noindex/GeneratedModuleMaps-watchsimulator/nanopb.modulemap -Xcc -fmodule-map-file\=/Users/jordantranchina/Library/Developer/Xcode/DerivedData/GroceryWatch-cjpxcfkltfoqvcabomjerkquwnbi/Build/Intermediates.noindex/GeneratedModuleMaps-watchsimulator/leveldb.modulemap -Xcc -fmodule-map-file\=/Users/jordantranchina/Library/Developer/Xcode/DerivedData/GroceryWatch-cjpxcfkltfoqvcabomjerkquwnbi/Build/Intermediates.noindex/GeneratedModuleMaps-watchsimulator/FirebaseCoreExtension.modulemap -Xcc -fmodule-map-file\=/Users/jordantranchina/Library/Developer/Xcode/DerivedData/GroceryWatch-cjpxcfkltfoqvcabomjerkquwnbi/Build/Intermediates.noindex/GeneratedModuleMaps-watchsimulator/FirebaseCore.modulemap -Xcc -fmodule-map-file\=/Users/jordantranchina/Library/Developer/Xcode/DerivedData/GroceryWatch-cjpxcfkltfoqvcabomjerkquwnbi/Build/Intermediates.noindex/GeneratedModuleMaps-watchsimulator/FirebaseAppCheckInterop.modulemap -Xcc -fmodule-map-file\=/Users/jordantranchina/Library/Developer/Xcode/DerivedData/GroceryWatch-cjpxcfkltfoqvcabomjerkquwnbi/Build/Intermediates.noindex/GeneratedModuleMaps-watchsimulator/FirebaseFirestoreTarget.modulemap -default-isolation\=MainActor -enable-bare-slash-regex -enable-upcoming-feature DisableOutwardActorInference -enable-upcoming-feature InferSendableFromCaptures -enable-upcoming-feature GlobalActorIsolatedTypesUsability -enable-upcoming-feature MemberImportVisibility -enable-upcoming-feature InferIsolatedConformances -enable-upcoming-feature NonisolatedNonsendingByDefault -enable-experimental-feature DebugDescriptionMacro -sdk /Applications/Xcode.app/Contents/Developer/Platforms/WatchSimulator.platform/Developer/SDKs/WatchSimulator26.2.sdk -target x86_64-apple-watchos9.6-simulator -g -module-cache-path /Users/jordantranchina/Library/Developer/Xcode/DerivedData/ModuleCache.noindex -Xfrontend -serialize-debugging-options -enable-testing -index-store-path /Users/jordantranchina/Library/Developer/Xcode/DerivedData/GroceryWatch-cjpxcfkltfoqvcabomjerkquwnbi/Index.noindex/DataStore -Xcc -D_LIBCPP_HARDENING_MODE\=_LIBCPP_HARDENING_MODE_DEBUG -swift-version 5 -I /Users/jordantranchina/Library/Developer/Xcode/DerivedData/GroceryWatch-cjpxcfkltfoqvcabomjerkquwnbi/Build/Products/Debug-watchsimulator -F /Users/jordantranchina/Library/Developer/Xcode/DerivedData/GroceryWatch-cjpxcfkltfoqvcabomjerkquwnbi/Build/Products/Debug-watchsimulator/PackageFrameworks -F /Users/jordantranchina/Library/Developer/Xcode/DerivedData/GroceryWatch-cjpxcfkltfoqvcabomjerkquwnbi/Build/Products/Debug-watchsimulator/PackageFrameworks -F /Users/jordantranchina/Library/Developer/Xcode/DerivedData/GroceryWatch-cjpxcfkltfoqvcabomjerkquwnbi/Build/Products/Debug-watchsimulator/PackageFrameworks -F /Users/jordantranchina/Library/Developer/Xcode/DerivedData/GroceryWatch-cjpxcfkltfoqvcabomjerkquwnbi/Build/Products/Debug-watchsimulator/PackageFrameworks -F /Users/jordantranchina/Library/Developer/Xcode/DerivedData/GroceryWatch-cjpxcfkltfoqvcabomjerkquwnbi/Build/Products/Debug-watchsimulator/PackageFrameworks -F /Users/jordantranchina/Library/Developer/Xcode/DerivedData/GroceryWatch-cjpxcfkltfoqvcabomjerkquwnbi/Build/Products/Debug-watchsimulator/PackageFrameworks -F /Users/jordantranchina/Library/Developer/Xcode/DerivedData/GroceryWatch-cjpxcfkltfoqvcabomjerkquwnbi/Build/Products/Debug-watchsimulator/PackageFrameworks -F /Users/jordantranchina/Library/Developer/Xcode/DerivedData/GroceryWatch-cjpxcfkltfoqvcabomjerkquwnbi/Build/Products/Debug-watchsimulator/PackageFrameworks -F /Users/jordantranchina/Library/Developer/Xcode/DerivedData/GroceryWatch-cjpxcfkltfoqvcabomjerkquwnbi/Build/Products/Debug-watchsimulator/PackageFrameworks -F /Users/jordantranchina/Library/Developer/Xcode/DerivedData/GroceryWatch-cjpxcfkltfoqvcabomjerkquwnbi/Build/Products/Debug-watchsimulator/PackageFrameworks -F /Users/jordantranchina/Library/Developer/Xcode/DerivedData/GroceryWatch-cjpxcfkltfoqvcabomjerkquwnbi/Build/Products/Debug-watchsimulator/PackageFrameworks -F /Users/jordantranchina/Library/Developer/Xcode/DerivedData/GroceryWatch-cjpxcfkltfoqvcabomjerkquwnbi/Build/Products/Debug-watchsimulator/PackageFrameworks -F /Users/jordantranchina/Library/Developer/Xcode/DerivedData/GroceryWatch-cjpxcfkltfoqvcabomjerkquwnbi/Build/Products/Debug-watchsimulator/PackageFrameworks -F /Users/jordantranchina/Library/Developer/Xcode/DerivedData/GroceryWatch-cjpxcfkltfoqvcabomjerkquwnbi/Build/Products/Debug-watchsimulator/PackageFrameworks -F /Users/jordantranchina/Library/Developer/Xcode/DerivedData/GroceryWatch-cjpxcfkltfoqvcabomjerkquwnbi/Build/Products/Debug-watchsimulator/PackageFrameworks -F /Users/jordantranchina/Library/Developer/Xcode/DerivedData/GroceryWatch-cjpxcfkltfoqvcabomjerkquwnbi/Build/Products/Debug-watchsimulator/PackageFrameworks -F /Users/jordantranchina/Library/Developer/Xcode/DerivedData/GroceryWatch-cjpxcfkltfoqvcabomjerkquwnbi/Build/Products/Debug-watchsimulator/PackageFrameworks -F /Users/jordantranchina/Library/Developer/Xcode/DerivedData/GroceryWatch-cjpxcfkltfoqvcabomjerkquwnbi/Build/Products/Debug-watchsimulator/PackageFrameworks -F /Users/jordantranchina/Library/Developer/Xcode/DerivedData/GroceryWatch-cjpxcfkltfoqvcabomjerkquwnbi/Build/Products/Debug-watchsimulator/PackageFrameworks -F /Users/jordantranchina/Library/Developer/Xcode/DerivedData/GroceryWatch-cjpxcfkltfoqvcabomjerkquwnbi/Build/Products/Debug-watchsimulator/PackageFrameworks -F /Users/jordantranchina/Library/Developer/Xcode/DerivedData/GroceryWatch-cjpxcfkltfoqvcabomjerkquwnbi/Build/Products/Debug-watchsimulator/PackageFrameworks -F /Users/jordantranchina/Library/Developer/Xcode/DerivedData/GroceryWatch-cjpxcfkltfoqvcabomjerkquwnbi/Build/Products/Debug-watchsimulator -emit-localized-strings -emit-localized-strings-path /Users/jordantranchina/Library/Developer/Xcode/DerivedData/GroceryWatch-cjpxcfkltfoqvcabomjerkquwnbi/Build/Intermediates.noindex/GroceryWatch.build/Debug-watchsimulator/GroceryWatch\ Watch\ App.build/Objects-normal/x86_64 -c -j10 -enable-batch-mode -incremental -Xcc -ivfsstatcache -Xcc /Users/jordantranchina/Library/Developer/Xcode/DerivedData/SDKStatCaches.noindex/watchsimulator26.2-23S303-963ebdd26732d23a23bcca82c2045e26.sdkstatcache -output-file-map /Users/jordantranchina/Library/Developer/Xcode/DerivedData/GroceryWatch-cjpxcfkltfoqvcabomjerkquwnbi/Build/Intermediates.noindex/GroceryWatch.build/Debug-watchsimulator/GroceryWatch\ Watch\ App.build/Objects-normal/x86_64/GroceryWatch\ Watch\ App-OutputFileMap.json -use-frontend-parseable-output -save-temps -no-color-diagnostics -explicit-module-build -module-cache-path /Users/jordantranchina/Library/Developer/Xcode/DerivedData/GroceryWatch-cjpxcfkltfoqvcabomjerkquwnbi/Build/Intermediates.noindex/SwiftExplicitPrecompiledModules -clang-scanner-module-cache-path /Users/jordantranchina/Library/Developer/Xcode/DerivedData/ModuleCache.noindex -sdk-module-cache-path /Users/jordantranchina/Library/Developer/Xcode/DerivedData/ModuleCache.noindex -serialize-diagnostics -emit-dependencies -emit-module -emit-module-path /Users/jordantranchina/Library/Developer/Xcode/DerivedData/GroceryWatch-cjpxcfkltfoqvcabomjerkquwnbi/Build/Intermediates.noindex/GroceryWatch.build/Debug-watchsimulator/GroceryWatch\ Watch\ App.build/Objects-normal/x86_64/GroceryWatch_Watch_App.swiftmodule -validate-clang-modules-once -clang-build-session-file /Users/jordantranchina/Library/Developer/Xcode/DerivedData/ModuleCache.noindex/Session.modulevalidation -Xcc -I/Users/jordantranchina/Library/Developer/Xcode/DerivedData/GroceryWatch-cjpxcfkltfoqvcabomjerkquwnbi/Build/Intermediates.noindex/GroceryWatch.build/Debug-watchsimulator/GroceryWatch\ Watch\ App.build/swift-overrides.hmap -emit-const-values -Xfrontend -const-gather-protocols-file -Xfrontend /Users/jordantranchina/Library/Developer/Xcode/DerivedData/GroceryWatch-cjpxcfkltfoqvcabomjerkquwnbi/Build/Intermediates.noindex/GroceryWatch.build/Debug-watchsimulator/GroceryWatch\ Watch\ App.build/Objects-normal/x86_64/GroceryWatch\ Watch\ App_const_extract_protocols.json -Xcc -iquote -Xcc /Users/jordantranchina/Library/Developer/Xcode/DerivedData/GroceryWatch-cjpxcfkltfoqvcabomjerkquwnbi/Build/Intermediates.noindex/GroceryWatch.build/Debug-watchsimulator/GroceryWatch\ Watch\ App.build/GroceryWatch\ Watch\ App-generated-files.hmap -Xcc -I/Users/jordantranchina/Library/Developer/Xcode/DerivedData/GroceryWatch-cjpxcfkltfoqvcabomjerkquwnbi/Build/Intermediates.noindex/GroceryWatch.build/Debug-watchsimulator/GroceryWatch\ Watch\ App.build/GroceryWatch\ Watch\ App-own-target-headers.hmap -Xcc -I/Users/jordantranchina/Library/Developer/Xcode/DerivedData/GroceryWatch-cjpxcfkltfoqvcabomjerkquwnbi/Build/Intermediates.noindex/GroceryWatch.build/Debug-watchsimulator/GroceryWatch\ Watch\ App.build/GroceryWatch\ Watch\ App-all-non-framework-target-headers.hmap -Xcc -ivfsoverlay -Xcc /Users/jordantranchina/Library/Developer/Xcode/DerivedData/GroceryWatch-cjpxcfkltfoqvcabomjerkquwnbi/Build/Intermediates.noindex/GroceryWatch.build/Debug-watchsimulator/GroceryWatch-908a718c44fe7b7a6611a4924206fa50-VFS-watchsimulator/all-product-headers.yaml -Xcc -iquote -Xcc /Users/jordantranchina/Library/Developer/Xcode/DerivedData/GroceryWatch-cjpxcfkltfoqvcabomjerkquwnbi/Build/Intermediates.noindex/GroceryWatch.build/Debug-watchsimulator/GroceryWatch\ Watch\ App.build/GroceryWatch\ Watch\ App-project-headers.hmap -Xcc -I/Users/jordantranchina/Library/Developer/Xcode/DerivedData/GroceryWatch-cjpxcfkltfoqvcabomjerkquwnbi/SourcePackages/checkouts/promises/Sources/FBLPromises/include -Xcc -I/Users/jordantranchina/Library/Developer/Xcode/DerivedData/GroceryWatch-cjpxcfkltfoqvcabomjerkquwnbi/SourcePackages/checkouts/GoogleUtilities/GoogleUtilities/UserDefaults/Public -Xcc -I/Users/jordantranchina/Library/Developer/Xcode/DerivedData/GroceryWatch-cjpxcfkltfoqvcabomjerkquwnbi/SourcePackages/checkouts/GoogleUtilities/GoogleUtilities/AppDelegateSwizzler/Public -Xcc -I/Users/jordantranchina/Library/Developer/Xcode/DerivedData/GroceryWatch-cjpxcfkltfoqvcabomjerkquwnbi/SourcePackages/checkouts/GoogleUtilities/GoogleUtilities/MethodSwizzler/Public -Xcc -I/Users/jordantranchina/Library/Developer/Xcode/DerivedData/GroceryWatch-cjpxcfkltfoqvcabomjerkquwnbi/SourcePackages/checkouts/GoogleUtilities/GoogleUtilities/Reachability/Public -Xcc -I/Users/jordantranchina/Library/Developer/Xcode/DerivedData/GroceryWatch-cjpxcfkltfoqvcabomjerkquwnbi/SourcePackages/checkouts/GoogleUtilities/GoogleUtilities/Network/Public -Xcc -I/Users/jordantranchina/Library/Developer/Xcode/DerivedData/GroceryWatch-cjpxcfkltfoqvcabomjerkquwnbi/SourcePackages/checkouts/firebase-ios-sdk/FirebaseInstallations/Source/Library/Public -Xcc -I/Users/jordantranchina/Library/Developer/Xcode/DerivedData/GroceryWatch-cjpxcfkltfoqvcabomjerkquwnbi/SourcePackages/checkouts/firebase-ios-sdk/SwiftPM-PlatformExclude/FirebaseAnalyticsWrap/include -Xcc -I/Users/jordantranchina/Library/Developer/Xcode/DerivedData/GroceryWatch-cjpxcfkltfoqvcabomjerkquwnbi/SourcePackages/checkouts/GoogleUtilities/GoogleUtilities/NSData+zlib/Public -Xcc -I/Users/jordantranchina/Library/Developer/Xcode/DerivedData/GroceryWatch-cjpxcfkltfoqvcabomjerkquwnbi/SourcePackages/checkouts/GoogleUtilities/GoogleUtilities/Environment/Public -Xcc -I/Users/jordantranchina/Library/Developer/Xcode/DerivedData/GroceryWatch-cjpxcfkltfoqvcabomjerkquwnbi/SourcePackages/checkouts/GoogleUtilities/third_party/IsAppEncrypted/Public -Xcc -I/Users/jordantranchina/Library/Developer/Xcode/DerivedData/GroceryWatch-cjpxcfkltfoqvcabomjerkquwnbi/SourcePackages/checkouts/GoogleUtilities/GoogleUtilities/Logger/Public -Xcc -I/Users/jordantranchina/Library/Developer/Xcode/DerivedData/GroceryWatch-cjpxcfkltfoqvcabomjerkquwnbi/SourcePackages/checkouts/nanopb/spm_headers -Xcc -I/Users/jordantranchina/Library/Developer/Xcode/DerivedData/GroceryWatch-cjpxcfkltfoqvcabomjerkquwnbi/SourcePackages/checkouts/leveldb/include -Xcc -I/Users/jordantranchina/Library/Developer/Xcode/DerivedData/GroceryWatch-cjpxcfkltfoqvcabomjerkquwnbi/SourcePackages/checkouts/firebase-ios-sdk/FirebaseCore/Extension -Xcc -I/Users/jordantranchina/Library/Developer/Xcode/DerivedData/GroceryWatch-cjpxcfkltfoqvcabomjerkquwnbi/SourcePackages/checkouts/firebase-ios-sdk/FirebaseCore/Sources/Public -Xcc -I/Users/jordantranchina/Library/Developer/Xcode/DerivedData/GroceryWatch-cjpxcfkltfoqvcabomjerkquwnbi/SourcePackages/checkouts/firebase-ios-sdk/CoreOnly/Sources -Xcc -I/Users/jordantranchina/Library/Developer/Xcode/DerivedData/GroceryWatch-cjpxcfkltfoqvcabomjerkquwnbi/SourcePackages/checkouts/firebase-ios-sdk/FirebaseAppCheck/Interop/Public -Xcc -I/Users/jordantranchina/Library/Developer/Xcode/DerivedData/GroceryWatch-cjpxcfkltfoqvcabomjerkquwnbi/SourcePackages/checkouts/firebase-ios-sdk/SwiftPM-PlatformExclude/FirebaseFirestoreWrap/include -Xcc -I/Users/jordantranchina/Library/Developer/Xcode/DerivedData/GroceryWatch-cjpxcfkltfoqvcabomjerkquwnbi/Build/Products/Debug-watchsimulator/include -Xcc -I/Users/jordantranchina/Library/Developer/Xcode/DerivedData/GroceryWatch-cjpxcfkltfoqvcabomjerkquwnbi/Build/Intermediates.noindex/GroceryWatch.build/Debug-watchsimulator/GroceryWatch\ Watch\ App.build/DerivedSources-normal/x86_64 -Xcc -I/Users/jordantranchina/Library/Developer/Xcode/DerivedData/GroceryWatch-cjpxcfkltfoqvcabomjerkquwnbi/Build/Intermediates.noindex/GroceryWatch.build/Debug-watchsimulator/GroceryWatch\ Watch\ App.build/DerivedSources/x86_64 -Xcc -I/Users/jordantranchina/Library/Developer/Xcode/DerivedData/GroceryWatch-cjpxcfkltfoqvcabomjerkquwnbi/Build/Intermediates.noindex/GroceryWatch.build/Debug-watchsimulator/GroceryWatch\ Watch\ App.build/DerivedSources -Xcc -DDEBUG\=1 -emit-objc-header -emit-objc-header-path /Users/jordantranchina/Library/Developer/Xcode/DerivedData/GroceryWatch-cjpxcfkltfoqvcabomjerkquwnbi/Build/Intermediates.noindex/GroceryWatch.build/Debug-watchsimulator/GroceryWatch\ Watch\ App.build/Objects-normal/x86_64/GroceryWatch_Watch_App-Swift.h -working-directory /Users/jordantranchina/workspace/GroceryCheckList/ios/GroceryWatch -experimental-emit-module-separately -disable-cmo
/Users/jordantranchina/workspace/GroceryCheckList/ios/GroceryWatch/GroceryWatch Watch App/GroceryItem.swift:2:8: error: Unable to find module dependency: 'FirebaseFirestore'
import FirebaseFirestore
       ^
/Users/jordantranchina/workspace/GroceryCheckList/ios/GroceryWatch/GroceryWatch Watch App/GroceryItem.swift:2:8: note: a dependency of main module 'GroceryWatch_Watch_App'
import FirebaseFirestore
       ^
/Users/jordantranchina/workspace/GroceryCheckList/ios/GroceryWatch/GroceryWatch Watch App/GroceryViewModel.swift:9:8: note: also imported here
import FirebaseFirestore
       ^
/Users/jordantranchina/workspace/GroceryCheckList/ios/GroceryWatch/GroceryWatch Watch App/GroceryItem.swift:2:8: error: Unable to find module dependency: 'FirebaseFirestore'
import FirebaseFirestore
       ^
/Users/jordantranchina/workspace/GroceryCheckList/ios/GroceryWatch/GroceryWatch Watch App/GroceryItem.swift:2:8: note: a dependency of main module 'GroceryWatch_Watch_App'
import FirebaseFirestore
       ^
/Users/jordantranchina/workspace/GroceryCheckList/ios/GroceryWatch/GroceryWatch Watch App/GroceryViewModel.swift:9:8: note: also imported here
import FirebaseFirestore
       ^
/Users/jordantranchina/workspace/GroceryCheckList/ios/GroceryWatch/GroceryWatch Watch App/GroceryItem.swift:2:8: error: Unable to find module dependency: 'FirebaseFirestore'
import FirebaseFirestore
       ^ (in target 'GroceryWatch Watch App' from project 'GroceryWatch')
/Users/jordantranchina/workspace/GroceryCheckList/ios/GroceryWatch/GroceryWatch Watch App/GroceryItem.swift:2:8: note: A dependency of main module 'GroceryWatch_Watch_App'
import FirebaseFirestore
       ^ (in target 'GroceryWatch Watch App' from project 'GroceryWatch')
/Users/jordantranchina/workspace/GroceryCheckList/ios/GroceryWatch/GroceryWatch Watch App/GroceryViewModel.swift:9:8: note: Also imported here
import FirebaseFirestore
       ^ (in target 'GroceryWatch Watch App' from project 'GroceryWatch')

SwiftDriver GroceryWatch\ Watch\ App normal arm64 com.apple.xcode.tools.swift.compiler (in target 'GroceryWatch Watch App' from project 'GroceryWatch')
    cd /Users/jordantranchina/workspace/GroceryCheckList/ios/GroceryWatch
    builtin-SwiftDriver -- /Applications/Xcode.app/Contents/Developer/Toolchains/XcodeDefault.xctoolchain/usr/bin/swiftc -module-name GroceryWatch_Watch_App -Onone -enforce-exclusivity\=checked @/Users/jordantranchina/Library/Developer/Xcode/DerivedData/GroceryWatch-cjpxcfkltfoqvcabomjerkquwnbi/Build/Intermediates.noindex/GroceryWatch.build/Debug-watchsimulator/GroceryWatch\ Watch\ App.build/Objects-normal/arm64/GroceryWatch\ Watch\ App.SwiftFileList -DDEBUG -Xcc -fmodule-map-file\=/Users/jordantranchina/Library/Developer/Xcode/DerivedData/GroceryWatch-cjpxcfkltfoqvcabomjerkquwnbi/Build/Intermediates.noindex/GeneratedModuleMaps-watchsimulator/GoogleUtilities-UserDefaults.modulemap -Xcc -fmodule-map-file\=/Users/jordantranchina/Library/Developer/Xcode/DerivedData/GroceryWatch-cjpxcfkltfoqvcabomjerkquwnbi/Build/Intermediates.noindex/GeneratedModuleMaps-watchsimulator/GoogleUtilities-AppDelegateSwizzler.modulemap -Xcc -fmodule-map-file\=/Users/jordantranchina/Library/Developer/Xcode/DerivedData/GroceryWatch-cjpxcfkltfoqvcabomjerkquwnbi/Build/Intermediates.noindex/GeneratedModuleMaps-watchsimulator/GoogleUtilities-MethodSwizzler.modulemap -Xcc -fmodule-map-file\=/Users/jordantranchina/Library/Developer/Xcode/DerivedData/GroceryWatch-cjpxcfkltfoqvcabomjerkquwnbi/Build/Intermediates.noindex/GeneratedModuleMaps-watchsimulator/GoogleUtilities-Reachability.modulemap -Xcc -fmodule-map-file\=/Users/jordantranchina/Library/Developer/Xcode/DerivedData/GroceryWatch-cjpxcfkltfoqvcabomjerkquwnbi/Build/Intermediates.noindex/GeneratedModuleMaps-watchsimulator/GoogleUtilities-Network.modulemap -Xcc -fmodule-map-file\=/Users/jordantranchina/Library/Developer/Xcode/DerivedData/GroceryWatch-cjpxcfkltfoqvcabomjerkquwnbi/Build/Intermediates.noindex/GeneratedModuleMaps-watchsimulator/FirebaseInstallations.modulemap -Xcc -fmodule-map-file\=/Users/jordantranchina/Library/Developer/Xcode/DerivedData/GroceryWatch-cjpxcfkltfoqvcabomjerkquwnbi/Build/Intermediates.noindex/GeneratedModuleMaps-watchsimulator/FirebaseAnalyticsTarget.modulemap -Xcc -fmodule-map-file\=/Users/jordantranchina/Library/Developer/Xcode/DerivedData/GroceryWatch-cjpxcfkltfoqvcabomjerkquwnbi/Build/Intermediates.noindex/GeneratedModuleMaps-watchsimulator/GoogleUtilities-NSData.modulemap -Xcc -fmodule-map-file\=/Users/jordantranchina/Library/Developer/Xcode/DerivedData/GroceryWatch-cjpxcfkltfoqvcabomjerkquwnbi/Build/Intermediates.noindex/GeneratedModuleMaps-watchsimulator/GoogleUtilities-Environment.modulemap -Xcc -fmodule-map-file\=/Users/jordantranchina/Library/Developer/Xcode/DerivedData/GroceryWatch-cjpxcfkltfoqvcabomjerkquwnbi/Build/Intermediates.noindex/GeneratedModuleMaps-watchsimulator/third-party-IsAppEncrypted.modulemap -Xcc -fmodule-map-file\=/Users/jordantranchina/Library/Developer/Xcode/DerivedData/GroceryWatch-cjpxcfkltfoqvcabomjerkquwnbi/Build/Intermediates.noindex/GeneratedModuleMaps-watchsimulator/GoogleUtilities-Logger.modulemap -Xcc -fmodule-map-file\=/Users/jordantranchina/Library/Developer/Xcode/DerivedData/GroceryWatch-cjpxcfkltfoqvcabomjerkquwnbi/Build/Intermediates.noindex/GeneratedModuleMaps-watchsimulator/nanopb.modulemap -Xcc -fmodule-map-file\=/Users/jordantranchina/Library/Developer/Xcode/DerivedData/GroceryWatch-cjpxcfkltfoqvcabomjerkquwnbi/Build/Intermediates.noindex/GeneratedModuleMaps-watchsimulator/leveldb.modulemap -Xcc -fmodule-map-file\=/Users/jordantranchina/Library/Developer/Xcode/DerivedData/GroceryWatch-cjpxcfkltfoqvcabomjerkquwnbi/Build/Intermediates.noindex/GeneratedModuleMaps-watchsimulator/FirebaseCoreExtension.modulemap -Xcc -fmodule-map-file\=/Users/jordantranchina/Library/Developer/Xcode/DerivedData/GroceryWatch-cjpxcfkltfoqvcabomjerkquwnbi/Build/Intermediates.noindex/GeneratedModuleMaps-watchsimulator/FirebaseCore.modulemap -Xcc -fmodule-map-file\=/Users/jordantranchina/Library/Developer/Xcode/DerivedData/GroceryWatch-cjpxcfkltfoqvcabomjerkquwnbi/Build/Intermediates.noindex/GeneratedModuleMaps-watchsimulator/FirebaseAppCheckInterop.modulemap -Xcc -fmodule-map-file\=/Users/jordantranchina/Library/Developer/Xcode/DerivedData/GroceryWatch-cjpxcfkltfoqvcabomjerkquwnbi/Build/Intermediates.noindex/GeneratedModuleMaps-watchsimulator/FirebaseFirestoreTarget.modulemap -default-isolation\=MainActor -enable-bare-slash-regex -enable-upcoming-feature DisableOutwardActorInference -enable-upcoming-feature InferSendableFromCaptures -enable-upcoming-feature GlobalActorIsolatedTypesUsability -enable-upcoming-feature MemberImportVisibility -enable-upcoming-feature InferIsolatedConformances -enable-upcoming-feature NonisolatedNonsendingByDefault -enable-experimental-feature DebugDescriptionMacro -sdk /Applications/Xcode.app/Contents/Developer/Platforms/WatchSimulator.platform/Developer/SDKs/WatchSimulator26.2.sdk -target arm64-apple-watchos9.6-simulator -g -module-cache-path /Users/jordantranchina/Library/Developer/Xcode/DerivedData/ModuleCache.noindex -Xfrontend -serialize-debugging-options -enable-testing -index-store-path /Users/jordantranchina/Library/Developer/Xcode/DerivedData/GroceryWatch-cjpxcfkltfoqvcabomjerkquwnbi/Index.noindex/DataStore -Xcc -D_LIBCPP_HARDENING_MODE\=_LIBCPP_HARDENING_MODE_DEBUG -swift-version 5 -I /Users/jordantranchina/Library/Developer/Xcode/DerivedData/GroceryWatch-cjpxcfkltfoqvcabomjerkquwnbi/Build/Products/Debug-watchsimulator -F /Users/jordantranchina/Library/Developer/Xcode/DerivedData/GroceryWatch-cjpxcfkltfoqvcabomjerkquwnbi/Build/Products/Debug-watchsimulator/PackageFrameworks -F /Users/jordantranchina/Library/Developer/Xcode/DerivedData/GroceryWatch-cjpxcfkltfoqvcabomjerkquwnbi/Build/Products/Debug-watchsimulator/PackageFrameworks -F /Users/jordantranchina/Library/Developer/Xcode/DerivedData/GroceryWatch-cjpxcfkltfoqvcabomjerkquwnbi/Build/Products/Debug-watchsimulator/PackageFrameworks -F /Users/jordantranchina/Library/Developer/Xcode/DerivedData/GroceryWatch-cjpxcfkltfoqvcabomjerkquwnbi/Build/Products/Debug-watchsimulator/PackageFrameworks -F /Users/jordantranchina/Library/Developer/Xcode/DerivedData/GroceryWatch-cjpxcfkltfoqvcabomjerkquwnbi/Build/Products/Debug-watchsimulator/PackageFrameworks -F /Users/jordantranchina/Library/Developer/Xcode/DerivedData/GroceryWatch-cjpxcfkltfoqvcabomjerkquwnbi/Build/Products/Debug-watchsimulator/PackageFrameworks -F /Users/jordantranchina/Library/Developer/Xcode/DerivedData/GroceryWatch-cjpxcfkltfoqvcabomjerkquwnbi/Build/Products/Debug-watchsimulator/PackageFrameworks -F /Users/jordantranchina/Library/Developer/Xcode/DerivedData/GroceryWatch-cjpxcfkltfoqvcabomjerkquwnbi/Build/Products/Debug-watchsimulator/PackageFrameworks -F /Users/jordantranchina/Library/Developer/Xcode/DerivedData/GroceryWatch-cjpxcfkltfoqvcabomjerkquwnbi/Build/Products/Debug-watchsimulator/PackageFrameworks -F /Users/jordantranchina/Library/Developer/Xcode/DerivedData/GroceryWatch-cjpxcfkltfoqvcabomjerkquwnbi/Build/Products/Debug-watchsimulator/PackageFrameworks -F /Users/jordantranchina/Library/Developer/Xcode/DerivedData/GroceryWatch-cjpxcfkltfoqvcabomjerkquwnbi/Build/Products/Debug-watchsimulator/PackageFrameworks -F /Users/jordantranchina/Library/Developer/Xcode/DerivedData/GroceryWatch-cjpxcfkltfoqvcabomjerkquwnbi/Build/Products/Debug-watchsimulator/PackageFrameworks -F /Users/jordantranchina/Library/Developer/Xcode/DerivedData/GroceryWatch-cjpxcfkltfoqvcabomjerkquwnbi/Build/Products/Debug-watchsimulator/PackageFrameworks -F /Users/jordantranchina/Library/Developer/Xcode/DerivedData/GroceryWatch-cjpxcfkltfoqvcabomjerkquwnbi/Build/Products/Debug-watchsimulator/PackageFrameworks -F /Users/jordantranchina/Library/Developer/Xcode/DerivedData/GroceryWatch-cjpxcfkltfoqvcabomjerkquwnbi/Build/Products/Debug-watchsimulator/PackageFrameworks -F /Users/jordantranchina/Library/Developer/Xcode/DerivedData/GroceryWatch-cjpxcfkltfoqvcabomjerkquwnbi/Build/Products/Debug-watchsimulator/PackageFrameworks -F /Users/jordantranchina/Library/Developer/Xcode/DerivedData/GroceryWatch-cjpxcfkltfoqvcabomjerkquwnbi/Build/Products/Debug-watchsimulator/PackageFrameworks -F /Users/jordantranchina/Library/Developer/Xcode/DerivedData/GroceryWatch-cjpxcfkltfoqvcabomjerkquwnbi/Build/Products/Debug-watchsimulator/PackageFrameworks -F /Users/jordantranchina/Library/Developer/Xcode/DerivedData/GroceryWatch-cjpxcfkltfoqvcabomjerkquwnbi/Build/Products/Debug-watchsimulator/PackageFrameworks -F /Users/jordantranchina/Library/Developer/Xcode/DerivedData/GroceryWatch-cjpxcfkltfoqvcabomjerkquwnbi/Build/Products/Debug-watchsimulator/PackageFrameworks -F /Users/jordantranchina/Library/Developer/Xcode/DerivedData/GroceryWatch-cjpxcfkltfoqvcabomjerkquwnbi/Build/Products/Debug-watchsimulator/PackageFrameworks -F /Users/jordantranchina/Library/Developer/Xcode/DerivedData/GroceryWatch-cjpxcfkltfoqvcabomjerkquwnbi/Build/Products/Debug-watchsimulator -emit-localized-strings -emit-localized-strings-path /Users/jordantranchina/Library/Developer/Xcode/DerivedData/GroceryWatch-cjpxcfkltfoqvcabomjerkquwnbi/Build/Intermediates.noindex/GroceryWatch.build/Debug-watchsimulator/GroceryWatch\ Watch\ App.build/Objects-normal/arm64 -c -j10 -enable-batch-mode -incremental -Xcc -ivfsstatcache -Xcc /Users/jordantranchina/Library/Developer/Xcode/DerivedData/SDKStatCaches.noindex/watchsimulator26.2-23S303-963ebdd26732d23a23bcca82c2045e26.sdkstatcache -output-file-map /Users/jordantranchina/Library/Developer/Xcode/DerivedData/GroceryWatch-cjpxcfkltfoqvcabomjerkquwnbi/Build/Intermediates.noindex/GroceryWatch.build/Debug-watchsimulator/GroceryWatch\ Watch\ App.build/Objects-normal/arm64/GroceryWatch\ Watch\ App-OutputFileMap.json -use-frontend-parseable-output -save-temps -no-color-diagnostics -explicit-module-build -module-cache-path /Users/jordantranchina/Library/Developer/Xcode/DerivedData/GroceryWatch-cjpxcfkltfoqvcabomjerkquwnbi/Build/Intermediates.noindex/SwiftExplicitPrecompiledModules -clang-scanner-module-cache-path /Users/jordantranchina/Library/Developer/Xcode/DerivedData/ModuleCache.noindex -sdk-module-cache-path /Users/jordantranchina/Library/Developer/Xcode/DerivedData/ModuleCache.noindex -serialize-diagnostics -emit-dependencies -emit-module -emit-module-path /Users/jordantranchina/Library/Developer/Xcode/DerivedData/GroceryWatch-cjpxcfkltfoqvcabomjerkquwnbi/Build/Intermediates.noindex/GroceryWatch.build/Debug-watchsimulator/GroceryWatch\ Watch\ App.build/Objects-normal/arm64/GroceryWatch_Watch_App.swiftmodule -validate-clang-modules-once -clang-build-session-file /Users/jordantranchina/Library/Developer/Xcode/DerivedData/ModuleCache.noindex/Session.modulevalidation -Xcc -I/Users/jordantranchina/Library/Developer/Xcode/DerivedData/GroceryWatch-cjpxcfkltfoqvcabomjerkquwnbi/Build/Intermediates.noindex/GroceryWatch.build/Debug-watchsimulator/GroceryWatch\ Watch\ App.build/swift-overrides.hmap -emit-const-values -Xfrontend -const-gather-protocols-file -Xfrontend /Users/jordantranchina/Library/Developer/Xcode/DerivedData/GroceryWatch-cjpxcfkltfoqvcabomjerkquwnbi/Build/Intermediates.noindex/GroceryWatch.build/Debug-watchsimulator/GroceryWatch\ Watch\ App.build/Objects-normal/arm64/GroceryWatch\ Watch\ App_const_extract_protocols.json -Xcc -iquote -Xcc /Users/jordantranchina/Library/Developer/Xcode/DerivedData/GroceryWatch-cjpxcfkltfoqvcabomjerkquwnbi/Build/Intermediates.noindex/GroceryWatch.build/Debug-watchsimulator/GroceryWatch\ Watch\ App.build/GroceryWatch\ Watch\ App-generated-files.hmap -Xcc -I/Users/jordantranchina/Library/Developer/Xcode/DerivedData/GroceryWatch-cjpxcfkltfoqvcabomjerkquwnbi/Build/Intermediates.noindex/GroceryWatch.build/Debug-watchsimulator/GroceryWatch\ Watch\ App.build/GroceryWatch\ Watch\ App-own-target-headers.hmap -Xcc -I/Users/jordantranchina/Library/Developer/Xcode/DerivedData/GroceryWatch-cjpxcfkltfoqvcabomjerkquwnbi/Build/Intermediates.noindex/GroceryWatch.build/Debug-watchsimulator/GroceryWatch\ Watch\ App.build/GroceryWatch\ Watch\ App-all-non-framework-target-headers.hmap -Xcc -ivfsoverlay -Xcc /Users/jordantranchina/Library/Developer/Xcode/DerivedData/GroceryWatch-cjpxcfkltfoqvcabomjerkquwnbi/Build/Intermediates.noindex/GroceryWatch.build/Debug-watchsimulator/GroceryWatch-908a718c44fe7b7a6611a4924206fa50-VFS-watchsimulator/all-product-headers.yaml -Xcc -iquote -Xcc /Users/jordantranchina/Library/Developer/Xcode/DerivedData/GroceryWatch-cjpxcfkltfoqvcabomjerkquwnbi/Build/Intermediates.noindex/GroceryWatch.build/Debug-watchsimulator/GroceryWatch\ Watch\ App.build/GroceryWatch\ Watch\ App-project-headers.hmap -Xcc -I/Users/jordantranchina/Library/Developer/Xcode/DerivedData/GroceryWatch-cjpxcfkltfoqvcabomjerkquwnbi/SourcePackages/checkouts/promises/Sources/FBLPromises/include -Xcc -I/Users/jordantranchina/Library/Developer/Xcode/DerivedData/GroceryWatch-cjpxcfkltfoqvcabomjerkquwnbi/SourcePackages/checkouts/GoogleUtilities/GoogleUtilities/UserDefaults/Public -Xcc -I/Users/jordantranchina/Library/Developer/Xcode/DerivedData/GroceryWatch-cjpxcfkltfoqvcabomjerkquwnbi/SourcePackages/checkouts/GoogleUtilities/GoogleUtilities/AppDelegateSwizzler/Public -Xcc -I/Users/jordantranchina/Library/Developer/Xcode/DerivedData/GroceryWatch-cjpxcfkltfoqvcabomjerkquwnbi/SourcePackages/checkouts/GoogleUtilities/GoogleUtilities/MethodSwizzler/Public -Xcc -I/Users/jordantranchina/Library/Developer/Xcode/DerivedData/GroceryWatch-cjpxcfkltfoqvcabomjerkquwnbi/SourcePackages/checkouts/GoogleUtilities/GoogleUtilities/Reachability/Public -Xcc -I/Users/jordantranchina/Library/Developer/Xcode/DerivedData/GroceryWatch-cjpxcfkltfoqvcabomjerkquwnbi/SourcePackages/checkouts/GoogleUtilities/GoogleUtilities/Network/Public -Xcc -I/Users/jordantranchina/Library/Developer/Xcode/DerivedData/GroceryWatch-cjpxcfkltfoqvcabomjerkquwnbi/SourcePackages/checkouts/firebase-ios-sdk/FirebaseInstallations/Source/Library/Public -Xcc -I/Users/jordantranchina/Library/Developer/Xcode/DerivedData/GroceryWatch-cjpxcfkltfoqvcabomjerkquwnbi/SourcePackages/checkouts/firebase-ios-sdk/SwiftPM-PlatformExclude/FirebaseAnalyticsWrap/include -Xcc -I/Users/jordantranchina/Library/Developer/Xcode/DerivedData/GroceryWatch-cjpxcfkltfoqvcabomjerkquwnbi/SourcePackages/checkouts/GoogleUtilities/GoogleUtilities/NSData+zlib/Public -Xcc -I/Users/jordantranchina/Library/Developer/Xcode/DerivedData/GroceryWatch-cjpxcfkltfoqvcabomjerkquwnbi/SourcePackages/checkouts/GoogleUtilities/GoogleUtilities/Environment/Public -Xcc -I/Users/jordantranchina/Library/Developer/Xcode/DerivedData/GroceryWatch-cjpxcfkltfoqvcabomjerkquwnbi/SourcePackages/checkouts/GoogleUtilities/third_party/IsAppEncrypted/Public -Xcc -I/Users/jordantranchina/Library/Developer/Xcode/DerivedData/GroceryWatch-cjpxcfkltfoqvcabomjerkquwnbi/SourcePackages/checkouts/GoogleUtilities/GoogleUtilities/Logger/Public -Xcc -I/Users/jordantranchina/Library/Developer/Xcode/DerivedData/GroceryWatch-cjpxcfkltfoqvcabomjerkquwnbi/SourcePackages/checkouts/nanopb/spm_headers -Xcc -I/Users/jordantranchina/Library/Developer/Xcode/DerivedData/GroceryWatch-cjpxcfkltfoqvcabomjerkquwnbi/SourcePackages/checkouts/leveldb/include -Xcc -I/Users/jordantranchina/Library/Developer/Xcode/DerivedData/GroceryWatch-cjpxcfkltfoqvcabomjerkquwnbi/SourcePackages/checkouts/firebase-ios-sdk/FirebaseCore/Extension -Xcc -I/Users/jordantranchina/Library/Developer/Xcode/DerivedData/GroceryWatch-cjpxcfkltfoqvcabomjerkquwnbi/SourcePackages/checkouts/firebase-ios-sdk/FirebaseCore/Sources/Public -Xcc -I/Users/jordantranchina/Library/Developer/Xcode/DerivedData/GroceryWatch-cjpxcfkltfoqvcabomjerkquwnbi/SourcePackages/checkouts/firebase-ios-sdk/CoreOnly/Sources -Xcc -I/Users/jordantranchina/Library/Developer/Xcode/DerivedData/GroceryWatch-cjpxcfkltfoqvcabomjerkquwnbi/SourcePackages/checkouts/firebase-ios-sdk/FirebaseAppCheck/Interop/Public -Xcc -I/Users/jordantranchina/Library/Developer/Xcode/DerivedData/GroceryWatch-cjpxcfkltfoqvcabomjerkquwnbi/SourcePackages/checkouts/firebase-ios-sdk/SwiftPM-PlatformExclude/FirebaseFirestoreWrap/include -Xcc -I/Users/jordantranchina/Library/Developer/Xcode/DerivedData/GroceryWatch-cjpxcfkltfoqvcabomjerkquwnbi/Build/Products/Debug-watchsimulator/include -Xcc -I/Users/jordantranchina/Library/Developer/Xcode/DerivedData/GroceryWatch-cjpxcfkltfoqvcabomjerkquwnbi/Build/Intermediates.noindex/GroceryWatch.build/Debug-watchsimulator/GroceryWatch\ Watch\ App.build/DerivedSources-normal/arm64 -Xcc -I/Users/jordantranchina/Library/Developer/Xcode/DerivedData/GroceryWatch-cjpxcfkltfoqvcabomjerkquwnbi/Build/Intermediates.noindex/GroceryWatch.build/Debug-watchsimulator/GroceryWatch\ Watch\ App.build/DerivedSources/arm64 -Xcc -I/Users/jordantranchina/Library/Developer/Xcode/DerivedData/GroceryWatch-cjpxcfkltfoqvcabomjerkquwnbi/Build/Intermediates.noindex/GroceryWatch.build/Debug-watchsimulator/GroceryWatch\ Watch\ App.build/DerivedSources -Xcc -DDEBUG\=1 -emit-objc-header -emit-objc-header-path /Users/jordantranchina/Library/Developer/Xcode/DerivedData/GroceryWatch-cjpxcfkltfoqvcabomjerkquwnbi/Build/Intermediates.noindex/GroceryWatch.build/Debug-watchsimulator/GroceryWatch\ Watch\ App.build/Objects-normal/arm64/GroceryWatch_Watch_App-Swift.h -working-directory /Users/jordantranchina/workspace/GroceryCheckList/ios/GroceryWatch -experimental-emit-module-separately -disable-cmo
/Users/jordantranchina/workspace/GroceryCheckList/ios/GroceryWatch/GroceryWatch Watch App/GroceryItem.swift:2:8: error: Unable to find module dependency: 'FirebaseFirestore'
import FirebaseFirestore
       ^ (in target 'GroceryWatch Watch App' from project 'GroceryWatch')
/Users/jordantranchina/workspace/GroceryCheckList/ios/GroceryWatch/GroceryWatch Watch App/GroceryItem.swift:2:8: note: A dependency of main module 'GroceryWatch_Watch_App'
import FirebaseFirestore
       ^ (in target 'GroceryWatch Watch App' from project 'GroceryWatch')
/Users/jordantranchina/workspace/GroceryCheckList/ios/GroceryWatch/GroceryWatch Watch App/GroceryViewModel.swift:9:8: note: Also imported here
import FirebaseFirestore
       ^ (in target 'GroceryWatch Watch App' from project 'GroceryWatch')

ScanDependencies /Users/jordantranchina/Library/Developer/Xcode/DerivedData/GroceryWatch-cjpxcfkltfoqvcabomjerkquwnbi/Build/Intermediates.noindex/Firebase.build/Debug-watchsimulator/FirebaseCore.build/Objects-normal/x86_64/resource_bundle_accessor.o /Users/jordantranchina/Library/Developer/Xcode/DerivedData/GroceryWatch-cjpxcfkltfoqvcabomjerkquwnbi/Build/Intermediates.noindex/Firebase.build/Debug-watchsimulator/FirebaseCore.build/DerivedSources/resource_bundle_accessor.m normal x86_64 objective-c com.apple.compilers.llvm.clang.1_0.compiler (in target 'FirebaseCore' from project 'Firebase')
    cd /Users/jordantranchina/workspace/GroceryCheckList/ios/GroceryWatch/GroceryWatch.xcodeproj
    
    Using response file: /Users/jordantranchina/Library/Developer/Xcode/DerivedData/GroceryWatch-cjpxcfkltfoqvcabomjerkquwnbi/Build/Intermediates.noindex/Firebase.build/Debug-watchsimulator/FirebaseCore.build/Objects-normal/x86_64/e6072d4f65d7061329687fe24e3d63a7-common-args.resp
    
    builtin-ScanDependencies -o /Users/jordantranchina/Library/Developer/Xcode/DerivedData/GroceryWatch-cjpxcfkltfoqvcabomjerkquwnbi/Build/Intermediates.noindex/Firebase.build/Debug-watchsimulator/FirebaseCore.build/Objects-normal/x86_64/resource_bundle_accessor.o.scan -- /Applications/Xcode.app/Contents/Developer/Toolchains/XcodeDefault.xctoolchain/usr/bin/clang -x objective-c -ivfsstatcache /Users/jordantranchina/Library/Developer/Xcode/DerivedData/SDKStatCaches.noindex/watchsimulator26.2-23S303-963ebdd26732d23a23bcca82c2045e26.sdkstatcache -fmessage-length\=0 -fdiagnostics-show-note-include-stack -fmacro-backtrace-limit\=0 -fno-color-diagnostics -fmodules-prune-interval\=86400 -fmodules-prune-after\=345600 -fbuild-session-file\=/Users/jordantranchina/Library/Developer/Xcode/DerivedData/ModuleCache.noindex/Session.modulevalidation -fmodules-validate-once-per-build-session -Wnon-modular-include-in-framework-module -Werror\=non-modular-include-in-framework-module -Wno-trigraphs -Wno-missing-field-initializers -Wno-missing-prototypes -Wno-return-type -Wno-implicit-atomic-properties -Wno-objc-interface-ivars -Wno-arc-repeated-use-of-weak -Wno-missing-braces -Wparentheses -Wswitch -Wno-unused-function -Wno-unused-label -Wno-unused-parameter -Wno-unused-variable -Wunused-value -Wno-empty-body -Wno-uninitialized -Wno-unknown-pragmas -w -Wno-shadow -Wno-four-char-constants -Wno-conversion -Wno-constant-conversion -Wno-int-conversion -Wno-bool-conversion -Wno-enum-conversion -Wno-float-conversion -Wno-non-literal-null-conversion -Wno-objc-literal-conversion -Wshorten-64-to-32 -Wpointer-sign -Wno-newline-eof -Wno-selector -Wno-strict-selector-match -Wno-undeclared-selector -Wno-deprecated-implementations -Wno-implicit-fallthrough -fstrict-aliasing -Wprotocol -Wdeprecated-declarations -Wno-sign-conversion -Wno-infinite-recursion -Wno-comma -Wno-block-capture-autoreleasing -Wno-strict-prototypes -Wno-semicolon-before-method-body -index-store-path /Users/jordantranchina/Library/Developer/Xcode/DerivedData/GroceryWatch-cjpxcfkltfoqvcabomjerkquwnbi/Index.noindex/DataStore @/Users/jordantranchina/Library/Developer/Xcode/DerivedData/GroceryWatch-cjpxcfkltfoqvcabomjerkquwnbi/Build/Intermediates.noindex/Firebase.build/Debug-watchsimulator/FirebaseCore.build/Objects-normal/x86_64/e6072d4f65d7061329687fe24e3d63a7-common-args.resp -include /Users/jordantranchina/Library/Developer/Xcode/DerivedData/GroceryWatch-cjpxcfkltfoqvcabomjerkquwnbi/Build/Intermediates.noindex/Firebase.build/Debug-watchsimulator/FirebaseCore.build/DerivedSources/resource_bundle_accessor.h -MMD -MT dependencies -MF /Users/jordantranchina/Library/Developer/Xcode/DerivedData/GroceryWatch-cjpxcfkltfoqvcabomjerkquwnbi/Build/Intermediates.noindex/Firebase.build/Debug-watchsimulator/FirebaseCore.build/Objects-normal/x86_64/resource_bundle_accessor.d --serialize-diagnostics /Users/jordantranchina/Library/Developer/Xcode/DerivedData/GroceryWatch-cjpxcfkltfoqvcabomjerkquwnbi/Build/Intermediates.noindex/Firebase.build/Debug-watchsimulator/FirebaseCore.build/Objects-normal/x86_64/resource_bundle_accessor.dia -c /Users/jordantranchina/Library/Developer/Xcode/DerivedData/GroceryWatch-cjpxcfkltfoqvcabomjerkquwnbi/Build/Intermediates.noindex/Firebase.build/Debug-watchsimulator/FirebaseCore.build/DerivedSources/resource_bundle_accessor.m -o /Users/jordantranchina/Library/Developer/Xcode/DerivedData/GroceryWatch-cjpxcfkltfoqvcabomjerkquwnbi/Build/Intermediates.noindex/Firebase.build/Debug-watchsimulator/FirebaseCore.build/Objects-normal/x86_64/resource_bundle_accessor.o -index-unit-output-path /Firebase.build/Debug-watchsimulator/FirebaseCore.build/Objects-normal/x86_64/resource_bundle_accessor.o

ScanDependencies /Users/jordantranchina/Library/Developer/Xcode/DerivedData/GroceryWatch-cjpxcfkltfoqvcabomjerkquwnbi/Build/Intermediates.noindex/Firebase.build/Debug-watchsimulator/FirebaseCore.build/Objects-normal/x86_64/FIRVersion.o /Users/jordantranchina/Library/Developer/Xcode/DerivedData/GroceryWatch-cjpxcfkltfoqvcabomjerkquwnbi/SourcePackages/checkouts/firebase-ios-sdk/FirebaseCore/Sources/FIRVersion.m normal x86_64 objective-c com.apple.compilers.llvm.clang.1_0.compiler (in target 'FirebaseCore' from project 'Firebase')
    cd /Users/jordantranchina/workspace/GroceryCheckList/ios/GroceryWatch/GroceryWatch.xcodeproj
    
    Using response file: /Users/jordantranchina/Library/Developer/Xcode/DerivedData/GroceryWatch-cjpxcfkltfoqvcabomjerkquwnbi/Build/Intermediates.noindex/Firebase.build/Debug-watchsimulator/FirebaseCore.build/Objects-normal/x86_64/e6072d4f65d7061329687fe24e3d63a7-common-args.resp
    
    builtin-ScanDependencies -o /Users/jordantranchina/Library/Developer/Xcode/DerivedData/GroceryWatch-cjpxcfkltfoqvcabomjerkquwnbi/Build/Intermediates.noindex/Firebase.build/Debug-watchsimulator/FirebaseCore.build/Objects-normal/x86_64/FIRVersion.o.scan -- /Applications/Xcode.app/Contents/Developer/Toolchains/XcodeDefault.xctoolchain/usr/bin/clang -x objective-c -ivfsstatcache /Users/jordantranchina/Library/Developer/Xcode/DerivedData/SDKStatCaches.noindex/watchsimulator26.2-23S303-963ebdd26732d23a23bcca82c2045e26.sdkstatcache -fmessage-length\=0 -fdiagnostics-show-note-include-stack -fmacro-backtrace-limit\=0 -fno-color-diagnostics -fmodules-prune-interval\=86400 -fmodules-prune-after\=345600 -fbuild-session-file\=/Users/jordantranchina/Library/Developer/Xcode/DerivedData/ModuleCache.noindex/Session.modulevalidation -fmodules-validate-once-per-build-session -Wnon-modular-include-in-framework-module -Werror\=non-modular-include-in-framework-module -Wno-trigraphs -Wno-missing-field-initializers -Wno-missing-prototypes -Wno-return-type -Wno-implicit-atomic-properties -Wno-objc-interface-ivars -Wno-arc-repeated-use-of-weak -Wno-missing-braces -Wparentheses -Wswitch -Wno-unused-function -Wno-unused-label -Wno-unused-parameter -Wno-unused-variable -Wunused-value -Wno-empty-body -Wno-uninitialized -Wno-unknown-pragmas -w -Wno-shadow -Wno-four-char-constants -Wno-conversion -Wno-constant-conversion -Wno-int-conversion -Wno-bool-conversion -Wno-enum-conversion -Wno-float-conversion -Wno-non-literal-null-conversion -Wno-objc-literal-conversion -Wshorten-64-to-32 -Wpointer-sign -Wno-newline-eof -Wno-selector -Wno-strict-selector-match -Wno-undeclared-selector -Wno-deprecated-implementations -Wno-implicit-fallthrough -fstrict-aliasing -Wprotocol -Wdeprecated-declarations -Wno-sign-conversion -Wno-infinite-recursion -Wno-comma -Wno-block-capture-autoreleasing -Wno-strict-prototypes -Wno-semicolon-before-method-body -index-store-path /Users/jordantranchina/Library/Developer/Xcode/DerivedData/GroceryWatch-cjpxcfkltfoqvcabomjerkquwnbi/Index.noindex/DataStore @/Users/jordantranchina/Library/Developer/Xcode/DerivedData/GroceryWatch-cjpxcfkltfoqvcabomjerkquwnbi/Build/Intermediates.noindex/Firebase.build/Debug-watchsimulator/FirebaseCore.build/Objects-normal/x86_64/e6072d4f65d7061329687fe24e3d63a7-common-args.resp -include /Users/jordantranchina/Library/Developer/Xcode/DerivedData/GroceryWatch-cjpxcfkltfoqvcabomjerkquwnbi/Build/Intermediates.noindex/Firebase.build/Debug-watchsimulator/FirebaseCore.build/DerivedSources/resource_bundle_accessor.h -MMD -MT dependencies -MF /Users/jordantranchina/Library/Developer/Xcode/DerivedData/GroceryWatch-cjpxcfkltfoqvcabomjerkquwnbi/Build/Intermediates.noindex/Firebase.build/Debug-watchsimulator/FirebaseCore.build/Objects-normal/x86_64/FIRVersion.d --serialize-diagnostics /Users/jordantranchina/Library/Developer/Xcode/DerivedData/GroceryWatch-cjpxcfkltfoqvcabomjerkquwnbi/Build/Intermediates.noindex/Firebase.build/Debug-watchsimulator/FirebaseCore.build/Objects-normal/x86_64/FIRVersion.dia -c /Users/jordantranchina/Library/Developer/Xcode/DerivedData/GroceryWatch-cjpxcfkltfoqvcabomjerkquwnbi/SourcePackages/checkouts/firebase-ios-sdk/FirebaseCore/Sources/FIRVersion.m -o /Users/jordantranchina/Library/Developer/Xcode/DerivedData/GroceryWatch-cjpxcfkltfoqvcabomjerkquwnbi/Build/Intermediates.noindex/Firebase.build/Debug-watchsimulator/FirebaseCore.build/Objects-normal/x86_64/FIRVersion.o -index-unit-output-path /Firebase.build/Debug-watchsimulator/FirebaseCore.build/Objects-normal/x86_64/FIRVersion.o

ScanDependencies /Users/jordantranchina/Library/Developer/Xcode/DerivedData/GroceryWatch-cjpxcfkltfoqvcabomjerkquwnbi/Build/Intermediates.noindex/Firebase.build/Debug-watchsimulator/FirebaseCore.build/Objects-normal/x86_64/FIRTimestamp.o /Users/jordantranchina/Library/Developer/Xcode/DerivedData/GroceryWatch-cjpxcfkltfoqvcabomjerkquwnbi/SourcePackages/checkouts/firebase-ios-sdk/FirebaseCore/Sources/FIRTimestamp.m normal x86_64 objective-c com.apple.compilers.llvm.clang.1_0.compiler (in target 'FirebaseCore' from project 'Firebase')
    cd /Users/jordantranchina/workspace/GroceryCheckList/ios/GroceryWatch/GroceryWatch.xcodeproj
    
    Using response file: /Users/jordantranchina/Library/Developer/Xcode/DerivedData/GroceryWatch-cjpxcfkltfoqvcabomjerkquwnbi/Build/Intermediates.noindex/Firebase.build/Debug-watchsimulator/FirebaseCore.build/Objects-normal/x86_64/e6072d4f65d7061329687fe24e3d63a7-common-args.resp
    
    builtin-ScanDependencies -o /Users/jordantranchina/Library/Developer/Xcode/DerivedData/GroceryWatch-cjpxcfkltfoqvcabomjerkquwnbi/Build/Intermediates.noindex/Firebase.build/Debug-watchsimulator/FirebaseCore.build/Objects-normal/x86_64/FIRTimestamp.o.scan -- /Applications/Xcode.app/Contents/Developer/Toolchains/XcodeDefault.xctoolchain/usr/bin/clang -x objective-c -ivfsstatcache /Users/jordantranchina/Library/Developer/Xcode/DerivedData/SDKStatCaches.noindex/watchsimulator26.2-23S303-963ebdd26732d23a23bcca82c2045e26.sdkstatcache -fmessage-length\=0 -fdiagnostics-show-note-include-stack -fmacro-backtrace-limit\=0 -fno-color-diagnostics -fmodules-prune-interval\=86400 -fmodules-prune-after\=345600 -fbuild-session-file\=/Users/jordantranchina/Library/Developer/Xcode/DerivedData/ModuleCache.noindex/Session.modulevalidation -fmodules-validate-once-per-build-session -Wnon-modular-include-in-framework-module -Werror\=non-modular-include-in-framework-module -Wno-trigraphs -Wno-missing-field-initializers -Wno-missing-prototypes -Wno-return-type -Wno-implicit-atomic-properties -Wno-objc-interface-ivars -Wno-arc-repeated-use-of-weak -Wno-missing-braces -Wparentheses -Wswitch -Wno-unused-function -Wno-unused-label -Wno-unused-parameter -Wno-unused-variable -Wunused-value -Wno-empty-body -Wno-uninitialized -Wno-unknown-pragmas -w -Wno-shadow -Wno-four-char-constants -Wno-conversion -Wno-constant-conversion -Wno-int-conversion -Wno-bool-conversion -Wno-enum-conversion -Wno-float-conversion -Wno-non-literal-null-conversion -Wno-objc-literal-conversion -Wshorten-64-to-32 -Wpointer-sign -Wno-newline-eof -Wno-selector -Wno-strict-selector-match -Wno-undeclared-selector -Wno-deprecated-implementations -Wno-implicit-fallthrough -fstrict-aliasing -Wprotocol -Wdeprecated-declarations -Wno-sign-conversion -Wno-infinite-recursion -Wno-comma -Wno-block-capture-autoreleasing -Wno-strict-prototypes -Wno-semicolon-before-method-body -index-store-path /Users/jordantranchina/Library/Developer/Xcode/DerivedData/GroceryWatch-cjpxcfkltfoqvcabomjerkquwnbi/Index.noindex/DataStore @/Users/jordantranchina/Library/Developer/Xcode/DerivedData/GroceryWatch-cjpxcfkltfoqvcabomjerkquwnbi/Build/Intermediates.noindex/Firebase.build/Debug-watchsimulator/FirebaseCore.build/Objects-normal/x86_64/e6072d4f65d7061329687fe24e3d63a7-common-args.resp -include /Users/jordantranchina/Library/Developer/Xcode/DerivedData/GroceryWatch-cjpxcfkltfoqvcabomjerkquwnbi/Build/Intermediates.noindex/Firebase.build/Debug-watchsimulator/FirebaseCore.build/DerivedSources/resource_bundle_accessor.h -MMD -MT dependencies -MF /Users/jordantranchina/Library/Developer/Xcode/DerivedData/GroceryWatch-cjpxcfkltfoqvcabomjerkquwnbi/Build/Intermediates.noindex/Firebase.build/Debug-watchsimulator/FirebaseCore.build/Objects-normal/x86_64/FIRTimestamp.d --serialize-diagnostics /Users/jordantranchina/Library/Developer/Xcode/DerivedData/GroceryWatch-cjpxcfkltfoqvcabomjerkquwnbi/Build/Intermediates.noindex/Firebase.build/Debug-watchsimulator/FirebaseCore.build/Objects-normal/x86_64/FIRTimestamp.dia -c /Users/jordantranchina/Library/Developer/Xcode/DerivedData/GroceryWatch-cjpxcfkltfoqvcabomjerkquwnbi/SourcePackages/checkouts/firebase-ios-sdk/FirebaseCore/Sources/FIRTimestamp.m -o /Users/jordantranchina/Library/Developer/Xcode/DerivedData/GroceryWatch-cjpxcfkltfoqvcabomjerkquwnbi/Build/Intermediates.noindex/Firebase.build/Debug-watchsimulator/FirebaseCore.build/Objects-normal/x86_64/FIRTimestamp.o -index-unit-output-path /Firebase.build/Debug-watchsimulator/FirebaseCore.build/Objects-normal/x86_64/FIRTimestamp.o

ScanDependencies /Users/jordantranchina/Library/Developer/Xcode/DerivedData/GroceryWatch-cjpxcfkltfoqvcabomjerkquwnbi/Build/Intermediates.noindex/Firebase.build/Debug-watchsimulator/FirebaseCore.build/Objects-normal/x86_64/FIROptions.o /Users/jordantranchina/Library/Developer/Xcode/DerivedData/GroceryWatch-cjpxcfkltfoqvcabomjerkquwnbi/SourcePackages/checkouts/firebase-ios-sdk/FirebaseCore/Sources/FIROptions.m normal x86_64 objective-c com.apple.compilers.llvm.clang.1_0.compiler (in target 'FirebaseCore' from project 'Firebase')
    cd /Users/jordantranchina/workspace/GroceryCheckList/ios/GroceryWatch/GroceryWatch.xcodeproj
    
    Using response file: /Users/jordantranchina/Library/Developer/Xcode/DerivedData/GroceryWatch-cjpxcfkltfoqvcabomjerkquwnbi/Build/Intermediates.noindex/Firebase.build/Debug-watchsimulator/FirebaseCore.build/Objects-normal/x86_64/e6072d4f65d7061329687fe24e3d63a7-common-args.resp
    
    builtin-ScanDependencies -o /Users/jordantranchina/Library/Developer/Xcode/DerivedData/GroceryWatch-cjpxcfkltfoqvcabomjerkquwnbi/Build/Intermediates.noindex/Firebase.build/Debug-watchsimulator/FirebaseCore.build/Objects-normal/x86_64/FIROptions.o.scan -- /Applications/Xcode.app/Contents/Developer/Toolchains/XcodeDefault.xctoolchain/usr/bin/clang -x objective-c -ivfsstatcache /Users/jordantranchina/Library/Developer/Xcode/DerivedData/SDKStatCaches.noindex/watchsimulator26.2-23S303-963ebdd26732d23a23bcca82c2045e26.sdkstatcache -fmessage-length\=0 -fdiagnostics-show-note-include-stack -fmacro-backtrace-limit\=0 -fno-color-diagnostics -fmodules-prune-interval\=86400 -fmodules-prune-after\=345600 -fbuild-session-file\=/Users/jordantranchina/Library/Developer/Xcode/DerivedData/ModuleCache.noindex/Session.modulevalidation -fmodules-validate-once-per-build-session -Wnon-modular-include-in-framework-module -Werror\=non-modular-include-in-framework-module -Wno-trigraphs -Wno-missing-field-initializers -Wno-missing-prototypes -Wno-return-type -Wno-implicit-atomic-properties -Wno-objc-interface-ivars -Wno-arc-repeated-use-of-weak -Wno-missing-braces -Wparentheses -Wswitch -Wno-unused-function -Wno-unused-label -Wno-unused-parameter -Wno-unused-variable -Wunused-value -Wno-empty-body -Wno-uninitialized -Wno-unknown-pragmas -w -Wno-shadow -Wno-four-char-constants -Wno-conversion -Wno-constant-conversion -Wno-int-conversion -Wno-bool-conversion -Wno-enum-conversion -Wno-float-conversion -Wno-non-literal-null-conversion -Wno-objc-literal-conversion -Wshorten-64-to-32 -Wpointer-sign -Wno-newline-eof -Wno-selector -Wno-strict-selector-match -Wno-undeclared-selector -Wno-deprecated-implementations -Wno-implicit-fallthrough -fstrict-aliasing -Wprotocol -Wdeprecated-declarations -Wno-sign-conversion -Wno-infinite-recursion -Wno-comma -Wno-block-capture-autoreleasing -Wno-strict-prototypes -Wno-semicolon-before-method-body -index-store-path /Users/jordantranchina/Library/Developer/Xcode/DerivedData/GroceryWatch-cjpxcfkltfoqvcabomjerkquwnbi/Index.noindex/DataStore @/Users/jordantranchina/Library/Developer/Xcode/DerivedData/GroceryWatch-cjpxcfkltfoqvcabomjerkquwnbi/Build/Intermediates.noindex/Firebase.build/Debug-watchsimulator/FirebaseCore.build/Objects-normal/x86_64/e6072d4f65d7061329687fe24e3d63a7-common-args.resp -include /Users/jordantranchina/Library/Developer/Xcode/DerivedData/GroceryWatch-cjpxcfkltfoqvcabomjerkquwnbi/Build/Intermediates.noindex/Firebase.build/Debug-watchsimulator/FirebaseCore.build/DerivedSources/resource_bundle_accessor.h -MMD -MT dependencies -MF /Users/jordantranchina/Library/Developer/Xcode/DerivedData/GroceryWatch-cjpxcfkltfoqvcabomjerkquwnbi/Build/Intermediates.noindex/Firebase.build/Debug-watchsimulator/FirebaseCore.build/Objects-normal/x86_64/FIROptions.d --serialize-diagnostics /Users/jordantranchina/Library/Developer/Xcode/DerivedData/GroceryWatch-cjpxcfkltfoqvcabomjerkquwnbi/Build/Intermediates.noindex/Firebase.build/Debug-watchsimulator/FirebaseCore.build/Objects-normal/x86_64/FIROptions.dia -c /Users/jordantranchina/Library/Developer/Xcode/DerivedData/GroceryWatch-cjpxcfkltfoqvcabomjerkquwnbi/SourcePackages/checkouts/firebase-ios-sdk/FirebaseCore/Sources/FIROptions.m -o /Users/jordantranchina/Library/Developer/Xcode/DerivedData/GroceryWatch-cjpxcfkltfoqvcabomjerkquwnbi/Build/Intermediates.noindex/Firebase.build/Debug-watchsimulator/FirebaseCore.build/Objects-normal/x86_64/FIROptions.o -index-unit-output-path /Firebase.build/Debug-watchsimulator/FirebaseCore.build/Objects-normal/x86_64/FIROptions.o

PrecompileModule /Users/jordantranchina/Library/Developer/Xcode/DerivedData/GroceryWatch-cjpxcfkltfoqvcabomjerkquwnbi/Build/Intermediates.noindex/ExplicitPrecompiledModules/Security-2TO3Y0LWNFX5AS3259S34QJVO.scan
    cd /
    builtin-precompileModule /Users/jordantranchina/Library/Developer/Xcode/DerivedData/GroceryWatch-cjpxcfkltfoqvcabomjerkquwnbi/Build/Intermediates.noindex/ExplicitPrecompiledModules/Security-2TO3Y0LWNFX5AS3259S34QJVO.scan

ScanDependencies /Users/jordantranchina/Library/Developer/Xcode/DerivedData/GroceryWatch-cjpxcfkltfoqvcabomjerkquwnbi/Build/Intermediates.noindex/Firebase.build/Debug-watchsimulator/FirebaseCore.build/Objects-normal/x86_64/FIRLogger.o /Users/jordantranchina/Library/Developer/Xcode/DerivedData/GroceryWatch-cjpxcfkltfoqvcabomjerkquwnbi/SourcePackages/checkouts/firebase-ios-sdk/FirebaseCore/Sources/FIRLogger.m normal x86_64 objective-c com.apple.compilers.llvm.clang.1_0.compiler (in target 'FirebaseCore' from project 'Firebase')
    cd /Users/jordantranchina/workspace/GroceryCheckList/ios/GroceryWatch/GroceryWatch.xcodeproj
    
    Using response file: /Users/jordantranchina/Library/Developer/Xcode/DerivedData/GroceryWatch-cjpxcfkltfoqvcabomjerkquwnbi/Build/Intermediates.noindex/Firebase.build/Debug-watchsimulator/FirebaseCore.build/Objects-normal/x86_64/e6072d4f65d7061329687fe24e3d63a7-common-args.resp
    
    builtin-ScanDependencies -o /Users/jordantranchina/Library/Developer/Xcode/DerivedData/GroceryWatch-cjpxcfkltfoqvcabomjerkquwnbi/Build/Intermediates.noindex/Firebase.build/Debug-watchsimulator/FirebaseCore.build/Objects-normal/x86_64/FIRLogger.o.scan -- /Applications/Xcode.app/Contents/Developer/Toolchains/XcodeDefault.xctoolchain/usr/bin/clang -x objective-c -ivfsstatcache /Users/jordantranchina/Library/Developer/Xcode/DerivedData/SDKStatCaches.noindex/watchsimulator26.2-23S303-963ebdd26732d23a23bcca82c2045e26.sdkstatcache -fmessage-length\=0 -fdiagnostics-show-note-include-stack -fmacro-backtrace-limit\=0 -fno-color-diagnostics -fmodules-prune-interval\=86400 -fmodules-prune-after\=345600 -fbuild-session-file\=/Users/jordantranchina/Library/Developer/Xcode/DerivedData/ModuleCache.noindex/Session.modulevalidation -fmodules-validate-once-per-build-session -Wnon-modular-include-in-framework-module -Werror\=non-modular-include-in-framework-module -Wno-trigraphs -Wno-missing-field-initializers -Wno-missing-prototypes -Wno-return-type -Wno-implicit-atomic-properties -Wno-objc-interface-ivars -Wno-arc-repeated-use-of-weak -Wno-missing-braces -Wparentheses -Wswitch -Wno-unused-function -Wno-unused-label -Wno-unused-parameter -Wno-unused-variable -Wunused-value -Wno-empty-body -Wno-uninitialized -Wno-unknown-pragmas -w -Wno-shadow -Wno-four-char-constants -Wno-conversion -Wno-constant-conversion -Wno-int-conversion -Wno-bool-conversion -Wno-enum-conversion -Wno-float-conversion -Wno-non-literal-null-conversion -Wno-objc-literal-conversion -Wshorten-64-to-32 -Wpointer-sign -Wno-newline-eof -Wno-selector -Wno-strict-selector-match -Wno-undeclared-selector -Wno-deprecated-implementations -Wno-implicit-fallthrough -fstrict-aliasing -Wprotocol -Wdeprecated-declarations -Wno-sign-conversion -Wno-infinite-recursion -Wno-comma -Wno-block-capture-autoreleasing -Wno-strict-prototypes -Wno-semicolon-before-method-body -index-store-path /Users/jordantranchina/Library/Developer/Xcode/DerivedData/GroceryWatch-cjpxcfkltfoqvcabomjerkquwnbi/Index.noindex/DataStore @/Users/jordantranchina/Library/Developer/Xcode/DerivedData/GroceryWatch-cjpxcfkltfoqvcabomjerkquwnbi/Build/Intermediates.noindex/Firebase.build/Debug-watchsimulator/FirebaseCore.build/Objects-normal/x86_64/e6072d4f65d7061329687fe24e3d63a7-common-args.resp -include /Users/jordantranchina/Library/Developer/Xcode/DerivedData/GroceryWatch-cjpxcfkltfoqvcabomjerkquwnbi/Build/Intermediates.noindex/Firebase.build/Debug-watchsimulator/FirebaseCore.build/DerivedSources/resource_bundle_accessor.h -MMD -MT dependencies -MF /Users/jordantranchina/Library/Developer/Xcode/DerivedData/GroceryWatch-cjpxcfkltfoqvcabomjerkquwnbi/Build/Intermediates.noindex/Firebase.build/Debug-watchsimulator/FirebaseCore.build/Objects-normal/x86_64/FIRLogger.d --serialize-diagnostics /Users/jordantranchina/Library/Developer/Xcode/DerivedData/GroceryWatch-cjpxcfkltfoqvcabomjerkquwnbi/Build/Intermediates.noindex/Firebase.build/Debug-watchsimulator/FirebaseCore.build/Objects-normal/x86_64/FIRLogger.dia -c /Users/jordantranchina/Library/Developer/Xcode/DerivedData/GroceryWatch-cjpxcfkltfoqvcabomjerkquwnbi/SourcePackages/checkouts/firebase-ios-sdk/FirebaseCore/Sources/FIRLogger.m -o /Users/jordantranchina/Library/Developer/Xcode/DerivedData/GroceryWatch-cjpxcfkltfoqvcabomjerkquwnbi/Build/Intermediates.noindex/Firebase.build/Debug-watchsimulator/FirebaseCore.build/Objects-normal/x86_64/FIRLogger.o -index-unit-output-path /Firebase.build/Debug-watchsimulator/FirebaseCore.build/Objects-normal/x86_64/FIRLogger.o

ScanDependencies /Users/jordantranchina/Library/Developer/Xcode/DerivedData/GroceryWatch-cjpxcfkltfoqvcabomjerkquwnbi/Build/Intermediates.noindex/Firebase.build/Debug-watchsimulator/FirebaseCore.build/Objects-normal/x86_64/FIRHeartbeatLogger.o /Users/jordantranchina/Library/Developer/Xcode/DerivedData/GroceryWatch-cjpxcfkltfoqvcabomjerkquwnbi/SourcePackages/checkouts/firebase-ios-sdk/FirebaseCore/Sources/FIRHeartbeatLogger.m normal x86_64 objective-c com.apple.compilers.llvm.clang.1_0.compiler (in target 'FirebaseCore' from project 'Firebase')
    cd /Users/jordantranchina/workspace/GroceryCheckList/ios/GroceryWatch/GroceryWatch.xcodeproj
    
    Using response file: /Users/jordantranchina/Library/Developer/Xcode/DerivedData/GroceryWatch-cjpxcfkltfoqvcabomjerkquwnbi/Build/Intermediates.noindex/Firebase.build/Debug-watchsimulator/FirebaseCore.build/Objects-normal/x86_64/e6072d4f65d7061329687fe24e3d63a7-common-args.resp
    
    builtin-ScanDependencies -o /Users/jordantranchina/Library/Developer/Xcode/DerivedData/GroceryWatch-cjpxcfkltfoqvcabomjerkquwnbi/Build/Intermediates.noindex/Firebase.build/Debug-watchsimulator/FirebaseCore.build/Objects-normal/x86_64/FIRHeartbeatLogger.o.scan -- /Applications/Xcode.app/Contents/Developer/Toolchains/XcodeDefault.xctoolchain/usr/bin/clang -x objective-c -ivfsstatcache /Users/jordantranchina/Library/Developer/Xcode/DerivedData/SDKStatCaches.noindex/watchsimulator26.2-23S303-963ebdd26732d23a23bcca82c2045e26.sdkstatcache -fmessage-length\=0 -fdiagnostics-show-note-include-stack -fmacro-backtrace-limit\=0 -fno-color-diagnostics -fmodules-prune-interval\=86400 -fmodules-prune-after\=345600 -fbuild-session-file\=/Users/jordantranchina/Library/Developer/Xcode/DerivedData/ModuleCache.noindex/Session.modulevalidation -fmodules-validate-once-per-build-session -Wnon-modular-include-in-framework-module -Werror\=non-modular-include-in-framework-module -Wno-trigraphs -Wno-missing-field-initializers -Wno-missing-prototypes -Wno-return-type -Wno-implicit-atomic-properties -Wno-objc-interface-ivars -Wno-arc-repeated-use-of-weak -Wno-missing-braces -Wparentheses -Wswitch -Wno-unused-function -Wno-unused-label -Wno-unused-parameter -Wno-unused-variable -Wunused-value -Wno-empty-body -Wno-uninitialized -Wno-unknown-pragmas -w -Wno-shadow -Wno-four-char-constants -Wno-conversion -Wno-constant-conversion -Wno-int-conversion -Wno-bool-conversion -Wno-enum-conversion -Wno-float-conversion -Wno-non-literal-null-conversion -Wno-objc-literal-conversion -Wshorten-64-to-32 -Wpointer-sign -Wno-newline-eof -Wno-selector -Wno-strict-selector-match -Wno-undeclared-selector -Wno-deprecated-implementations -Wno-implicit-fallthrough -fstrict-aliasing -Wprotocol -Wdeprecated-declarations -Wno-sign-conversion -Wno-infinite-recursion -Wno-comma -Wno-block-capture-autoreleasing -Wno-strict-prototypes -Wno-semicolon-before-method-body -index-store-path /Users/jordantranchina/Library/Developer/Xcode/DerivedData/GroceryWatch-cjpxcfkltfoqvcabomjerkquwnbi/Index.noindex/DataStore @/Users/jordantranchina/Library/Developer/Xcode/DerivedData/GroceryWatch-cjpxcfkltfoqvcabomjerkquwnbi/Build/Intermediates.noindex/Firebase.build/Debug-watchsimulator/FirebaseCore.build/Objects-normal/x86_64/e6072d4f65d7061329687fe24e3d63a7-common-args.resp -include /Users/jordantranchina/Library/Developer/Xcode/DerivedData/GroceryWatch-cjpxcfkltfoqvcabomjerkquwnbi/Build/Intermediates.noindex/Firebase.build/Debug-watchsimulator/FirebaseCore.build/DerivedSources/resource_bundle_accessor.h -MMD -MT dependencies -MF /Users/jordantranchina/Library/Developer/Xcode/DerivedData/GroceryWatch-cjpxcfkltfoqvcabomjerkquwnbi/Build/Intermediates.noindex/Firebase.build/Debug-watchsimulator/FirebaseCore.build/Objects-normal/x86_64/FIRHeartbeatLogger.d --serialize-diagnostics /Users/jordantranchina/Library/Developer/Xcode/DerivedData/GroceryWatch-cjpxcfkltfoqvcabomjerkquwnbi/Build/Intermediates.noindex/Firebase.build/Debug-watchsimulator/FirebaseCore.build/Objects-normal/x86_64/FIRHeartbeatLogger.dia -c /Users/jordantranchina/Library/Developer/Xcode/DerivedData/GroceryWatch-cjpxcfkltfoqvcabomjerkquwnbi/SourcePackages/checkouts/firebase-ios-sdk/FirebaseCore/Sources/FIRHeartbeatLogger.m -o /Users/jordantranchina/Library/Developer/Xcode/DerivedData/GroceryWatch-cjpxcfkltfoqvcabomjerkquwnbi/Build/Intermediates.noindex/Firebase.build/Debug-watchsimulator/FirebaseCore.build/Objects-normal/x86_64/FIRHeartbeatLogger.o -index-unit-output-path /Firebase.build/Debug-watchsimulator/FirebaseCore.build/Objects-normal/x86_64/FIRHeartbeatLogger.o

ScanDependencies /Users/jordantranchina/Library/Developer/Xcode/DerivedData/GroceryWatch-cjpxcfkltfoqvcabomjerkquwnbi/Build/Intermediates.noindex/Firebase.build/Debug-watchsimulator/FirebaseCore.build/Objects-normal/x86_64/FIRFirebaseUserAgent.o /Users/jordantranchina/Library/Developer/Xcode/DerivedData/GroceryWatch-cjpxcfkltfoqvcabomjerkquwnbi/SourcePackages/checkouts/firebase-ios-sdk/FirebaseCore/Sources/FIRFirebaseUserAgent.m normal x86_64 objective-c com.apple.compilers.llvm.clang.1_0.compiler (in target 'FirebaseCore' from project 'Firebase')
    cd /Users/jordantranchina/workspace/GroceryCheckList/ios/GroceryWatch/GroceryWatch.xcodeproj
    
    Using response file: /Users/jordantranchina/Library/Developer/Xcode/DerivedData/GroceryWatch-cjpxcfkltfoqvcabomjerkquwnbi/Build/Intermediates.noindex/Firebase.build/Debug-watchsimulator/FirebaseCore.build/Objects-normal/x86_64/e6072d4f65d7061329687fe24e3d63a7-common-args.resp
    
    builtin-ScanDependencies -o /Users/jordantranchina/Library/Developer/Xcode/DerivedData/GroceryWatch-cjpxcfkltfoqvcabomjerkquwnbi/Build/Intermediates.noindex/Firebase.build/Debug-watchsimulator/FirebaseCore.build/Objects-normal/x86_64/FIRFirebaseUserAgent.o.scan -- /Applications/Xcode.app/Contents/Developer/Toolchains/XcodeDefault.xctoolchain/usr/bin/clang -x objective-c -ivfsstatcache /Users/jordantranchina/Library/Developer/Xcode/DerivedData/SDKStatCaches.noindex/watchsimulator26.2-23S303-963ebdd26732d23a23bcca82c2045e26.sdkstatcache -fmessage-length\=0 -fdiagnostics-show-note-include-stack -fmacro-backtrace-limit\=0 -fno-color-diagnostics -fmodules-prune-interval\=86400 -fmodules-prune-after\=345600 -fbuild-session-file\=/Users/jordantranchina/Library/Developer/Xcode/DerivedData/ModuleCache.noindex/Session.modulevalidation -fmodules-validate-once-per-build-session -Wnon-modular-include-in-framework-module -Werror\=non-modular-include-in-framework-module -Wno-trigraphs -Wno-missing-field-initializers -Wno-missing-prototypes -Wno-return-type -Wno-implicit-atomic-properties -Wno-objc-interface-ivars -Wno-arc-repeated-use-of-weak -Wno-missing-braces -Wparentheses -Wswitch -Wno-unused-function -Wno-unused-label -Wno-unused-parameter -Wno-unused-variable -Wunused-value -Wno-empty-body -Wno-uninitialized -Wno-unknown-pragmas -w -Wno-shadow -Wno-four-char-constants -Wno-conversion -Wno-constant-conversion -Wno-int-conversion -Wno-bool-conversion -Wno-enum-conversion -Wno-float-conversion -Wno-non-literal-null-conversion -Wno-objc-literal-conversion -Wshorten-64-to-32 -Wpointer-sign -Wno-newline-eof -Wno-selector -Wno-strict-selector-match -Wno-undeclared-selector -Wno-deprecated-implementations -Wno-implicit-fallthrough -fstrict-aliasing -Wprotocol -Wdeprecated-declarations -Wno-sign-conversion -Wno-infinite-recursion -Wno-comma -Wno-block-capture-autoreleasing -Wno-strict-prototypes -Wno-semicolon-before-method-body -index-store-path /Users/jordantranchina/Library/Developer/Xcode/DerivedData/GroceryWatch-cjpxcfkltfoqvcabomjerkquwnbi/Index.noindex/DataStore @/Users/jordantranchina/Library/Developer/Xcode/DerivedData/GroceryWatch-cjpxcfkltfoqvcabomjerkquwnbi/Build/Intermediates.noindex/Firebase.build/Debug-watchsimulator/FirebaseCore.build/Objects-normal/x86_64/e6072d4f65d7061329687fe24e3d63a7-common-args.resp -include /Users/jordantranchina/Library/Developer/Xcode/DerivedData/GroceryWatch-cjpxcfkltfoqvcabomjerkquwnbi/Build/Intermediates.noindex/Firebase.build/Debug-watchsimulator/FirebaseCore.build/DerivedSources/resource_bundle_accessor.h -MMD -MT dependencies -MF /Users/jordantranchina/Library/Developer/Xcode/DerivedData/GroceryWatch-cjpxcfkltfoqvcabomjerkquwnbi/Build/Intermediates.noindex/Firebase.build/Debug-watchsimulator/FirebaseCore.build/Objects-normal/x86_64/FIRFirebaseUserAgent.d --serialize-diagnostics /Users/jordantranchina/Library/Developer/Xcode/DerivedData/GroceryWatch-cjpxcfkltfoqvcabomjerkquwnbi/Build/Intermediates.noindex/Firebase.build/Debug-watchsimulator/FirebaseCore.build/Objects-normal/x86_64/FIRFirebaseUserAgent.dia -c /Users/jordantranchina/Library/Developer/Xcode/DerivedData/GroceryWatch-cjpxcfkltfoqvcabomjerkquwnbi/SourcePackages/checkouts/firebase-ios-sdk/FirebaseCore/Sources/FIRFirebaseUserAgent.m -o /Users/jordantranchina/Library/Developer/Xcode/DerivedData/GroceryWatch-cjpxcfkltfoqvcabomjerkquwnbi/Build/Intermediates.noindex/Firebase.build/Debug-watchsimulator/FirebaseCore.build/Objects-normal/x86_64/FIRFirebaseUserAgent.o -index-unit-output-path /Firebase.build/Debug-watchsimulator/FirebaseCore.build/Objects-normal/x86_64/FIRFirebaseUserAgent.o

PrecompileModule /Users/jordantranchina/Library/Developer/Xcode/DerivedData/GroceryWatch-cjpxcfkltfoqvcabomjerkquwnbi/Build/Intermediates.noindex/ExplicitPrecompiledModules/Foundation-B50LYKGR2AZ5I5TWG8N6WF19B.scan
    cd /
    builtin-precompileModule /Users/jordantranchina/Library/Developer/Xcode/DerivedData/GroceryWatch-cjpxcfkltfoqvcabomjerkquwnbi/Build/Intermediates.noindex/ExplicitPrecompiledModules/Foundation-B50LYKGR2AZ5I5TWG8N6WF19B.scan

ScanDependencies /Users/jordantranchina/Library/Developer/Xcode/DerivedData/GroceryWatch-cjpxcfkltfoqvcabomjerkquwnbi/Build/Intermediates.noindex/Firebase.build/Debug-watchsimulator/FirebaseCore.build/Objects-normal/x86_64/FIRConfiguration.o /Users/jordantranchina/Library/Developer/Xcode/DerivedData/GroceryWatch-cjpxcfkltfoqvcabomjerkquwnbi/SourcePackages/checkouts/firebase-ios-sdk/FirebaseCore/Sources/FIRConfiguration.m normal x86_64 objective-c com.apple.compilers.llvm.clang.1_0.compiler (in target 'FirebaseCore' from project 'Firebase')
    cd /Users/jordantranchina/workspace/GroceryCheckList/ios/GroceryWatch/GroceryWatch.xcodeproj
    
    Using response file: /Users/jordantranchina/Library/Developer/Xcode/DerivedData/GroceryWatch-cjpxcfkltfoqvcabomjerkquwnbi/Build/Intermediates.noindex/Firebase.build/Debug-watchsimulator/FirebaseCore.build/Objects-normal/x86_64/e6072d4f65d7061329687fe24e3d63a7-common-args.resp
    
    builtin-ScanDependencies -o /Users/jordantranchina/Library/Developer/Xcode/DerivedData/GroceryWatch-cjpxcfkltfoqvcabomjerkquwnbi/Build/Intermediates.noindex/Firebase.build/Debug-watchsimulator/FirebaseCore.build/Objects-normal/x86_64/FIRConfiguration.o.scan -- /Applications/Xcode.app/Contents/Developer/Toolchains/XcodeDefault.xctoolchain/usr/bin/clang -x objective-c -ivfsstatcache /Users/jordantranchina/Library/Developer/Xcode/DerivedData/SDKStatCaches.noindex/watchsimulator26.2-23S303-963ebdd26732d23a23bcca82c2045e26.sdkstatcache -fmessage-length\=0 -fdiagnostics-show-note-include-stack -fmacro-backtrace-limit\=0 -fno-color-diagnostics -fmodules-prune-interval\=86400 -fmodules-prune-after\=345600 -fbuild-session-file\=/Users/jordantranchina/Library/Developer/Xcode/DerivedData/ModuleCache.noindex/Session.modulevalidation -fmodules-validate-once-per-build-session -Wnon-modular-include-in-framework-module -Werror\=non-modular-include-in-framework-module -Wno-trigraphs -Wno-missing-field-initializers -Wno-missing-prototypes -Wno-return-type -Wno-implicit-atomic-properties -Wno-objc-interface-ivars -Wno-arc-repeated-use-of-weak -Wno-missing-braces -Wparentheses -Wswitch -Wno-unused-function -Wno-unused-label -Wno-unused-parameter -Wno-unused-variable -Wunused-value -Wno-empty-body -Wno-uninitialized -Wno-unknown-pragmas -w -Wno-shadow -Wno-four-char-constants -Wno-conversion -Wno-constant-conversion -Wno-int-conversion -Wno-bool-conversion -Wno-enum-conversion -Wno-float-conversion -Wno-non-literal-null-conversion -Wno-objc-literal-conversion -Wshorten-64-to-32 -Wpointer-sign -Wno-newline-eof -Wno-selector -Wno-strict-selector-match -Wno-undeclared-selector -Wno-deprecated-implementations -Wno-implicit-fallthrough -fstrict-aliasing -Wprotocol -Wdeprecated-declarations -Wno-sign-conversion -Wno-infinite-recursion -Wno-comma -Wno-block-capture-autoreleasing -Wno-strict-prototypes -Wno-semicolon-before-method-body -index-store-path /Users/jordantranchina/Library/Developer/Xcode/DerivedData/GroceryWatch-cjpxcfkltfoqvcabomjerkquwnbi/Index.noindex/DataStore @/Users/jordantranchina/Library/Developer/Xcode/DerivedData/GroceryWatch-cjpxcfkltfoqvcabomjerkquwnbi/Build/Intermediates.noindex/Firebase.build/Debug-watchsimulator/FirebaseCore.build/Objects-normal/x86_64/e6072d4f65d7061329687fe24e3d63a7-common-args.resp -include /Users/jordantranchina/Library/Developer/Xcode/DerivedData/GroceryWatch-cjpxcfkltfoqvcabomjerkquwnbi/Build/Intermediates.noindex/Firebase.build/Debug-watchsimulator/FirebaseCore.build/DerivedSources/resource_bundle_accessor.h -MMD -MT dependencies -MF /Users/jordantranchina/Library/Developer/Xcode/DerivedData/GroceryWatch-cjpxcfkltfoqvcabomjerkquwnbi/Build/Intermediates.noindex/Firebase.build/Debug-watchsimulator/FirebaseCore.build/Objects-normal/x86_64/FIRConfiguration.d --serialize-diagnostics /Users/jordantranchina/Library/Developer/Xcode/DerivedData/GroceryWatch-cjpxcfkltfoqvcabomjerkquwnbi/Build/Intermediates.noindex/Firebase.build/Debug-watchsimulator/FirebaseCore.build/Objects-normal/x86_64/FIRConfiguration.dia -c /Users/jordantranchina/Library/Developer/Xcode/DerivedData/GroceryWatch-cjpxcfkltfoqvcabomjerkquwnbi/SourcePackages/checkouts/firebase-ios-sdk/FirebaseCore/Sources/FIRConfiguration.m -o /Users/jordantranchina/Library/Developer/Xcode/DerivedData/GroceryWatch-cjpxcfkltfoqvcabomjerkquwnbi/Build/Intermediates.noindex/Firebase.build/Debug-watchsimulator/FirebaseCore.build/Objects-normal/x86_64/FIRConfiguration.o -index-unit-output-path /Firebase.build/Debug-watchsimulator/FirebaseCore.build/Objects-normal/x86_64/FIRConfiguration.o

ScanDependencies /Users/jordantranchina/Library/Developer/Xcode/DerivedData/GroceryWatch-cjpxcfkltfoqvcabomjerkquwnbi/Build/Intermediates.noindex/Firebase.build/Debug-watchsimulator/FirebaseCore.build/Objects-normal/x86_64/FIRComponentType.o /Users/jordantranchina/Library/Developer/Xcode/DerivedData/GroceryWatch-cjpxcfkltfoqvcabomjerkquwnbi/SourcePackages/checkouts/firebase-ios-sdk/FirebaseCore/Sources/FIRComponentType.m normal x86_64 objective-c com.apple.compilers.llvm.clang.1_0.compiler (in target 'FirebaseCore' from project 'Firebase')
    cd /Users/jordantranchina/workspace/GroceryCheckList/ios/GroceryWatch/GroceryWatch.xcodeproj
    
    Using response file: /Users/jordantranchina/Library/Developer/Xcode/DerivedData/GroceryWatch-cjpxcfkltfoqvcabomjerkquwnbi/Build/Intermediates.noindex/Firebase.build/Debug-watchsimulator/FirebaseCore.build/Objects-normal/x86_64/e6072d4f65d7061329687fe24e3d63a7-common-args.resp
    
    builtin-ScanDependencies -o /Users/jordantranchina/Library/Developer/Xcode/DerivedData/GroceryWatch-cjpxcfkltfoqvcabomjerkquwnbi/Build/Intermediates.noindex/Firebase.build/Debug-watchsimulator/FirebaseCore.build/Objects-normal/x86_64/FIRComponentType.o.scan -- /Applications/Xcode.app/Contents/Developer/Toolchains/XcodeDefault.xctoolchain/usr/bin/clang -x objective-c -ivfsstatcache /Users/jordantranchina/Library/Developer/Xcode/DerivedData/SDKStatCaches.noindex/watchsimulator26.2-23S303-963ebdd26732d23a23bcca82c2045e26.sdkstatcache -fmessage-length\=0 -fdiagnostics-show-note-include-stack -fmacro-backtrace-limit\=0 -fno-color-diagnostics -fmodules-prune-interval\=86400 -fmodules-prune-after\=345600 -fbuild-session-file\=/Users/jordantranchina/Library/Developer/Xcode/DerivedData/ModuleCache.noindex/Session.modulevalidation -fmodules-validate-once-per-build-session -Wnon-modular-include-in-framework-module -Werror\=non-modular-include-in-framework-module -Wno-trigraphs -Wno-missing-field-initializers -Wno-missing-prototypes -Wno-return-type -Wno-implicit-atomic-properties -Wno-objc-interface-ivars -Wno-arc-repeated-use-of-weak -Wno-missing-braces -Wparentheses -Wswitch -Wno-unused-function -Wno-unused-label -Wno-unused-parameter -Wno-unused-variable -Wunused-value -Wno-empty-body -Wno-uninitialized -Wno-unknown-pragmas -w -Wno-shadow -Wno-four-char-constants -Wno-conversion -Wno-constant-conversion -Wno-int-conversion -Wno-bool-conversion -Wno-enum-conversion -Wno-float-conversion -Wno-non-literal-null-conversion -Wno-objc-literal-conversion -Wshorten-64-to-32 -Wpointer-sign -Wno-newline-eof -Wno-selector -Wno-strict-selector-match -Wno-undeclared-selector -Wno-deprecated-implementations -Wno-implicit-fallthrough -fstrict-aliasing -Wprotocol -Wdeprecated-declarations -Wno-sign-conversion -Wno-infinite-recursion -Wno-comma -Wno-block-capture-autoreleasing -Wno-strict-prototypes -Wno-semicolon-before-method-body -index-store-path /Users/jordantranchina/Library/Developer/Xcode/DerivedData/GroceryWatch-cjpxcfkltfoqvcabomjerkquwnbi/Index.noindex/DataStore @/Users/jordantranchina/Library/Developer/Xcode/DerivedData/GroceryWatch-cjpxcfkltfoqvcabomjerkquwnbi/Build/Intermediates.noindex/Firebase.build/Debug-watchsimulator/FirebaseCore.build/Objects-normal/x86_64/e6072d4f65d7061329687fe24e3d63a7-common-args.resp -include /Users/jordantranchina/Library/Developer/Xcode/DerivedData/GroceryWatch-cjpxcfkltfoqvcabomjerkquwnbi/Build/Intermediates.noindex/Firebase.build/Debug-watchsimulator/FirebaseCore.build/DerivedSources/resource_bundle_accessor.h -MMD -MT dependencies -MF /Users/jordantranchina/Library/Developer/Xcode/DerivedData/GroceryWatch-cjpxcfkltfoqvcabomjerkquwnbi/Build/Intermediates.noindex/Firebase.build/Debug-watchsimulator/FirebaseCore.build/Objects-normal/x86_64/FIRComponentType.d --serialize-diagnostics /Users/jordantranchina/Library/Developer/Xcode/DerivedData/GroceryWatch-cjpxcfkltfoqvcabomjerkquwnbi/Build/Intermediates.noindex/Firebase.build/Debug-watchsimulator/FirebaseCore.build/Objects-normal/x86_64/FIRComponentType.dia -c /Users/jordantranchina/Library/Developer/Xcode/DerivedData/GroceryWatch-cjpxcfkltfoqvcabomjerkquwnbi/SourcePackages/checkouts/firebase-ios-sdk/FirebaseCore/Sources/FIRComponentType.m -o /Users/jordantranchina/Library/Developer/Xcode/DerivedData/GroceryWatch-cjpxcfkltfoqvcabomjerkquwnbi/Build/Intermediates.noindex/Firebase.build/Debug-watchsimulator/FirebaseCore.build/Objects-normal/x86_64/FIRComponentType.o -index-unit-output-path /Firebase.build/Debug-watchsimulator/FirebaseCore.build/Objects-normal/x86_64/FIRComponentType.o

ScanDependencies /Users/jordantranchina/Library/Developer/Xcode/DerivedData/GroceryWatch-cjpxcfkltfoqvcabomjerkquwnbi/Build/Intermediates.noindex/Firebase.build/Debug-watchsimulator/FirebaseCore.build/Objects-normal/x86_64/FIRComponentContainer.o /Users/jordantranchina/Library/Developer/Xcode/DerivedData/GroceryWatch-cjpxcfkltfoqvcabomjerkquwnbi/SourcePackages/checkouts/firebase-ios-sdk/FirebaseCore/Sources/FIRComponentContainer.m normal x86_64 objective-c com.apple.compilers.llvm.clang.1_0.compiler (in target 'FirebaseCore' from project 'Firebase')
    cd /Users/jordantranchina/workspace/GroceryCheckList/ios/GroceryWatch/GroceryWatch.xcodeproj
    
    Using response file: /Users/jordantranchina/Library/Developer/Xcode/DerivedData/GroceryWatch-cjpxcfkltfoqvcabomjerkquwnbi/Build/Intermediates.noindex/Firebase.build/Debug-watchsimulator/FirebaseCore.build/Objects-normal/x86_64/e6072d4f65d7061329687fe24e3d63a7-common-args.resp
    
    builtin-ScanDependencies -o /Users/jordantranchina/Library/Developer/Xcode/DerivedData/GroceryWatch-cjpxcfkltfoqvcabomjerkquwnbi/Build/Intermediates.noindex/Firebase.build/Debug-watchsimulator/FirebaseCore.build/Objects-normal/x86_64/FIRComponentContainer.o.scan -- /Applications/Xcode.app/Contents/Developer/Toolchains/XcodeDefault.xctoolchain/usr/bin/clang -x objective-c -ivfsstatcache /Users/jordantranchina/Library/Developer/Xcode/DerivedData/SDKStatCaches.noindex/watchsimulator26.2-23S303-963ebdd26732d23a23bcca82c2045e26.sdkstatcache -fmessage-length\=0 -fdiagnostics-show-note-include-stack -fmacro-backtrace-limit\=0 -fno-color-diagnostics -fmodules-prune-interval\=86400 -fmodules-prune-after\=345600 -fbuild-session-file\=/Users/jordantranchina/Library/Developer/Xcode/DerivedData/ModuleCache.noindex/Session.modulevalidation -fmodules-validate-once-per-build-session -Wnon-modular-include-in-framework-module -Werror\=non-modular-include-in-framework-module -Wno-trigraphs -Wno-missing-field-initializers -Wno-missing-prototypes -Wno-return-type -Wno-implicit-atomic-properties -Wno-objc-interface-ivars -Wno-arc-repeated-use-of-weak -Wno-missing-braces -Wparentheses -Wswitch -Wno-unused-function -Wno-unused-label -Wno-unused-parameter -Wno-unused-variable -Wunused-value -Wno-empty-body -Wno-uninitialized -Wno-unknown-pragmas -w -Wno-shadow -Wno-four-char-constants -Wno-conversion -Wno-constant-conversion -Wno-int-conversion -Wno-bool-conversion -Wno-enum-conversion -Wno-float-conversion -Wno-non-literal-null-conversion -Wno-objc-literal-conversion -Wshorten-64-to-32 -Wpointer-sign -Wno-newline-eof -Wno-selector -Wno-strict-selector-match -Wno-undeclared-selector -Wno-deprecated-implementations -Wno-implicit-fallthrough -fstrict-aliasing -Wprotocol -Wdeprecated-declarations -Wno-sign-conversion -Wno-infinite-recursion -Wno-comma -Wno-block-capture-autoreleasing -Wno-strict-prototypes -Wno-semicolon-before-method-body -index-store-path /Users/jordantranchina/Library/Developer/Xcode/DerivedData/GroceryWatch-cjpxcfkltfoqvcabomjerkquwnbi/Index.noindex/DataStore @/Users/jordantranchina/Library/Developer/Xcode/DerivedData/GroceryWatch-cjpxcfkltfoqvcabomjerkquwnbi/Build/Intermediates.noindex/Firebase.build/Debug-watchsimulator/FirebaseCore.build/Objects-normal/x86_64/e6072d4f65d7061329687fe24e3d63a7-common-args.resp -include /Users/jordantranchina/Library/Developer/Xcode/DerivedData/GroceryWatch-cjpxcfkltfoqvcabomjerkquwnbi/Build/Intermediates.noindex/Firebase.build/Debug-watchsimulator/FirebaseCore.build/DerivedSources/resource_bundle_accessor.h -MMD -MT dependencies -MF /Users/jordantranchina/Library/Developer/Xcode/DerivedData/GroceryWatch-cjpxcfkltfoqvcabomjerkquwnbi/Build/Intermediates.noindex/Firebase.build/Debug-watchsimulator/FirebaseCore.build/Objects-normal/x86_64/FIRComponentContainer.d --serialize-diagnostics /Users/jordantranchina/Library/Developer/Xcode/DerivedData/GroceryWatch-cjpxcfkltfoqvcabomjerkquwnbi/Build/Intermediates.noindex/Firebase.build/Debug-watchsimulator/FirebaseCore.build/Objects-normal/x86_64/FIRComponentContainer.dia -c /Users/jordantranchina/Library/Developer/Xcode/DerivedData/GroceryWatch-cjpxcfkltfoqvcabomjerkquwnbi/SourcePackages/checkouts/firebase-ios-sdk/FirebaseCore/Sources/FIRComponentContainer.m -o /Users/jordantranchina/Library/Developer/Xcode/DerivedData/GroceryWatch-cjpxcfkltfoqvcabomjerkquwnbi/Build/Intermediates.noindex/Firebase.build/Debug-watchsimulator/FirebaseCore.build/Objects-normal/x86_64/FIRComponentContainer.o -index-unit-output-path /Firebase.build/Debug-watchsimulator/FirebaseCore.build/Objects-normal/x86_64/FIRComponentContainer.o

ScanDependencies /Users/jordantranchina/Library/Developer/Xcode/DerivedData/GroceryWatch-cjpxcfkltfoqvcabomjerkquwnbi/Build/Intermediates.noindex/Firebase.build/Debug-watchsimulator/FirebaseCore.build/Objects-normal/x86_64/FIRComponent.o /Users/jordantranchina/Library/Developer/Xcode/DerivedData/GroceryWatch-cjpxcfkltfoqvcabomjerkquwnbi/SourcePackages/checkouts/firebase-ios-sdk/FirebaseCore/Sources/FIRComponent.m normal x86_64 objective-c com.apple.compilers.llvm.clang.1_0.compiler (in target 'FirebaseCore' from project 'Firebase')
    cd /Users/jordantranchina/workspace/GroceryCheckList/ios/GroceryWatch/GroceryWatch.xcodeproj
    
    Using response file: /Users/jordantranchina/Library/Developer/Xcode/DerivedData/GroceryWatch-cjpxcfkltfoqvcabomjerkquwnbi/Build/Intermediates.noindex/Firebase.build/Debug-watchsimulator/FirebaseCore.build/Objects-normal/x86_64/e6072d4f65d7061329687fe24e3d63a7-common-args.resp
    
    builtin-ScanDependencies -o /Users/jordantranchina/Library/Developer/Xcode/DerivedData/GroceryWatch-cjpxcfkltfoqvcabomjerkquwnbi/Build/Intermediates.noindex/Firebase.build/Debug-watchsimulator/FirebaseCore.build/Objects-normal/x86_64/FIRComponent.o.scan -- /Applications/Xcode.app/Contents/Developer/Toolchains/XcodeDefault.xctoolchain/usr/bin/clang -x objective-c -ivfsstatcache /Users/jordantranchina/Library/Developer/Xcode/DerivedData/SDKStatCaches.noindex/watchsimulator26.2-23S303-963ebdd26732d23a23bcca82c2045e26.sdkstatcache -fmessage-length\=0 -fdiagnostics-show-note-include-stack -fmacro-backtrace-limit\=0 -fno-color-diagnostics -fmodules-prune-interval\=86400 -fmodules-prune-after\=345600 -fbuild-session-file\=/Users/jordantranchina/Library/Developer/Xcode/DerivedData/ModuleCache.noindex/Session.modulevalidation -fmodules-validate-once-per-build-session -Wnon-modular-include-in-framework-module -Werror\=non-modular-include-in-framework-module -Wno-trigraphs -Wno-missing-field-initializers -Wno-missing-prototypes -Wno-return-type -Wno-implicit-atomic-properties -Wno-objc-interface-ivars -Wno-arc-repeated-use-of-weak -Wno-missing-braces -Wparentheses -Wswitch -Wno-unused-function -Wno-unused-label -Wno-unused-parameter -Wno-unused-variable -Wunused-value -Wno-empty-body -Wno-uninitialized -Wno-unknown-pragmas -w -Wno-shadow -Wno-four-char-constants -Wno-conversion -Wno-constant-conversion -Wno-int-conversion -Wno-bool-conversion -Wno-enum-conversion -Wno-float-conversion -Wno-non-literal-null-conversion -Wno-objc-literal-conversion -Wshorten-64-to-32 -Wpointer-sign -Wno-newline-eof -Wno-selector -Wno-strict-selector-match -Wno-undeclared-selector -Wno-deprecated-implementations -Wno-implicit-fallthrough -fstrict-aliasing -Wprotocol -Wdeprecated-declarations -Wno-sign-conversion -Wno-infinite-recursion -Wno-comma -Wno-block-capture-autoreleasing -Wno-strict-prototypes -Wno-semicolon-before-method-body -index-store-path /Users/jordantranchina/Library/Developer/Xcode/DerivedData/GroceryWatch-cjpxcfkltfoqvcabomjerkquwnbi/Index.noindex/DataStore @/Users/jordantranchina/Library/Developer/Xcode/DerivedData/GroceryWatch-cjpxcfkltfoqvcabomjerkquwnbi/Build/Intermediates.noindex/Firebase.build/Debug-watchsimulator/FirebaseCore.build/Objects-normal/x86_64/e6072d4f65d7061329687fe24e3d63a7-common-args.resp -include /Users/jordantranchina/Library/Developer/Xcode/DerivedData/GroceryWatch-cjpxcfkltfoqvcabomjerkquwnbi/Build/Intermediates.noindex/Firebase.build/Debug-watchsimulator/FirebaseCore.build/DerivedSources/resource_bundle_accessor.h -MMD -MT dependencies -MF /Users/jordantranchina/Library/Developer/Xcode/DerivedData/GroceryWatch-cjpxcfkltfoqvcabomjerkquwnbi/Build/Intermediates.noindex/Firebase.build/Debug-watchsimulator/FirebaseCore.build/Objects-normal/x86_64/FIRComponent.d --serialize-diagnostics /Users/jordantranchina/Library/Developer/Xcode/DerivedData/GroceryWatch-cjpxcfkltfoqvcabomjerkquwnbi/Build/Intermediates.noindex/Firebase.build/Debug-watchsimulator/FirebaseCore.build/Objects-normal/x86_64/FIRComponent.dia -c /Users/jordantranchina/Library/Developer/Xcode/DerivedData/GroceryWatch-cjpxcfkltfoqvcabomjerkquwnbi/SourcePackages/checkouts/firebase-ios-sdk/FirebaseCore/Sources/FIRComponent.m -o /Users/jordantranchina/Library/Developer/Xcode/DerivedData/GroceryWatch-cjpxcfkltfoqvcabomjerkquwnbi/Build/Intermediates.noindex/Firebase.build/Debug-watchsimulator/FirebaseCore.build/Objects-normal/x86_64/FIRComponent.o -index-unit-output-path /Firebase.build/Debug-watchsimulator/FirebaseCore.build/Objects-normal/x86_64/FIRComponent.o

ScanDependencies /Users/jordantranchina/Library/Developer/Xcode/DerivedData/GroceryWatch-cjpxcfkltfoqvcabomjerkquwnbi/Build/Intermediates.noindex/Firebase.build/Debug-watchsimulator/FirebaseCore.build/Objects-normal/x86_64/FIRBundleUtil.o /Users/jordantranchina/Library/Developer/Xcode/DerivedData/GroceryWatch-cjpxcfkltfoqvcabomjerkquwnbi/SourcePackages/checkouts/firebase-ios-sdk/FirebaseCore/Sources/FIRBundleUtil.m normal x86_64 objective-c com.apple.compilers.llvm.clang.1_0.compiler (in target 'FirebaseCore' from project 'Firebase')
    cd /Users/jordantranchina/workspace/GroceryCheckList/ios/GroceryWatch/GroceryWatch.xcodeproj
    
    Using response file: /Users/jordantranchina/Library/Developer/Xcode/DerivedData/GroceryWatch-cjpxcfkltfoqvcabomjerkquwnbi/Build/Intermediates.noindex/Firebase.build/Debug-watchsimulator/FirebaseCore.build/Objects-normal/x86_64/e6072d4f65d7061329687fe24e3d63a7-common-args.resp
    
    builtin-ScanDependencies -o /Users/jordantranchina/Library/Developer/Xcode/DerivedData/GroceryWatch-cjpxcfkltfoqvcabomjerkquwnbi/Build/Intermediates.noindex/Firebase.build/Debug-watchsimulator/FirebaseCore.build/Objects-normal/x86_64/FIRBundleUtil.o.scan -- /Applications/Xcode.app/Contents/Developer/Toolchains/XcodeDefault.xctoolchain/usr/bin/clang -x objective-c -ivfsstatcache /Users/jordantranchina/Library/Developer/Xcode/DerivedData/SDKStatCaches.noindex/watchsimulator26.2-23S303-963ebdd26732d23a23bcca82c2045e26.sdkstatcache -fmessage-length\=0 -fdiagnostics-show-note-include-stack -fmacro-backtrace-limit\=0 -fno-color-diagnostics -fmodules-prune-interval\=86400 -fmodules-prune-after\=345600 -fbuild-session-file\=/Users/jordantranchina/Library/Developer/Xcode/DerivedData/ModuleCache.noindex/Session.modulevalidation -fmodules-validate-once-per-build-session -Wnon-modular-include-in-framework-module -Werror\=non-modular-include-in-framework-module -Wno-trigraphs -Wno-missing-field-initializers -Wno-missing-prototypes -Wno-return-type -Wno-implicit-atomic-properties -Wno-objc-interface-ivars -Wno-arc-repeated-use-of-weak -Wno-missing-braces -Wparentheses -Wswitch -Wno-unused-function -Wno-unused-label -Wno-unused-parameter -Wno-unused-variable -Wunused-value -Wno-empty-body -Wno-uninitialized -Wno-unknown-pragmas -w -Wno-shadow -Wno-four-char-constants -Wno-conversion -Wno-constant-conversion -Wno-int-conversion -Wno-bool-conversion -Wno-enum-conversion -Wno-float-conversion -Wno-non-literal-null-conversion -Wno-objc-literal-conversion -Wshorten-64-to-32 -Wpointer-sign -Wno-newline-eof -Wno-selector -Wno-strict-selector-match -Wno-undeclared-selector -Wno-deprecated-implementations -Wno-implicit-fallthrough -fstrict-aliasing -Wprotocol -Wdeprecated-declarations -Wno-sign-conversion -Wno-infinite-recursion -Wno-comma -Wno-block-capture-autoreleasing -Wno-strict-prototypes -Wno-semicolon-before-method-body -index-store-path /Users/jordantranchina/Library/Developer/Xcode/DerivedData/GroceryWatch-cjpxcfkltfoqvcabomjerkquwnbi/Index.noindex/DataStore @/Users/jordantranchina/Library/Developer/Xcode/DerivedData/GroceryWatch-cjpxcfkltfoqvcabomjerkquwnbi/Build/Intermediates.noindex/Firebase.build/Debug-watchsimulator/FirebaseCore.build/Objects-normal/x86_64/e6072d4f65d7061329687fe24e3d63a7-common-args.resp -include /Users/jordantranchina/Library/Developer/Xcode/DerivedData/GroceryWatch-cjpxcfkltfoqvcabomjerkquwnbi/Build/Intermediates.noindex/Firebase.build/Debug-watchsimulator/FirebaseCore.build/DerivedSources/resource_bundle_accessor.h -MMD -MT dependencies -MF /Users/jordantranchina/Library/Developer/Xcode/DerivedData/GroceryWatch-cjpxcfkltfoqvcabomjerkquwnbi/Build/Intermediates.noindex/Firebase.build/Debug-watchsimulator/FirebaseCore.build/Objects-normal/x86_64/FIRBundleUtil.d --serialize-diagnostics /Users/jordantranchina/Library/Developer/Xcode/DerivedData/GroceryWatch-cjpxcfkltfoqvcabomjerkquwnbi/Build/Intermediates.noindex/Firebase.build/Debug-watchsimulator/FirebaseCore.build/Objects-normal/x86_64/FIRBundleUtil.dia -c /Users/jordantranchina/Library/Developer/Xcode/DerivedData/GroceryWatch-cjpxcfkltfoqvcabomjerkquwnbi/SourcePackages/checkouts/firebase-ios-sdk/FirebaseCore/Sources/FIRBundleUtil.m -o /Users/jordantranchina/Library/Developer/Xcode/DerivedData/GroceryWatch-cjpxcfkltfoqvcabomjerkquwnbi/Build/Intermediates.noindex/Firebase.build/Debug-watchsimulator/FirebaseCore.build/Objects-normal/x86_64/FIRBundleUtil.o -index-unit-output-path /Firebase.build/Debug-watchsimulator/FirebaseCore.build/Objects-normal/x86_64/FIRBundleUtil.o

ScanDependencies /Users/jordantranchina/Library/Developer/Xcode/DerivedData/GroceryWatch-cjpxcfkltfoqvcabomjerkquwnbi/Build/Intermediates.noindex/Firebase.build/Debug-watchsimulator/FirebaseCore.build/Objects-normal/x86_64/FIRApp.o /Users/jordantranchina/Library/Developer/Xcode/DerivedData/GroceryWatch-cjpxcfkltfoqvcabomjerkquwnbi/SourcePackages/checkouts/firebase-ios-sdk/FirebaseCore/Sources/FIRApp.m normal x86_64 objective-c com.apple.compilers.llvm.clang.1_0.compiler (in target 'FirebaseCore' from project 'Firebase')
    cd /Users/jordantranchina/workspace/GroceryCheckList/ios/GroceryWatch/GroceryWatch.xcodeproj
    
    Using response file: /Users/jordantranchina/Library/Developer/Xcode/DerivedData/GroceryWatch-cjpxcfkltfoqvcabomjerkquwnbi/Build/Intermediates.noindex/Firebase.build/Debug-watchsimulator/FirebaseCore.build/Objects-normal/x86_64/e6072d4f65d7061329687fe24e3d63a7-common-args.resp
    
    builtin-ScanDependencies -o /Users/jordantranchina/Library/Developer/Xcode/DerivedData/GroceryWatch-cjpxcfkltfoqvcabomjerkquwnbi/Build/Intermediates.noindex/Firebase.build/Debug-watchsimulator/FirebaseCore.build/Objects-normal/x86_64/FIRApp.o.scan -- /Applications/Xcode.app/Contents/Developer/Toolchains/XcodeDefault.xctoolchain/usr/bin/clang -x objective-c -ivfsstatcache /Users/jordantranchina/Library/Developer/Xcode/DerivedData/SDKStatCaches.noindex/watchsimulator26.2-23S303-963ebdd26732d23a23bcca82c2045e26.sdkstatcache -fmessage-length\=0 -fdiagnostics-show-note-include-stack -fmacro-backtrace-limit\=0 -fno-color-diagnostics -fmodules-prune-interval\=86400 -fmodules-prune-after\=345600 -fbuild-session-file\=/Users/jordantranchina/Library/Developer/Xcode/DerivedData/ModuleCache.noindex/Session.modulevalidation -fmodules-validate-once-per-build-session -Wnon-modular-include-in-framework-module -Werror\=non-modular-include-in-framework-module -Wno-trigraphs -Wno-missing-field-initializers -Wno-missing-prototypes -Wno-return-type -Wno-implicit-atomic-properties -Wno-objc-interface-ivars -Wno-arc-repeated-use-of-weak -Wno-missing-braces -Wparentheses -Wswitch -Wno-unused-function -Wno-unused-label -Wno-unused-parameter -Wno-unused-variable -Wunused-value -Wno-empty-body -Wno-uninitialized -Wno-unknown-pragmas -w -Wno-shadow -Wno-four-char-constants -Wno-conversion -Wno-constant-conversion -Wno-int-conversion -Wno-bool-conversion -Wno-enum-conversion -Wno-float-conversion -Wno-non-literal-null-conversion -Wno-objc-literal-conversion -Wshorten-64-to-32 -Wpointer-sign -Wno-newline-eof -Wno-selector -Wno-strict-selector-match -Wno-undeclared-selector -Wno-deprecated-implementations -Wno-implicit-fallthrough -fstrict-aliasing -Wprotocol -Wdeprecated-declarations -Wno-sign-conversion -Wno-infinite-recursion -Wno-comma -Wno-block-capture-autoreleasing -Wno-strict-prototypes -Wno-semicolon-before-method-body -index-store-path /Users/jordantranchina/Library/Developer/Xcode/DerivedData/GroceryWatch-cjpxcfkltfoqvcabomjerkquwnbi/Index.noindex/DataStore @/Users/jordantranchina/Library/Developer/Xcode/DerivedData/GroceryWatch-cjpxcfkltfoqvcabomjerkquwnbi/Build/Intermediates.noindex/Firebase.build/Debug-watchsimulator/FirebaseCore.build/Objects-normal/x86_64/e6072d4f65d7061329687fe24e3d63a7-common-args.resp -include /Users/jordantranchina/Library/Developer/Xcode/DerivedData/GroceryWatch-cjpxcfkltfoqvcabomjerkquwnbi/Build/Intermediates.noindex/Firebase.build/Debug-watchsimulator/FirebaseCore.build/DerivedSources/resource_bundle_accessor.h -MMD -MT dependencies -MF /Users/jordantranchina/Library/Developer/Xcode/DerivedData/GroceryWatch-cjpxcfkltfoqvcabomjerkquwnbi/Build/Intermediates.noindex/Firebase.build/Debug-watchsimulator/FirebaseCore.build/Objects-normal/x86_64/FIRApp.d --serialize-diagnostics /Users/jordantranchina/Library/Developer/Xcode/DerivedData/GroceryWatch-cjpxcfkltfoqvcabomjerkquwnbi/Build/Intermediates.noindex/Firebase.build/Debug-watchsimulator/FirebaseCore.build/Objects-normal/x86_64/FIRApp.dia -c /Users/jordantranchina/Library/Developer/Xcode/DerivedData/GroceryWatch-cjpxcfkltfoqvcabomjerkquwnbi/SourcePackages/checkouts/firebase-ios-sdk/FirebaseCore/Sources/FIRApp.m -o /Users/jordantranchina/Library/Developer/Xcode/DerivedData/GroceryWatch-cjpxcfkltfoqvcabomjerkquwnbi/Build/Intermediates.noindex/Firebase.build/Debug-watchsimulator/FirebaseCore.build/Objects-normal/x86_64/FIRApp.o -index-unit-output-path /Firebase.build/Debug-watchsimulator/FirebaseCore.build/Objects-normal/x86_64/FIRApp.o

ScanDependencies /Users/jordantranchina/Library/Developer/Xcode/DerivedData/GroceryWatch-cjpxcfkltfoqvcabomjerkquwnbi/Build/Intermediates.noindex/Firebase.build/Debug-watchsimulator/FirebaseCore.build/Objects-normal/x86_64/FIRAnalyticsConfiguration.o /Users/jordantranchina/Library/Developer/Xcode/DerivedData/GroceryWatch-cjpxcfkltfoqvcabomjerkquwnbi/SourcePackages/checkouts/firebase-ios-sdk/FirebaseCore/Sources/FIRAnalyticsConfiguration.m normal x86_64 objective-c com.apple.compilers.llvm.clang.1_0.compiler (in target 'FirebaseCore' from project 'Firebase')
    cd /Users/jordantranchina/workspace/GroceryCheckList/ios/GroceryWatch/GroceryWatch.xcodeproj
    
    Using response file: /Users/jordantranchina/Library/Developer/Xcode/DerivedData/GroceryWatch-cjpxcfkltfoqvcabomjerkquwnbi/Build/Intermediates.noindex/Firebase.build/Debug-watchsimulator/FirebaseCore.build/Objects-normal/x86_64/e6072d4f65d7061329687fe24e3d63a7-common-args.resp
    
    builtin-ScanDependencies -o /Users/jordantranchina/Library/Developer/Xcode/DerivedData/GroceryWatch-cjpxcfkltfoqvcabomjerkquwnbi/Build/Intermediates.noindex/Firebase.build/Debug-watchsimulator/FirebaseCore.build/Objects-normal/x86_64/FIRAnalyticsConfiguration.o.scan -- /Applications/Xcode.app/Contents/Developer/Toolchains/XcodeDefault.xctoolchain/usr/bin/clang -x objective-c -ivfsstatcache /Users/jordantranchina/Library/Developer/Xcode/DerivedData/SDKStatCaches.noindex/watchsimulator26.2-23S303-963ebdd26732d23a23bcca82c2045e26.sdkstatcache -fmessage-length\=0 -fdiagnostics-show-note-include-stack -fmacro-backtrace-limit\=0 -fno-color-diagnostics -fmodules-prune-interval\=86400 -fmodules-prune-after\=345600 -fbuild-session-file\=/Users/jordantranchina/Library/Developer/Xcode/DerivedData/ModuleCache.noindex/Session.modulevalidation -fmodules-validate-once-per-build-session -Wnon-modular-include-in-framework-module -Werror\=non-modular-include-in-framework-module -Wno-trigraphs -Wno-missing-field-initializers -Wno-missing-prototypes -Wno-return-type -Wno-implicit-atomic-properties -Wno-objc-interface-ivars -Wno-arc-repeated-use-of-weak -Wno-missing-braces -Wparentheses -Wswitch -Wno-unused-function -Wno-unused-label -Wno-unused-parameter -Wno-unused-variable -Wunused-value -Wno-empty-body -Wno-uninitialized -Wno-unknown-pragmas -w -Wno-shadow -Wno-four-char-constants -Wno-conversion -Wno-constant-conversion -Wno-int-conversion -Wno-bool-conversion -Wno-enum-conversion -Wno-float-conversion -Wno-non-literal-null-conversion -Wno-objc-literal-conversion -Wshorten-64-to-32 -Wpointer-sign -Wno-newline-eof -Wno-selector -Wno-strict-selector-match -Wno-undeclared-selector -Wno-deprecated-implementations -Wno-implicit-fallthrough -fstrict-aliasing -Wprotocol -Wdeprecated-declarations -Wno-sign-conversion -Wno-infinite-recursion -Wno-comma -Wno-block-capture-autoreleasing -Wno-strict-prototypes -Wno-semicolon-before-method-body -index-store-path /Users/jordantranchina/Library/Developer/Xcode/DerivedData/GroceryWatch-cjpxcfkltfoqvcabomjerkquwnbi/Index.noindex/DataStore @/Users/jordantranchina/Library/Developer/Xcode/DerivedData/GroceryWatch-cjpxcfkltfoqvcabomjerkquwnbi/Build/Intermediates.noindex/Firebase.build/Debug-watchsimulator/FirebaseCore.build/Objects-normal/x86_64/e6072d4f65d7061329687fe24e3d63a7-common-args.resp -include /Users/jordantranchina/Library/Developer/Xcode/DerivedData/GroceryWatch-cjpxcfkltfoqvcabomjerkquwnbi/Build/Intermediates.noindex/Firebase.build/Debug-watchsimulator/FirebaseCore.build/DerivedSources/resource_bundle_accessor.h -MMD -MT dependencies -MF /Users/jordantranchina/Library/Developer/Xcode/DerivedData/GroceryWatch-cjpxcfkltfoqvcabomjerkquwnbi/Build/Intermediates.noindex/Firebase.build/Debug-watchsimulator/FirebaseCore.build/Objects-normal/x86_64/FIRAnalyticsConfiguration.d --serialize-diagnostics /Users/jordantranchina/Library/Developer/Xcode/DerivedData/GroceryWatch-cjpxcfkltfoqvcabomjerkquwnbi/Build/Intermediates.noindex/Firebase.build/Debug-watchsimulator/FirebaseCore.build/Objects-normal/x86_64/FIRAnalyticsConfiguration.dia -c /Users/jordantranchina/Library/Developer/Xcode/DerivedData/GroceryWatch-cjpxcfkltfoqvcabomjerkquwnbi/SourcePackages/checkouts/firebase-ios-sdk/FirebaseCore/Sources/FIRAnalyticsConfiguration.m -o /Users/jordantranchina/Library/Developer/Xcode/DerivedData/GroceryWatch-cjpxcfkltfoqvcabomjerkquwnbi/Build/Intermediates.noindex/Firebase.build/Debug-watchsimulator/FirebaseCore.build/Objects-normal/x86_64/FIRAnalyticsConfiguration.o -index-unit-output-path /Firebase.build/Debug-watchsimulator/FirebaseCore.build/Objects-normal/x86_64/FIRAnalyticsConfiguration.o

PrecompileModule /Users/jordantranchina/Library/Developer/Xcode/DerivedData/GroceryWatch-cjpxcfkltfoqvcabomjerkquwnbi/Build/Intermediates.noindex/ExplicitPrecompiledModules/ptrauth-X1PTTD3YBDLUR9XK9LLOA78A.scan
    cd /
    builtin-precompileModule /Users/jordantranchina/Library/Developer/Xcode/DerivedData/GroceryWatch-cjpxcfkltfoqvcabomjerkquwnbi/Build/Intermediates.noindex/ExplicitPrecompiledModules/ptrauth-X1PTTD3YBDLUR9XK9LLOA78A.scan

PrecompileModule /Users/jordantranchina/Library/Developer/Xcode/DerivedData/GroceryWatch-cjpxcfkltfoqvcabomjerkquwnbi/Build/Intermediates.noindex/ExplicitPrecompiledModules/_AvailabilityInternal-6AF8OLUUHMC4VGPD18BFA3Z6N.scan
    cd /
    builtin-precompileModule /Users/jordantranchina/Library/Developer/Xcode/DerivedData/GroceryWatch-cjpxcfkltfoqvcabomjerkquwnbi/Build/Intermediates.noindex/ExplicitPrecompiledModules/_AvailabilityInternal-6AF8OLUUHMC4VGPD18BFA3Z6N.scan

PrecompileModule /Users/jordantranchina/Library/Developer/Xcode/DerivedData/GroceryWatch-cjpxcfkltfoqvcabomjerkquwnbi/Build/Intermediates.noindex/ExplicitPrecompiledModules/ptrcheck-RPJK3TSMR367Y3KGDK0B8IVF.scan
    cd /
    builtin-precompileModule /Users/jordantranchina/Library/Developer/Xcode/DerivedData/GroceryWatch-cjpxcfkltfoqvcabomjerkquwnbi/Build/Intermediates.noindex/ExplicitPrecompiledModules/ptrcheck-RPJK3TSMR367Y3KGDK0B8IVF.scan

PrecompileModule /Users/jordantranchina/Library/Developer/Xcode/DerivedData/GroceryWatch-cjpxcfkltfoqvcabomjerkquwnbi/Build/Intermediates.noindex/ExplicitPrecompiledModules/_Builtin_stdbool-BF06FF2YF78Q5DTX8CWTNGMSJ.scan
    cd /
    builtin-precompileModule /Users/jordantranchina/Library/Developer/Xcode/DerivedData/GroceryWatch-cjpxcfkltfoqvcabomjerkquwnbi/Build/Intermediates.noindex/ExplicitPrecompiledModules/_Builtin_stdbool-BF06FF2YF78Q5DTX8CWTNGMSJ.scan

PrecompileModule /Users/jordantranchina/Library/Developer/Xcode/DerivedData/GroceryWatch-cjpxcfkltfoqvcabomjerkquwnbi/Build/Intermediates.noindex/ExplicitPrecompiledModules/_Builtin_stddef-93KAU5D6NRPEC7ZUFH9Y5DWPZ.scan
    cd /
    builtin-precompileModule /Users/jordantranchina/Library/Developer/Xcode/DerivedData/GroceryWatch-cjpxcfkltfoqvcabomjerkquwnbi/Build/Intermediates.noindex/ExplicitPrecompiledModules/_Builtin_stddef-93KAU5D6NRPEC7ZUFH9Y5DWPZ.scan

PrecompileModule /Users/jordantranchina/Library/Developer/Xcode/DerivedData/GroceryWatch-cjpxcfkltfoqvcabomjerkquwnbi/Build/Intermediates.noindex/ExplicitPrecompiledModules/_Builtin_stdarg-78U7SOQ44Y68YQVFJ85DOBZKC.scan
    cd /
    builtin-precompileModule /Users/jordantranchina/Library/Developer/Xcode/DerivedData/GroceryWatch-cjpxcfkltfoqvcabomjerkquwnbi/Build/Intermediates.noindex/ExplicitPrecompiledModules/_Builtin_stdarg-78U7SOQ44Y68YQVFJ85DOBZKC.scan

PrecompileModule /Users/jordantranchina/Library/Developer/Xcode/DerivedData/GroceryWatch-cjpxcfkltfoqvcabomjerkquwnbi/Build/Intermediates.noindex/ExplicitPrecompiledModules/_Builtin_float-X8UFM0JDPUWDPAVX088XSP5D.scan
    cd /
    builtin-precompileModule /Users/jordantranchina/Library/Developer/Xcode/DerivedData/GroceryWatch-cjpxcfkltfoqvcabomjerkquwnbi/Build/Intermediates.noindex/ExplicitPrecompiledModules/_Builtin_float-X8UFM0JDPUWDPAVX088XSP5D.scan

ScanDependencies /Users/jordantranchina/Library/Developer/Xcode/DerivedData/GroceryWatch-cjpxcfkltfoqvcabomjerkquwnbi/Build/Intermediates.noindex/Firebase.build/Debug-watchsimulator/FirebaseCore.build/Objects-normal/arm64/resource_bundle_accessor.o /Users/jordantranchina/Library/Developer/Xcode/DerivedData/GroceryWatch-cjpxcfkltfoqvcabomjerkquwnbi/Build/Intermediates.noindex/Firebase.build/Debug-watchsimulator/FirebaseCore.build/DerivedSources/resource_bundle_accessor.m normal arm64 objective-c com.apple.compilers.llvm.clang.1_0.compiler (in target 'FirebaseCore' from project 'Firebase')
    cd /Users/jordantranchina/workspace/GroceryCheckList/ios/GroceryWatch/GroceryWatch.xcodeproj
    
    Using response file: /Users/jordantranchina/Library/Developer/Xcode/DerivedData/GroceryWatch-cjpxcfkltfoqvcabomjerkquwnbi/Build/Intermediates.noindex/Firebase.build/Debug-watchsimulator/FirebaseCore.build/Objects-normal/arm64/e6072d4f65d7061329687fe24e3d63a7-common-args.resp
    
    builtin-ScanDependencies -o /Users/jordantranchina/Library/Developer/Xcode/DerivedData/GroceryWatch-cjpxcfkltfoqvcabomjerkquwnbi/Build/Intermediates.noindex/Firebase.build/Debug-watchsimulator/FirebaseCore.build/Objects-normal/arm64/resource_bundle_accessor.o.scan -- /Applications/Xcode.app/Contents/Developer/Toolchains/XcodeDefault.xctoolchain/usr/bin/clang -x objective-c -ivfsstatcache /Users/jordantranchina/Library/Developer/Xcode/DerivedData/SDKStatCaches.noindex/watchsimulator26.2-23S303-963ebdd26732d23a23bcca82c2045e26.sdkstatcache -fmessage-length\=0 -fdiagnostics-show-note-include-stack -fmacro-backtrace-limit\=0 -fno-color-diagnostics -fmodules-prune-interval\=86400 -fmodules-prune-after\=345600 -fbuild-session-file\=/Users/jordantranchina/Library/Developer/Xcode/DerivedData/ModuleCache.noindex/Session.modulevalidation -fmodules-validate-once-per-build-session -Wnon-modular-include-in-framework-module -Werror\=non-modular-include-in-framework-module -Wno-trigraphs -Wno-missing-field-initializers -Wno-missing-prototypes -Wno-return-type -Wno-implicit-atomic-properties -Wno-objc-interface-ivars -Wno-arc-repeated-use-of-weak -Wno-missing-braces -Wparentheses -Wswitch -Wno-unused-function -Wno-unused-label -Wno-unused-parameter -Wno-unused-variable -Wunused-value -Wno-empty-body -Wno-uninitialized -Wno-unknown-pragmas -w -Wno-shadow -Wno-four-char-constants -Wno-conversion -Wno-constant-conversion -Wno-int-conversion -Wno-bool-conversion -Wno-enum-conversion -Wno-float-conversion -Wno-non-literal-null-conversion -Wno-objc-literal-conversion -Wshorten-64-to-32 -Wpointer-sign -Wno-newline-eof -Wno-selector -Wno-strict-selector-match -Wno-undeclared-selector -Wno-deprecated-implementations -Wno-implicit-fallthrough -fstrict-aliasing -Wprotocol -Wdeprecated-declarations -Wno-sign-conversion -Wno-infinite-recursion -Wno-comma -Wno-block-capture-autoreleasing -Wno-strict-prototypes -Wno-semicolon-before-method-body -index-store-path /Users/jordantranchina/Library/Developer/Xcode/DerivedData/GroceryWatch-cjpxcfkltfoqvcabomjerkquwnbi/Index.noindex/DataStore @/Users/jordantranchina/Library/Developer/Xcode/DerivedData/GroceryWatch-cjpxcfkltfoqvcabomjerkquwnbi/Build/Intermediates.noindex/Firebase.build/Debug-watchsimulator/FirebaseCore.build/Objects-normal/arm64/e6072d4f65d7061329687fe24e3d63a7-common-args.resp -include /Users/jordantranchina/Library/Developer/Xcode/DerivedData/GroceryWatch-cjpxcfkltfoqvcabomjerkquwnbi/Build/Intermediates.noindex/Firebase.build/Debug-watchsimulator/FirebaseCore.build/DerivedSources/resource_bundle_accessor.h -MMD -MT dependencies -MF /Users/jordantranchina/Library/Developer/Xcode/DerivedData/GroceryWatch-cjpxcfkltfoqvcabomjerkquwnbi/Build/Intermediates.noindex/Firebase.build/Debug-watchsimulator/FirebaseCore.build/Objects-normal/arm64/resource_bundle_accessor.d --serialize-diagnostics /Users/jordantranchina/Library/Developer/Xcode/DerivedData/GroceryWatch-cjpxcfkltfoqvcabomjerkquwnbi/Build/Intermediates.noindex/Firebase.build/Debug-watchsimulator/FirebaseCore.build/Objects-normal/arm64/resource_bundle_accessor.dia -c /Users/jordantranchina/Library/Developer/Xcode/DerivedData/GroceryWatch-cjpxcfkltfoqvcabomjerkquwnbi/Build/Intermediates.noindex/Firebase.build/Debug-watchsimulator/FirebaseCore.build/DerivedSources/resource_bundle_accessor.m -o /Users/jordantranchina/Library/Developer/Xcode/DerivedData/GroceryWatch-cjpxcfkltfoqvcabomjerkquwnbi/Build/Intermediates.noindex/Firebase.build/Debug-watchsimulator/FirebaseCore.build/Objects-normal/arm64/resource_bundle_accessor.o -index-unit-output-path /Firebase.build/Debug-watchsimulator/FirebaseCore.build/Objects-normal/arm64/resource_bundle_accessor.o

ScanDependencies /Users/jordantranchina/Library/Developer/Xcode/DerivedData/GroceryWatch-cjpxcfkltfoqvcabomjerkquwnbi/Build/Intermediates.noindex/Firebase.build/Debug-watchsimulator/FirebaseCore.build/Objects-normal/arm64/FIRVersion.o /Users/jordantranchina/Library/Developer/Xcode/DerivedData/GroceryWatch-cjpxcfkltfoqvcabomjerkquwnbi/SourcePackages/checkouts/firebase-ios-sdk/FirebaseCore/Sources/FIRVersion.m normal arm64 objective-c com.apple.compilers.llvm.clang.1_0.compiler (in target 'FirebaseCore' from project 'Firebase')
    cd /Users/jordantranchina/workspace/GroceryCheckList/ios/GroceryWatch/GroceryWatch.xcodeproj
    
    Using response file: /Users/jordantranchina/Library/Developer/Xcode/DerivedData/GroceryWatch-cjpxcfkltfoqvcabomjerkquwnbi/Build/Intermediates.noindex/Firebase.build/Debug-watchsimulator/FirebaseCore.build/Objects-normal/arm64/e6072d4f65d7061329687fe24e3d63a7-common-args.resp
    
    builtin-ScanDependencies -o /Users/jordantranchina/Library/Developer/Xcode/DerivedData/GroceryWatch-cjpxcfkltfoqvcabomjerkquwnbi/Build/Intermediates.noindex/Firebase.build/Debug-watchsimulator/FirebaseCore.build/Objects-normal/arm64/FIRVersion.o.scan -- /Applications/Xcode.app/Contents/Developer/Toolchains/XcodeDefault.xctoolchain/usr/bin/clang -x objective-c -ivfsstatcache /Users/jordantranchina/Library/Developer/Xcode/DerivedData/SDKStatCaches.noindex/watchsimulator26.2-23S303-963ebdd26732d23a23bcca82c2045e26.sdkstatcache -fmessage-length\=0 -fdiagnostics-show-note-include-stack -fmacro-backtrace-limit\=0 -fno-color-diagnostics -fmodules-prune-interval\=86400 -fmodules-prune-after\=345600 -fbuild-session-file\=/Users/jordantranchina/Library/Developer/Xcode/DerivedData/ModuleCache.noindex/Session.modulevalidation -fmodules-validate-once-per-build-session -Wnon-modular-include-in-framework-module -Werror\=non-modular-include-in-framework-module -Wno-trigraphs -Wno-missing-field-initializers -Wno-missing-prototypes -Wno-return-type -Wno-implicit-atomic-properties -Wno-objc-interface-ivars -Wno-arc-repeated-use-of-weak -Wno-missing-braces -Wparentheses -Wswitch -Wno-unused-function -Wno-unused-label -Wno-unused-parameter -Wno-unused-variable -Wunused-value -Wno-empty-body -Wno-uninitialized -Wno-unknown-pragmas -w -Wno-shadow -Wno-four-char-constants -Wno-conversion -Wno-constant-conversion -Wno-int-conversion -Wno-bool-conversion -Wno-enum-conversion -Wno-float-conversion -Wno-non-literal-null-conversion -Wno-objc-literal-conversion -Wshorten-64-to-32 -Wpointer-sign -Wno-newline-eof -Wno-selector -Wno-strict-selector-match -Wno-undeclared-selector -Wno-deprecated-implementations -Wno-implicit-fallthrough -fstrict-aliasing -Wprotocol -Wdeprecated-declarations -Wno-sign-conversion -Wno-infinite-recursion -Wno-comma -Wno-block-capture-autoreleasing -Wno-strict-prototypes -Wno-semicolon-before-method-body -index-store-path /Users/jordantranchina/Library/Developer/Xcode/DerivedData/GroceryWatch-cjpxcfkltfoqvcabomjerkquwnbi/Index.noindex/DataStore @/Users/jordantranchina/Library/Developer/Xcode/DerivedData/GroceryWatch-cjpxcfkltfoqvcabomjerkquwnbi/Build/Intermediates.noindex/Firebase.build/Debug-watchsimulator/FirebaseCore.build/Objects-normal/arm64/e6072d4f65d7061329687fe24e3d63a7-common-args.resp -include /Users/jordantranchina/Library/Developer/Xcode/DerivedData/GroceryWatch-cjpxcfkltfoqvcabomjerkquwnbi/Build/Intermediates.noindex/Firebase.build/Debug-watchsimulator/FirebaseCore.build/DerivedSources/resource_bundle_accessor.h -MMD -MT dependencies -MF /Users/jordantranchina/Library/Developer/Xcode/DerivedData/GroceryWatch-cjpxcfkltfoqvcabomjerkquwnbi/Build/Intermediates.noindex/Firebase.build/Debug-watchsimulator/FirebaseCore.build/Objects-normal/arm64/FIRVersion.d --serialize-diagnostics /Users/jordantranchina/Library/Developer/Xcode/DerivedData/GroceryWatch-cjpxcfkltfoqvcabomjerkquwnbi/Build/Intermediates.noindex/Firebase.build/Debug-watchsimulator/FirebaseCore.build/Objects-normal/arm64/FIRVersion.dia -c /Users/jordantranchina/Library/Developer/Xcode/DerivedData/GroceryWatch-cjpxcfkltfoqvcabomjerkquwnbi/SourcePackages/checkouts/firebase-ios-sdk/FirebaseCore/Sources/FIRVersion.m -o /Users/jordantranchina/Library/Developer/Xcode/DerivedData/GroceryWatch-cjpxcfkltfoqvcabomjerkquwnbi/Build/Intermediates.noindex/Firebase.build/Debug-watchsimulator/FirebaseCore.build/Objects-normal/arm64/FIRVersion.o -index-unit-output-path /Firebase.build/Debug-watchsimulator/FirebaseCore.build/Objects-normal/arm64/FIRVersion.o

ScanDependencies /Users/jordantranchina/Library/Developer/Xcode/DerivedData/GroceryWatch-cjpxcfkltfoqvcabomjerkquwnbi/Build/Intermediates.noindex/Firebase.build/Debug-watchsimulator/FirebaseCore.build/Objects-normal/arm64/FIRTimestamp.o /Users/jordantranchina/Library/Developer/Xcode/DerivedData/GroceryWatch-cjpxcfkltfoqvcabomjerkquwnbi/SourcePackages/checkouts/firebase-ios-sdk/FirebaseCore/Sources/FIRTimestamp.m normal arm64 objective-c com.apple.compilers.llvm.clang.1_0.compiler (in target 'FirebaseCore' from project 'Firebase')
    cd /Users/jordantranchina/workspace/GroceryCheckList/ios/GroceryWatch/GroceryWatch.xcodeproj
    
    Using response file: /Users/jordantranchina/Library/Developer/Xcode/DerivedData/GroceryWatch-cjpxcfkltfoqvcabomjerkquwnbi/Build/Intermediates.noindex/Firebase.build/Debug-watchsimulator/FirebaseCore.build/Objects-normal/arm64/e6072d4f65d7061329687fe24e3d63a7-common-args.resp
    
    builtin-ScanDependencies -o /Users/jordantranchina/Library/Developer/Xcode/DerivedData/GroceryWatch-cjpxcfkltfoqvcabomjerkquwnbi/Build/Intermediates.noindex/Firebase.build/Debug-watchsimulator/FirebaseCore.build/Objects-normal/arm64/FIRTimestamp.o.scan -- /Applications/Xcode.app/Contents/Developer/Toolchains/XcodeDefault.xctoolchain/usr/bin/clang -x objective-c -ivfsstatcache /Users/jordantranchina/Library/Developer/Xcode/DerivedData/SDKStatCaches.noindex/watchsimulator26.2-23S303-963ebdd26732d23a23bcca82c2045e26.sdkstatcache -fmessage-length\=0 -fdiagnostics-show-note-include-stack -fmacro-backtrace-limit\=0 -fno-color-diagnostics -fmodules-prune-interval\=86400 -fmodules-prune-after\=345600 -fbuild-session-file\=/Users/jordantranchina/Library/Developer/Xcode/DerivedData/ModuleCache.noindex/Session.modulevalidation -fmodules-validate-once-per-build-session -Wnon-modular-include-in-framework-module -Werror\=non-modular-include-in-framework-module -Wno-trigraphs -Wno-missing-field-initializers -Wno-missing-prototypes -Wno-return-type -Wno-implicit-atomic-properties -Wno-objc-interface-ivars -Wno-arc-repeated-use-of-weak -Wno-missing-braces -Wparentheses -Wswitch -Wno-unused-function -Wno-unused-label -Wno-unused-parameter -Wno-unused-variable -Wunused-value -Wno-empty-body -Wno-uninitialized -Wno-unknown-pragmas -w -Wno-shadow -Wno-four-char-constants -Wno-conversion -Wno-constant-conversion -Wno-int-conversion -Wno-bool-conversion -Wno-enum-conversion -Wno-float-conversion -Wno-non-literal-null-conversion -Wno-objc-literal-conversion -Wshorten-64-to-32 -Wpointer-sign -Wno-newline-eof -Wno-selector -Wno-strict-selector-match -Wno-undeclared-selector -Wno-deprecated-implementations -Wno-implicit-fallthrough -fstrict-aliasing -Wprotocol -Wdeprecated-declarations -Wno-sign-conversion -Wno-infinite-recursion -Wno-comma -Wno-block-capture-autoreleasing -Wno-strict-prototypes -Wno-semicolon-before-method-body -index-store-path /Users/jordantranchina/Library/Developer/Xcode/DerivedData/GroceryWatch-cjpxcfkltfoqvcabomjerkquwnbi/Index.noindex/DataStore @/Users/jordantranchina/Library/Developer/Xcode/DerivedData/GroceryWatch-cjpxcfkltfoqvcabomjerkquwnbi/Build/Intermediates.noindex/Firebase.build/Debug-watchsimulator/FirebaseCore.build/Objects-normal/arm64/e6072d4f65d7061329687fe24e3d63a7-common-args.resp -include /Users/jordantranchina/Library/Developer/Xcode/DerivedData/GroceryWatch-cjpxcfkltfoqvcabomjerkquwnbi/Build/Intermediates.noindex/Firebase.build/Debug-watchsimulator/FirebaseCore.build/DerivedSources/resource_bundle_accessor.h -MMD -MT dependencies -MF /Users/jordantranchina/Library/Developer/Xcode/DerivedData/GroceryWatch-cjpxcfkltfoqvcabomjerkquwnbi/Build/Intermediates.noindex/Firebase.build/Debug-watchsimulator/FirebaseCore.build/Objects-normal/arm64/FIRTimestamp.d --serialize-diagnostics /Users/jordantranchina/Library/Developer/Xcode/DerivedData/GroceryWatch-cjpxcfkltfoqvcabomjerkquwnbi/Build/Intermediates.noindex/Firebase.build/Debug-watchsimulator/FirebaseCore.build/Objects-normal/arm64/FIRTimestamp.dia -c /Users/jordantranchina/Library/Developer/Xcode/DerivedData/GroceryWatch-cjpxcfkltfoqvcabomjerkquwnbi/SourcePackages/checkouts/firebase-ios-sdk/FirebaseCore/Sources/FIRTimestamp.m -o /Users/jordantranchina/Library/Developer/Xcode/DerivedData/GroceryWatch-cjpxcfkltfoqvcabomjerkquwnbi/Build/Intermediates.noindex/Firebase.build/Debug-watchsimulator/FirebaseCore.build/Objects-normal/arm64/FIRTimestamp.o -index-unit-output-path /Firebase.build/Debug-watchsimulator/FirebaseCore.build/Objects-normal/arm64/FIRTimestamp.o

ScanDependencies /Users/jordantranchina/Library/Developer/Xcode/DerivedData/GroceryWatch-cjpxcfkltfoqvcabomjerkquwnbi/Build/Intermediates.noindex/Firebase.build/Debug-watchsimulator/FirebaseCore.build/Objects-normal/arm64/FIROptions.o /Users/jordantranchina/Library/Developer/Xcode/DerivedData/GroceryWatch-cjpxcfkltfoqvcabomjerkquwnbi/SourcePackages/checkouts/firebase-ios-sdk/FirebaseCore/Sources/FIROptions.m normal arm64 objective-c com.apple.compilers.llvm.clang.1_0.compiler (in target 'FirebaseCore' from project 'Firebase')
    cd /Users/jordantranchina/workspace/GroceryCheckList/ios/GroceryWatch/GroceryWatch.xcodeproj
    
    Using response file: /Users/jordantranchina/Library/Developer/Xcode/DerivedData/GroceryWatch-cjpxcfkltfoqvcabomjerkquwnbi/Build/Intermediates.noindex/Firebase.build/Debug-watchsimulator/FirebaseCore.build/Objects-normal/arm64/e6072d4f65d7061329687fe24e3d63a7-common-args.resp
    
    builtin-ScanDependencies -o /Users/jordantranchina/Library/Developer/Xcode/DerivedData/GroceryWatch-cjpxcfkltfoqvcabomjerkquwnbi/Build/Intermediates.noindex/Firebase.build/Debug-watchsimulator/FirebaseCore.build/Objects-normal/arm64/FIROptions.o.scan -- /Applications/Xcode.app/Contents/Developer/Toolchains/XcodeDefault.xctoolchain/usr/bin/clang -x objective-c -ivfsstatcache /Users/jordantranchina/Library/Developer/Xcode/DerivedData/SDKStatCaches.noindex/watchsimulator26.2-23S303-963ebdd26732d23a23bcca82c2045e26.sdkstatcache -fmessage-length\=0 -fdiagnostics-show-note-include-stack -fmacro-backtrace-limit\=0 -fno-color-diagnostics -fmodules-prune-interval\=86400 -fmodules-prune-after\=345600 -fbuild-session-file\=/Users/jordantranchina/Library/Developer/Xcode/DerivedData/ModuleCache.noindex/Session.modulevalidation -fmodules-validate-once-per-build-session -Wnon-modular-include-in-framework-module -Werror\=non-modular-include-in-framework-module -Wno-trigraphs -Wno-missing-field-initializers -Wno-missing-prototypes -Wno-return-type -Wno-implicit-atomic-properties -Wno-objc-interface-ivars -Wno-arc-repeated-use-of-weak -Wno-missing-braces -Wparentheses -Wswitch -Wno-unused-function -Wno-unused-label -Wno-unused-parameter -Wno-unused-variable -Wunused-value -Wno-empty-body -Wno-uninitialized -Wno-unknown-pragmas -w -Wno-shadow -Wno-four-char-constants -Wno-conversion -Wno-constant-conversion -Wno-int-conversion -Wno-bool-conversion -Wno-enum-conversion -Wno-float-conversion -Wno-non-literal-null-conversion -Wno-objc-literal-conversion -Wshorten-64-to-32 -Wpointer-sign -Wno-newline-eof -Wno-selector -Wno-strict-selector-match -Wno-undeclared-selector -Wno-deprecated-implementations -Wno-implicit-fallthrough -fstrict-aliasing -Wprotocol -Wdeprecated-declarations -Wno-sign-conversion -Wno-infinite-recursion -Wno-comma -Wno-block-capture-autoreleasing -Wno-strict-prototypes -Wno-semicolon-before-method-body -index-store-path /Users/jordantranchina/Library/Developer/Xcode/DerivedData/GroceryWatch-cjpxcfkltfoqvcabomjerkquwnbi/Index.noindex/DataStore @/Users/jordantranchina/Library/Developer/Xcode/DerivedData/GroceryWatch-cjpxcfkltfoqvcabomjerkquwnbi/Build/Intermediates.noindex/Firebase.build/Debug-watchsimulator/FirebaseCore.build/Objects-normal/arm64/e6072d4f65d7061329687fe24e3d63a7-common-args.resp -include /Users/jordantranchina/Library/Developer/Xcode/DerivedData/GroceryWatch-cjpxcfkltfoqvcabomjerkquwnbi/Build/Intermediates.noindex/Firebase.build/Debug-watchsimulator/FirebaseCore.build/DerivedSources/resource_bundle_accessor.h -MMD -MT dependencies -MF /Users/jordantranchina/Library/Developer/Xcode/DerivedData/GroceryWatch-cjpxcfkltfoqvcabomjerkquwnbi/Build/Intermediates.noindex/Firebase.build/Debug-watchsimulator/FirebaseCore.build/Objects-normal/arm64/FIROptions.d --serialize-diagnostics /Users/jordantranchina/Library/Developer/Xcode/DerivedData/GroceryWatch-cjpxcfkltfoqvcabomjerkquwnbi/Build/Intermediates.noindex/Firebase.build/Debug-watchsimulator/FirebaseCore.build/Objects-normal/arm64/FIROptions.dia -c /Users/jordantranchina/Library/Developer/Xcode/DerivedData/GroceryWatch-cjpxcfkltfoqvcabomjerkquwnbi/SourcePackages/checkouts/firebase-ios-sdk/FirebaseCore/Sources/FIROptions.m -o /Users/jordantranchina/Library/Developer/Xcode/DerivedData/GroceryWatch-cjpxcfkltfoqvcabomjerkquwnbi/Build/Intermediates.noindex/Firebase.build/Debug-watchsimulator/FirebaseCore.build/Objects-normal/arm64/FIROptions.o -index-unit-output-path /Firebase.build/Debug-watchsimulator/FirebaseCore.build/Objects-normal/arm64/FIROptions.o

PrecompileModule /Users/jordantranchina/Library/Developer/Xcode/DerivedData/GroceryWatch-cjpxcfkltfoqvcabomjerkquwnbi/Build/Intermediates.noindex/ExplicitPrecompiledModules/_DarwinFoundation1-AS1SRURPDK4QJVX3W9WKYIXBM.scan
    cd /
    builtin-precompileModule /Users/jordantranchina/Library/Developer/Xcode/DerivedData/GroceryWatch-cjpxcfkltfoqvcabomjerkquwnbi/Build/Intermediates.noindex/ExplicitPrecompiledModules/_DarwinFoundation1-AS1SRURPDK4QJVX3W9WKYIXBM.scan

ScanDependencies /Users/jordantranchina/Library/Developer/Xcode/DerivedData/GroceryWatch-cjpxcfkltfoqvcabomjerkquwnbi/Build/Intermediates.noindex/Firebase.build/Debug-watchsimulator/FirebaseCore.build/Objects-normal/arm64/FIRLogger.o /Users/jordantranchina/Library/Developer/Xcode/DerivedData/GroceryWatch-cjpxcfkltfoqvcabomjerkquwnbi/SourcePackages/checkouts/firebase-ios-sdk/FirebaseCore/Sources/FIRLogger.m normal arm64 objective-c com.apple.compilers.llvm.clang.1_0.compiler (in target 'FirebaseCore' from project 'Firebase')
    cd /Users/jordantranchina/workspace/GroceryCheckList/ios/GroceryWatch/GroceryWatch.xcodeproj
    
    Using response file: /Users/jordantranchina/Library/Developer/Xcode/DerivedData/GroceryWatch-cjpxcfkltfoqvcabomjerkquwnbi/Build/Intermediates.noindex/Firebase.build/Debug-watchsimulator/FirebaseCore.build/Objects-normal/arm64/e6072d4f65d7061329687fe24e3d63a7-common-args.resp
    
    builtin-ScanDependencies -o /Users/jordantranchina/Library/Developer/Xcode/DerivedData/GroceryWatch-cjpxcfkltfoqvcabomjerkquwnbi/Build/Intermediates.noindex/Firebase.build/Debug-watchsimulator/FirebaseCore.build/Objects-normal/arm64/FIRLogger.o.scan -- /Applications/Xcode.app/Contents/Developer/Toolchains/XcodeDefault.xctoolchain/usr/bin/clang -x objective-c -ivfsstatcache /Users/jordantranchina/Library/Developer/Xcode/DerivedData/SDKStatCaches.noindex/watchsimulator26.2-23S303-963ebdd26732d23a23bcca82c2045e26.sdkstatcache -fmessage-length\=0 -fdiagnostics-show-note-include-stack -fmacro-backtrace-limit\=0 -fno-color-diagnostics -fmodules-prune-interval\=86400 -fmodules-prune-after\=345600 -fbuild-session-file\=/Users/jordantranchina/Library/Developer/Xcode/DerivedData/ModuleCache.noindex/Session.modulevalidation -fmodules-validate-once-per-build-session -Wnon-modular-include-in-framework-module -Werror\=non-modular-include-in-framework-module -Wno-trigraphs -Wno-missing-field-initializers -Wno-missing-prototypes -Wno-return-type -Wno-implicit-atomic-properties -Wno-objc-interface-ivars -Wno-arc-repeated-use-of-weak -Wno-missing-braces -Wparentheses -Wswitch -Wno-unused-function -Wno-unused-label -Wno-unused-parameter -Wno-unused-variable -Wunused-value -Wno-empty-body -Wno-uninitialized -Wno-unknown-pragmas -w -Wno-shadow -Wno-four-char-constants -Wno-conversion -Wno-constant-conversion -Wno-int-conversion -Wno-bool-conversion -Wno-enum-conversion -Wno-float-conversion -Wno-non-literal-null-conversion -Wno-objc-literal-conversion -Wshorten-64-to-32 -Wpointer-sign -Wno-newline-eof -Wno-selector -Wno-strict-selector-match -Wno-undeclared-selector -Wno-deprecated-implementations -Wno-implicit-fallthrough -fstrict-aliasing -Wprotocol -Wdeprecated-declarations -Wno-sign-conversion -Wno-infinite-recursion -Wno-comma -Wno-block-capture-autoreleasing -Wno-strict-prototypes -Wno-semicolon-before-method-body -index-store-path /Users/jordantranchina/Library/Developer/Xcode/DerivedData/GroceryWatch-cjpxcfkltfoqvcabomjerkquwnbi/Index.noindex/DataStore @/Users/jordantranchina/Library/Developer/Xcode/DerivedData/GroceryWatch-cjpxcfkltfoqvcabomjerkquwnbi/Build/Intermediates.noindex/Firebase.build/Debug-watchsimulator/FirebaseCore.build/Objects-normal/arm64/e6072d4f65d7061329687fe24e3d63a7-common-args.resp -include /Users/jordantranchina/Library/Developer/Xcode/DerivedData/GroceryWatch-cjpxcfkltfoqvcabomjerkquwnbi/Build/Intermediates.noindex/Firebase.build/Debug-watchsimulator/FirebaseCore.build/DerivedSources/resource_bundle_accessor.h -MMD -MT dependencies -MF /Users/jordantranchina/Library/Developer/Xcode/DerivedData/GroceryWatch-cjpxcfkltfoqvcabomjerkquwnbi/Build/Intermediates.noindex/Firebase.build/Debug-watchsimulator/FirebaseCore.build/Objects-normal/arm64/FIRLogger.d --serialize-diagnostics /Users/jordantranchina/Library/Developer/Xcode/DerivedData/GroceryWatch-cjpxcfkltfoqvcabomjerkquwnbi/Build/Intermediates.noindex/Firebase.build/Debug-watchsimulator/FirebaseCore.build/Objects-normal/arm64/FIRLogger.dia -c /Users/jordantranchina/Library/Developer/Xcode/DerivedData/GroceryWatch-cjpxcfkltfoqvcabomjerkquwnbi/SourcePackages/checkouts/firebase-ios-sdk/FirebaseCore/Sources/FIRLogger.m -o /Users/jordantranchina/Library/Developer/Xcode/DerivedData/GroceryWatch-cjpxcfkltfoqvcabomjerkquwnbi/Build/Intermediates.noindex/Firebase.build/Debug-watchsimulator/FirebaseCore.build/Objects-normal/arm64/FIRLogger.o -index-unit-output-path /Firebase.build/Debug-watchsimulator/FirebaseCore.build/Objects-normal/arm64/FIRLogger.o

ScanDependencies /Users/jordantranchina/Library/Developer/Xcode/DerivedData/GroceryWatch-cjpxcfkltfoqvcabomjerkquwnbi/Build/Intermediates.noindex/Firebase.build/Debug-watchsimulator/FirebaseCore.build/Objects-normal/arm64/FIRHeartbeatLogger.o /Users/jordantranchina/Library/Developer/Xcode/DerivedData/GroceryWatch-cjpxcfkltfoqvcabomjerkquwnbi/SourcePackages/checkouts/firebase-ios-sdk/FirebaseCore/Sources/FIRHeartbeatLogger.m normal arm64 objective-c com.apple.compilers.llvm.clang.1_0.compiler (in target 'FirebaseCore' from project 'Firebase')
    cd /Users/jordantranchina/workspace/GroceryCheckList/ios/GroceryWatch/GroceryWatch.xcodeproj
    
    Using response file: /Users/jordantranchina/Library/Developer/Xcode/DerivedData/GroceryWatch-cjpxcfkltfoqvcabomjerkquwnbi/Build/Intermediates.noindex/Firebase.build/Debug-watchsimulator/FirebaseCore.build/Objects-normal/arm64/e6072d4f65d7061329687fe24e3d63a7-common-args.resp
    
    builtin-ScanDependencies -o /Users/jordantranchina/Library/Developer/Xcode/DerivedData/GroceryWatch-cjpxcfkltfoqvcabomjerkquwnbi/Build/Intermediates.noindex/Firebase.build/Debug-watchsimulator/FirebaseCore.build/Objects-normal/arm64/FIRHeartbeatLogger.o.scan -- /Applications/Xcode.app/Contents/Developer/Toolchains/XcodeDefault.xctoolchain/usr/bin/clang -x objective-c -ivfsstatcache /Users/jordantranchina/Library/Developer/Xcode/DerivedData/SDKStatCaches.noindex/watchsimulator26.2-23S303-963ebdd26732d23a23bcca82c2045e26.sdkstatcache -fmessage-length\=0 -fdiagnostics-show-note-include-stack -fmacro-backtrace-limit\=0 -fno-color-diagnostics -fmodules-prune-interval\=86400 -fmodules-prune-after\=345600 -fbuild-session-file\=/Users/jordantranchina/Library/Developer/Xcode/DerivedData/ModuleCache.noindex/Session.modulevalidation -fmodules-validate-once-per-build-session -Wnon-modular-include-in-framework-module -Werror\=non-modular-include-in-framework-module -Wno-trigraphs -Wno-missing-field-initializers -Wno-missing-prototypes -Wno-return-type -Wno-implicit-atomic-properties -Wno-objc-interface-ivars -Wno-arc-repeated-use-of-weak -Wno-missing-braces -Wparentheses -Wswitch -Wno-unused-function -Wno-unused-label -Wno-unused-parameter -Wno-unused-variable -Wunused-value -Wno-empty-body -Wno-uninitialized -Wno-unknown-pragmas -w -Wno-shadow -Wno-four-char-constants -Wno-conversion -Wno-constant-conversion -Wno-int-conversion -Wno-bool-conversion -Wno-enum-conversion -Wno-float-conversion -Wno-non-literal-null-conversion -Wno-objc-literal-conversion -Wshorten-64-to-32 -Wpointer-sign -Wno-newline-eof -Wno-selector -Wno-strict-selector-match -Wno-undeclared-selector -Wno-deprecated-implementations -Wno-implicit-fallthrough -fstrict-aliasing -Wprotocol -Wdeprecated-declarations -Wno-sign-conversion -Wno-infinite-recursion -Wno-comma -Wno-block-capture-autoreleasing -Wno-strict-prototypes -Wno-semicolon-before-method-body -index-store-path /Users/jordantranchina/Library/Developer/Xcode/DerivedData/GroceryWatch-cjpxcfkltfoqvcabomjerkquwnbi/Index.noindex/DataStore @/Users/jordantranchina/Library/Developer/Xcode/DerivedData/GroceryWatch-cjpxcfkltfoqvcabomjerkquwnbi/Build/Intermediates.noindex/Firebase.build/Debug-watchsimulator/FirebaseCore.build/Objects-normal/arm64/e6072d4f65d7061329687fe24e3d63a7-common-args.resp -include /Users/jordantranchina/Library/Developer/Xcode/DerivedData/GroceryWatch-cjpxcfkltfoqvcabomjerkquwnbi/Build/Intermediates.noindex/Firebase.build/Debug-watchsimulator/FirebaseCore.build/DerivedSources/resource_bundle_accessor.h -MMD -MT dependencies -MF /Users/jordantranchina/Library/Developer/Xcode/DerivedData/GroceryWatch-cjpxcfkltfoqvcabomjerkquwnbi/Build/Intermediates.noindex/Firebase.build/Debug-watchsimulator/FirebaseCore.build/Objects-normal/arm64/FIRHeartbeatLogger.d --serialize-diagnostics /Users/jordantranchina/Library/Developer/Xcode/DerivedData/GroceryWatch-cjpxcfkltfoqvcabomjerkquwnbi/Build/Intermediates.noindex/Firebase.build/Debug-watchsimulator/FirebaseCore.build/Objects-normal/arm64/FIRHeartbeatLogger.dia -c /Users/jordantranchina/Library/Developer/Xcode/DerivedData/GroceryWatch-cjpxcfkltfoqvcabomjerkquwnbi/SourcePackages/checkouts/firebase-ios-sdk/FirebaseCore/Sources/FIRHeartbeatLogger.m -o /Users/jordantranchina/Library/Developer/Xcode/DerivedData/GroceryWatch-cjpxcfkltfoqvcabomjerkquwnbi/Build/Intermediates.noindex/Firebase.build/Debug-watchsimulator/FirebaseCore.build/Objects-normal/arm64/FIRHeartbeatLogger.o -index-unit-output-path /Firebase.build/Debug-watchsimulator/FirebaseCore.build/Objects-normal/arm64/FIRHeartbeatLogger.o

PrecompileModule /Users/jordantranchina/Library/Developer/Xcode/DerivedData/GroceryWatch-cjpxcfkltfoqvcabomjerkquwnbi/Build/Intermediates.noindex/ExplicitPrecompiledModules/_DarwinFoundation2-800C5BN6O1MRJ9JU47K8EPRD4.scan
    cd /
    builtin-precompileModule /Users/jordantranchina/Library/Developer/Xcode/DerivedData/GroceryWatch-cjpxcfkltfoqvcabomjerkquwnbi/Build/Intermediates.noindex/ExplicitPrecompiledModules/_DarwinFoundation2-800C5BN6O1MRJ9JU47K8EPRD4.scan

** BUILD FAILED **


The following build commands failed:
	SwiftDriver GroceryWatch\ Watch\ App normal x86_64 com.apple.xcode.tools.swift.compiler (in target 'GroceryWatch Watch App' from project 'GroceryWatch')
	SwiftDriver GroceryWatch\ Watch\ App normal arm64 com.apple.xcode.tools.swift.compiler (in target 'GroceryWatch Watch App' from project 'GroceryWatch')
	Building project GroceryWatch with scheme GroceryWatch Watch App
(3 failures)
